-- The C compiler identification is GNU 12.3.0
-- The CXX compiler identification is GNU 12.3.0
-- Detecting C compiler ABI info
-- Detecting C compiler ABI info - done
-- Check for working C compiler: /usr/bin/cc - skipped
-- Detecting C compile features
-- Detecting C compile features - done
-- Detecting CXX compiler ABI info
-- Detecting CXX compiler ABI info - done
-- Check for working CXX compiler: /usr/bin/c++ - skipped
-- Detecting CXX compile features
-- Detecting CXX compile features - done
-- Found ament_cmake: 1.3.11 (/opt/ros/humble/share/ament_cmake/cmake)
-- Found Python3: /usr/bin/python3 (found version "3.10.12") found components: Interpreter
-- Found rclcpp: 16.0.12 (/opt/ros/humble/share/rclcpp/cmake)
-- Found rosidl_generator_c: 3.1.6 (/opt/ros/humble/share/rosidl_generator_c/cmake)
-- Found rosidl_adapter: 3.1.6 (/opt/ros/humble/share/rosidl_adapter/cmake)
-- Found rosidl_generator_cpp: 3.1.6 (/opt/ros/humble/share/rosidl_generator_cpp/cmake)
-- Using all available rosidl_typesupport_c: rosidl_typesupport_fastrtps_c;rosidl_typesupport_introspection_c
-- Using all available rosidl_typesupport_cpp: rosidl_typesupport_fastrtps_cpp;rosidl_typesupport_introspection_cpp
-- Found rmw_implementation_cmake: 6.1.2 (/opt/ros/humble/share/rmw_implementation_cmake/cmake)
-- Found rmw_fastrtps_cpp: 6.2.7 (/opt/ros/humble/share/rmw_fastrtps_cpp/cmake)
-- Found OpenSSL: /usr/lib/x86_64-linux-gnu/libcrypto.so (found version "3.0.2")
-- Found FastRTPS: /opt/ros/humble/include
-- Using RMW implementation 'rmw_fastrtps_cpp' as default
-- Performing Test CMAKE_HAVE_LIBC_PTHREAD
-- Performing Test CMAKE_HAVE_LIBC_PTHREAD - Success
-- Found Threads: TRUE
-- Found image_transport: 3.1.12 (/opt/ros/humble/share/image_transport/cmake)
-- Found cv_bridge: 3.2.1 (/opt/ros/humble/share/cv_bridge/cmake)
-- Found OpenCV: /usr/local (found version "4.11.0")
-- Found tf2: 0.25.13 (/opt/ros/humble/share/tf2/cmake)
-- Found tf2_ros: 0.25.13 (/opt/ros/humble/share/tf2_ros/cmake)
-- Found service_interfaces: 0.0.0 (/home/p/ws_demo2/install/service_interfaces/share/service_interfaces/cmake)
-- Found ament_lint_auto: 0.12.12 (/opt/ros/humble/share/ament_lint_auto/cmake)
-- Added test 'cppcheck' to perform static code analysis on C / C++ code
-- Configured cppcheck include dirs: $<BUILD_INTERFACE:/home/p/ws_demo2/src/ibvs/include>
-- Configured cppcheck exclude dirs and/or files: 
-- Added test 'lint_cmake' to check CMake code style
-- Added test 'uncrustify' to check C / C++ code style
-- Configured uncrustify additional arguments: 
-- Added test 'xmllint' to check XML markup files
-- Configuring done (1.4s)
-- Generating done (0.0s)
-- Build files have been written to: /home/p/ws_demo2/build/ibvs
[ 50%] [32mBuilding CXX object CMakeFiles/ibvs.dir/src/ibvs.cpp.o[0m
[01m[K/home/p/ws_demo2/src/ibvs/src/ibvs.cpp:[m[K In member function ‘[01m[Kvoid VisualServoInit::jointStateCallback(sensor_msgs::msg::JointState_<std::allocator<void> >::SharedPtr)[m[K’:
[01m[K/home/p/ws_demo2/src/ibvs/src/ibvs.cpp:271:75:[m[K [01;35m[Kwarning: [m[Kunused parameter ‘[01m[Kmsg[m[K’ [[01;35m[K]8;;https://gcc.gnu.org/onlinedocs/gcc/Warning-Options.html#index-Wunused-parameter-Wunused-parameter]8;;[m[K]
  271 |     void jointStateCallback([01;35m[Kconst sensor_msgs::msg::JointState::SharedPtr msg[m[K)
      |                             [01;35m[K~~~~~~~~~~~~~~~~~~~~~~~~~~~~~~~~~~~~~~~~~~~~~~^~~[m[K
[100%] [32m[1mLinking CXX executable ibvs[0m
/usr/bin/ld: warning: libopencv_imgproc.so.4.5d, needed by /opt/ros/humble/lib/libcv_bridge.so, may conflict with libopencv_imgproc.so.411
/usr/bin/ld: warning: libopencv_core.so.4.5d, needed by /opt/ros/humble/lib/libcv_bridge.so, may conflict with libopencv_core.so.411
[100%] Built target ibvs
-- Install configuration: ""
-- Installing: /home/p/ws_demo2/install/ibvs/lib/ibvs/ibvs
-- Set non-toolchain portion of runtime path of "/home/p/ws_demo2/install/ibvs/lib/ibvs/ibvs" to ""
-- Installing: /home/p/ws_demo2/install/ibvs/share/ament_index/resource_index/package_run_dependencies/ibvs
-- Installing: /home/p/ws_demo2/install/ibvs/share/ament_index/resource_index/parent_prefix_path/ibvs
-- Installing: /home/p/ws_demo2/install/ibvs/share/ibvs/environment/ament_prefix_path.sh
-- Installing: /home/p/ws_demo2/install/ibvs/share/ibvs/environment/ament_prefix_path.dsv
-- Installing: /home/p/ws_demo2/install/ibvs/share/ibvs/environment/path.sh
-- Installing: /home/p/ws_demo2/install/ibvs/share/ibvs/environment/path.dsv
-- Installing: /home/p/ws_demo2/install/ibvs/share/ibvs/local_setup.bash
-- Installing: /home/p/ws_demo2/install/ibvs/share/ibvs/local_setup.sh
-- Installing: /home/p/ws_demo2/install/ibvs/share/ibvs/local_setup.zsh
-- Installing: /home/p/ws_demo2/install/ibvs/share/ibvs/local_setup.dsv
-- Installing: /home/p/ws_demo2/install/ibvs/share/ibvs/package.dsv
-- Installing: /home/p/ws_demo2/install/ibvs/share/ament_index/resource_index/packages/ibvs
-- Installing: /home/p/ws_demo2/install/ibvs/share/ibvs/cmake/ibvsConfig.cmake
-- Installing: /home/p/ws_demo2/install/ibvs/share/ibvs/cmake/ibvsConfig-version.cmake
-- Installing: /home/p/ws_demo2/install/ibvs/share/ibvs/package.xml
