[0.020s] Invoking command in '/home/p/ws_demo2/build/ibvs': CMAKE_PREFIX_PATH=${CMAKE_PREFIX_PATH}:/home/p/ws_moveit2/install/moveit_configs_utils:/home/p/ws_moveit2/install/launch_param_builder:/home/p/demo_ws2/install/ur20_joint_control:/home/p/demo_ws2/install/arm_joint_control:/opt/ros/humble /usr/local/bin/cmake --build /home/p/ws_demo2/build/ibvs -- -j16 -l16
[0.049s] [ 50%] [32mBuilding CXX object CMakeFiles/ibvs.dir/src/ibvs.cpp.o[0m
[2.687s] [01m[K/home/p/ws_demo2/src/ibvs/src/ibvs.cpp:[m[K In constructor ‘[01m[KVisualServoInit::VisualServoInit()[m[K’:
[2.687s] [01m[K/home/p/ws_demo2/src/ibvs/src/ibvs.cpp:21:36:[m[K [01;31m[Kerror: [m[Kno matching function for call to ‘[01m[Ktf2_ros::Buffer::Buffer()[m[K’
[2.687s]    21 |     VisualServoInit() : Node("ibvs"[01;31m[K)[m[K
[2.687s]       |                                    [01;31m[K^[m[K
[2.687s] In file included from [01m[K/home/p/ws_demo2/src/ibvs/src/ibvs.cpp:14[m[K:
[2.687s] [01m[K/opt/ros/humble/include/tf2_ros/tf2_ros/buffer.h:73:18:[m[K [01;36m[Knote: [m[Kcandidate: ‘[01m[Ktf2_ros::Buffer::Buffer(rclcpp::Clock::SharedPtr, tf2::Duration, rclcpp::Node::SharedPtr)[m[K’
[2.687s]    73 |   TF2_ROS_PUBLIC [01;36m[KBuffer[m[K(
[2.687s]       |                  [01;36m[K^~~~~~[m[K
[2.687s] [01m[K/opt/ros/humble/include/tf2_ros/tf2_ros/buffer.h:73:18:[m[K [01;36m[Knote: [m[K  candidate expects 3 arguments, 0 provided
[2.687s] [01m[K/home/p/ws_demo2/src/ibvs/src/ibvs.cpp:21:36:[m[K [01;31m[Kerror: [m[Kno matching function for call to ‘[01m[Ktf2_ros::TransformListener::TransformListener()[m[K’
[2.687s]    21 |     VisualServoInit() : Node("ibvs"[01;31m[K)[m[K
[2.687s]       |                                    [01;31m[K^[m[K
[2.687s] In file included from [01m[K/home/p/ws_demo2/src/ibvs/src/ibvs.cpp:15[m[K:
[2.687s] [01m[K/opt/ros/humble/include/tf2_ros/tf2_ros/transform_listener.h:90:3:[m[K [01;36m[Knote: [m[Kcandidate: ‘[01m[Ktemplate<class NodeT, class AllocatorT> tf2_ros::TransformListener::TransformListener(tf2::BufferCore&, NodeT&&, bool, const rclcpp::QoS&, const rclcpp::QoS&, const rclcpp::SubscriptionOptionsWithAllocator<AllocatorT>&, const rclcpp::SubscriptionOptionsWithAllocator<AllocatorT>&)[m[K’
[2.687s]    90 |   [01;36m[KTransformListener[m[K(
[2.688s]       |   [01;36m[K^~~~~~~~~~~~~~~~~[m[K
[2.688s] [01m[K/opt/ros/humble/include/tf2_ros/tf2_ros/transform_listener.h:90:3:[m[K [01;36m[Knote: [m[K  template argument deduction/substitution failed:
[2.688s] [01m[K/home/p/ws_demo2/src/ibvs/src/ibvs.cpp:21:36:[m[K [01;36m[Knote: [m[K  candidate expects 7 arguments, 0 provided
[2.688s]    21 |     VisualServoInit() : Node("ibvs"[01;36m[K)[m[K
[2.688s]       |                                    [01;36m[K^[m[K
[2.688s] [01m[K/opt/ros/humble/include/tf2_ros/tf2_ros/transform_listener.h:87:12:[m[K [01;36m[Knote: [m[Kcandidate: ‘[01m[Ktf2_ros::TransformListener::TransformListener(tf2::BufferCore&, bool)[m[K’
[2.688s]    87 |   explicit [01;36m[KTransformListener[m[K(tf2::BufferCore & buffer, bool spin_thread = true);
[2.688s]       |            [01;36m[K^~~~~~~~~~~~~~~~~[m[K
[2.688s] [01m[K/opt/ros/humble/include/tf2_ros/tf2_ros/transform_listener.h:87:12:[m[K [01;36m[Knote: [m[K  candidate expects 2 arguments, 0 provided
[5.914s] gmake[2]: *** [CMakeFiles/ibvs.dir/build.make:79：CMakeFiles/ibvs.dir/src/ibvs.cpp.o] 错误 1
[5.914s] gmake[1]: *** [CMakeFiles/Makefile2:153：CMakeFiles/ibvs.dir/all] 错误 2
[5.914s] gmake: *** [Makefile:146：all] 错误 2
[5.915s] Invoked command in '/home/p/ws_demo2/build/ibvs' returned '2': CMAKE_PREFIX_PATH=${CMAKE_PREFIX_PATH}:/home/p/ws_moveit2/install/moveit_configs_utils:/home/p/ws_moveit2/install/launch_param_builder:/home/p/demo_ws2/install/ur20_joint_control:/home/p/demo_ws2/install/arm_joint_control:/opt/ros/humble /usr/local/bin/cmake --build /home/p/ws_demo2/build/ibvs -- -j16 -l16
