[0.089s] DEBUG:colcon:Command line arguments: ['/usr/bin/colcon', 'build']
[0.089s] DEBUG:colcon:Parsed command line arguments: Namespace(log_base=None, log_level=None, verb_name='build', build_base='build', install_base='install', merge_install=False, symlink_install=False, test_result_base=None, continue_on_error=False, executor='parallel', parallel_workers=16, event_handlers=None, ignore_user_meta=False, metas=['./colcon.meta'], base_paths=['.'], packages_ignore=None, packages_ignore_regex=None, paths=None, packages_up_to=None, packages_up_to_regex=None, packages_above=None, packages_above_and_dependencies=None, packages_above_depth=None, packages_select_by_dep=None, packages_skip_by_dep=None, packages_skip_up_to=None, packages_select_build_failed=False, packages_skip_build_finished=False, packages_select_test_failures=False, packages_skip_test_passed=False, packages_select=None, packages_skip=None, packages_select_regex=None, packages_skip_regex=None, packages_start=None, packages_end=None, allow_overriding=[], cmake_args=None, cmake_target=None, cmake_target_skip_unavailable=False, cmake_clean_cache=False, cmake_clean_first=False, cmake_force_configure=False, ament_cmake_args=None, catkin_cmake_args=None, catkin_skip_building_tests=False, mixin_files=None, mixin=None, verb_parser=<colcon_mixin.mixin.mixin_argument.MixinArgumentDecorator object at 0x6fffae2ff220>, verb_extension=<colcon_core.verb.build.BuildVerb object at 0x6fffae2fec50>, main=<bound method BuildVerb.main of <colcon_core.verb.build.BuildVerb object at 0x6fffae2fec50>>, mixin_verb=('build',))
[0.222s] Level 1:colcon.colcon_core.package_discovery:discover_packages(colcon_meta) check parameters
[0.222s] Level 1:colcon.colcon_core.package_discovery:discover_packages(recursive) check parameters
[0.222s] Level 1:colcon.colcon_core.package_discovery:discover_packages(ignore) check parameters
[0.222s] Level 1:colcon.colcon_core.package_discovery:discover_packages(path) check parameters
[0.222s] Level 1:colcon.colcon_core.package_discovery:discover_packages(colcon_meta) discover
[0.222s] Level 1:colcon.colcon_core.package_discovery:discover_packages(recursive) discover
[0.222s] INFO:colcon.colcon_core.package_discovery:Crawling recursively for packages in '/home/p/ws_demo2'
[0.222s] Level 1:colcon.colcon_core.package_identification:_identify(.) by extensions ['ignore', 'ignore_ament_install']
[0.222s] Level 1:colcon.colcon_core.package_identification:_identify(.) by extension 'ignore'
[0.222s] Level 1:colcon.colcon_core.package_identification:_identify(.) by extension 'ignore_ament_install'
[0.222s] Level 1:colcon.colcon_core.package_identification:_identify(.) by extensions ['colcon_pkg']
[0.222s] Level 1:colcon.colcon_core.package_identification:_identify(.) by extension 'colcon_pkg'
[0.222s] Level 1:colcon.colcon_core.package_identification:_identify(.) by extensions ['colcon_meta']
[0.222s] Level 1:colcon.colcon_core.package_identification:_identify(.) by extension 'colcon_meta'
[0.222s] Level 1:colcon.colcon_core.package_identification:_identify(.) by extensions ['ros']
[0.222s] Level 1:colcon.colcon_core.package_identification:_identify(.) by extension 'ros'
[0.230s] Level 1:colcon.colcon_core.package_identification:_identify(.) by extensions ['cmake', 'python']
[0.230s] Level 1:colcon.colcon_core.package_identification:_identify(.) by extension 'cmake'
[0.230s] Level 1:colcon.colcon_core.package_identification:_identify(.) by extension 'python'
[0.230s] Level 1:colcon.colcon_core.package_identification:_identify(.) by extensions ['python_setup_py']
[0.230s] Level 1:colcon.colcon_core.package_identification:_identify(.) by extension 'python_setup_py'
[0.230s] Level 1:colcon.colcon_core.package_identification:_identify(build) by extensions ['ignore', 'ignore_ament_install']
[0.231s] Level 1:colcon.colcon_core.package_identification:_identify(build) by extension 'ignore'
[0.231s] Level 1:colcon.colcon_core.package_identification:_identify(build) ignored
[0.231s] Level 1:colcon.colcon_core.package_identification:_identify(install) by extensions ['ignore', 'ignore_ament_install']
[0.231s] Level 1:colcon.colcon_core.package_identification:_identify(install) by extension 'ignore'
[0.231s] Level 1:colcon.colcon_core.package_identification:_identify(install) ignored
[0.231s] Level 1:colcon.colcon_core.package_identification:_identify(log) by extensions ['ignore', 'ignore_ament_install']
[0.231s] Level 1:colcon.colcon_core.package_identification:_identify(log) by extension 'ignore'
[0.231s] Level 1:colcon.colcon_core.package_identification:_identify(log) ignored
[0.231s] Level 1:colcon.colcon_core.package_identification:_identify(src) by extensions ['ignore', 'ignore_ament_install']
[0.231s] Level 1:colcon.colcon_core.package_identification:_identify(src) by extension 'ignore'
[0.231s] Level 1:colcon.colcon_core.package_identification:_identify(src) by extension 'ignore_ament_install'
[0.231s] Level 1:colcon.colcon_core.package_identification:_identify(src) by extensions ['colcon_pkg']
[0.231s] Level 1:colcon.colcon_core.package_identification:_identify(src) by extension 'colcon_pkg'
[0.231s] Level 1:colcon.colcon_core.package_identification:_identify(src) by extensions ['colcon_meta']
[0.231s] Level 1:colcon.colcon_core.package_identification:_identify(src) by extension 'colcon_meta'
[0.231s] Level 1:colcon.colcon_core.package_identification:_identify(src) by extensions ['ros']
[0.231s] Level 1:colcon.colcon_core.package_identification:_identify(src) by extension 'ros'
[0.231s] Level 1:colcon.colcon_core.package_identification:_identify(src) by extensions ['cmake', 'python']
[0.231s] Level 1:colcon.colcon_core.package_identification:_identify(src) by extension 'cmake'
[0.231s] Level 1:colcon.colcon_core.package_identification:_identify(src) by extension 'python'
[0.231s] Level 1:colcon.colcon_core.package_identification:_identify(src) by extensions ['python_setup_py']
[0.231s] Level 1:colcon.colcon_core.package_identification:_identify(src) by extension 'python_setup_py'
[0.231s] Level 1:colcon.colcon_core.package_identification:_identify(src/camera_image) by extensions ['ignore', 'ignore_ament_install']
[0.232s] Level 1:colcon.colcon_core.package_identification:_identify(src/camera_image) by extension 'ignore'
[0.232s] Level 1:colcon.colcon_core.package_identification:_identify(src/camera_image) by extension 'ignore_ament_install'
[0.232s] Level 1:colcon.colcon_core.package_identification:_identify(src/camera_image) by extensions ['colcon_pkg']
[0.232s] Level 1:colcon.colcon_core.package_identification:_identify(src/camera_image) by extension 'colcon_pkg'
[0.232s] Level 1:colcon.colcon_core.package_identification:_identify(src/camera_image) by extensions ['colcon_meta']
[0.232s] Level 1:colcon.colcon_core.package_identification:_identify(src/camera_image) by extension 'colcon_meta'
[0.232s] Level 1:colcon.colcon_core.package_identification:_identify(src/camera_image) by extensions ['ros']
[0.232s] Level 1:colcon.colcon_core.package_identification:_identify(src/camera_image) by extension 'ros'
[0.234s] DEBUG:colcon.colcon_core.package_identification:Package 'src/camera_image' with type 'ros.ament_cmake' and name 'camera_image'
[0.234s] Level 1:colcon.colcon_core.package_identification:_identify(src/ibvs) by extensions ['ignore', 'ignore_ament_install']
[0.235s] Level 1:colcon.colcon_core.package_identification:_identify(src/ibvs) by extension 'ignore'
[0.235s] Level 1:colcon.colcon_core.package_identification:_identify(src/ibvs) by extension 'ignore_ament_install'
[0.235s] Level 1:colcon.colcon_core.package_identification:_identify(src/ibvs) by extensions ['colcon_pkg']
[0.235s] Level 1:colcon.colcon_core.package_identification:_identify(src/ibvs) by extension 'colcon_pkg'
[0.235s] Level 1:colcon.colcon_core.package_identification:_identify(src/ibvs) by extensions ['colcon_meta']
[0.235s] Level 1:colcon.colcon_core.package_identification:_identify(src/ibvs) by extension 'colcon_meta'
[0.235s] Level 1:colcon.colcon_core.package_identification:_identify(src/ibvs) by extensions ['ros']
[0.235s] Level 1:colcon.colcon_core.package_identification:_identify(src/ibvs) by extension 'ros'
[0.236s] DEBUG:colcon.colcon_core.package_identification:Package 'src/ibvs' with type 'ros.ament_cmake' and name 'ibvs'
[0.236s] Level 1:colcon.colcon_core.package_identification:_identify(src/service_interfaces) by extensions ['ignore', 'ignore_ament_install']
[0.236s] Level 1:colcon.colcon_core.package_identification:_identify(src/service_interfaces) by extension 'ignore'
[0.236s] Level 1:colcon.colcon_core.package_identification:_identify(src/service_interfaces) by extension 'ignore_ament_install'
[0.236s] Level 1:colcon.colcon_core.package_identification:_identify(src/service_interfaces) by extensions ['colcon_pkg']
[0.236s] Level 1:colcon.colcon_core.package_identification:_identify(src/service_interfaces) by extension 'colcon_pkg'
[0.236s] Level 1:colcon.colcon_core.package_identification:_identify(src/service_interfaces) by extensions ['colcon_meta']
[0.236s] Level 1:colcon.colcon_core.package_identification:_identify(src/service_interfaces) by extension 'colcon_meta'
[0.236s] Level 1:colcon.colcon_core.package_identification:_identify(src/service_interfaces) by extensions ['ros']
[0.236s] Level 1:colcon.colcon_core.package_identification:_identify(src/service_interfaces) by extension 'ros'
[0.237s] DEBUG:colcon.colcon_core.package_identification:Package 'src/service_interfaces' with type 'ros.ament_cmake' and name 'service_interfaces'
[0.237s] Level 1:colcon.colcon_core.package_identification:_identify(src/ur_description) by extensions ['ignore', 'ignore_ament_install']
[0.237s] Level 1:colcon.colcon_core.package_identification:_identify(src/ur_description) by extension 'ignore'
[0.237s] Level 1:colcon.colcon_core.package_identification:_identify(src/ur_description) by extension 'ignore_ament_install'
[0.237s] Level 1:colcon.colcon_core.package_identification:_identify(src/ur_description) by extensions ['colcon_pkg']
[0.237s] Level 1:colcon.colcon_core.package_identification:_identify(src/ur_description) by extension 'colcon_pkg'
[0.237s] Level 1:colcon.colcon_core.package_identification:_identify(src/ur_description) by extensions ['colcon_meta']
[0.237s] Level 1:colcon.colcon_core.package_identification:_identify(src/ur_description) by extension 'colcon_meta'
[0.237s] Level 1:colcon.colcon_core.package_identification:_identify(src/ur_description) by extensions ['ros']
[0.237s] Level 1:colcon.colcon_core.package_identification:_identify(src/ur_description) by extension 'ros'
[0.238s] DEBUG:colcon.colcon_core.package_identification:Package 'src/ur_description' with type 'ros.ament_cmake' and name 'ur_description'
[0.238s] Level 1:colcon.colcon_core.package_discovery:discover_packages(recursive) using defaults
[0.238s] Level 1:colcon.colcon_core.package_discovery:discover_packages(ignore) discover
[0.238s] Level 1:colcon.colcon_core.package_discovery:discover_packages(ignore) using defaults
[0.238s] Level 1:colcon.colcon_core.package_discovery:discover_packages(path) discover
[0.238s] Level 1:colcon.colcon_core.package_discovery:discover_packages(path) using defaults
[0.258s] Level 1:colcon.colcon_core.package_discovery:discover_packages(prefix_path) check parameters
[0.258s] Level 1:colcon.colcon_core.package_discovery:discover_packages(prefix_path) discover
[0.261s] DEBUG:colcon.colcon_installed_package_information.package_discovery:Found 1 installed packages in /home/p/ws_demo1/install
[0.261s] DEBUG:colcon.colcon_installed_package_information.package_discovery:Found 5 installed packages in /home/p/demo_ws2/install
[0.262s] DEBUG:colcon.colcon_installed_package_information.package_discovery:Found 55 installed packages in /home/p/ws_moveit2/install
[0.264s] DEBUG:colcon.colcon_installed_package_information.package_discovery:Found 388 installed packages in /opt/ros/humble
[0.266s] Level 1:colcon.colcon_core.package_discovery:discover_packages(prefix_path) using defaults
[0.305s] Level 5:colcon.colcon_core.verb:set package 'camera_image' build argument 'cmake_args' from command line to 'None'
[0.305s] Level 5:colcon.colcon_core.verb:set package 'camera_image' build argument 'cmake_target' from command line to 'None'
[0.305s] Level 5:colcon.colcon_core.verb:set package 'camera_image' build argument 'cmake_target_skip_unavailable' from command line to 'False'
[0.305s] Level 5:colcon.colcon_core.verb:set package 'camera_image' build argument 'cmake_clean_cache' from command line to 'False'
[0.305s] Level 5:colcon.colcon_core.verb:set package 'camera_image' build argument 'cmake_clean_first' from command line to 'False'
[0.306s] Level 5:colcon.colcon_core.verb:set package 'camera_image' build argument 'cmake_force_configure' from command line to 'False'
[0.306s] Level 5:colcon.colcon_core.verb:set package 'camera_image' build argument 'ament_cmake_args' from command line to 'None'
[0.306s] Level 5:colcon.colcon_core.verb:set package 'camera_image' build argument 'catkin_cmake_args' from command line to 'None'
[0.306s] Level 5:colcon.colcon_core.verb:set package 'camera_image' build argument 'catkin_skip_building_tests' from command line to 'False'
[0.306s] DEBUG:colcon.colcon_core.verb:Building package 'camera_image' with the following arguments: {'ament_cmake_args': None, 'build_base': '/home/p/ws_demo2/build/camera_image', 'catkin_cmake_args': None, 'catkin_skip_building_tests': False, 'cmake_args': None, 'cmake_clean_cache': False, 'cmake_clean_first': False, 'cmake_force_configure': False, 'cmake_target': None, 'cmake_target_skip_unavailable': False, 'install_base': '/home/p/ws_demo2/install/camera_image', 'merge_install': False, 'path': '/home/p/ws_demo2/src/camera_image', 'symlink_install': False, 'test_result_base': None}
[0.306s] Level 5:colcon.colcon_core.verb:set package 'service_interfaces' build argument 'cmake_args' from command line to 'None'
[0.306s] Level 5:colcon.colcon_core.verb:set package 'service_interfaces' build argument 'cmake_target' from command line to 'None'
[0.306s] Level 5:colcon.colcon_core.verb:set package 'service_interfaces' build argument 'cmake_target_skip_unavailable' from command line to 'False'
[0.306s] Level 5:colcon.colcon_core.verb:set package 'service_interfaces' build argument 'cmake_clean_cache' from command line to 'False'
[0.306s] Level 5:colcon.colcon_core.verb:set package 'service_interfaces' build argument 'cmake_clean_first' from command line to 'False'
[0.306s] Level 5:colcon.colcon_core.verb:set package 'service_interfaces' build argument 'cmake_force_configure' from command line to 'False'
[0.306s] Level 5:colcon.colcon_core.verb:set package 'service_interfaces' build argument 'ament_cmake_args' from command line to 'None'
[0.306s] Level 5:colcon.colcon_core.verb:set package 'service_interfaces' build argument 'catkin_cmake_args' from command line to 'None'
[0.306s] Level 5:colcon.colcon_core.verb:set package 'service_interfaces' build argument 'catkin_skip_building_tests' from command line to 'False'
[0.306s] DEBUG:colcon.colcon_core.verb:Building package 'service_interfaces' with the following arguments: {'ament_cmake_args': None, 'build_base': '/home/p/ws_demo2/build/service_interfaces', 'catkin_cmake_args': None, 'catkin_skip_building_tests': False, 'cmake_args': None, 'cmake_clean_cache': False, 'cmake_clean_first': False, 'cmake_force_configure': False, 'cmake_target': None, 'cmake_target_skip_unavailable': False, 'install_base': '/home/p/ws_demo2/install/service_interfaces', 'merge_install': False, 'path': '/home/p/ws_demo2/src/service_interfaces', 'symlink_install': False, 'test_result_base': None}
[0.306s] Level 5:colcon.colcon_core.verb:set package 'ur_description' build argument 'cmake_args' from command line to 'None'
[0.306s] Level 5:colcon.colcon_core.verb:set package 'ur_description' build argument 'cmake_target' from command line to 'None'
[0.306s] Level 5:colcon.colcon_core.verb:set package 'ur_description' build argument 'cmake_target_skip_unavailable' from command line to 'False'
[0.306s] Level 5:colcon.colcon_core.verb:set package 'ur_description' build argument 'cmake_clean_cache' from command line to 'False'
[0.306s] Level 5:colcon.colcon_core.verb:set package 'ur_description' build argument 'cmake_clean_first' from command line to 'False'
[0.306s] Level 5:colcon.colcon_core.verb:set package 'ur_description' build argument 'cmake_force_configure' from command line to 'False'
[0.306s] Level 5:colcon.colcon_core.verb:set package 'ur_description' build argument 'ament_cmake_args' from command line to 'None'
[0.306s] Level 5:colcon.colcon_core.verb:set package 'ur_description' build argument 'catkin_cmake_args' from command line to 'None'
[0.306s] Level 5:colcon.colcon_core.verb:set package 'ur_description' build argument 'catkin_skip_building_tests' from command line to 'False'
[0.306s] DEBUG:colcon.colcon_core.verb:Building package 'ur_description' with the following arguments: {'ament_cmake_args': None, 'build_base': '/home/p/ws_demo2/build/ur_description', 'catkin_cmake_args': None, 'catkin_skip_building_tests': False, 'cmake_args': None, 'cmake_clean_cache': False, 'cmake_clean_first': False, 'cmake_force_configure': False, 'cmake_target': None, 'cmake_target_skip_unavailable': False, 'install_base': '/home/p/ws_demo2/install/ur_description', 'merge_install': False, 'path': '/home/p/ws_demo2/src/ur_description', 'symlink_install': False, 'test_result_base': None}
[0.307s] Level 5:colcon.colcon_core.verb:set package 'ibvs' build argument 'cmake_args' from command line to 'None'
[0.307s] Level 5:colcon.colcon_core.verb:set package 'ibvs' build argument 'cmake_target' from command line to 'None'
[0.307s] Level 5:colcon.colcon_core.verb:set package 'ibvs' build argument 'cmake_target_skip_unavailable' from command line to 'False'
[0.307s] Level 5:colcon.colcon_core.verb:set package 'ibvs' build argument 'cmake_clean_cache' from command line to 'False'
[0.307s] Level 5:colcon.colcon_core.verb:set package 'ibvs' build argument 'cmake_clean_first' from command line to 'False'
[0.307s] Level 5:colcon.colcon_core.verb:set package 'ibvs' build argument 'cmake_force_configure' from command line to 'False'
[0.307s] Level 5:colcon.colcon_core.verb:set package 'ibvs' build argument 'ament_cmake_args' from command line to 'None'
[0.307s] Level 5:colcon.colcon_core.verb:set package 'ibvs' build argument 'catkin_cmake_args' from command line to 'None'
[0.307s] Level 5:colcon.colcon_core.verb:set package 'ibvs' build argument 'catkin_skip_building_tests' from command line to 'False'
[0.307s] DEBUG:colcon.colcon_core.verb:Building package 'ibvs' with the following arguments: {'ament_cmake_args': None, 'build_base': '/home/p/ws_demo2/build/ibvs', 'catkin_cmake_args': None, 'catkin_skip_building_tests': False, 'cmake_args': None, 'cmake_clean_cache': False, 'cmake_clean_first': False, 'cmake_force_configure': False, 'cmake_target': None, 'cmake_target_skip_unavailable': False, 'install_base': '/home/p/ws_demo2/install/ibvs', 'merge_install': False, 'path': '/home/p/ws_demo2/src/ibvs', 'symlink_install': False, 'test_result_base': None}
[0.307s] INFO:colcon.colcon_core.executor:Executing jobs using 'parallel' executor
[0.308s] DEBUG:colcon.colcon_parallel_executor.executor.parallel:run_until_complete
[0.308s] INFO:colcon.colcon_ros.task.ament_cmake.build:Building ROS package in '/home/p/ws_demo2/src/service_interfaces' with build type 'ament_cmake'
[0.308s] INFO:colcon.colcon_cmake.task.cmake.build:Building CMake package in '/home/p/ws_demo2/src/service_interfaces'
[0.309s] INFO:colcon.colcon_core.plugin_system:Skipping extension 'colcon_core.shell.bat': Not used on non-Windows systems
[0.309s] INFO:colcon.colcon_core.shell:Skip shell extension 'powershell' for command environment: Not usable outside of PowerShell
[0.309s] DEBUG:colcon.colcon_core.shell:Skip shell extension 'dsv' for command environment
[0.315s] INFO:colcon.colcon_ros.task.ament_cmake.build:Building ROS package in '/home/p/ws_demo2/src/camera_image' with build type 'ament_cmake'
[0.315s] INFO:colcon.colcon_cmake.task.cmake.build:Building CMake package in '/home/p/ws_demo2/src/camera_image'
[0.315s] INFO:colcon.colcon_core.shell:Skip shell extension 'powershell' for command environment: Not usable outside of PowerShell
[0.315s] DEBUG:colcon.colcon_core.shell:Skip shell extension 'dsv' for command environment
[0.321s] INFO:colcon.colcon_ros.task.ament_cmake.build:Building ROS package in '/home/p/ws_demo2/src/ur_description' with build type 'ament_cmake'
[0.321s] INFO:colcon.colcon_cmake.task.cmake.build:Building CMake package in '/home/p/ws_demo2/src/ur_description'
[0.321s] INFO:colcon.colcon_core.shell:Skip shell extension 'powershell' for command environment: Not usable outside of PowerShell
[0.321s] DEBUG:colcon.colcon_core.shell:Skip shell extension 'dsv' for command environment
[0.331s] DEBUG:colcon.colcon_core.event_handler.log_command:Invoking command in '/home/p/ws_demo2/build/service_interfaces': CMAKE_PREFIX_PATH=${CMAKE_PREFIX_PATH}:/home/p/ws_moveit2/install/moveit_configs_utils:/home/p/ws_moveit2/install/launch_param_builder:/home/p/demo_ws2/install/ur20_joint_control:/home/p/demo_ws2/install/arm_joint_control:/opt/ros/humble /usr/local/bin/cmake /home/p/ws_demo2/src/service_interfaces -DCMAKE_INSTALL_PREFIX=/home/p/ws_demo2/install/service_interfaces
[0.333s] DEBUG:colcon.colcon_core.event_handler.log_command:Invoking command in '/home/p/ws_demo2/build/camera_image': CMAKE_PREFIX_PATH=${CMAKE_PREFIX_PATH}:/home/p/ws_moveit2/install/moveit_configs_utils:/home/p/ws_moveit2/install/launch_param_builder:/home/p/demo_ws2/install/ur20_joint_control:/home/p/demo_ws2/install/arm_joint_control:/opt/ros/humble /usr/local/bin/cmake /home/p/ws_demo2/src/camera_image -DCMAKE_INSTALL_PREFIX=/home/p/ws_demo2/install/camera_image
[0.337s] DEBUG:colcon.colcon_core.event_handler.log_command:Invoking command in '/home/p/ws_demo2/build/ur_description': CMAKE_PREFIX_PATH=${CMAKE_PREFIX_PATH}:/home/p/ws_moveit2/install/moveit_configs_utils:/home/p/ws_moveit2/install/launch_param_builder:/home/p/demo_ws2/install/ur20_joint_control:/home/p/demo_ws2/install/arm_joint_control:/opt/ros/humble /usr/local/bin/cmake /home/p/ws_demo2/src/ur_description -DCMAKE_INSTALL_PREFIX=/home/p/ws_demo2/install/ur_description
[1.450s] DEBUG:colcon.colcon_core.event_handler.log_command:Invoked command in '/home/p/ws_demo2/build/ur_description' returned '0': CMAKE_PREFIX_PATH=${CMAKE_PREFIX_PATH}:/home/p/ws_moveit2/install/moveit_configs_utils:/home/p/ws_moveit2/install/launch_param_builder:/home/p/demo_ws2/install/ur20_joint_control:/home/p/demo_ws2/install/arm_joint_control:/opt/ros/humble /usr/local/bin/cmake /home/p/ws_demo2/src/ur_description -DCMAKE_INSTALL_PREFIX=/home/p/ws_demo2/install/ur_description
[1.451s] DEBUG:colcon.colcon_core.event_handler.log_command:Invoking command in '/home/p/ws_demo2/build/ur_description': CMAKE_PREFIX_PATH=${CMAKE_PREFIX_PATH}:/home/p/ws_moveit2/install/moveit_configs_utils:/home/p/ws_moveit2/install/launch_param_builder:/home/p/demo_ws2/install/ur20_joint_control:/home/p/demo_ws2/install/arm_joint_control:/opt/ros/humble /usr/local/bin/cmake --build /home/p/ws_demo2/build/ur_description -- -j16 -l16
[1.463s] DEBUG:colcon.colcon_core.event_handler.log_command:Invoked command in '/home/p/ws_demo2/build/ur_description' returned '0': CMAKE_PREFIX_PATH=${CMAKE_PREFIX_PATH}:/home/p/ws_moveit2/install/moveit_configs_utils:/home/p/ws_moveit2/install/launch_param_builder:/home/p/demo_ws2/install/ur20_joint_control:/home/p/demo_ws2/install/arm_joint_control:/opt/ros/humble /usr/local/bin/cmake --build /home/p/ws_demo2/build/ur_description -- -j16 -l16
[1.467s] DEBUG:colcon.colcon_core.event_handler.log_command:Invoking command in '/home/p/ws_demo2/build/ur_description': CMAKE_PREFIX_PATH=${CMAKE_PREFIX_PATH}:/home/p/ws_moveit2/install/moveit_configs_utils:/home/p/ws_moveit2/install/launch_param_builder:/home/p/demo_ws2/install/ur20_joint_control:/home/p/demo_ws2/install/arm_joint_control:/opt/ros/humble /usr/local/bin/cmake --install /home/p/ws_demo2/build/ur_description
[1.482s] Level 1:colcon.colcon_core.environment:create_environment_scripts_only(ur_description)
[1.483s] DEBUG:colcon.colcon_core.event_handler.log_command:Invoked command in '/home/p/ws_demo2/build/ur_description' returned '0': CMAKE_PREFIX_PATH=${CMAKE_PREFIX_PATH}:/home/p/ws_moveit2/install/moveit_configs_utils:/home/p/ws_moveit2/install/launch_param_builder:/home/p/demo_ws2/install/ur20_joint_control:/home/p/demo_ws2/install/arm_joint_control:/opt/ros/humble /usr/local/bin/cmake --install /home/p/ws_demo2/build/ur_description
[1.485s] Level 1:colcon.colcon_core.environment:checking '/home/p/ws_demo2/install/ur_description' for CMake module files
[1.485s] Level 1:colcon.colcon_core.environment:checking '/home/p/ws_demo2/install/ur_description' for CMake config files
[1.485s] Level 1:colcon.colcon_core.shell:create_environment_hook('ur_description', 'cmake_prefix_path')
[1.486s] INFO:colcon.colcon_core.shell:Creating environment hook '/home/p/ws_demo2/install/ur_description/share/ur_description/hook/cmake_prefix_path.ps1'
[1.486s] INFO:colcon.colcon_core.shell:Creating environment descriptor '/home/p/ws_demo2/install/ur_description/share/ur_description/hook/cmake_prefix_path.dsv'
[1.486s] INFO:colcon.colcon_core.shell:Creating environment hook '/home/p/ws_demo2/install/ur_description/share/ur_description/hook/cmake_prefix_path.sh'
[1.487s] Level 1:colcon.colcon_core.environment:checking '/home/p/ws_demo2/install/ur_description/bin'
[1.487s] Level 1:colcon.colcon_core.environment:checking '/home/p/ws_demo2/install/ur_description/lib/pkgconfig/ur_description.pc'
[1.487s] Level 1:colcon.colcon_core.environment:checking '/home/p/ws_demo2/install/ur_description/lib/python3.10/site-packages'
[1.488s] Level 1:colcon.colcon_core.environment:checking '/home/p/ws_demo2/install/ur_description/bin'
[1.488s] INFO:colcon.colcon_core.shell:Creating package script '/home/p/ws_demo2/install/ur_description/share/ur_description/package.ps1'
[1.488s] INFO:colcon.colcon_core.shell:Creating package descriptor '/home/p/ws_demo2/install/ur_description/share/ur_description/package.dsv'
[1.489s] INFO:colcon.colcon_core.shell:Creating package script '/home/p/ws_demo2/install/ur_description/share/ur_description/package.sh'
[1.489s] INFO:colcon.colcon_core.shell:Creating package script '/home/p/ws_demo2/install/ur_description/share/ur_description/package.bash'
[1.490s] INFO:colcon.colcon_core.shell:Creating package script '/home/p/ws_demo2/install/ur_description/share/ur_description/package.zsh'
[1.490s] Level 1:colcon.colcon_core.environment:create_file_with_runtime_dependencies(/home/p/ws_demo2/install/ur_description/share/colcon-core/packages/ur_description)
[1.491s] Level 1:colcon.colcon_core.environment:create_environment_scripts_only(ur_description)
[1.491s] Level 1:colcon.colcon_core.environment:checking '/home/p/ws_demo2/install/ur_description' for CMake module files
[1.491s] Level 1:colcon.colcon_core.environment:checking '/home/p/ws_demo2/install/ur_description' for CMake config files
[1.492s] Level 1:colcon.colcon_core.shell:create_environment_hook('ur_description', 'cmake_prefix_path')
[1.492s] INFO:colcon.colcon_core.shell:Creating environment hook '/home/p/ws_demo2/install/ur_description/share/ur_description/hook/cmake_prefix_path.ps1'
[1.492s] INFO:colcon.colcon_core.shell:Creating environment descriptor '/home/p/ws_demo2/install/ur_description/share/ur_description/hook/cmake_prefix_path.dsv'
[1.492s] INFO:colcon.colcon_core.shell:Creating environment hook '/home/p/ws_demo2/install/ur_description/share/ur_description/hook/cmake_prefix_path.sh'
[1.493s] Level 1:colcon.colcon_core.environment:checking '/home/p/ws_demo2/install/ur_description/bin'
[1.493s] Level 1:colcon.colcon_core.environment:checking '/home/p/ws_demo2/install/ur_description/lib/pkgconfig/ur_description.pc'
[1.493s] Level 1:colcon.colcon_core.environment:checking '/home/p/ws_demo2/install/ur_description/lib/python3.10/site-packages'
[1.493s] Level 1:colcon.colcon_core.environment:checking '/home/p/ws_demo2/install/ur_description/bin'
[1.493s] INFO:colcon.colcon_core.shell:Creating package script '/home/p/ws_demo2/install/ur_description/share/ur_description/package.ps1'
[1.494s] INFO:colcon.colcon_core.shell:Creating package descriptor '/home/p/ws_demo2/install/ur_description/share/ur_description/package.dsv'
[1.494s] INFO:colcon.colcon_core.shell:Creating package script '/home/p/ws_demo2/install/ur_description/share/ur_description/package.sh'
[1.494s] INFO:colcon.colcon_core.shell:Creating package script '/home/p/ws_demo2/install/ur_description/share/ur_description/package.bash'
[1.495s] INFO:colcon.colcon_core.shell:Creating package script '/home/p/ws_demo2/install/ur_description/share/ur_description/package.zsh'
[1.495s] Level 1:colcon.colcon_core.environment:create_file_with_runtime_dependencies(/home/p/ws_demo2/install/ur_description/share/colcon-core/packages/ur_description)
[1.676s] DEBUG:colcon.colcon_core.event_handler.log_command:Invoked command in '/home/p/ws_demo2/build/camera_image' returned '0': CMAKE_PREFIX_PATH=${CMAKE_PREFIX_PATH}:/home/p/ws_moveit2/install/moveit_configs_utils:/home/p/ws_moveit2/install/launch_param_builder:/home/p/demo_ws2/install/ur20_joint_control:/home/p/demo_ws2/install/arm_joint_control:/opt/ros/humble /usr/local/bin/cmake /home/p/ws_demo2/src/camera_image -DCMAKE_INSTALL_PREFIX=/home/p/ws_demo2/install/camera_image
[1.677s] DEBUG:colcon.colcon_core.event_handler.log_command:Invoking command in '/home/p/ws_demo2/build/camera_image': CMAKE_PREFIX_PATH=${CMAKE_PREFIX_PATH}:/home/p/ws_moveit2/install/moveit_configs_utils:/home/p/ws_moveit2/install/launch_param_builder:/home/p/demo_ws2/install/ur20_joint_control:/home/p/demo_ws2/install/arm_joint_control:/opt/ros/humble /usr/local/bin/cmake --build /home/p/ws_demo2/build/camera_image -- -j16 -l16
[2.606s] DEBUG:colcon.colcon_core.event_handler.log_command:Invoked command in '/home/p/ws_demo2/build/service_interfaces' returned '0': CMAKE_PREFIX_PATH=${CMAKE_PREFIX_PATH}:/home/p/ws_moveit2/install/moveit_configs_utils:/home/p/ws_moveit2/install/launch_param_builder:/home/p/demo_ws2/install/ur20_joint_control:/home/p/demo_ws2/install/arm_joint_control:/opt/ros/humble /usr/local/bin/cmake /home/p/ws_demo2/src/service_interfaces -DCMAKE_INSTALL_PREFIX=/home/p/ws_demo2/install/service_interfaces
[2.607s] DEBUG:colcon.colcon_core.event_handler.log_command:Invoking command in '/home/p/ws_demo2/build/service_interfaces': CMAKE_PREFIX_PATH=${CMAKE_PREFIX_PATH}:/home/p/ws_moveit2/install/moveit_configs_utils:/home/p/ws_moveit2/install/launch_param_builder:/home/p/demo_ws2/install/ur20_joint_control:/home/p/demo_ws2/install/arm_joint_control:/opt/ros/humble /usr/local/bin/cmake --build /home/p/ws_demo2/build/service_interfaces -- -j16 -l16
[5.637s] DEBUG:colcon.colcon_core.event_handler.log_command:Invoked command in '/home/p/ws_demo2/build/service_interfaces' returned '0': CMAKE_PREFIX_PATH=${CMAKE_PREFIX_PATH}:/home/p/ws_moveit2/install/moveit_configs_utils:/home/p/ws_moveit2/install/launch_param_builder:/home/p/demo_ws2/install/ur20_joint_control:/home/p/demo_ws2/install/arm_joint_control:/opt/ros/humble /usr/local/bin/cmake --build /home/p/ws_demo2/build/service_interfaces -- -j16 -l16
[5.639s] DEBUG:colcon.colcon_core.event_handler.log_command:Invoking command in '/home/p/ws_demo2/build/service_interfaces': CMAKE_PREFIX_PATH=${CMAKE_PREFIX_PATH}:/home/p/ws_moveit2/install/moveit_configs_utils:/home/p/ws_moveit2/install/launch_param_builder:/home/p/demo_ws2/install/ur20_joint_control:/home/p/demo_ws2/install/arm_joint_control:/opt/ros/humble /usr/local/bin/cmake --install /home/p/ws_demo2/build/service_interfaces
[5.695s] Level 1:colcon.colcon_core.environment:create_environment_scripts_only(service_interfaces)
[5.695s] Level 1:colcon.colcon_core.environment:checking '/home/p/ws_demo2/install/service_interfaces' for CMake module files
[5.695s] DEBUG:colcon.colcon_core.event_handler.log_command:Invoked command in '/home/p/ws_demo2/build/service_interfaces' returned '0': CMAKE_PREFIX_PATH=${CMAKE_PREFIX_PATH}:/home/p/ws_moveit2/install/moveit_configs_utils:/home/p/ws_moveit2/install/launch_param_builder:/home/p/demo_ws2/install/ur20_joint_control:/home/p/demo_ws2/install/arm_joint_control:/opt/ros/humble /usr/local/bin/cmake --install /home/p/ws_demo2/build/service_interfaces
[5.696s] Level 1:colcon.colcon_core.environment:checking '/home/p/ws_demo2/install/service_interfaces' for CMake config files
[5.696s] Level 1:colcon.colcon_core.shell:create_environment_hook('service_interfaces', 'cmake_prefix_path')
[5.696s] INFO:colcon.colcon_core.shell:Creating environment hook '/home/p/ws_demo2/install/service_interfaces/share/service_interfaces/hook/cmake_prefix_path.ps1'
[5.697s] INFO:colcon.colcon_core.shell:Creating environment descriptor '/home/p/ws_demo2/install/service_interfaces/share/service_interfaces/hook/cmake_prefix_path.dsv'
[5.697s] INFO:colcon.colcon_core.shell:Creating environment hook '/home/p/ws_demo2/install/service_interfaces/share/service_interfaces/hook/cmake_prefix_path.sh'
[5.697s] Level 1:colcon.colcon_core.environment:checking '/home/p/ws_demo2/install/service_interfaces/lib'
[5.697s] Level 1:colcon.colcon_core.shell:create_environment_hook('service_interfaces', 'ld_library_path_lib')
[5.698s] INFO:colcon.colcon_core.shell:Creating environment hook '/home/p/ws_demo2/install/service_interfaces/share/service_interfaces/hook/ld_library_path_lib.ps1'
[5.698s] INFO:colcon.colcon_core.shell:Creating environment descriptor '/home/p/ws_demo2/install/service_interfaces/share/service_interfaces/hook/ld_library_path_lib.dsv'
[5.698s] INFO:colcon.colcon_core.shell:Creating environment hook '/home/p/ws_demo2/install/service_interfaces/share/service_interfaces/hook/ld_library_path_lib.sh'
[5.698s] Level 1:colcon.colcon_core.environment:checking '/home/p/ws_demo2/install/service_interfaces/bin'
[5.698s] Level 1:colcon.colcon_core.environment:checking '/home/p/ws_demo2/install/service_interfaces/lib/pkgconfig/service_interfaces.pc'
[5.699s] Level 1:colcon.colcon_core.environment:checking '/home/p/ws_demo2/install/service_interfaces/lib/python3.10/site-packages'
[5.699s] Level 1:colcon.colcon_core.environment:checking '/home/p/ws_demo2/install/service_interfaces/bin'
[5.699s] INFO:colcon.colcon_core.shell:Creating package script '/home/p/ws_demo2/install/service_interfaces/share/service_interfaces/package.ps1'
[5.699s] INFO:colcon.colcon_core.shell:Creating package descriptor '/home/p/ws_demo2/install/service_interfaces/share/service_interfaces/package.dsv'
[5.700s] INFO:colcon.colcon_core.shell:Creating package script '/home/p/ws_demo2/install/service_interfaces/share/service_interfaces/package.sh'
[5.700s] INFO:colcon.colcon_core.shell:Creating package script '/home/p/ws_demo2/install/service_interfaces/share/service_interfaces/package.bash'
[5.700s] INFO:colcon.colcon_core.shell:Creating package script '/home/p/ws_demo2/install/service_interfaces/share/service_interfaces/package.zsh'
[5.700s] Level 1:colcon.colcon_core.environment:create_file_with_runtime_dependencies(/home/p/ws_demo2/install/service_interfaces/share/colcon-core/packages/service_interfaces)
[5.701s] Level 1:colcon.colcon_core.environment:create_environment_scripts_only(service_interfaces)
[5.701s] Level 1:colcon.colcon_core.environment:checking '/home/p/ws_demo2/install/service_interfaces' for CMake module files
[5.701s] Level 1:colcon.colcon_core.environment:checking '/home/p/ws_demo2/install/service_interfaces' for CMake config files
[5.702s] Level 1:colcon.colcon_core.shell:create_environment_hook('service_interfaces', 'cmake_prefix_path')
[5.702s] INFO:colcon.colcon_core.shell:Creating environment hook '/home/p/ws_demo2/install/service_interfaces/share/service_interfaces/hook/cmake_prefix_path.ps1'
[5.702s] INFO:colcon.colcon_core.shell:Creating environment descriptor '/home/p/ws_demo2/install/service_interfaces/share/service_interfaces/hook/cmake_prefix_path.dsv'
[5.702s] INFO:colcon.colcon_core.shell:Creating environment hook '/home/p/ws_demo2/install/service_interfaces/share/service_interfaces/hook/cmake_prefix_path.sh'
[5.703s] Level 1:colcon.colcon_core.environment:checking '/home/p/ws_demo2/install/service_interfaces/lib'
[5.703s] Level 1:colcon.colcon_core.shell:create_environment_hook('service_interfaces', 'ld_library_path_lib')
[5.703s] INFO:colcon.colcon_core.shell:Creating environment hook '/home/p/ws_demo2/install/service_interfaces/share/service_interfaces/hook/ld_library_path_lib.ps1'
[5.703s] INFO:colcon.colcon_core.shell:Creating environment descriptor '/home/p/ws_demo2/install/service_interfaces/share/service_interfaces/hook/ld_library_path_lib.dsv'
[5.704s] INFO:colcon.colcon_core.shell:Creating environment hook '/home/p/ws_demo2/install/service_interfaces/share/service_interfaces/hook/ld_library_path_lib.sh'
[5.704s] Level 1:colcon.colcon_core.environment:checking '/home/p/ws_demo2/install/service_interfaces/bin'
[5.704s] Level 1:colcon.colcon_core.environment:checking '/home/p/ws_demo2/install/service_interfaces/lib/pkgconfig/service_interfaces.pc'
[5.704s] Level 1:colcon.colcon_core.environment:checking '/home/p/ws_demo2/install/service_interfaces/lib/python3.10/site-packages'
[5.704s] Level 1:colcon.colcon_core.environment:checking '/home/p/ws_demo2/install/service_interfaces/bin'
[5.705s] INFO:colcon.colcon_core.shell:Creating package script '/home/p/ws_demo2/install/service_interfaces/share/service_interfaces/package.ps1'
[5.705s] INFO:colcon.colcon_core.shell:Creating package descriptor '/home/p/ws_demo2/install/service_interfaces/share/service_interfaces/package.dsv'
[5.705s] INFO:colcon.colcon_core.shell:Creating package script '/home/p/ws_demo2/install/service_interfaces/share/service_interfaces/package.sh'
[5.706s] INFO:colcon.colcon_core.shell:Creating package script '/home/p/ws_demo2/install/service_interfaces/share/service_interfaces/package.bash'
[5.706s] INFO:colcon.colcon_core.shell:Creating package script '/home/p/ws_demo2/install/service_interfaces/share/service_interfaces/package.zsh'
[5.706s] Level 1:colcon.colcon_core.environment:create_file_with_runtime_dependencies(/home/p/ws_demo2/install/service_interfaces/share/colcon-core/packages/service_interfaces)
[5.706s] INFO:colcon.colcon_ros.task.ament_cmake.build:Building ROS package in '/home/p/ws_demo2/src/ibvs' with build type 'ament_cmake'
[5.707s] INFO:colcon.colcon_cmake.task.cmake.build:Building CMake package in '/home/p/ws_demo2/src/ibvs'
[5.707s] INFO:colcon.colcon_core.shell:Skip shell extension 'powershell' for command environment: Not usable outside of PowerShell
[5.707s] DEBUG:colcon.colcon_core.shell:Skip shell extension 'dsv' for command environment
[5.719s] DEBUG:colcon.colcon_core.event_handler.log_command:Invoking command in '/home/p/ws_demo2/build/ibvs': AMENT_PREFIX_PATH=/home/p/ws_demo2/install/service_interfaces:${AMENT_PREFIX_PATH} CMAKE_PREFIX_PATH=/home/p/ws_demo2/install/service_interfaces:/home/p/ws_moveit2/install/pilz_industrial_motion_planner_testutils:/home/p/ws_moveit2/install/moveit_runtime:/home/p/ws_moveit2/install/moveit2_tutorials:/home/p/ws_moveit2/install/moveit:/home/p/ws_moveit2/install/moveit_planners:/home/p/ws_moveit2/install/pilz_industrial_motion_planner:/home/p/ws_moveit2/install/moveit_visual_tools:/home/p/ws_moveit2/install/moveit_task_constructor_visualization:/home/p/ws_moveit2/install/moveit_task_constructor_demo:/home/p/ws_moveit2/install/moveit_task_constructor_capabilities:/home/p/ws_moveit2/install/moveit_task_constructor_core:/home/p/ws_moveit2/install/moveit_ros_control_interface:/home/p/ws_moveit2/install/moveit_plugins:/home/p/ws_moveit2/install/moveit_simple_controller_manager:/home/p/ws_moveit2/install/moveit_setup_assistant:/home/p/ws_moveit2/install/moveit_setup_srdf_plugins:/home/p/ws_moveit2/install/moveit_setup_core_plugins:/home/p/ws_moveit2/install/moveit_setup_controllers:/home/p/ws_moveit2/install/moveit_setup_app_plugins:/home/p/ws_moveit2/install/moveit_setup_framework:/home/p/ws_moveit2/install/moveit_servo:/home/p/ws_moveit2/install/moveit_ros:/home/p/ws_moveit2/install/moveit_ros_visualization:/home/p/ws_moveit2/install/moveit_hybrid_planning:/home/p/ws_moveit2/install/moveit_ros_planning_interface:/home/p/ws_moveit2/install/moveit_ros_benchmarks:/home/p/ws_moveit2/install/moveit_ros_warehouse:/home/p/ws_moveit2/install/moveit_ros_robot_interaction:/home/p/ws_moveit2/install/moveit_ros_perception:/home/p/ws_moveit2/install/moveit_resources_prbt_pg70_support:/home/p/ws_moveit2/install/moveit_resources_prbt_moveit_config:/home/p/ws_moveit2/install/moveit_ros_move_group:/home/p/ws_moveit2/install/moveit_planners_ompl:/home/p/ws_moveit2/install/moveit_ros_planning:/home/p/ws_moveit2/install/moveit_ros_occupancy_map_monitor:/home/p/ws_moveit2/install/moveit_resources_prbt_ikfast_manipulator_plugin:/home/p/ws_moveit2/install/moveit_planners_chomp:/home/p/ws_moveit2/install/moveit_kinematics:/home/p/ws_moveit2/install/moveit_chomp_optimizer_adapter:/home/p/ws_moveit2/install/chomp_motion_planner:/home/p/ws_moveit2/install/moveit_core:/home/p/ws_moveit2/install/srdfdom:/home/p/ws_moveit2/install/rviz_marker_tools:/home/p/ws_moveit2/install/rosparam_shortcuts:/home/p/ws_moveit2/install/moveit_task_constructor_msgs:/home/p/ws_moveit2/install/moveit_resources_prbt_support:/home/p/ws_moveit2/install/moveit_resources:/home/p/ws_moveit2/install/moveit_resources_pr2_description:/home/p/ws_moveit2/install/moveit_resources_panda_moveit_config:/home/p/ws_moveit2/install/moveit_resources_panda_description:/home/p/ws_moveit2/install/moveit_resources_fanuc_moveit_config:/home/p/ws_moveit2/install/moveit_resources_fanuc_description:/home/p/ws_moveit2/install/moveit_common:/home/p/ws_demo1/install/ibvs_test:/home/p/demo_ws2/install/ur20_moveit_config:/home/p/demo_ws2/install/ur20_description:/home/p/demo_ws2/install/robotiq_description:/home/p/ws_moveit2/install/moveit_configs_utils:/home/p/ws_moveit2/install/launch_param_builder:/home/p/demo_ws2/install/ur20_joint_control:/home/p/demo_ws2/install/arm_joint_control:/opt/ros/humble LD_LIBRARY_PATH=/home/p/ws_demo2/install/service_interfaces/lib:/home/p/TensorRT_ws/TensorRT-8.6.1.6/lib:/usr/local/cuda-11.8/lib64:/home/p/ws_moveit2/install/pilz_industrial_motion_planner_testutils/lib:/home/p/ws_moveit2/install/pilz_industrial_motion_planner/lib:/home/p/ws_moveit2/install/moveit_visual_tools/lib:/home/p/ws_moveit2/install/moveit_task_constructor_visualization/lib:/home/p/ws_moveit2/install/moveit_task_constructor_demo/lib:/home/p/ws_moveit2/install/moveit_task_constructor_capabilities/lib:/home/p/ws_moveit2/install/moveit_task_constructor_core/lib:/home/p/ws_moveit2/install/moveit_ros_control_interface/lib:/home/p/ws_moveit2/install/moveit_simple_controller_manager/lib:/home/p/ws_moveit2/install/moveit_setup_assistant/lib:/home/p/ws_moveit2/install/moveit_setup_srdf_plugins/lib:/home/p/ws_moveit2/install/moveit_setup_core_plugins/lib:/home/p/ws_moveit2/install/moveit_setup_controllers/lib:/home/p/ws_moveit2/install/moveit_setup_app_plugins/lib:/home/p/ws_moveit2/install/moveit_setup_framework/lib:/home/p/ws_moveit2/install/moveit_servo/lib:/home/p/ws_moveit2/install/moveit_ros_visualization/lib:/home/p/ws_moveit2/install/moveit_hybrid_planning/lib:/home/p/ws_moveit2/install/moveit_ros_planning_interface/lib:/home/p/ws_moveit2/install/moveit_ros_benchmarks/lib:/home/p/ws_moveit2/install/moveit_ros_warehouse/lib:/home/p/ws_moveit2/install/moveit_ros_robot_interaction/lib:/home/p/ws_moveit2/install/moveit_ros_perception/lib:/home/p/ws_moveit2/install/moveit_ros_move_group/lib:/home/p/ws_moveit2/install/moveit_planners_ompl/lib:/home/p/ws_moveit2/install/moveit_ros_planning/lib:/home/p/ws_moveit2/install/moveit_ros_occupancy_map_monitor/lib:/home/p/ws_moveit2/install/moveit_resources_prbt_ikfast_manipulator_plugin/lib:/home/p/ws_moveit2/install/moveit_planners_chomp/lib:/home/p/ws_moveit2/install/moveit_kinematics/lib:/home/p/ws_moveit2/install/moveit_chomp_optimizer_adapter/lib:/home/p/ws_moveit2/install/chomp_motion_planner/lib:/home/p/ws_moveit2/install/moveit_core/lib:/home/p/ws_moveit2/install/srdfdom/lib:/home/p/ws_moveit2/install/rviz_marker_tools/lib:/home/p/ws_moveit2/install/rosparam_shortcuts/lib:/home/p/ws_moveit2/install/moveit_task_constructor_msgs/lib:/usr/lib/x86_64-linux-gnu/gazebo-11/plugins:/opt/ros/humble/opt/rviz_ogre_vendor/lib:/opt/ros/humble/lib/x86_64-linux-gnu:/opt/ros/humble/lib:/usr/share/gazebo/../../lib/x86_64-linux-gnu/gazebo-11/plugins PYTHONPATH=/home/p/ws_demo2/install/service_interfaces/local/lib/python3.10/dist-packages:${PYTHONPATH} /usr/local/bin/cmake /home/p/ws_demo2/src/ibvs -DCMAKE_INSTALL_PREFIX=/home/p/ws_demo2/install/ibvs
[7.739s] DEBUG:colcon.colcon_core.event_handler.log_command:Invoked command in '/home/p/ws_demo2/build/ibvs' returned '1': AMENT_PREFIX_PATH=/home/p/ws_demo2/install/service_interfaces:${AMENT_PREFIX_PATH} CMAKE_PREFIX_PATH=/home/p/ws_demo2/install/service_interfaces:/home/p/ws_moveit2/install/pilz_industrial_motion_planner_testutils:/home/p/ws_moveit2/install/moveit_runtime:/home/p/ws_moveit2/install/moveit2_tutorials:/home/p/ws_moveit2/install/moveit:/home/p/ws_moveit2/install/moveit_planners:/home/p/ws_moveit2/install/pilz_industrial_motion_planner:/home/p/ws_moveit2/install/moveit_visual_tools:/home/p/ws_moveit2/install/moveit_task_constructor_visualization:/home/p/ws_moveit2/install/moveit_task_constructor_demo:/home/p/ws_moveit2/install/moveit_task_constructor_capabilities:/home/p/ws_moveit2/install/moveit_task_constructor_core:/home/p/ws_moveit2/install/moveit_ros_control_interface:/home/p/ws_moveit2/install/moveit_plugins:/home/p/ws_moveit2/install/moveit_simple_controller_manager:/home/p/ws_moveit2/install/moveit_setup_assistant:/home/p/ws_moveit2/install/moveit_setup_srdf_plugins:/home/p/ws_moveit2/install/moveit_setup_core_plugins:/home/p/ws_moveit2/install/moveit_setup_controllers:/home/p/ws_moveit2/install/moveit_setup_app_plugins:/home/p/ws_moveit2/install/moveit_setup_framework:/home/p/ws_moveit2/install/moveit_servo:/home/p/ws_moveit2/install/moveit_ros:/home/p/ws_moveit2/install/moveit_ros_visualization:/home/p/ws_moveit2/install/moveit_hybrid_planning:/home/p/ws_moveit2/install/moveit_ros_planning_interface:/home/p/ws_moveit2/install/moveit_ros_benchmarks:/home/p/ws_moveit2/install/moveit_ros_warehouse:/home/p/ws_moveit2/install/moveit_ros_robot_interaction:/home/p/ws_moveit2/install/moveit_ros_perception:/home/p/ws_moveit2/install/moveit_resources_prbt_pg70_support:/home/p/ws_moveit2/install/moveit_resources_prbt_moveit_config:/home/p/ws_moveit2/install/moveit_ros_move_group:/home/p/ws_moveit2/install/moveit_planners_ompl:/home/p/ws_moveit2/install/moveit_ros_planning:/home/p/ws_moveit2/install/moveit_ros_occupancy_map_monitor:/home/p/ws_moveit2/install/moveit_resources_prbt_ikfast_manipulator_plugin:/home/p/ws_moveit2/install/moveit_planners_chomp:/home/p/ws_moveit2/install/moveit_kinematics:/home/p/ws_moveit2/install/moveit_chomp_optimizer_adapter:/home/p/ws_moveit2/install/chomp_motion_planner:/home/p/ws_moveit2/install/moveit_core:/home/p/ws_moveit2/install/srdfdom:/home/p/ws_moveit2/install/rviz_marker_tools:/home/p/ws_moveit2/install/rosparam_shortcuts:/home/p/ws_moveit2/install/moveit_task_constructor_msgs:/home/p/ws_moveit2/install/moveit_resources_prbt_support:/home/p/ws_moveit2/install/moveit_resources:/home/p/ws_moveit2/install/moveit_resources_pr2_description:/home/p/ws_moveit2/install/moveit_resources_panda_moveit_config:/home/p/ws_moveit2/install/moveit_resources_panda_description:/home/p/ws_moveit2/install/moveit_resources_fanuc_moveit_config:/home/p/ws_moveit2/install/moveit_resources_fanuc_description:/home/p/ws_moveit2/install/moveit_common:/home/p/ws_demo1/install/ibvs_test:/home/p/demo_ws2/install/ur20_moveit_config:/home/p/demo_ws2/install/ur20_description:/home/p/demo_ws2/install/robotiq_description:/home/p/ws_moveit2/install/moveit_configs_utils:/home/p/ws_moveit2/install/launch_param_builder:/home/p/demo_ws2/install/ur20_joint_control:/home/p/demo_ws2/install/arm_joint_control:/opt/ros/humble LD_LIBRARY_PATH=/home/p/ws_demo2/install/service_interfaces/lib:/home/p/TensorRT_ws/TensorRT-8.6.1.6/lib:/usr/local/cuda-11.8/lib64:/home/p/ws_moveit2/install/pilz_industrial_motion_planner_testutils/lib:/home/p/ws_moveit2/install/pilz_industrial_motion_planner/lib:/home/p/ws_moveit2/install/moveit_visual_tools/lib:/home/p/ws_moveit2/install/moveit_task_constructor_visualization/lib:/home/p/ws_moveit2/install/moveit_task_constructor_demo/lib:/home/p/ws_moveit2/install/moveit_task_constructor_capabilities/lib:/home/p/ws_moveit2/install/moveit_task_constructor_core/lib:/home/p/ws_moveit2/install/moveit_ros_control_interface/lib:/home/p/ws_moveit2/install/moveit_simple_controller_manager/lib:/home/p/ws_moveit2/install/moveit_setup_assistant/lib:/home/p/ws_moveit2/install/moveit_setup_srdf_plugins/lib:/home/p/ws_moveit2/install/moveit_setup_core_plugins/lib:/home/p/ws_moveit2/install/moveit_setup_controllers/lib:/home/p/ws_moveit2/install/moveit_setup_app_plugins/lib:/home/p/ws_moveit2/install/moveit_setup_framework/lib:/home/p/ws_moveit2/install/moveit_servo/lib:/home/p/ws_moveit2/install/moveit_ros_visualization/lib:/home/p/ws_moveit2/install/moveit_hybrid_planning/lib:/home/p/ws_moveit2/install/moveit_ros_planning_interface/lib:/home/p/ws_moveit2/install/moveit_ros_benchmarks/lib:/home/p/ws_moveit2/install/moveit_ros_warehouse/lib:/home/p/ws_moveit2/install/moveit_ros_robot_interaction/lib:/home/p/ws_moveit2/install/moveit_ros_perception/lib:/home/p/ws_moveit2/install/moveit_ros_move_group/lib:/home/p/ws_moveit2/install/moveit_planners_ompl/lib:/home/p/ws_moveit2/install/moveit_ros_planning/lib:/home/p/ws_moveit2/install/moveit_ros_occupancy_map_monitor/lib:/home/p/ws_moveit2/install/moveit_resources_prbt_ikfast_manipulator_plugin/lib:/home/p/ws_moveit2/install/moveit_planners_chomp/lib:/home/p/ws_moveit2/install/moveit_kinematics/lib:/home/p/ws_moveit2/install/moveit_chomp_optimizer_adapter/lib:/home/p/ws_moveit2/install/chomp_motion_planner/lib:/home/p/ws_moveit2/install/moveit_core/lib:/home/p/ws_moveit2/install/srdfdom/lib:/home/p/ws_moveit2/install/rviz_marker_tools/lib:/home/p/ws_moveit2/install/rosparam_shortcuts/lib:/home/p/ws_moveit2/install/moveit_task_constructor_msgs/lib:/usr/lib/x86_64-linux-gnu/gazebo-11/plugins:/opt/ros/humble/opt/rviz_ogre_vendor/lib:/opt/ros/humble/lib/x86_64-linux-gnu:/opt/ros/humble/lib:/usr/share/gazebo/../../lib/x86_64-linux-gnu/gazebo-11/plugins PYTHONPATH=/home/p/ws_demo2/install/service_interfaces/local/lib/python3.10/dist-packages:${PYTHONPATH} /usr/local/bin/cmake /home/p/ws_demo2/src/ibvs -DCMAKE_INSTALL_PREFIX=/home/p/ws_demo2/install/ibvs
[7.745s] Level 1:colcon.colcon_core.environment:create_environment_scripts_only(ibvs)
[7.745s] Level 1:colcon.colcon_core.environment:checking '/home/p/ws_demo2/install/ibvs' for CMake module files
[7.745s] Level 1:colcon.colcon_core.environment:checking '/home/p/ws_demo2/install/ibvs' for CMake config files
[7.745s] Level 1:colcon.colcon_core.environment:checking '/home/p/ws_demo2/install/ibvs/bin'
[7.745s] Level 1:colcon.colcon_core.environment:checking '/home/p/ws_demo2/install/ibvs/lib/pkgconfig/ibvs.pc'
[7.746s] Level 1:colcon.colcon_core.environment:checking '/home/p/ws_demo2/install/ibvs/lib/python3.10/site-packages'
[7.746s] Level 1:colcon.colcon_core.environment:checking '/home/p/ws_demo2/install/ibvs/bin'
[7.746s] INFO:colcon.colcon_core.shell:Creating package script '/home/p/ws_demo2/install/ibvs/share/ibvs/package.ps1'
[7.746s] INFO:colcon.colcon_core.shell:Creating package descriptor '/home/p/ws_demo2/install/ibvs/share/ibvs/package.dsv'
[7.747s] INFO:colcon.colcon_core.shell:Creating package script '/home/p/ws_demo2/install/ibvs/share/ibvs/package.sh'
[7.747s] INFO:colcon.colcon_core.shell:Creating package script '/home/p/ws_demo2/install/ibvs/share/ibvs/package.bash'
[7.747s] INFO:colcon.colcon_core.shell:Creating package script '/home/p/ws_demo2/install/ibvs/share/ibvs/package.zsh'
[7.747s] Level 1:colcon.colcon_core.environment:create_file_with_runtime_dependencies(/home/p/ws_demo2/install/ibvs/share/colcon-core/packages/ibvs)
[10.364s] DEBUG:colcon.colcon_parallel_executor.executor.parallel:closing loop
[10.364s] DEBUG:colcon.colcon_parallel_executor.executor.parallel:loop closed
[10.365s] DEBUG:colcon.colcon_parallel_executor.executor.parallel:run_until_complete finished with '1'
[10.365s] DEBUG:colcon.colcon_core.event_reactor:joining thread
[10.370s] INFO:colcon.colcon_core.plugin_system:Skipping extension 'colcon_notification.desktop_notification.terminal_notifier': Not used on non-Darwin systems
[10.370s] INFO:colcon.colcon_core.plugin_system:Skipping extension 'colcon_notification.desktop_notification.win32': Not used on non-Windows systems
[10.370s] INFO:colcon.colcon_notification.desktop_notification:Sending desktop notification using 'notify2'
[10.378s] DEBUG:colcon.colcon_core.event_reactor:joined thread
[10.379s] INFO:colcon.colcon_core.shell:Creating prefix script '/home/p/ws_demo2/install/local_setup.ps1'
[10.380s] INFO:colcon.colcon_core.shell:Creating prefix util module '/home/p/ws_demo2/install/_local_setup_util_ps1.py'
[10.382s] INFO:colcon.colcon_core.shell:Creating prefix chain script '/home/p/ws_demo2/install/setup.ps1'
[10.384s] INFO:colcon.colcon_core.shell:Creating prefix script '/home/p/ws_demo2/install/local_setup.sh'
[10.385s] INFO:colcon.colcon_core.shell:Creating prefix util module '/home/p/ws_demo2/install/_local_setup_util_sh.py'
[10.385s] INFO:colcon.colcon_core.shell:Creating prefix chain script '/home/p/ws_demo2/install/setup.sh'
[10.389s] INFO:colcon.colcon_core.shell:Creating prefix script '/home/p/ws_demo2/install/local_setup.bash'
[10.390s] INFO:colcon.colcon_core.shell:Creating prefix chain script '/home/p/ws_demo2/install/setup.bash'
[10.393s] INFO:colcon.colcon_core.shell:Creating prefix script '/home/p/ws_demo2/install/local_setup.zsh'
[10.393s] INFO:colcon.colcon_core.shell:Creating prefix chain script '/home/p/ws_demo2/install/setup.zsh'
