[0.017s] Invoking command in '/home/p/ws_demo2/build/camera_image': CMAKE_PREFIX_PATH=${CMAKE_PREFIX_PATH}:/home/p/ws_moveit2/install/moveit_configs_utils:/home/p/ws_moveit2/install/launch_param_builder:/home/p/demo_ws2/install/ur20_joint_control:/home/p/demo_ws2/install/arm_joint_control:/opt/ros/humble /usr/local/bin/cmake --build /home/p/ws_demo2/build/camera_image -- -j16 -l16
[0.046s] [ 50%] [32mBuilding CXX object CMakeFiles/camera_image.dir/src/camera_image.cpp.o[0m
[6.922s] [100%] [32m[1mLinking CXX executable camera_image[0m
[7.063s] /usr/bin/ld: warning: libopencv_imgproc.so.4.5d, needed by /opt/ros/humble/lib/libcv_bridge.so, may conflict with libopencv_imgproc.so.411
[7.064s] /usr/bin/ld: warning: libopencv_core.so.4.5d, needed by /opt/ros/humble/lib/libcv_bridge.so, may conflict with libopencv_core.so.411
[7.381s] [100%] Built target camera_image
[7.393s] Invoked command in '/home/p/ws_demo2/build/camera_image' returned '0': CMAKE_PREFIX_PATH=${CMAKE_PREFIX_PATH}:/home/p/ws_moveit2/install/moveit_configs_utils:/home/p/ws_moveit2/install/launch_param_builder:/home/p/demo_ws2/install/ur20_joint_control:/home/p/demo_ws2/install/arm_joint_control:/opt/ros/humble /usr/local/bin/cmake --build /home/p/ws_demo2/build/camera_image -- -j16 -l16
[7.396s] Invoking command in '/home/p/ws_demo2/build/camera_image': CMAKE_PREFIX_PATH=${CMAKE_PREFIX_PATH}:/home/p/ws_moveit2/install/moveit_configs_utils:/home/p/ws_moveit2/install/launch_param_builder:/home/p/demo_ws2/install/ur20_joint_control:/home/p/demo_ws2/install/arm_joint_control:/opt/ros/humble /usr/local/bin/cmake --install /home/p/ws_demo2/build/camera_image
[7.404s] -- Install configuration: ""
[7.404s] -- Installing: /home/p/ws_demo2/install/camera_image/lib/camera_image/camera_image
[7.406s] -- Set non-toolchain portion of runtime path of "/home/p/ws_demo2/install/camera_image/lib/camera_image/camera_image" to ""
[7.406s] -- Up-to-date: /home/p/ws_demo2/install/camera_image/share/ament_index/resource_index/package_run_dependencies/camera_image
[7.406s] -- Up-to-date: /home/p/ws_demo2/install/camera_image/share/ament_index/resource_index/parent_prefix_path/camera_image
[7.406s] -- Up-to-date: /home/p/ws_demo2/install/camera_image/share/camera_image/environment/ament_prefix_path.sh
[7.406s] -- Up-to-date: /home/p/ws_demo2/install/camera_image/share/camera_image/environment/ament_prefix_path.dsv
[7.406s] -- Up-to-date: /home/p/ws_demo2/install/camera_image/share/camera_image/environment/path.sh
[7.406s] -- Up-to-date: /home/p/ws_demo2/install/camera_image/share/camera_image/environment/path.dsv
[7.406s] -- Up-to-date: /home/p/ws_demo2/install/camera_image/share/camera_image/local_setup.bash
[7.406s] -- Up-to-date: /home/p/ws_demo2/install/camera_image/share/camera_image/local_setup.sh
[7.406s] -- Up-to-date: /home/p/ws_demo2/install/camera_image/share/camera_image/local_setup.zsh
[7.406s] -- Up-to-date: /home/p/ws_demo2/install/camera_image/share/camera_image/local_setup.dsv
[7.406s] -- Installing: /home/p/ws_demo2/install/camera_image/share/camera_image/package.dsv
[7.406s] -- Up-to-date: /home/p/ws_demo2/install/camera_image/share/ament_index/resource_index/packages/camera_image
[7.407s] -- Up-to-date: /home/p/ws_demo2/install/camera_image/share/camera_image/cmake/camera_imageConfig.cmake
[7.407s] -- Up-to-date: /home/p/ws_demo2/install/camera_image/share/camera_image/cmake/camera_imageConfig-version.cmake
[7.407s] -- Up-to-date: /home/p/ws_demo2/install/camera_image/share/camera_image/package.xml
[7.408s] Invoked command in '/home/p/ws_demo2/build/camera_image' returned '0': CMAKE_PREFIX_PATH=${CMAKE_PREFIX_PATH}:/home/p/ws_moveit2/install/moveit_configs_utils:/home/p/ws_moveit2/install/launch_param_builder:/home/p/demo_ws2/install/ur20_joint_control:/home/p/demo_ws2/install/arm_joint_control:/opt/ros/humble /usr/local/bin/cmake --install /home/p/ws_demo2/build/camera_image
