[0.043s] Invoking command in '/home/p/ws_demo2/build/mpc': CMAKE_PREFIX_PATH=${CMAKE_PREFIX_PATH}:/home/p/ws_moveit2/install/moveit_configs_utils:/home/p/ws_moveit2/install/launch_param_builder:/home/p/demo_ws2/install/ur20_joint_control:/home/p/demo_ws2/install/arm_joint_control:/opt/ros/humble /usr/local/bin/cmake --build /home/p/ws_demo2/build/mpc -- -j16 -l16
[0.064s] -- Found ament_cmake: 1.3.11 (/opt/ros/humble/share/ament_cmake/cmake)
[0.384s] -- Found rclcpp: 16.0.12 (/opt/ros/humble/share/rclcpp/cmake)
[0.438s] -- Found rosidl_generator_c: 3.1.6 (/opt/ros/humble/share/rosidl_generator_c/cmake)
[0.443s] -- Found rosidl_adapter: 3.1.6 (/opt/ros/humble/share/rosidl_adapter/cmake)
[0.454s] -- Found rosidl_generator_cpp: 3.1.6 (/opt/ros/humble/share/rosidl_generator_cpp/cmake)
[0.478s] -- Using all available rosidl_typesupport_c: rosidl_typesupport_fastrtps_c;rosidl_typesupport_introspection_c
[0.509s] -- Using all available rosidl_typesupport_cpp: rosidl_typesupport_fastrtps_cpp;rosidl_typesupport_introspection_cpp
[0.582s] -- Found rmw_implementation_cmake: 6.1.2 (/opt/ros/humble/share/rmw_implementation_cmake/cmake)
[0.589s] -- Found rmw_fastrtps_cpp: 6.2.7 (/opt/ros/humble/share/rmw_fastrtps_cpp/cmake)
[0.794s] -- Using RMW implementation 'rmw_fastrtps_cpp' as default
[0.901s] -- Found geometry_msgs: 4.9.0 (/opt/ros/humble/share/geometry_msgs/cmake)
[0.946s] -- Found ament_lint_auto: 0.12.12 (/opt/ros/humble/share/ament_lint_auto/cmake)
[1.044s] -- Configuring done (1.0s)
[1.061s] -- Generating done (0.0s)
[1.064s] -- Build files have been written to: /home/p/ws_demo2/build/mpc
[1.108s] [ 50%] [32mBuilding CXX object CMakeFiles/mpc.dir/src/mpc.cpp.o[0m
[6.548s] [100%] [32m[1mLinking CXX executable mpc[0m
[6.684s] [100%] Built target mpc
[6.694s] Invoked command in '/home/p/ws_demo2/build/mpc' returned '0': CMAKE_PREFIX_PATH=${CMAKE_PREFIX_PATH}:/home/p/ws_moveit2/install/moveit_configs_utils:/home/p/ws_moveit2/install/launch_param_builder:/home/p/demo_ws2/install/ur20_joint_control:/home/p/demo_ws2/install/arm_joint_control:/opt/ros/humble /usr/local/bin/cmake --build /home/p/ws_demo2/build/mpc -- -j16 -l16
[6.696s] Invoking command in '/home/p/ws_demo2/build/mpc': CMAKE_PREFIX_PATH=${CMAKE_PREFIX_PATH}:/home/p/ws_moveit2/install/moveit_configs_utils:/home/p/ws_moveit2/install/launch_param_builder:/home/p/demo_ws2/install/ur20_joint_control:/home/p/demo_ws2/install/arm_joint_control:/opt/ros/humble /usr/local/bin/cmake --install /home/p/ws_demo2/build/mpc
[6.699s] -- Install configuration: ""
[6.700s] -- Installing: /home/p/ws_demo2/install/mpc/lib/mpc/mpc
[6.700s] -- Set non-toolchain portion of runtime path of "/home/p/ws_demo2/install/mpc/lib/mpc/mpc" to ""
[6.700s] -- Up-to-date: /home/p/ws_demo2/install/mpc/share/ament_index/resource_index/package_run_dependencies/mpc
[6.701s] -- Up-to-date: /home/p/ws_demo2/install/mpc/share/ament_index/resource_index/parent_prefix_path/mpc
[6.701s] -- Up-to-date: /home/p/ws_demo2/install/mpc/share/mpc/environment/ament_prefix_path.sh
[6.701s] -- Installing: /home/p/ws_demo2/install/mpc/share/mpc/environment/ament_prefix_path.dsv
[6.701s] -- Up-to-date: /home/p/ws_demo2/install/mpc/share/mpc/environment/path.sh
[6.701s] -- Installing: /home/p/ws_demo2/install/mpc/share/mpc/environment/path.dsv
[6.701s] -- Up-to-date: /home/p/ws_demo2/install/mpc/share/mpc/local_setup.bash
[6.701s] -- Up-to-date: /home/p/ws_demo2/install/mpc/share/mpc/local_setup.sh
[6.702s] -- Up-to-date: /home/p/ws_demo2/install/mpc/share/mpc/local_setup.zsh
[6.702s] -- Installing: /home/p/ws_demo2/install/mpc/share/mpc/local_setup.dsv
[6.702s] -- Installing: /home/p/ws_demo2/install/mpc/share/mpc/package.dsv
[6.702s] -- Up-to-date: /home/p/ws_demo2/install/mpc/share/ament_index/resource_index/packages/mpc
[6.702s] -- Up-to-date: /home/p/ws_demo2/install/mpc/share/mpc/cmake/mpcConfig.cmake
[6.702s] -- Up-to-date: /home/p/ws_demo2/install/mpc/share/mpc/cmake/mpcConfig-version.cmake
[6.703s] -- Up-to-date: /home/p/ws_demo2/install/mpc/share/mpc/package.xml
[6.704s] Invoked command in '/home/p/ws_demo2/build/mpc' returned '0': CMAKE_PREFIX_PATH=${CMAKE_PREFIX_PATH}:/home/p/ws_moveit2/install/moveit_configs_utils:/home/p/ws_moveit2/install/launch_param_builder:/home/p/demo_ws2/install/ur20_joint_control:/home/p/demo_ws2/install/arm_joint_control:/opt/ros/humble /usr/local/bin/cmake --install /home/p/ws_demo2/build/mpc
