[ 50%] [32mBuilding CXX object CMakeFiles/camera_image.dir/src/camera_image.cpp.o[0m
[100%] [32m[1mLinking CXX executable camera_image[0m
[100%] Built target camera_image
-- Install configuration: ""
-- Installing: /home/p/ws_demo2/install/camera_image/lib/camera_image/camera_image
-- Set non-toolchain portion of runtime path of "/home/p/ws_demo2/install/camera_image/lib/camera_image/camera_image" to ""
-- Up-to-date: /home/p/ws_demo2/install/camera_image/share/ament_index/resource_index/package_run_dependencies/camera_image
-- Up-to-date: /home/p/ws_demo2/install/camera_image/share/ament_index/resource_index/parent_prefix_path/camera_image
-- Up-to-date: /home/p/ws_demo2/install/camera_image/share/camera_image/environment/ament_prefix_path.sh
-- Up-to-date: /home/p/ws_demo2/install/camera_image/share/camera_image/environment/ament_prefix_path.dsv
-- Up-to-date: /home/p/ws_demo2/install/camera_image/share/camera_image/environment/path.sh
-- Up-to-date: /home/p/ws_demo2/install/camera_image/share/camera_image/environment/path.dsv
-- Up-to-date: /home/p/ws_demo2/install/camera_image/share/camera_image/local_setup.bash
-- Up-to-date: /home/p/ws_demo2/install/camera_image/share/camera_image/local_setup.sh
-- Up-to-date: /home/p/ws_demo2/install/camera_image/share/camera_image/local_setup.zsh
-- Up-to-date: /home/p/ws_demo2/install/camera_image/share/camera_image/local_setup.dsv
-- Installing: /home/p/ws_demo2/install/camera_image/share/camera_image/package.dsv
-- Up-to-date: /home/p/ws_demo2/install/camera_image/share/ament_index/resource_index/packages/camera_image
-- Up-to-date: /home/p/ws_demo2/install/camera_image/share/camera_image/cmake/camera_imageConfig.cmake
-- Up-to-date: /home/p/ws_demo2/install/camera_image/share/camera_image/cmake/camera_imageConfig-version.cmake
-- Up-to-date: /home/p/ws_demo2/install/camera_image/share/camera_image/package.xml
