[0.026s] Invoking command in '/home/p/ws_demo2/build/service_interfaces': CMAKE_PREFIX_PATH=${CMAKE_PREFIX_PATH}:/home/p/ws_moveit2/install/moveit_configs_utils:/home/p/ws_moveit2/install/launch_param_builder:/home/p/demo_ws2/install/ur20_joint_control:/home/p/demo_ws2/install/arm_joint_control:/opt/ros/humble /usr/local/bin/cmake --build /home/p/ws_demo2/build/service_interfaces -- -j16 -l16
[0.041s] -- Found ament_cmake: 1.3.11 (/opt/ros/humble/share/ament_cmake/cmake)
[0.199s] -- Found rosidl_default_generators: 1.2.0 (/opt/ros/humble/share/rosidl_default_generators/cmake)
[0.209s] -- Using all available rosidl_typesupport_c: rosidl_typesupport_fastrtps_c;rosidl_typesupport_introspection_c
[0.212s] -- Found rosidl_adapter: 3.1.6 (/opt/ros/humble/share/rosidl_adapter/cmake)
[0.245s] -- Using all available rosidl_typesupport_cpp: rosidl_typesupport_fastrtps_cpp;rosidl_typesupport_introspection_cpp
[0.271s] -- Found std_msgs: 4.9.0 (/opt/ros/humble/share/std_msgs/cmake)
[0.653s] -- Found ament_cmake_ros: 0.10.0 (/opt/ros/humble/share/ament_cmake_ros/cmake)
[1.008s] -- Using all available rosidl_typesupport_c: rosidl_typesupport_fastrtps_c;rosidl_typesupport_introspection_c
[1.484s] -- Using all available rosidl_typesupport_cpp: rosidl_typesupport_fastrtps_cpp;rosidl_typesupport_introspection_cpp
[1.486s] [33mCMake Warning (dev) at /opt/ros/humble/share/rosidl_generator_py/cmake/rosidl_generator_py_generate_interfaces.cmake:20 (find_package):
[1.486s]   Policy CMP0148 is not set: The FindPythonInterp and FindPythonLibs modules
[1.486s]   are removed.  Run "cmake --help-policy CMP0148" for policy details.  Use
[1.486s]   the cmake_policy command to set the policy and suppress this warning.
[1.486s] 
[1.486s] Call Stack (most recent call first):
[1.486s]   /opt/ros/humble/share/ament_cmake_core/cmake/core/ament_execute_extensions.cmake:48 (include)
[1.486s]   /opt/ros/humble/share/rosidl_cmake/cmake/rosidl_generate_interfaces.cmake:286 (ament_execute_extensions)
[1.486s]   CMakeLists.txt:13 (rosidl_generate_interfaces)
[1.486s] This warning is for project developers.  Use -Wno-dev to suppress it.
[1.486s] [0m
[1.502s] -- Found python_cmake_module: 0.10.0 (/opt/ros/humble/share/python_cmake_module/cmake)
[1.502s] [33mCMake Warning (dev) at /opt/ros/humble/share/python_cmake_module/cmake/Modules/FindPythonExtra.cmake:52 (find_package):
[1.502s]   Policy CMP0148 is not set: The FindPythonInterp and FindPythonLibs modules
[1.502s]   are removed.  Run "cmake --help-policy CMP0148" for policy details.  Use
[1.502s]   the cmake_policy command to set the policy and suppress this warning.
[1.502s] 
[1.502s] Call Stack (most recent call first):
[1.502s]   /opt/ros/humble/share/rosidl_generator_py/cmake/rosidl_generator_py_generate_interfaces.cmake:23 (find_package)
[1.502s]   /opt/ros/humble/share/ament_cmake_core/cmake/core/ament_execute_extensions.cmake:48 (include)
[1.502s]   /opt/ros/humble/share/rosidl_cmake/cmake/rosidl_generate_interfaces.cmake:286 (ament_execute_extensions)
[1.502s]   CMakeLists.txt:13 (rosidl_generate_interfaces)
[1.502s] This warning is for project developers.  Use -Wno-dev to suppress it.
[1.502s] [0m
[1.518s] [33mCMake Warning (dev) at /opt/ros/humble/share/python_cmake_module/cmake/Modules/FindPythonExtra.cmake:140 (find_package):
[1.518s]   Policy CMP0148 is not set: The FindPythonInterp and FindPythonLibs modules
[1.518s]   are removed.  Run "cmake --help-policy CMP0148" for policy details.  Use
[1.518s]   the cmake_policy command to set the policy and suppress this warning.
[1.518s] 
[1.518s] Call Stack (most recent call first):
[1.518s]   /opt/ros/humble/share/rosidl_generator_py/cmake/rosidl_generator_py_generate_interfaces.cmake:23 (find_package)
[1.519s]   /opt/ros/humble/share/ament_cmake_core/cmake/core/ament_execute_extensions.cmake:48 (include)
[1.519s]   /opt/ros/humble/share/rosidl_cmake/cmake/rosidl_generate_interfaces.cmake:286 (ament_execute_extensions)
[1.519s]   CMakeLists.txt:13 (rosidl_generate_interfaces)
[1.519s] This warning is for project developers.  Use -Wno-dev to suppress it.
[1.519s] [0m
[1.520s] -- Using PYTHON_EXECUTABLE: /usr/bin/python3
[1.520s] -- Using PYTHON_INCLUDE_DIRS: /usr/include/python3.10
[1.520s] -- Using PYTHON_LIBRARIES: /usr/lib/x86_64-linux-gnu/libpython3.10.so
[1.581s] -- Found ament_lint_auto: 0.12.12 (/opt/ros/humble/share/ament_lint_auto/cmake)
[1.597s] -- Added test 'cppcheck' to perform static code analysis on C / C++ code
[1.598s] -- Configured cppcheck include dirs: 
[1.598s] -- Configured cppcheck exclude dirs and/or files: 
[1.599s] -- Added test 'flake8' to check Python code syntax and style conventions
[1.601s] -- Added test 'lint_cmake' to check CMake code style
[1.603s] -- Added test 'pep257' to check Python code against some of the docstring style conventions in PEP 257
[1.612s] -- Added test 'uncrustify' to check C / C++ code style
[1.612s] -- Configured uncrustify additional arguments: 
[1.613s] -- Added test 'xmllint' to check XML markup files
[1.615s] -- Configuring done (1.6s)
[1.649s] -- Generating done (0.0s)
[1.656s] -- Build files have been written to: /home/p/ws_demo2/build/service_interfaces
[1.672s] [  1%] Built target service_interfaces__cpp
[1.674s] [ 12%] Built target service_interfaces__rosidl_generator_c
[1.675s] [ 12%] Built target ament_cmake_python_copy_service_interfaces
[1.685s] [ 23%] Built target service_interfaces__rosidl_typesupport_c
[1.686s] [ 34%] Built target service_interfaces__rosidl_typesupport_introspection_c
[1.686s] [ 45%] Built target service_interfaces__rosidl_typesupport_cpp
[1.687s] [ 56%] Built target service_interfaces__rosidl_typesupport_fastrtps_cpp
[1.688s] [ 67%] Built target service_interfaces__rosidl_typesupport_introspection_cpp
[1.690s] [ 78%] Built target service_interfaces__rosidl_typesupport_fastrtps_c
[1.699s] [ 78%] Built target service_interfaces
[1.708s] [ 80%] Built target service_interfaces__py
[1.722s] [ 89%] Built target service_interfaces__rosidl_generator_py
[1.734s] [ 92%] Built target service_interfaces__rosidl_typesupport_introspection_c__pyext
[1.734s] [ 96%] Built target service_interfaces__rosidl_typesupport_c__pyext
[1.734s] [100%] Built target service_interfaces__rosidl_typesupport_fastrtps_c__pyext
[1.876s] running egg_info
[1.877s] writing service_interfaces.egg-info/PKG-INFO
[1.877s] writing dependency_links to service_interfaces.egg-info/dependency_links.txt
[1.877s] writing top-level names to service_interfaces.egg-info/top_level.txt
[1.878s] reading manifest file 'service_interfaces.egg-info/SOURCES.txt'
[1.879s] writing manifest file 'service_interfaces.egg-info/SOURCES.txt'
[1.893s] [100%] Built target ament_cmake_python_build_service_interfaces_egg
[1.897s] Invoked command in '/home/p/ws_demo2/build/service_interfaces' returned '0': CMAKE_PREFIX_PATH=${CMAKE_PREFIX_PATH}:/home/p/ws_moveit2/install/moveit_configs_utils:/home/p/ws_moveit2/install/launch_param_builder:/home/p/demo_ws2/install/ur20_joint_control:/home/p/demo_ws2/install/arm_joint_control:/opt/ros/humble /usr/local/bin/cmake --build /home/p/ws_demo2/build/service_interfaces -- -j16 -l16
[1.898s] Invoking command in '/home/p/ws_demo2/build/service_interfaces': CMAKE_PREFIX_PATH=${CMAKE_PREFIX_PATH}:/home/p/ws_moveit2/install/moveit_configs_utils:/home/p/ws_moveit2/install/launch_param_builder:/home/p/demo_ws2/install/ur20_joint_control:/home/p/demo_ws2/install/arm_joint_control:/opt/ros/humble /usr/local/bin/cmake --install /home/p/ws_demo2/build/service_interfaces
[1.901s] -- Install configuration: ""
[1.901s] -- Up-to-date: /home/p/ws_demo2/install/service_interfaces/share/ament_index/resource_index/rosidl_interfaces/service_interfaces
[1.901s] -- Up-to-date: /home/p/ws_demo2/install/service_interfaces/include/service_interfaces/service_interfaces
[1.901s] -- Up-to-date: /home/p/ws_demo2/install/service_interfaces/include/service_interfaces/service_interfaces/srv
[1.901s] -- Up-to-date: /home/p/ws_demo2/install/service_interfaces/include/service_interfaces/service_interfaces/srv/detail
[1.901s] -- Up-to-date: /home/p/ws_demo2/install/service_interfaces/include/service_interfaces/service_interfaces/srv/detail/send_grasp_request__struct.h
[1.901s] -- Up-to-date: /home/p/ws_demo2/install/service_interfaces/include/service_interfaces/service_interfaces/srv/detail/send_gripper_request__type_support.h
[1.901s] -- Up-to-date: /home/p/ws_demo2/install/service_interfaces/include/service_interfaces/service_interfaces/srv/detail/send_gripper_request__struct.h
[1.902s] -- Up-to-date: /home/p/ws_demo2/install/service_interfaces/include/service_interfaces/service_interfaces/srv/detail/send_gripper_request__functions.h
[1.902s] -- Up-to-date: /home/p/ws_demo2/install/service_interfaces/include/service_interfaces/service_interfaces/srv/detail/get_jacobian__functions.h
[1.902s] -- Up-to-date: /home/p/ws_demo2/install/service_interfaces/include/service_interfaces/service_interfaces/srv/detail/get_jacobian__functions.c
[1.902s] -- Up-to-date: /home/p/ws_demo2/install/service_interfaces/include/service_interfaces/service_interfaces/srv/detail/send_grasp_request__functions.c
[1.902s] -- Up-to-date: /home/p/ws_demo2/install/service_interfaces/include/service_interfaces/service_interfaces/srv/detail/send_grasp_request__functions.h
[1.902s] -- Up-to-date: /home/p/ws_demo2/install/service_interfaces/include/service_interfaces/service_interfaces/srv/detail/get_jacobian__struct.h
[1.902s] -- Up-to-date: /home/p/ws_demo2/install/service_interfaces/include/service_interfaces/service_interfaces/srv/detail/get_jacobian__type_support.h
[1.902s] -- Up-to-date: /home/p/ws_demo2/install/service_interfaces/include/service_interfaces/service_interfaces/srv/detail/send_gripper_request__functions.c
[1.902s] -- Up-to-date: /home/p/ws_demo2/install/service_interfaces/include/service_interfaces/service_interfaces/srv/detail/send_grasp_request__type_support.h
[1.902s] -- Up-to-date: /home/p/ws_demo2/install/service_interfaces/include/service_interfaces/service_interfaces/srv/send_grasp_request.h
[1.902s] -- Up-to-date: /home/p/ws_demo2/install/service_interfaces/include/service_interfaces/service_interfaces/srv/send_gripper_request.h
[1.902s] -- Up-to-date: /home/p/ws_demo2/install/service_interfaces/include/service_interfaces/service_interfaces/srv/get_jacobian.h
[1.903s] -- Up-to-date: /home/p/ws_demo2/install/service_interfaces/include/service_interfaces/service_interfaces/msg
[1.903s] -- Up-to-date: /home/p/ws_demo2/install/service_interfaces/include/service_interfaces/service_interfaces/msg/detail
[1.903s] -- Up-to-date: /home/p/ws_demo2/install/service_interfaces/include/service_interfaces/service_interfaces/msg/detail/moment_features__type_support.h
[1.903s] -- Up-to-date: /home/p/ws_demo2/install/service_interfaces/include/service_interfaces/service_interfaces/msg/detail/moment_features__functions.h
[1.903s] -- Up-to-date: /home/p/ws_demo2/install/service_interfaces/include/service_interfaces/service_interfaces/msg/detail/moment_features__struct.h
[1.903s] -- Up-to-date: /home/p/ws_demo2/install/service_interfaces/include/service_interfaces/service_interfaces/msg/detail/moment_features__functions.c
[1.903s] -- Up-to-date: /home/p/ws_demo2/install/service_interfaces/include/service_interfaces/service_interfaces/msg/moment_features.h
[1.903s] -- Up-to-date: /home/p/ws_demo2/install/service_interfaces/include/service_interfaces/service_interfaces/msg/rosidl_generator_c__visibility_control.h
[1.903s] -- Up-to-date: /home/p/ws_demo2/install/service_interfaces/share/service_interfaces/environment/library_path.sh
[1.903s] -- Installing: /home/p/ws_demo2/install/service_interfaces/share/service_interfaces/environment/library_path.dsv
[1.903s] -- Up-to-date: /home/p/ws_demo2/install/service_interfaces/lib/libservice_interfaces__rosidl_generator_c.so
[1.903s] -- Up-to-date: /home/p/ws_demo2/install/service_interfaces/include/service_interfaces/service_interfaces
[1.903s] -- Up-to-date: /home/p/ws_demo2/install/service_interfaces/include/service_interfaces/service_interfaces/srv
[1.903s] -- Up-to-date: /home/p/ws_demo2/install/service_interfaces/include/service_interfaces/service_interfaces/srv/detail
[1.904s] -- Up-to-date: /home/p/ws_demo2/install/service_interfaces/include/service_interfaces/service_interfaces/srv/detail/get_jacobian__rosidl_typesupport_fastrtps_c.h
[1.904s] -- Up-to-date: /home/p/ws_demo2/install/service_interfaces/include/service_interfaces/service_interfaces/srv/detail/send_grasp_request__rosidl_typesupport_fastrtps_c.h
[1.904s] -- Up-to-date: /home/p/ws_demo2/install/service_interfaces/include/service_interfaces/service_interfaces/srv/detail/send_gripper_request__rosidl_typesupport_fastrtps_c.h
[1.904s] -- Up-to-date: /home/p/ws_demo2/install/service_interfaces/include/service_interfaces/service_interfaces/msg
[1.904s] -- Up-to-date: /home/p/ws_demo2/install/service_interfaces/include/service_interfaces/service_interfaces/msg/detail
[1.904s] -- Up-to-date: /home/p/ws_demo2/install/service_interfaces/include/service_interfaces/service_interfaces/msg/detail/moment_features__rosidl_typesupport_fastrtps_c.h
[1.904s] -- Up-to-date: /home/p/ws_demo2/install/service_interfaces/include/service_interfaces/service_interfaces/msg/rosidl_typesupport_fastrtps_c__visibility_control.h
[1.904s] -- Up-to-date: /home/p/ws_demo2/install/service_interfaces/lib/libservice_interfaces__rosidl_typesupport_fastrtps_c.so
[1.904s] -- Up-to-date: /home/p/ws_demo2/install/service_interfaces/include/service_interfaces/service_interfaces
[1.904s] -- Up-to-date: /home/p/ws_demo2/install/service_interfaces/include/service_interfaces/service_interfaces/srv
[1.904s] -- Up-to-date: /home/p/ws_demo2/install/service_interfaces/include/service_interfaces/service_interfaces/srv/detail
[1.904s] -- Up-to-date: /home/p/ws_demo2/install/service_interfaces/include/service_interfaces/service_interfaces/srv/detail/send_gripper_request__rosidl_typesupport_introspection_c.h
[1.904s] -- Up-to-date: /home/p/ws_demo2/install/service_interfaces/include/service_interfaces/service_interfaces/srv/detail/get_jacobian__rosidl_typesupport_introspection_c.h
[1.905s] -- Up-to-date: /home/p/ws_demo2/install/service_interfaces/include/service_interfaces/service_interfaces/srv/detail/send_gripper_request__type_support.c
[1.905s] -- Up-to-date: /home/p/ws_demo2/install/service_interfaces/include/service_interfaces/service_interfaces/srv/detail/send_grasp_request__type_support.c
[1.905s] -- Up-to-date: /home/p/ws_demo2/install/service_interfaces/include/service_interfaces/service_interfaces/srv/detail/get_jacobian__type_support.c
[1.905s] -- Up-to-date: /home/p/ws_demo2/install/service_interfaces/include/service_interfaces/service_interfaces/srv/detail/send_grasp_request__rosidl_typesupport_introspection_c.h
[1.905s] -- Up-to-date: /home/p/ws_demo2/install/service_interfaces/include/service_interfaces/service_interfaces/msg
[1.905s] -- Up-to-date: /home/p/ws_demo2/install/service_interfaces/include/service_interfaces/service_interfaces/msg/detail
[1.905s] -- Up-to-date: /home/p/ws_demo2/install/service_interfaces/include/service_interfaces/service_interfaces/msg/detail/moment_features__type_support.c
[1.905s] -- Up-to-date: /home/p/ws_demo2/install/service_interfaces/include/service_interfaces/service_interfaces/msg/detail/moment_features__rosidl_typesupport_introspection_c.h
[1.905s] -- Up-to-date: /home/p/ws_demo2/install/service_interfaces/include/service_interfaces/service_interfaces/msg/rosidl_typesupport_introspection_c__visibility_control.h
[1.905s] -- Up-to-date: /home/p/ws_demo2/install/service_interfaces/lib/libservice_interfaces__rosidl_typesupport_introspection_c.so
[1.905s] -- Up-to-date: /home/p/ws_demo2/install/service_interfaces/lib/libservice_interfaces__rosidl_typesupport_c.so
[1.905s] -- Up-to-date: /home/p/ws_demo2/install/service_interfaces/include/service_interfaces/service_interfaces
[1.905s] -- Up-to-date: /home/p/ws_demo2/install/service_interfaces/include/service_interfaces/service_interfaces/srv
[1.905s] -- Up-to-date: /home/p/ws_demo2/install/service_interfaces/include/service_interfaces/service_interfaces/srv/detail
[1.905s] -- Up-to-date: /home/p/ws_demo2/install/service_interfaces/include/service_interfaces/service_interfaces/srv/detail/send_gripper_request__builder.hpp
[1.905s] -- Up-to-date: /home/p/ws_demo2/install/service_interfaces/include/service_interfaces/service_interfaces/srv/detail/send_grasp_request__builder.hpp
[1.905s] -- Up-to-date: /home/p/ws_demo2/install/service_interfaces/include/service_interfaces/service_interfaces/srv/detail/send_grasp_request__type_support.hpp
[1.906s] -- Up-to-date: /home/p/ws_demo2/install/service_interfaces/include/service_interfaces/service_interfaces/srv/detail/get_jacobian__traits.hpp
[1.906s] -- Up-to-date: /home/p/ws_demo2/install/service_interfaces/include/service_interfaces/service_interfaces/srv/detail/get_jacobian__struct.hpp
[1.906s] -- Up-to-date: /home/p/ws_demo2/install/service_interfaces/include/service_interfaces/service_interfaces/srv/detail/send_grasp_request__struct.hpp
[1.906s] -- Up-to-date: /home/p/ws_demo2/install/service_interfaces/include/service_interfaces/service_interfaces/srv/detail/get_jacobian__builder.hpp
[1.906s] -- Up-to-date: /home/p/ws_demo2/install/service_interfaces/include/service_interfaces/service_interfaces/srv/detail/send_gripper_request__traits.hpp
[1.906s] -- Up-to-date: /home/p/ws_demo2/install/service_interfaces/include/service_interfaces/service_interfaces/srv/detail/send_grasp_request__traits.hpp
[1.906s] -- Up-to-date: /home/p/ws_demo2/install/service_interfaces/include/service_interfaces/service_interfaces/srv/detail/send_gripper_request__struct.hpp
[1.906s] -- Up-to-date: /home/p/ws_demo2/install/service_interfaces/include/service_interfaces/service_interfaces/srv/detail/send_gripper_request__type_support.hpp
[1.906s] -- Up-to-date: /home/p/ws_demo2/install/service_interfaces/include/service_interfaces/service_interfaces/srv/detail/get_jacobian__type_support.hpp
[1.906s] -- Up-to-date: /home/p/ws_demo2/install/service_interfaces/include/service_interfaces/service_interfaces/srv/send_gripper_request.hpp
[1.906s] -- Up-to-date: /home/p/ws_demo2/install/service_interfaces/include/service_interfaces/service_interfaces/srv/get_jacobian.hpp
[1.906s] -- Up-to-date: /home/p/ws_demo2/install/service_interfaces/include/service_interfaces/service_interfaces/srv/send_grasp_request.hpp
[1.906s] -- Up-to-date: /home/p/ws_demo2/install/service_interfaces/include/service_interfaces/service_interfaces/msg
[1.906s] -- Up-to-date: /home/p/ws_demo2/install/service_interfaces/include/service_interfaces/service_interfaces/msg/detail
[1.906s] -- Up-to-date: /home/p/ws_demo2/install/service_interfaces/include/service_interfaces/service_interfaces/msg/detail/moment_features__traits.hpp
[1.906s] -- Up-to-date: /home/p/ws_demo2/install/service_interfaces/include/service_interfaces/service_interfaces/msg/detail/moment_features__struct.hpp
[1.906s] -- Up-to-date: /home/p/ws_demo2/install/service_interfaces/include/service_interfaces/service_interfaces/msg/detail/moment_features__builder.hpp
[1.906s] -- Up-to-date: /home/p/ws_demo2/install/service_interfaces/include/service_interfaces/service_interfaces/msg/detail/moment_features__type_support.hpp
[1.906s] -- Up-to-date: /home/p/ws_demo2/install/service_interfaces/include/service_interfaces/service_interfaces/msg/rosidl_generator_cpp__visibility_control.hpp
[1.906s] -- Up-to-date: /home/p/ws_demo2/install/service_interfaces/include/service_interfaces/service_interfaces/msg/moment_features.hpp
[1.906s] -- Up-to-date: /home/p/ws_demo2/install/service_interfaces/include/service_interfaces/service_interfaces
[1.907s] -- Up-to-date: /home/p/ws_demo2/install/service_interfaces/include/service_interfaces/service_interfaces/srv
[1.907s] -- Up-to-date: /home/p/ws_demo2/install/service_interfaces/include/service_interfaces/service_interfaces/srv/detail
[1.907s] -- Up-to-date: /home/p/ws_demo2/install/service_interfaces/include/service_interfaces/service_interfaces/srv/detail/dds_fastrtps
[1.907s] -- Up-to-date: /home/p/ws_demo2/install/service_interfaces/include/service_interfaces/service_interfaces/srv/detail/get_jacobian__rosidl_typesupport_fastrtps_cpp.hpp
[1.907s] -- Up-to-date: /home/p/ws_demo2/install/service_interfaces/include/service_interfaces/service_interfaces/srv/detail/send_gripper_request__rosidl_typesupport_fastrtps_cpp.hpp
[1.907s] -- Up-to-date: /home/p/ws_demo2/install/service_interfaces/include/service_interfaces/service_interfaces/srv/detail/send_grasp_request__rosidl_typesupport_fastrtps_cpp.hpp
[1.907s] -- Up-to-date: /home/p/ws_demo2/install/service_interfaces/include/service_interfaces/service_interfaces/msg
[1.907s] -- Up-to-date: /home/p/ws_demo2/install/service_interfaces/include/service_interfaces/service_interfaces/msg/rosidl_typesupport_fastrtps_cpp__visibility_control.h
[1.907s] -- Up-to-date: /home/p/ws_demo2/install/service_interfaces/include/service_interfaces/service_interfaces/msg/detail
[1.907s] -- Up-to-date: /home/p/ws_demo2/install/service_interfaces/include/service_interfaces/service_interfaces/msg/detail/dds_fastrtps
[1.907s] -- Up-to-date: /home/p/ws_demo2/install/service_interfaces/include/service_interfaces/service_interfaces/msg/detail/moment_features__rosidl_typesupport_fastrtps_cpp.hpp
[1.907s] -- Up-to-date: /home/p/ws_demo2/install/service_interfaces/lib/libservice_interfaces__rosidl_typesupport_fastrtps_cpp.so
[1.907s] -- Up-to-date: /home/p/ws_demo2/install/service_interfaces/include/service_interfaces/service_interfaces
[1.907s] -- Up-to-date: /home/p/ws_demo2/install/service_interfaces/include/service_interfaces/service_interfaces/srv
[1.907s] -- Up-to-date: /home/p/ws_demo2/install/service_interfaces/include/service_interfaces/service_interfaces/srv/detail
[1.907s] -- Up-to-date: /home/p/ws_demo2/install/service_interfaces/include/service_interfaces/service_interfaces/srv/detail/send_grasp_request__type_support.cpp
[1.907s] -- Up-to-date: /home/p/ws_demo2/install/service_interfaces/include/service_interfaces/service_interfaces/srv/detail/send_gripper_request__type_support.cpp
[1.907s] -- Up-to-date: /home/p/ws_demo2/install/service_interfaces/include/service_interfaces/service_interfaces/srv/detail/get_jacobian__rosidl_typesupport_introspection_cpp.hpp
[1.907s] -- Up-to-date: /home/p/ws_demo2/install/service_interfaces/include/service_interfaces/service_interfaces/srv/detail/get_jacobian__type_support.cpp
[1.907s] -- Up-to-date: /home/p/ws_demo2/install/service_interfaces/include/service_interfaces/service_interfaces/srv/detail/send_gripper_request__rosidl_typesupport_introspection_cpp.hpp
[1.907s] -- Up-to-date: /home/p/ws_demo2/install/service_interfaces/include/service_interfaces/service_interfaces/srv/detail/send_grasp_request__rosidl_typesupport_introspection_cpp.hpp
[1.907s] -- Up-to-date: /home/p/ws_demo2/install/service_interfaces/include/service_interfaces/service_interfaces/msg
[1.908s] -- Up-to-date: /home/p/ws_demo2/install/service_interfaces/include/service_interfaces/service_interfaces/msg/detail
[1.908s] -- Up-to-date: /home/p/ws_demo2/install/service_interfaces/include/service_interfaces/service_interfaces/msg/detail/moment_features__type_support.cpp
[1.908s] -- Up-to-date: /home/p/ws_demo2/install/service_interfaces/include/service_interfaces/service_interfaces/msg/detail/moment_features__rosidl_typesupport_introspection_cpp.hpp
[1.908s] -- Up-to-date: /home/p/ws_demo2/install/service_interfaces/lib/libservice_interfaces__rosidl_typesupport_introspection_cpp.so
[1.908s] -- Up-to-date: /home/p/ws_demo2/install/service_interfaces/lib/libservice_interfaces__rosidl_typesupport_cpp.so
[1.908s] -- Up-to-date: /home/p/ws_demo2/install/service_interfaces/share/service_interfaces/environment/pythonpath.sh
[1.908s] -- Installing: /home/p/ws_demo2/install/service_interfaces/share/service_interfaces/environment/pythonpath.dsv
[1.908s] -- Up-to-date: /home/p/ws_demo2/install/service_interfaces/local/lib/python3.10/dist-packages/service_interfaces-0.0.0-py3.10.egg-info
[1.908s] -- Installing: /home/p/ws_demo2/install/service_interfaces/local/lib/python3.10/dist-packages/service_interfaces-0.0.0-py3.10.egg-info/top_level.txt
[1.908s] -- Installing: /home/p/ws_demo2/install/service_interfaces/local/lib/python3.10/dist-packages/service_interfaces-0.0.0-py3.10.egg-info/SOURCES.txt
[1.908s] -- Installing: /home/p/ws_demo2/install/service_interfaces/local/lib/python3.10/dist-packages/service_interfaces-0.0.0-py3.10.egg-info/PKG-INFO
[1.908s] -- Installing: /home/p/ws_demo2/install/service_interfaces/local/lib/python3.10/dist-packages/service_interfaces-0.0.0-py3.10.egg-info/dependency_links.txt
[1.908s] -- Up-to-date: /home/p/ws_demo2/install/service_interfaces/local/lib/python3.10/dist-packages/service_interfaces
[1.908s] -- Up-to-date: /home/p/ws_demo2/install/service_interfaces/local/lib/python3.10/dist-packages/service_interfaces/_service_interfaces_s.ep.rosidl_typesupport_introspection_c.c
[1.908s] -- Installing: /home/p/ws_demo2/install/service_interfaces/local/lib/python3.10/dist-packages/service_interfaces/__init__.py
[1.908s] -- Up-to-date: /home/p/ws_demo2/install/service_interfaces/local/lib/python3.10/dist-packages/service_interfaces/_service_interfaces_s.ep.rosidl_typesupport_c.c
[1.908s] -- Up-to-date: /home/p/ws_demo2/install/service_interfaces/local/lib/python3.10/dist-packages/service_interfaces/service_interfaces_s__rosidl_typesupport_introspection_c.cpython-310-x86_64-linux-gnu.so
[1.908s] -- Up-to-date: /home/p/ws_demo2/install/service_interfaces/local/lib/python3.10/dist-packages/service_interfaces/srv
[1.908s] -- Up-to-date: /home/p/ws_demo2/install/service_interfaces/local/lib/python3.10/dist-packages/service_interfaces/srv/_get_jacobian.py
[1.908s] -- Up-to-date: /home/p/ws_demo2/install/service_interfaces/local/lib/python3.10/dist-packages/service_interfaces/srv/__init__.py
[1.909s] -- Up-to-date: /home/p/ws_demo2/install/service_interfaces/local/lib/python3.10/dist-packages/service_interfaces/srv/_get_jacobian_s.c
[1.909s] -- Up-to-date: /home/p/ws_demo2/install/service_interfaces/local/lib/python3.10/dist-packages/service_interfaces/srv/_send_grasp_request_s.c
[1.909s] -- Up-to-date: /home/p/ws_demo2/install/service_interfaces/local/lib/python3.10/dist-packages/service_interfaces/srv/_send_gripper_request.py
[1.909s] -- Up-to-date: /home/p/ws_demo2/install/service_interfaces/local/lib/python3.10/dist-packages/service_interfaces/srv/_send_grasp_request.py
[1.909s] -- Up-to-date: /home/p/ws_demo2/install/service_interfaces/local/lib/python3.10/dist-packages/service_interfaces/srv/_send_gripper_request_s.c
[1.909s] -- Up-to-date: /home/p/ws_demo2/install/service_interfaces/local/lib/python3.10/dist-packages/service_interfaces/service_interfaces_s__rosidl_typesupport_c.cpython-310-x86_64-linux-gnu.so
[1.909s] -- Up-to-date: /home/p/ws_demo2/install/service_interfaces/local/lib/python3.10/dist-packages/service_interfaces/service_interfaces_s__rosidl_typesupport_fastrtps_c.cpython-310-x86_64-linux-gnu.so
[1.909s] -- Up-to-date: /home/p/ws_demo2/install/service_interfaces/local/lib/python3.10/dist-packages/service_interfaces/libservice_interfaces__rosidl_generator_py.so
[1.909s] -- Up-to-date: /home/p/ws_demo2/install/service_interfaces/local/lib/python3.10/dist-packages/service_interfaces/_service_interfaces_s.ep.rosidl_typesupport_fastrtps_c.c
[1.909s] -- Up-to-date: /home/p/ws_demo2/install/service_interfaces/local/lib/python3.10/dist-packages/service_interfaces/msg
[1.909s] -- Up-to-date: /home/p/ws_demo2/install/service_interfaces/local/lib/python3.10/dist-packages/service_interfaces/msg/_moment_features_s.c
[1.909s] -- Up-to-date: /home/p/ws_demo2/install/service_interfaces/local/lib/python3.10/dist-packages/service_interfaces/msg/__init__.py
[1.909s] -- Up-to-date: /home/p/ws_demo2/install/service_interfaces/local/lib/python3.10/dist-packages/service_interfaces/msg/_moment_features.py
[1.932s] Listing '/home/p/ws_demo2/install/service_interfaces/local/lib/python3.10/dist-packages/service_interfaces'...
[1.932s] Compiling '/home/p/ws_demo2/install/service_interfaces/local/lib/python3.10/dist-packages/service_interfaces/__init__.py'...
[1.932s] Listing '/home/p/ws_demo2/install/service_interfaces/local/lib/python3.10/dist-packages/service_interfaces/msg'...
[1.932s] Listing '/home/p/ws_demo2/install/service_interfaces/local/lib/python3.10/dist-packages/service_interfaces/srv'...
[1.935s] -- Up-to-date: /home/p/ws_demo2/install/service_interfaces/local/lib/python3.10/dist-packages/service_interfaces/service_interfaces_s__rosidl_typesupport_fastrtps_c.cpython-310-x86_64-linux-gnu.so
[1.935s] -- Up-to-date: /home/p/ws_demo2/install/service_interfaces/local/lib/python3.10/dist-packages/service_interfaces/service_interfaces_s__rosidl_typesupport_introspection_c.cpython-310-x86_64-linux-gnu.so
[1.936s] -- Up-to-date: /home/p/ws_demo2/install/service_interfaces/local/lib/python3.10/dist-packages/service_interfaces/service_interfaces_s__rosidl_typesupport_c.cpython-310-x86_64-linux-gnu.so
[1.936s] -- Up-to-date: /home/p/ws_demo2/install/service_interfaces/lib/libservice_interfaces__rosidl_generator_py.so
[1.936s] -- Up-to-date: /home/p/ws_demo2/install/service_interfaces/share/service_interfaces/srv/SendGraspRequest.idl
[1.936s] -- Up-to-date: /home/p/ws_demo2/install/service_interfaces/share/service_interfaces/srv/SendGripperRequest.idl
[1.936s] -- Up-to-date: /home/p/ws_demo2/install/service_interfaces/share/service_interfaces/srv/GetJacobian.idl
[1.936s] -- Up-to-date: /home/p/ws_demo2/install/service_interfaces/share/service_interfaces/msg/MomentFeatures.idl
[1.936s] -- Up-to-date: /home/p/ws_demo2/install/service_interfaces/share/service_interfaces/srv/SendGraspRequest.srv
[1.936s] -- Up-to-date: /home/p/ws_demo2/install/service_interfaces/share/service_interfaces/srv/SendGraspRequest_Request.msg
[1.936s] -- Up-to-date: /home/p/ws_demo2/install/service_interfaces/share/service_interfaces/srv/SendGraspRequest_Response.msg
[1.936s] -- Up-to-date: /home/p/ws_demo2/install/service_interfaces/share/service_interfaces/srv/SendGripperRequest.srv
[1.936s] -- Up-to-date: /home/p/ws_demo2/install/service_interfaces/share/service_interfaces/srv/SendGripperRequest_Request.msg
[1.937s] -- Up-to-date: /home/p/ws_demo2/install/service_interfaces/share/service_interfaces/srv/SendGripperRequest_Response.msg
[1.937s] -- Up-to-date: /home/p/ws_demo2/install/service_interfaces/share/service_interfaces/srv/GetJacobian.srv
[1.937s] -- Up-to-date: /home/p/ws_demo2/install/service_interfaces/share/service_interfaces/srv/GetJacobian_Request.msg
[1.937s] -- Up-to-date: /home/p/ws_demo2/install/service_interfaces/share/service_interfaces/srv/GetJacobian_Response.msg
[1.937s] -- Up-to-date: /home/p/ws_demo2/install/service_interfaces/share/service_interfaces/msg/MomentFeatures.msg
[1.937s] -- Up-to-date: /home/p/ws_demo2/install/service_interfaces/share/ament_index/resource_index/package_run_dependencies/service_interfaces
[1.937s] -- Up-to-date: /home/p/ws_demo2/install/service_interfaces/share/ament_index/resource_index/parent_prefix_path/service_interfaces
[1.937s] -- Up-to-date: /home/p/ws_demo2/install/service_interfaces/share/service_interfaces/environment/ament_prefix_path.sh
[1.937s] -- Installing: /home/p/ws_demo2/install/service_interfaces/share/service_interfaces/environment/ament_prefix_path.dsv
[1.937s] -- Up-to-date: /home/p/ws_demo2/install/service_interfaces/share/service_interfaces/environment/path.sh
[1.937s] -- Installing: /home/p/ws_demo2/install/service_interfaces/share/service_interfaces/environment/path.dsv
[1.937s] -- Up-to-date: /home/p/ws_demo2/install/service_interfaces/share/service_interfaces/local_setup.bash
[1.937s] -- Up-to-date: /home/p/ws_demo2/install/service_interfaces/share/service_interfaces/local_setup.sh
[1.937s] -- Up-to-date: /home/p/ws_demo2/install/service_interfaces/share/service_interfaces/local_setup.zsh
[1.938s] -- Installing: /home/p/ws_demo2/install/service_interfaces/share/service_interfaces/local_setup.dsv
[1.938s] -- Installing: /home/p/ws_demo2/install/service_interfaces/share/service_interfaces/package.dsv
[1.938s] -- Up-to-date: /home/p/ws_demo2/install/service_interfaces/share/ament_index/resource_index/packages/service_interfaces
[1.938s] -- Up-to-date: /home/p/ws_demo2/install/service_interfaces/share/service_interfaces/cmake/export_service_interfaces__rosidl_generator_cExport.cmake
[1.938s] -- Up-to-date: /home/p/ws_demo2/install/service_interfaces/share/service_interfaces/cmake/export_service_interfaces__rosidl_generator_cExport-noconfig.cmake
[1.938s] -- Up-to-date: /home/p/ws_demo2/install/service_interfaces/share/service_interfaces/cmake/export_service_interfaces__rosidl_typesupport_fastrtps_cExport.cmake
[1.938s] -- Up-to-date: /home/p/ws_demo2/install/service_interfaces/share/service_interfaces/cmake/export_service_interfaces__rosidl_typesupport_fastrtps_cExport-noconfig.cmake
[1.938s] -- Up-to-date: /home/p/ws_demo2/install/service_interfaces/share/service_interfaces/cmake/service_interfaces__rosidl_typesupport_introspection_cExport.cmake
[1.938s] -- Up-to-date: /home/p/ws_demo2/install/service_interfaces/share/service_interfaces/cmake/service_interfaces__rosidl_typesupport_introspection_cExport-noconfig.cmake
[1.938s] -- Up-to-date: /home/p/ws_demo2/install/service_interfaces/share/service_interfaces/cmake/service_interfaces__rosidl_typesupport_cExport.cmake
[1.938s] -- Up-to-date: /home/p/ws_demo2/install/service_interfaces/share/service_interfaces/cmake/service_interfaces__rosidl_typesupport_cExport-noconfig.cmake
[1.938s] -- Up-to-date: /home/p/ws_demo2/install/service_interfaces/share/service_interfaces/cmake/export_service_interfaces__rosidl_generator_cppExport.cmake
[1.938s] -- Up-to-date: /home/p/ws_demo2/install/service_interfaces/share/service_interfaces/cmake/export_service_interfaces__rosidl_typesupport_fastrtps_cppExport.cmake
[1.938s] -- Up-to-date: /home/p/ws_demo2/install/service_interfaces/share/service_interfaces/cmake/export_service_interfaces__rosidl_typesupport_fastrtps_cppExport-noconfig.cmake
[1.938s] -- Up-to-date: /home/p/ws_demo2/install/service_interfaces/share/service_interfaces/cmake/service_interfaces__rosidl_typesupport_introspection_cppExport.cmake
[1.939s] -- Up-to-date: /home/p/ws_demo2/install/service_interfaces/share/service_interfaces/cmake/service_interfaces__rosidl_typesupport_introspection_cppExport-noconfig.cmake
[1.939s] -- Up-to-date: /home/p/ws_demo2/install/service_interfaces/share/service_interfaces/cmake/service_interfaces__rosidl_typesupport_cppExport.cmake
[1.939s] -- Up-to-date: /home/p/ws_demo2/install/service_interfaces/share/service_interfaces/cmake/service_interfaces__rosidl_typesupport_cppExport-noconfig.cmake
[1.939s] -- Up-to-date: /home/p/ws_demo2/install/service_interfaces/share/service_interfaces/cmake/export_service_interfaces__rosidl_generator_pyExport.cmake
[1.939s] -- Up-to-date: /home/p/ws_demo2/install/service_interfaces/share/service_interfaces/cmake/export_service_interfaces__rosidl_generator_pyExport-noconfig.cmake
[1.939s] -- Up-to-date: /home/p/ws_demo2/install/service_interfaces/share/service_interfaces/cmake/rosidl_cmake-extras.cmake
[1.939s] -- Up-to-date: /home/p/ws_demo2/install/service_interfaces/share/service_interfaces/cmake/ament_cmake_export_dependencies-extras.cmake
[1.939s] -- Up-to-date: /home/p/ws_demo2/install/service_interfaces/share/service_interfaces/cmake/ament_cmake_export_include_directories-extras.cmake
[1.939s] -- Up-to-date: /home/p/ws_demo2/install/service_interfaces/share/service_interfaces/cmake/ament_cmake_export_libraries-extras.cmake
[1.940s] -- Up-to-date: /home/p/ws_demo2/install/service_interfaces/share/service_interfaces/cmake/ament_cmake_export_targets-extras.cmake
[1.940s] -- Up-to-date: /home/p/ws_demo2/install/service_interfaces/share/service_interfaces/cmake/rosidl_cmake_export_typesupport_targets-extras.cmake
[1.940s] -- Up-to-date: /home/p/ws_demo2/install/service_interfaces/share/service_interfaces/cmake/rosidl_cmake_export_typesupport_libraries-extras.cmake
[1.940s] -- Up-to-date: /home/p/ws_demo2/install/service_interfaces/share/service_interfaces/cmake/service_interfacesConfig.cmake
[1.940s] -- Up-to-date: /home/p/ws_demo2/install/service_interfaces/share/service_interfaces/cmake/service_interfacesConfig-version.cmake
[1.940s] -- Up-to-date: /home/p/ws_demo2/install/service_interfaces/share/service_interfaces/package.xml
[1.940s] Invoked command in '/home/p/ws_demo2/build/service_interfaces' returned '0': CMAKE_PREFIX_PATH=${CMAKE_PREFIX_PATH}:/home/p/ws_moveit2/install/moveit_configs_utils:/home/p/ws_moveit2/install/launch_param_builder:/home/p/demo_ws2/install/ur20_joint_control:/home/p/demo_ws2/install/arm_joint_control:/opt/ros/humble /usr/local/bin/cmake --install /home/p/ws_demo2/build/service_interfaces
