[0.183s] DEBUG:colcon:Command line arguments: ['/usr/bin/colcon', 'build']
[0.183s] DEBUG:colcon:Parsed command line arguments: Namespace(log_base=None, log_level=None, verb_name='build', build_base='build', install_base='install', merge_install=False, symlink_install=False, test_result_base=None, continue_on_error=False, executor='parallel', parallel_workers=16, event_handlers=None, ignore_user_meta=False, metas=['./colcon.meta'], base_paths=['.'], packages_ignore=None, packages_ignore_regex=None, paths=None, packages_up_to=None, packages_up_to_regex=None, packages_above=None, packages_above_and_dependencies=None, packages_above_depth=None, packages_select_by_dep=None, packages_skip_by_dep=None, packages_skip_up_to=None, packages_select_build_failed=False, packages_skip_build_finished=False, packages_select_test_failures=False, packages_skip_test_passed=False, packages_select=None, packages_skip=None, packages_select_regex=None, packages_skip_regex=None, packages_start=None, packages_end=None, allow_overriding=[], cmake_args=None, cmake_target=None, cmake_target_skip_unavailable=False, cmake_clean_cache=False, cmake_clean_first=False, cmake_force_configure=False, ament_cmake_args=None, catkin_cmake_args=None, catkin_skip_building_tests=False, mixin_files=None, mixin=None, verb_parser=<colcon_mixin.mixin.mixin_argument.MixinArgumentDecorator object at 0x762433613220>, verb_extension=<colcon_core.verb.build.BuildVerb object at 0x762433612c50>, main=<bound method BuildVerb.main of <colcon_core.verb.build.BuildVerb object at 0x762433612c50>>, mixin_verb=('build',))
[0.446s] Level 1:colcon.colcon_core.package_discovery:discover_packages(colcon_meta) check parameters
[0.447s] Level 1:colcon.colcon_core.package_discovery:discover_packages(recursive) check parameters
[0.447s] Level 1:colcon.colcon_core.package_discovery:discover_packages(ignore) check parameters
[0.447s] Level 1:colcon.colcon_core.package_discovery:discover_packages(path) check parameters
[0.447s] Level 1:colcon.colcon_core.package_discovery:discover_packages(colcon_meta) discover
[0.447s] Level 1:colcon.colcon_core.package_discovery:discover_packages(recursive) discover
[0.447s] INFO:colcon.colcon_core.package_discovery:Crawling recursively for packages in '/home/p/ws_demo2'
[0.447s] Level 1:colcon.colcon_core.package_identification:_identify(.) by extensions ['ignore', 'ignore_ament_install']
[0.447s] Level 1:colcon.colcon_core.package_identification:_identify(.) by extension 'ignore'
[0.447s] Level 1:colcon.colcon_core.package_identification:_identify(.) by extension 'ignore_ament_install'
[0.447s] Level 1:colcon.colcon_core.package_identification:_identify(.) by extensions ['colcon_pkg']
[0.447s] Level 1:colcon.colcon_core.package_identification:_identify(.) by extension 'colcon_pkg'
[0.448s] Level 1:colcon.colcon_core.package_identification:_identify(.) by extensions ['colcon_meta']
[0.448s] Level 1:colcon.colcon_core.package_identification:_identify(.) by extension 'colcon_meta'
[0.448s] Level 1:colcon.colcon_core.package_identification:_identify(.) by extensions ['ros']
[0.448s] Level 1:colcon.colcon_core.package_identification:_identify(.) by extension 'ros'
[0.463s] Level 1:colcon.colcon_core.package_identification:_identify(.) by extensions ['cmake', 'python']
[0.463s] Level 1:colcon.colcon_core.package_identification:_identify(.) by extension 'cmake'
[0.463s] Level 1:colcon.colcon_core.package_identification:_identify(.) by extension 'python'
[0.464s] Level 1:colcon.colcon_core.package_identification:_identify(.) by extensions ['python_setup_py']
[0.464s] Level 1:colcon.colcon_core.package_identification:_identify(.) by extension 'python_setup_py'
[0.464s] Level 1:colcon.colcon_core.package_identification:_identify(build) by extensions ['ignore', 'ignore_ament_install']
[0.464s] Level 1:colcon.colcon_core.package_identification:_identify(build) by extension 'ignore'
[0.464s] Level 1:colcon.colcon_core.package_identification:_identify(build) ignored
[0.464s] Level 1:colcon.colcon_core.package_identification:_identify(install) by extensions ['ignore', 'ignore_ament_install']
[0.464s] Level 1:colcon.colcon_core.package_identification:_identify(install) by extension 'ignore'
[0.464s] Level 1:colcon.colcon_core.package_identification:_identify(install) ignored
[0.464s] Level 1:colcon.colcon_core.package_identification:_identify(log) by extensions ['ignore', 'ignore_ament_install']
[0.465s] Level 1:colcon.colcon_core.package_identification:_identify(log) by extension 'ignore'
[0.465s] Level 1:colcon.colcon_core.package_identification:_identify(log) ignored
[0.465s] Level 1:colcon.colcon_core.package_identification:_identify(src) by extensions ['ignore', 'ignore_ament_install']
[0.465s] Level 1:colcon.colcon_core.package_identification:_identify(src) by extension 'ignore'
[0.465s] Level 1:colcon.colcon_core.package_identification:_identify(src) by extension 'ignore_ament_install'
[0.465s] Level 1:colcon.colcon_core.package_identification:_identify(src) by extensions ['colcon_pkg']
[0.465s] Level 1:colcon.colcon_core.package_identification:_identify(src) by extension 'colcon_pkg'
[0.465s] Level 1:colcon.colcon_core.package_identification:_identify(src) by extensions ['colcon_meta']
[0.465s] Level 1:colcon.colcon_core.package_identification:_identify(src) by extension 'colcon_meta'
[0.465s] Level 1:colcon.colcon_core.package_identification:_identify(src) by extensions ['ros']
[0.465s] Level 1:colcon.colcon_core.package_identification:_identify(src) by extension 'ros'
[0.465s] Level 1:colcon.colcon_core.package_identification:_identify(src) by extensions ['cmake', 'python']
[0.466s] Level 1:colcon.colcon_core.package_identification:_identify(src) by extension 'cmake'
[0.466s] Level 1:colcon.colcon_core.package_identification:_identify(src) by extension 'python'
[0.466s] Level 1:colcon.colcon_core.package_identification:_identify(src) by extensions ['python_setup_py']
[0.466s] Level 1:colcon.colcon_core.package_identification:_identify(src) by extension 'python_setup_py'
[0.466s] Level 1:colcon.colcon_core.package_identification:_identify(src/camera_image) by extensions ['ignore', 'ignore_ament_install']
[0.466s] Level 1:colcon.colcon_core.package_identification:_identify(src/camera_image) by extension 'ignore'
[0.466s] Level 1:colcon.colcon_core.package_identification:_identify(src/camera_image) by extension 'ignore_ament_install'
[0.466s] Level 1:colcon.colcon_core.package_identification:_identify(src/camera_image) by extensions ['colcon_pkg']
[0.466s] Level 1:colcon.colcon_core.package_identification:_identify(src/camera_image) by extension 'colcon_pkg'
[0.466s] Level 1:colcon.colcon_core.package_identification:_identify(src/camera_image) by extensions ['colcon_meta']
[0.466s] Level 1:colcon.colcon_core.package_identification:_identify(src/camera_image) by extension 'colcon_meta'
[0.466s] Level 1:colcon.colcon_core.package_identification:_identify(src/camera_image) by extensions ['ros']
[0.466s] Level 1:colcon.colcon_core.package_identification:_identify(src/camera_image) by extension 'ros'
[0.471s] DEBUG:colcon.colcon_core.package_identification:Package 'src/camera_image' with type 'ros.ament_cmake' and name 'camera_image'
[0.471s] Level 1:colcon.colcon_core.package_identification:_identify(src/ibvs) by extensions ['ignore', 'ignore_ament_install']
[0.472s] Level 1:colcon.colcon_core.package_identification:_identify(src/ibvs) by extension 'ignore'
[0.472s] Level 1:colcon.colcon_core.package_identification:_identify(src/ibvs) by extension 'ignore_ament_install'
[0.472s] Level 1:colcon.colcon_core.package_identification:_identify(src/ibvs) by extensions ['colcon_pkg']
[0.472s] Level 1:colcon.colcon_core.package_identification:_identify(src/ibvs) by extension 'colcon_pkg'
[0.472s] Level 1:colcon.colcon_core.package_identification:_identify(src/ibvs) by extensions ['colcon_meta']
[0.473s] Level 1:colcon.colcon_core.package_identification:_identify(src/ibvs) by extension 'colcon_meta'
[0.473s] Level 1:colcon.colcon_core.package_identification:_identify(src/ibvs) by extensions ['ros']
[0.473s] Level 1:colcon.colcon_core.package_identification:_identify(src/ibvs) by extension 'ros'
[0.474s] DEBUG:colcon.colcon_core.package_identification:Package 'src/ibvs' with type 'ros.ament_cmake' and name 'ibvs'
[0.474s] Level 1:colcon.colcon_core.package_identification:_identify(src/ur_description) by extensions ['ignore', 'ignore_ament_install']
[0.475s] Level 1:colcon.colcon_core.package_identification:_identify(src/ur_description) by extension 'ignore'
[0.475s] Level 1:colcon.colcon_core.package_identification:_identify(src/ur_description) by extension 'ignore_ament_install'
[0.475s] Level 1:colcon.colcon_core.package_identification:_identify(src/ur_description) by extensions ['colcon_pkg']
[0.475s] Level 1:colcon.colcon_core.package_identification:_identify(src/ur_description) by extension 'colcon_pkg'
[0.475s] Level 1:colcon.colcon_core.package_identification:_identify(src/ur_description) by extensions ['colcon_meta']
[0.475s] Level 1:colcon.colcon_core.package_identification:_identify(src/ur_description) by extension 'colcon_meta'
[0.475s] Level 1:colcon.colcon_core.package_identification:_identify(src/ur_description) by extensions ['ros']
[0.475s] Level 1:colcon.colcon_core.package_identification:_identify(src/ur_description) by extension 'ros'
[0.476s] DEBUG:colcon.colcon_core.package_identification:Package 'src/ur_description' with type 'ros.ament_cmake' and name 'ur_description'
[0.476s] Level 1:colcon.colcon_core.package_discovery:discover_packages(recursive) using defaults
[0.477s] Level 1:colcon.colcon_core.package_discovery:discover_packages(ignore) discover
[0.477s] Level 1:colcon.colcon_core.package_discovery:discover_packages(ignore) using defaults
[0.477s] Level 1:colcon.colcon_core.package_discovery:discover_packages(path) discover
[0.477s] Level 1:colcon.colcon_core.package_discovery:discover_packages(path) using defaults
[0.514s] Level 1:colcon.colcon_core.package_discovery:discover_packages(prefix_path) check parameters
[0.515s] Level 1:colcon.colcon_core.package_discovery:discover_packages(prefix_path) discover
[0.520s] DEBUG:colcon.colcon_installed_package_information.package_discovery:Found 1 installed packages in /home/p/ws_demo1/install
[0.520s] DEBUG:colcon.colcon_installed_package_information.package_discovery:Found 5 installed packages in /home/p/demo_ws2/install
[0.523s] DEBUG:colcon.colcon_installed_package_information.package_discovery:Found 55 installed packages in /home/p/ws_moveit2/install
[0.525s] DEBUG:colcon.colcon_installed_package_information.package_discovery:Found 388 installed packages in /opt/ros/humble
[0.530s] Level 1:colcon.colcon_core.package_discovery:discover_packages(prefix_path) using defaults
[0.609s] Level 5:colcon.colcon_core.verb:set package 'camera_image' build argument 'cmake_args' from command line to 'None'
[0.609s] Level 5:colcon.colcon_core.verb:set package 'camera_image' build argument 'cmake_target' from command line to 'None'
[0.609s] Level 5:colcon.colcon_core.verb:set package 'camera_image' build argument 'cmake_target_skip_unavailable' from command line to 'False'
[0.609s] Level 5:colcon.colcon_core.verb:set package 'camera_image' build argument 'cmake_clean_cache' from command line to 'False'
[0.609s] Level 5:colcon.colcon_core.verb:set package 'camera_image' build argument 'cmake_clean_first' from command line to 'False'
[0.609s] Level 5:colcon.colcon_core.verb:set package 'camera_image' build argument 'cmake_force_configure' from command line to 'False'
[0.609s] Level 5:colcon.colcon_core.verb:set package 'camera_image' build argument 'ament_cmake_args' from command line to 'None'
[0.609s] Level 5:colcon.colcon_core.verb:set package 'camera_image' build argument 'catkin_cmake_args' from command line to 'None'
[0.609s] Level 5:colcon.colcon_core.verb:set package 'camera_image' build argument 'catkin_skip_building_tests' from command line to 'False'
[0.609s] DEBUG:colcon.colcon_core.verb:Building package 'camera_image' with the following arguments: {'ament_cmake_args': None, 'build_base': '/home/p/ws_demo2/build/camera_image', 'catkin_cmake_args': None, 'catkin_skip_building_tests': False, 'cmake_args': None, 'cmake_clean_cache': False, 'cmake_clean_first': False, 'cmake_force_configure': False, 'cmake_target': None, 'cmake_target_skip_unavailable': False, 'install_base': '/home/p/ws_demo2/install/camera_image', 'merge_install': False, 'path': '/home/p/ws_demo2/src/camera_image', 'symlink_install': False, 'test_result_base': None}
[0.610s] Level 5:colcon.colcon_core.verb:set package 'ibvs' build argument 'cmake_args' from command line to 'None'
[0.610s] Level 5:colcon.colcon_core.verb:set package 'ibvs' build argument 'cmake_target' from command line to 'None'
[0.610s] Level 5:colcon.colcon_core.verb:set package 'ibvs' build argument 'cmake_target_skip_unavailable' from command line to 'False'
[0.610s] Level 5:colcon.colcon_core.verb:set package 'ibvs' build argument 'cmake_clean_cache' from command line to 'False'
[0.610s] Level 5:colcon.colcon_core.verb:set package 'ibvs' build argument 'cmake_clean_first' from command line to 'False'
[0.610s] Level 5:colcon.colcon_core.verb:set package 'ibvs' build argument 'cmake_force_configure' from command line to 'False'
[0.610s] Level 5:colcon.colcon_core.verb:set package 'ibvs' build argument 'ament_cmake_args' from command line to 'None'
[0.610s] Level 5:colcon.colcon_core.verb:set package 'ibvs' build argument 'catkin_cmake_args' from command line to 'None'
[0.610s] Level 5:colcon.colcon_core.verb:set package 'ibvs' build argument 'catkin_skip_building_tests' from command line to 'False'
[0.610s] DEBUG:colcon.colcon_core.verb:Building package 'ibvs' with the following arguments: {'ament_cmake_args': None, 'build_base': '/home/p/ws_demo2/build/ibvs', 'catkin_cmake_args': None, 'catkin_skip_building_tests': False, 'cmake_args': None, 'cmake_clean_cache': False, 'cmake_clean_first': False, 'cmake_force_configure': False, 'cmake_target': None, 'cmake_target_skip_unavailable': False, 'install_base': '/home/p/ws_demo2/install/ibvs', 'merge_install': False, 'path': '/home/p/ws_demo2/src/ibvs', 'symlink_install': False, 'test_result_base': None}
[0.611s] Level 5:colcon.colcon_core.verb:set package 'ur_description' build argument 'cmake_args' from command line to 'None'
[0.611s] Level 5:colcon.colcon_core.verb:set package 'ur_description' build argument 'cmake_target' from command line to 'None'
[0.611s] Level 5:colcon.colcon_core.verb:set package 'ur_description' build argument 'cmake_target_skip_unavailable' from command line to 'False'
[0.611s] Level 5:colcon.colcon_core.verb:set package 'ur_description' build argument 'cmake_clean_cache' from command line to 'False'
[0.611s] Level 5:colcon.colcon_core.verb:set package 'ur_description' build argument 'cmake_clean_first' from command line to 'False'
[0.611s] Level 5:colcon.colcon_core.verb:set package 'ur_description' build argument 'cmake_force_configure' from command line to 'False'
[0.611s] Level 5:colcon.colcon_core.verb:set package 'ur_description' build argument 'ament_cmake_args' from command line to 'None'
[0.611s] Level 5:colcon.colcon_core.verb:set package 'ur_description' build argument 'catkin_cmake_args' from command line to 'None'
[0.611s] Level 5:colcon.colcon_core.verb:set package 'ur_description' build argument 'catkin_skip_building_tests' from command line to 'False'
[0.611s] DEBUG:colcon.colcon_core.verb:Building package 'ur_description' with the following arguments: {'ament_cmake_args': None, 'build_base': '/home/p/ws_demo2/build/ur_description', 'catkin_cmake_args': None, 'catkin_skip_building_tests': False, 'cmake_args': None, 'cmake_clean_cache': False, 'cmake_clean_first': False, 'cmake_force_configure': False, 'cmake_target': None, 'cmake_target_skip_unavailable': False, 'install_base': '/home/p/ws_demo2/install/ur_description', 'merge_install': False, 'path': '/home/p/ws_demo2/src/ur_description', 'symlink_install': False, 'test_result_base': None}
[0.611s] INFO:colcon.colcon_core.executor:Executing jobs using 'parallel' executor
[0.613s] DEBUG:colcon.colcon_parallel_executor.executor.parallel:run_until_complete
[0.613s] INFO:colcon.colcon_ros.task.ament_cmake.build:Building ROS package in '/home/p/ws_demo2/src/camera_image' with build type 'ament_cmake'
[0.613s] INFO:colcon.colcon_cmake.task.cmake.build:Building CMake package in '/home/p/ws_demo2/src/camera_image'
[0.616s] INFO:colcon.colcon_core.plugin_system:Skipping extension 'colcon_core.shell.bat': Not used on non-Windows systems
[0.616s] INFO:colcon.colcon_core.shell:Skip shell extension 'powershell' for command environment: Not usable outside of PowerShell
[0.616s] DEBUG:colcon.colcon_core.shell:Skip shell extension 'dsv' for command environment
[0.627s] INFO:colcon.colcon_ros.task.ament_cmake.build:Building ROS package in '/home/p/ws_demo2/src/ibvs' with build type 'ament_cmake'
[0.627s] INFO:colcon.colcon_cmake.task.cmake.build:Building CMake package in '/home/p/ws_demo2/src/ibvs'
[0.627s] INFO:colcon.colcon_core.shell:Skip shell extension 'powershell' for command environment: Not usable outside of PowerShell
[0.627s] DEBUG:colcon.colcon_core.shell:Skip shell extension 'dsv' for command environment
[0.637s] INFO:colcon.colcon_ros.task.ament_cmake.build:Building ROS package in '/home/p/ws_demo2/src/ur_description' with build type 'ament_cmake'
[0.638s] INFO:colcon.colcon_cmake.task.cmake.build:Building CMake package in '/home/p/ws_demo2/src/ur_description'
[0.638s] INFO:colcon.colcon_core.shell:Skip shell extension 'powershell' for command environment: Not usable outside of PowerShell
[0.638s] DEBUG:colcon.colcon_core.shell:Skip shell extension 'dsv' for command environment
[0.654s] DEBUG:colcon.colcon_core.event_handler.log_command:Invoking command in '/home/p/ws_demo2/build/camera_image': CMAKE_PREFIX_PATH=${CMAKE_PREFIX_PATH}:/home/p/ws_moveit2/install/moveit_configs_utils:/home/p/ws_moveit2/install/launch_param_builder:/home/p/demo_ws2/install/ur20_joint_control:/home/p/demo_ws2/install/arm_joint_control:/opt/ros/humble /usr/local/bin/cmake --build /home/p/ws_demo2/build/camera_image -- -j16 -l16
[0.659s] DEBUG:colcon.colcon_core.event_handler.log_command:Invoking command in '/home/p/ws_demo2/build/ibvs': CMAKE_PREFIX_PATH=${CMAKE_PREFIX_PATH}:/home/p/ws_moveit2/install/moveit_configs_utils:/home/p/ws_moveit2/install/launch_param_builder:/home/p/demo_ws2/install/ur20_joint_control:/home/p/demo_ws2/install/arm_joint_control:/opt/ros/humble /usr/local/bin/cmake --build /home/p/ws_demo2/build/ibvs -- -j16 -l16
[0.663s] DEBUG:colcon.colcon_core.event_handler.log_command:Invoking command in '/home/p/ws_demo2/build/ur_description': CMAKE_PREFIX_PATH=${CMAKE_PREFIX_PATH}:/home/p/ws_moveit2/install/moveit_configs_utils:/home/p/ws_moveit2/install/launch_param_builder:/home/p/demo_ws2/install/ur20_joint_control:/home/p/demo_ws2/install/arm_joint_control:/opt/ros/humble /usr/local/bin/cmake --build /home/p/ws_demo2/build/ur_description -- -j16 -l16
[0.685s] DEBUG:colcon.colcon_core.event_handler.log_command:Invoked command in '/home/p/ws_demo2/build/ur_description' returned '0': CMAKE_PREFIX_PATH=${CMAKE_PREFIX_PATH}:/home/p/ws_moveit2/install/moveit_configs_utils:/home/p/ws_moveit2/install/launch_param_builder:/home/p/demo_ws2/install/ur20_joint_control:/home/p/demo_ws2/install/arm_joint_control:/opt/ros/humble /usr/local/bin/cmake --build /home/p/ws_demo2/build/ur_description -- -j16 -l16
[0.691s] DEBUG:colcon.colcon_core.event_handler.log_command:Invoking command in '/home/p/ws_demo2/build/ur_description': CMAKE_PREFIX_PATH=${CMAKE_PREFIX_PATH}:/home/p/ws_moveit2/install/moveit_configs_utils:/home/p/ws_moveit2/install/launch_param_builder:/home/p/demo_ws2/install/ur20_joint_control:/home/p/demo_ws2/install/arm_joint_control:/opt/ros/humble /usr/local/bin/cmake --install /home/p/ws_demo2/build/ur_description
[0.699s] Level 1:colcon.colcon_core.environment:create_environment_scripts_only(ur_description)
[0.709s] DEBUG:colcon.colcon_core.event_handler.log_command:Invoked command in '/home/p/ws_demo2/build/ur_description' returned '0': CMAKE_PREFIX_PATH=${CMAKE_PREFIX_PATH}:/home/p/ws_moveit2/install/moveit_configs_utils:/home/p/ws_moveit2/install/launch_param_builder:/home/p/demo_ws2/install/ur20_joint_control:/home/p/demo_ws2/install/arm_joint_control:/opt/ros/humble /usr/local/bin/cmake --install /home/p/ws_demo2/build/ur_description
[0.710s] Level 1:colcon.colcon_core.environment:checking '/home/p/ws_demo2/install/ur_description' for CMake module files
[0.711s] Level 1:colcon.colcon_core.environment:checking '/home/p/ws_demo2/install/ur_description' for CMake config files
[0.712s] Level 1:colcon.colcon_core.shell:create_environment_hook('ur_description', 'cmake_prefix_path')
[0.712s] INFO:colcon.colcon_core.shell:Creating environment hook '/home/p/ws_demo2/install/ur_description/share/ur_description/hook/cmake_prefix_path.ps1'
[0.713s] INFO:colcon.colcon_core.shell:Creating environment descriptor '/home/p/ws_demo2/install/ur_description/share/ur_description/hook/cmake_prefix_path.dsv'
[0.714s] INFO:colcon.colcon_core.shell:Creating environment hook '/home/p/ws_demo2/install/ur_description/share/ur_description/hook/cmake_prefix_path.sh'
[0.715s] Level 1:colcon.colcon_core.environment:checking '/home/p/ws_demo2/install/ur_description/bin'
[0.715s] Level 1:colcon.colcon_core.environment:checking '/home/p/ws_demo2/install/ur_description/lib/pkgconfig/ur_description.pc'
[0.715s] Level 1:colcon.colcon_core.environment:checking '/home/p/ws_demo2/install/ur_description/lib/python3.10/site-packages'
[0.716s] Level 1:colcon.colcon_core.environment:checking '/home/p/ws_demo2/install/ur_description/bin'
[0.716s] INFO:colcon.colcon_core.shell:Creating package script '/home/p/ws_demo2/install/ur_description/share/ur_description/package.ps1'
[0.717s] INFO:colcon.colcon_core.shell:Creating package descriptor '/home/p/ws_demo2/install/ur_description/share/ur_description/package.dsv'
[0.718s] INFO:colcon.colcon_core.shell:Creating package script '/home/p/ws_demo2/install/ur_description/share/ur_description/package.sh'
[0.719s] INFO:colcon.colcon_core.shell:Creating package script '/home/p/ws_demo2/install/ur_description/share/ur_description/package.bash'
[0.720s] INFO:colcon.colcon_core.shell:Creating package script '/home/p/ws_demo2/install/ur_description/share/ur_description/package.zsh'
[0.721s] Level 1:colcon.colcon_core.environment:create_file_with_runtime_dependencies(/home/p/ws_demo2/install/ur_description/share/colcon-core/packages/ur_description)
[0.722s] Level 1:colcon.colcon_core.environment:create_environment_scripts_only(ur_description)
[0.722s] Level 1:colcon.colcon_core.environment:checking '/home/p/ws_demo2/install/ur_description' for CMake module files
[0.723s] Level 1:colcon.colcon_core.environment:checking '/home/p/ws_demo2/install/ur_description' for CMake config files
[0.723s] Level 1:colcon.colcon_core.shell:create_environment_hook('ur_description', 'cmake_prefix_path')
[0.724s] INFO:colcon.colcon_core.shell:Creating environment hook '/home/p/ws_demo2/install/ur_description/share/ur_description/hook/cmake_prefix_path.ps1'
[0.724s] INFO:colcon.colcon_core.shell:Creating environment descriptor '/home/p/ws_demo2/install/ur_description/share/ur_description/hook/cmake_prefix_path.dsv'
[0.725s] INFO:colcon.colcon_core.shell:Creating environment hook '/home/p/ws_demo2/install/ur_description/share/ur_description/hook/cmake_prefix_path.sh'
[0.725s] Level 1:colcon.colcon_core.environment:checking '/home/p/ws_demo2/install/ur_description/bin'
[0.726s] Level 1:colcon.colcon_core.environment:checking '/home/p/ws_demo2/install/ur_description/lib/pkgconfig/ur_description.pc'
[0.726s] Level 1:colcon.colcon_core.environment:checking '/home/p/ws_demo2/install/ur_description/lib/python3.10/site-packages'
[0.726s] Level 1:colcon.colcon_core.environment:checking '/home/p/ws_demo2/install/ur_description/bin'
[0.727s] INFO:colcon.colcon_core.shell:Creating package script '/home/p/ws_demo2/install/ur_description/share/ur_description/package.ps1'
[0.727s] INFO:colcon.colcon_core.shell:Creating package descriptor '/home/p/ws_demo2/install/ur_description/share/ur_description/package.dsv'
[0.728s] INFO:colcon.colcon_core.shell:Creating package script '/home/p/ws_demo2/install/ur_description/share/ur_description/package.sh'
[0.728s] INFO:colcon.colcon_core.shell:Creating package script '/home/p/ws_demo2/install/ur_description/share/ur_description/package.bash'
[0.729s] INFO:colcon.colcon_core.shell:Creating package script '/home/p/ws_demo2/install/ur_description/share/ur_description/package.zsh'
[0.730s] Level 1:colcon.colcon_core.environment:create_file_with_runtime_dependencies(/home/p/ws_demo2/install/ur_description/share/colcon-core/packages/ur_description)
[0.732s] DEBUG:colcon.colcon_core.event_handler.log_command:Invoked command in '/home/p/ws_demo2/build/camera_image' returned '0': CMAKE_PREFIX_PATH=${CMAKE_PREFIX_PATH}:/home/p/ws_moveit2/install/moveit_configs_utils:/home/p/ws_moveit2/install/launch_param_builder:/home/p/demo_ws2/install/ur20_joint_control:/home/p/demo_ws2/install/arm_joint_control:/opt/ros/humble /usr/local/bin/cmake --build /home/p/ws_demo2/build/camera_image -- -j16 -l16
[0.733s] DEBUG:colcon.colcon_core.event_handler.log_command:Invoking command in '/home/p/ws_demo2/build/camera_image': CMAKE_PREFIX_PATH=${CMAKE_PREFIX_PATH}:/home/p/ws_moveit2/install/moveit_configs_utils:/home/p/ws_moveit2/install/launch_param_builder:/home/p/demo_ws2/install/ur20_joint_control:/home/p/demo_ws2/install/arm_joint_control:/opt/ros/humble /usr/local/bin/cmake --install /home/p/ws_demo2/build/camera_image
[0.744s] Level 1:colcon.colcon_core.environment:create_environment_scripts_only(camera_image)
[0.745s] Level 1:colcon.colcon_core.environment:checking '/home/p/ws_demo2/install/camera_image' for CMake module files
[0.745s] DEBUG:colcon.colcon_core.event_handler.log_command:Invoked command in '/home/p/ws_demo2/build/camera_image' returned '0': CMAKE_PREFIX_PATH=${CMAKE_PREFIX_PATH}:/home/p/ws_moveit2/install/moveit_configs_utils:/home/p/ws_moveit2/install/launch_param_builder:/home/p/demo_ws2/install/ur20_joint_control:/home/p/demo_ws2/install/arm_joint_control:/opt/ros/humble /usr/local/bin/cmake --install /home/p/ws_demo2/build/camera_image
[0.746s] Level 1:colcon.colcon_core.environment:checking '/home/p/ws_demo2/install/camera_image' for CMake config files
[0.746s] Level 1:colcon.colcon_core.shell:create_environment_hook('camera_image', 'cmake_prefix_path')
[0.746s] INFO:colcon.colcon_core.shell:Creating environment hook '/home/p/ws_demo2/install/camera_image/share/camera_image/hook/cmake_prefix_path.ps1'
[0.747s] INFO:colcon.colcon_core.shell:Creating environment descriptor '/home/p/ws_demo2/install/camera_image/share/camera_image/hook/cmake_prefix_path.dsv'
[0.747s] INFO:colcon.colcon_core.shell:Creating environment hook '/home/p/ws_demo2/install/camera_image/share/camera_image/hook/cmake_prefix_path.sh'
[0.748s] Level 1:colcon.colcon_core.environment:checking '/home/p/ws_demo2/install/camera_image/lib'
[0.748s] Level 1:colcon.colcon_core.environment:checking '/home/p/ws_demo2/install/camera_image/bin'
[0.749s] Level 1:colcon.colcon_core.environment:checking '/home/p/ws_demo2/install/camera_image/lib/pkgconfig/camera_image.pc'
[0.749s] Level 1:colcon.colcon_core.environment:checking '/home/p/ws_demo2/install/camera_image/lib/python3.10/site-packages'
[0.749s] Level 1:colcon.colcon_core.environment:checking '/home/p/ws_demo2/install/camera_image/bin'
[0.750s] INFO:colcon.colcon_core.shell:Creating package script '/home/p/ws_demo2/install/camera_image/share/camera_image/package.ps1'
[0.750s] INFO:colcon.colcon_core.shell:Creating package descriptor '/home/p/ws_demo2/install/camera_image/share/camera_image/package.dsv'
[0.751s] INFO:colcon.colcon_core.shell:Creating package script '/home/p/ws_demo2/install/camera_image/share/camera_image/package.sh'
[0.751s] INFO:colcon.colcon_core.shell:Creating package script '/home/p/ws_demo2/install/camera_image/share/camera_image/package.bash'
[0.752s] INFO:colcon.colcon_core.shell:Creating package script '/home/p/ws_demo2/install/camera_image/share/camera_image/package.zsh'
[0.752s] Level 1:colcon.colcon_core.environment:create_file_with_runtime_dependencies(/home/p/ws_demo2/install/camera_image/share/colcon-core/packages/camera_image)
[0.753s] Level 1:colcon.colcon_core.environment:create_environment_scripts_only(camera_image)
[0.753s] Level 1:colcon.colcon_core.environment:checking '/home/p/ws_demo2/install/camera_image' for CMake module files
[0.754s] Level 1:colcon.colcon_core.environment:checking '/home/p/ws_demo2/install/camera_image' for CMake config files
[0.754s] Level 1:colcon.colcon_core.shell:create_environment_hook('camera_image', 'cmake_prefix_path')
[0.754s] INFO:colcon.colcon_core.shell:Creating environment hook '/home/p/ws_demo2/install/camera_image/share/camera_image/hook/cmake_prefix_path.ps1'
[0.755s] INFO:colcon.colcon_core.shell:Creating environment descriptor '/home/p/ws_demo2/install/camera_image/share/camera_image/hook/cmake_prefix_path.dsv'
[0.755s] INFO:colcon.colcon_core.shell:Creating environment hook '/home/p/ws_demo2/install/camera_image/share/camera_image/hook/cmake_prefix_path.sh'
[0.756s] Level 1:colcon.colcon_core.environment:checking '/home/p/ws_demo2/install/camera_image/lib'
[0.756s] Level 1:colcon.colcon_core.environment:checking '/home/p/ws_demo2/install/camera_image/bin'
[0.756s] Level 1:colcon.colcon_core.environment:checking '/home/p/ws_demo2/install/camera_image/lib/pkgconfig/camera_image.pc'
[0.757s] Level 1:colcon.colcon_core.environment:checking '/home/p/ws_demo2/install/camera_image/lib/python3.10/site-packages'
[0.757s] Level 1:colcon.colcon_core.environment:checking '/home/p/ws_demo2/install/camera_image/bin'
[0.757s] INFO:colcon.colcon_core.shell:Creating package script '/home/p/ws_demo2/install/camera_image/share/camera_image/package.ps1'
[0.758s] INFO:colcon.colcon_core.shell:Creating package descriptor '/home/p/ws_demo2/install/camera_image/share/camera_image/package.dsv'
[0.759s] INFO:colcon.colcon_core.shell:Creating package script '/home/p/ws_demo2/install/camera_image/share/camera_image/package.sh'
[0.759s] INFO:colcon.colcon_core.shell:Creating package script '/home/p/ws_demo2/install/camera_image/share/camera_image/package.bash'
[0.760s] INFO:colcon.colcon_core.shell:Creating package script '/home/p/ws_demo2/install/camera_image/share/camera_image/package.zsh'
[0.761s] Level 1:colcon.colcon_core.environment:create_file_with_runtime_dependencies(/home/p/ws_demo2/install/camera_image/share/colcon-core/packages/camera_image)
[21.980s] DEBUG:colcon.colcon_core.event_handler.log_command:Invoked command in '/home/p/ws_demo2/build/ibvs' returned '0': CMAKE_PREFIX_PATH=${CMAKE_PREFIX_PATH}:/home/p/ws_moveit2/install/moveit_configs_utils:/home/p/ws_moveit2/install/launch_param_builder:/home/p/demo_ws2/install/ur20_joint_control:/home/p/demo_ws2/install/arm_joint_control:/opt/ros/humble /usr/local/bin/cmake --build /home/p/ws_demo2/build/ibvs -- -j16 -l16
[21.984s] DEBUG:colcon.colcon_core.event_handler.log_command:Invoking command in '/home/p/ws_demo2/build/ibvs': CMAKE_PREFIX_PATH=${CMAKE_PREFIX_PATH}:/home/p/ws_moveit2/install/moveit_configs_utils:/home/p/ws_moveit2/install/launch_param_builder:/home/p/demo_ws2/install/ur20_joint_control:/home/p/demo_ws2/install/arm_joint_control:/opt/ros/humble /usr/local/bin/cmake --install /home/p/ws_demo2/build/ibvs
[21.999s] Level 1:colcon.colcon_core.environment:create_environment_scripts_only(ibvs)
[21.999s] Level 1:colcon.colcon_core.environment:checking '/home/p/ws_demo2/install/ibvs' for CMake module files
[22.000s] DEBUG:colcon.colcon_core.event_handler.log_command:Invoked command in '/home/p/ws_demo2/build/ibvs' returned '0': CMAKE_PREFIX_PATH=${CMAKE_PREFIX_PATH}:/home/p/ws_moveit2/install/moveit_configs_utils:/home/p/ws_moveit2/install/launch_param_builder:/home/p/demo_ws2/install/ur20_joint_control:/home/p/demo_ws2/install/arm_joint_control:/opt/ros/humble /usr/local/bin/cmake --install /home/p/ws_demo2/build/ibvs
[22.000s] Level 1:colcon.colcon_core.environment:checking '/home/p/ws_demo2/install/ibvs' for CMake config files
[22.000s] Level 1:colcon.colcon_core.shell:create_environment_hook('ibvs', 'cmake_prefix_path')
[22.001s] INFO:colcon.colcon_core.shell:Creating environment hook '/home/p/ws_demo2/install/ibvs/share/ibvs/hook/cmake_prefix_path.ps1'
[22.001s] INFO:colcon.colcon_core.shell:Creating environment descriptor '/home/p/ws_demo2/install/ibvs/share/ibvs/hook/cmake_prefix_path.dsv'
[22.002s] INFO:colcon.colcon_core.shell:Creating environment hook '/home/p/ws_demo2/install/ibvs/share/ibvs/hook/cmake_prefix_path.sh'
[22.003s] Level 1:colcon.colcon_core.environment:checking '/home/p/ws_demo2/install/ibvs/lib'
[22.003s] Level 1:colcon.colcon_core.environment:checking '/home/p/ws_demo2/install/ibvs/bin'
[22.003s] Level 1:colcon.colcon_core.environment:checking '/home/p/ws_demo2/install/ibvs/lib/pkgconfig/ibvs.pc'
[22.003s] Level 1:colcon.colcon_core.environment:checking '/home/p/ws_demo2/install/ibvs/lib/python3.10/site-packages'
[22.003s] Level 1:colcon.colcon_core.environment:checking '/home/p/ws_demo2/install/ibvs/bin'
[22.004s] INFO:colcon.colcon_core.shell:Creating package script '/home/p/ws_demo2/install/ibvs/share/ibvs/package.ps1'
[22.004s] INFO:colcon.colcon_core.shell:Creating package descriptor '/home/p/ws_demo2/install/ibvs/share/ibvs/package.dsv'
[22.005s] INFO:colcon.colcon_core.shell:Creating package script '/home/p/ws_demo2/install/ibvs/share/ibvs/package.sh'
[22.005s] INFO:colcon.colcon_core.shell:Creating package script '/home/p/ws_demo2/install/ibvs/share/ibvs/package.bash'
[22.006s] INFO:colcon.colcon_core.shell:Creating package script '/home/p/ws_demo2/install/ibvs/share/ibvs/package.zsh'
[22.006s] Level 1:colcon.colcon_core.environment:create_file_with_runtime_dependencies(/home/p/ws_demo2/install/ibvs/share/colcon-core/packages/ibvs)
[22.007s] Level 1:colcon.colcon_core.environment:create_environment_scripts_only(ibvs)
[22.007s] Level 1:colcon.colcon_core.environment:checking '/home/p/ws_demo2/install/ibvs' for CMake module files
[22.008s] Level 1:colcon.colcon_core.environment:checking '/home/p/ws_demo2/install/ibvs' for CMake config files
[22.008s] Level 1:colcon.colcon_core.shell:create_environment_hook('ibvs', 'cmake_prefix_path')
[22.009s] INFO:colcon.colcon_core.shell:Creating environment hook '/home/p/ws_demo2/install/ibvs/share/ibvs/hook/cmake_prefix_path.ps1'
[22.009s] INFO:colcon.colcon_core.shell:Creating environment descriptor '/home/p/ws_demo2/install/ibvs/share/ibvs/hook/cmake_prefix_path.dsv'
[22.010s] INFO:colcon.colcon_core.shell:Creating environment hook '/home/p/ws_demo2/install/ibvs/share/ibvs/hook/cmake_prefix_path.sh'
[22.010s] Level 1:colcon.colcon_core.environment:checking '/home/p/ws_demo2/install/ibvs/lib'
[22.011s] Level 1:colcon.colcon_core.environment:checking '/home/p/ws_demo2/install/ibvs/bin'
[22.011s] Level 1:colcon.colcon_core.environment:checking '/home/p/ws_demo2/install/ibvs/lib/pkgconfig/ibvs.pc'
[22.011s] Level 1:colcon.colcon_core.environment:checking '/home/p/ws_demo2/install/ibvs/lib/python3.10/site-packages'
[22.011s] Level 1:colcon.colcon_core.environment:checking '/home/p/ws_demo2/install/ibvs/bin'
[22.012s] INFO:colcon.colcon_core.shell:Creating package script '/home/p/ws_demo2/install/ibvs/share/ibvs/package.ps1'
[22.012s] INFO:colcon.colcon_core.shell:Creating package descriptor '/home/p/ws_demo2/install/ibvs/share/ibvs/package.dsv'
[22.013s] INFO:colcon.colcon_core.shell:Creating package script '/home/p/ws_demo2/install/ibvs/share/ibvs/package.sh'
[22.014s] INFO:colcon.colcon_core.shell:Creating package script '/home/p/ws_demo2/install/ibvs/share/ibvs/package.bash'
[22.014s] INFO:colcon.colcon_core.shell:Creating package script '/home/p/ws_demo2/install/ibvs/share/ibvs/package.zsh'
[22.015s] Level 1:colcon.colcon_core.environment:create_file_with_runtime_dependencies(/home/p/ws_demo2/install/ibvs/share/colcon-core/packages/ibvs)
[22.015s] DEBUG:colcon.colcon_parallel_executor.executor.parallel:closing loop
[22.015s] DEBUG:colcon.colcon_parallel_executor.executor.parallel:loop closed
[22.016s] DEBUG:colcon.colcon_parallel_executor.executor.parallel:run_until_complete finished with '0'
[22.016s] DEBUG:colcon.colcon_core.event_reactor:joining thread
[22.023s] INFO:colcon.colcon_core.plugin_system:Skipping extension 'colcon_notification.desktop_notification.terminal_notifier': Not used on non-Darwin systems
[22.023s] INFO:colcon.colcon_core.plugin_system:Skipping extension 'colcon_notification.desktop_notification.win32': Not used on non-Windows systems
[22.024s] INFO:colcon.colcon_notification.desktop_notification:Sending desktop notification using 'notify2'
[22.038s] DEBUG:colcon.colcon_core.event_reactor:joined thread
[22.039s] INFO:colcon.colcon_core.shell:Creating prefix script '/home/p/ws_demo2/install/local_setup.ps1'
[22.040s] INFO:colcon.colcon_core.shell:Creating prefix util module '/home/p/ws_demo2/install/_local_setup_util_ps1.py'
[22.042s] INFO:colcon.colcon_core.shell:Creating prefix chain script '/home/p/ws_demo2/install/setup.ps1'
[22.046s] INFO:colcon.colcon_core.shell:Creating prefix script '/home/p/ws_demo2/install/local_setup.sh'
[22.047s] INFO:colcon.colcon_core.shell:Creating prefix util module '/home/p/ws_demo2/install/_local_setup_util_sh.py'
[22.048s] INFO:colcon.colcon_core.shell:Creating prefix chain script '/home/p/ws_demo2/install/setup.sh'
[22.052s] INFO:colcon.colcon_core.shell:Creating prefix script '/home/p/ws_demo2/install/local_setup.bash'
[22.053s] INFO:colcon.colcon_core.shell:Creating prefix chain script '/home/p/ws_demo2/install/setup.bash'
[22.057s] INFO:colcon.colcon_core.shell:Creating prefix script '/home/p/ws_demo2/install/local_setup.zsh'
[22.058s] INFO:colcon.colcon_core.shell:Creating prefix chain script '/home/p/ws_demo2/install/setup.zsh'
