[0.015s] Invoking command in '/home/p/ws_demo2/build/camera_image': CMAKE_PREFIX_PATH=${CMAKE_PREFIX_PATH}:/home/p/ws_moveit2/install/moveit_configs_utils:/home/p/ws_moveit2/install/launch_param_builder:/home/p/demo_ws2/install/ur20_joint_control:/home/p/demo_ws2/install/arm_joint_control:/opt/ros/humble /usr/local/bin/cmake /home/p/ws_demo2/src/camera_image -DCMAKE_INSTALL_PREFIX=/home/p/ws_demo2/install/camera_image
[0.118s] -- The C compiler identification is GNU 12.3.0
[0.213s] -- The CXX compiler identification is GNU 12.3.0
[0.223s] -- Detecting C compiler ABI info
[0.270s] -- Detecting C compiler ABI info - done
[0.285s] -- Check for working C compiler: /usr/bin/cc - skipped
[0.285s] -- Detecting C compile features
[0.286s] -- Detecting C compile features - done
[0.297s] -- Detecting CXX compiler ABI info
[0.351s] -- Detecting CXX compiler ABI info - done
[0.377s] -- Check for working CXX compiler: /usr/bin/c++ - skipped
[0.377s] -- Detecting CXX compile features
[0.378s] -- Detecting CXX compile features - done
[0.390s] -- Found ament_cmake: 1.3.11 (/opt/ros/humble/share/ament_cmake/cmake)
[0.503s] -- Found Python3: /usr/bin/python3 (found version "3.10.12") found components: Interpreter
[0.622s] -- Found rclcpp: 16.0.12 (/opt/ros/humble/share/rclcpp/cmake)
[0.696s] -- Found rosidl_generator_c: 3.1.6 (/opt/ros/humble/share/rosidl_generator_c/cmake)
[0.707s] -- Found rosidl_adapter: 3.1.6 (/opt/ros/humble/share/rosidl_adapter/cmake)
[0.722s] -- Found rosidl_generator_cpp: 3.1.6 (/opt/ros/humble/share/rosidl_generator_cpp/cmake)
[0.744s] -- Using all available rosidl_typesupport_c: rosidl_typesupport_fastrtps_c;rosidl_typesupport_introspection_c
[0.772s] -- Using all available rosidl_typesupport_cpp: rosidl_typesupport_fastrtps_cpp;rosidl_typesupport_introspection_cpp
[0.851s] -- Found rmw_implementation_cmake: 6.1.2 (/opt/ros/humble/share/rmw_implementation_cmake/cmake)
[0.859s] -- Found rmw_fastrtps_cpp: 6.2.7 (/opt/ros/humble/share/rmw_fastrtps_cpp/cmake)
[0.966s] -- Found OpenSSL: /usr/lib/x86_64-linux-gnu/libcrypto.so (found version "3.0.2")
[0.995s] -- Found FastRTPS: /opt/ros/humble/include
[1.039s] -- Using RMW implementation 'rmw_fastrtps_cpp' as default
[1.056s] -- Performing Test CMAKE_HAVE_LIBC_PTHREAD
[1.111s] -- Performing Test CMAKE_HAVE_LIBC_PTHREAD - Success
[1.111s] -- Found Threads: TRUE
[1.197s] -- Found image_transport: 3.1.12 (/opt/ros/humble/share/image_transport/cmake)
[1.298s] -- Found cv_bridge: 3.2.1 (/opt/ros/humble/share/cv_bridge/cmake)
[1.310s] -- Found OpenCV: /usr/local (found version "4.11.0")
[1.323s] -- Found ament_lint_auto: 0.12.12 (/opt/ros/humble/share/ament_lint_auto/cmake)
[1.404s] -- Added test 'cppcheck' to perform static code analysis on C / C++ code
[1.404s] -- Configured cppcheck include dirs: 
[1.404s] -- Configured cppcheck exclude dirs and/or files: 
[1.405s] -- Added test 'lint_cmake' to check CMake code style
[1.407s] -- Added test 'uncrustify' to check C / C++ code style
[1.407s] -- Configured uncrustify additional arguments: 
[1.408s] -- Added test 'xmllint' to check XML markup files
[1.410s] -- Configuring done (1.4s)
[1.420s] -- Generating done (0.0s)
[1.422s] -- Build files have been written to: /home/p/ws_demo2/build/camera_image
[1.428s] Invoked command in '/home/p/ws_demo2/build/camera_image' returned '0': CMAKE_PREFIX_PATH=${CMAKE_PREFIX_PATH}:/home/p/ws_moveit2/install/moveit_configs_utils:/home/p/ws_moveit2/install/launch_param_builder:/home/p/demo_ws2/install/ur20_joint_control:/home/p/demo_ws2/install/arm_joint_control:/opt/ros/humble /usr/local/bin/cmake /home/p/ws_demo2/src/camera_image -DCMAKE_INSTALL_PREFIX=/home/p/ws_demo2/install/camera_image
[1.429s] Invoking command in '/home/p/ws_demo2/build/camera_image': CMAKE_PREFIX_PATH=${CMAKE_PREFIX_PATH}:/home/p/ws_moveit2/install/moveit_configs_utils:/home/p/ws_moveit2/install/launch_param_builder:/home/p/demo_ws2/install/ur20_joint_control:/home/p/demo_ws2/install/arm_joint_control:/opt/ros/humble /usr/local/bin/cmake --build /home/p/ws_demo2/build/camera_image -- -j16 -l16
[1.449s] [ 50%] [32mBuilding CXX object CMakeFiles/camera_image.dir/src/camera_image.cpp.o[0m
[8.602s] [100%] [32m[1mLinking CXX executable camera_image[0m
[8.742s] /usr/bin/ld: warning: libopencv_imgproc.so.4.5d, needed by /opt/ros/humble/lib/libcv_bridge.so, may conflict with libopencv_imgproc.so.411
[8.743s] /usr/bin/ld: warning: libopencv_core.so.4.5d, needed by /opt/ros/humble/lib/libcv_bridge.so, may conflict with libopencv_core.so.411
[9.066s] [100%] Built target camera_image
[9.075s] Invoked command in '/home/p/ws_demo2/build/camera_image' returned '0': CMAKE_PREFIX_PATH=${CMAKE_PREFIX_PATH}:/home/p/ws_moveit2/install/moveit_configs_utils:/home/p/ws_moveit2/install/launch_param_builder:/home/p/demo_ws2/install/ur20_joint_control:/home/p/demo_ws2/install/arm_joint_control:/opt/ros/humble /usr/local/bin/cmake --build /home/p/ws_demo2/build/camera_image -- -j16 -l16
[9.077s] Invoking command in '/home/p/ws_demo2/build/camera_image': CMAKE_PREFIX_PATH=${CMAKE_PREFIX_PATH}:/home/p/ws_moveit2/install/moveit_configs_utils:/home/p/ws_moveit2/install/launch_param_builder:/home/p/demo_ws2/install/ur20_joint_control:/home/p/demo_ws2/install/arm_joint_control:/opt/ros/humble /usr/local/bin/cmake --install /home/p/ws_demo2/build/camera_image
[9.078s] -- Install configuration: ""
[9.079s] -- Installing: /home/p/ws_demo2/install/camera_image/lib/camera_image/camera_image
[9.081s] -- Set non-toolchain portion of runtime path of "/home/p/ws_demo2/install/camera_image/lib/camera_image/camera_image" to ""
[9.081s] -- Installing: /home/p/ws_demo2/install/camera_image/share/ament_index/resource_index/package_run_dependencies/camera_image
[9.081s] -- Installing: /home/p/ws_demo2/install/camera_image/share/ament_index/resource_index/parent_prefix_path/camera_image
[9.081s] -- Installing: /home/p/ws_demo2/install/camera_image/share/camera_image/environment/ament_prefix_path.sh
[9.081s] -- Installing: /home/p/ws_demo2/install/camera_image/share/camera_image/environment/ament_prefix_path.dsv
[9.081s] -- Installing: /home/p/ws_demo2/install/camera_image/share/camera_image/environment/path.sh
[9.081s] -- Installing: /home/p/ws_demo2/install/camera_image/share/camera_image/environment/path.dsv
[9.081s] -- Installing: /home/p/ws_demo2/install/camera_image/share/camera_image/local_setup.bash
[9.081s] -- Installing: /home/p/ws_demo2/install/camera_image/share/camera_image/local_setup.sh
[9.081s] -- Installing: /home/p/ws_demo2/install/camera_image/share/camera_image/local_setup.zsh
[9.081s] -- Installing: /home/p/ws_demo2/install/camera_image/share/camera_image/local_setup.dsv
[9.082s] -- Installing: /home/p/ws_demo2/install/camera_image/share/camera_image/package.dsv
[9.082s] -- Installing: /home/p/ws_demo2/install/camera_image/share/ament_index/resource_index/packages/camera_image
[9.082s] -- Installing: /home/p/ws_demo2/install/camera_image/share/camera_image/cmake/camera_imageConfig.cmake
[9.082s] -- Installing: /home/p/ws_demo2/install/camera_image/share/camera_image/cmake/camera_imageConfig-version.cmake
[9.082s] -- Installing: /home/p/ws_demo2/install/camera_image/share/camera_image/package.xml
[9.083s] Invoked command in '/home/p/ws_demo2/build/camera_image' returned '0': CMAKE_PREFIX_PATH=${CMAKE_PREFIX_PATH}:/home/p/ws_moveit2/install/moveit_configs_utils:/home/p/ws_moveit2/install/launch_param_builder:/home/p/demo_ws2/install/ur20_joint_control:/home/p/demo_ws2/install/arm_joint_control:/opt/ros/humble /usr/local/bin/cmake --install /home/p/ws_demo2/build/camera_image
