[0.016s] Invoking command in '/home/p/ws_demo2/build/ur_description': CMAKE_PREFIX_PATH=${CMAKE_PREFIX_PATH}:/home/p/ws_moveit2/install/moveit_configs_utils:/home/p/ws_moveit2/install/launch_param_builder:/home/p/demo_ws2/install/ur20_joint_control:/home/p/demo_ws2/install/arm_joint_control:/opt/ros/humble /usr/local/bin/cmake --build /home/p/ws_demo2/build/ur_description -- -j16 -l16
[0.028s] Invoked command in '/home/p/ws_demo2/build/ur_description' returned '0': CMAKE_PREFIX_PATH=${CMAKE_PREFIX_PATH}:/home/p/ws_moveit2/install/moveit_configs_utils:/home/p/ws_moveit2/install/launch_param_builder:/home/p/demo_ws2/install/ur20_joint_control:/home/p/demo_ws2/install/arm_joint_control:/opt/ros/humble /usr/local/bin/cmake --build /home/p/ws_demo2/build/ur_description -- -j16 -l16
[0.032s] Invoking command in '/home/p/ws_demo2/build/ur_description': CMAKE_PREFIX_PATH=${CMAKE_PREFIX_PATH}:/home/p/ws_moveit2/install/moveit_configs_utils:/home/p/ws_moveit2/install/launch_param_builder:/home/p/demo_ws2/install/ur20_joint_control:/home/p/demo_ws2/install/arm_joint_control:/opt/ros/humble /usr/local/bin/cmake --install /home/p/ws_demo2/build/ur_description
[0.034s] -- Install configuration: ""
[0.034s] -- Up-to-date: /home/p/ws_demo2/install/ur_description/share/ur_description/config
[0.034s] -- Up-to-date: /home/p/ws_demo2/install/ur_description/share/ur_description/config/initial_positions.yaml
[0.034s] -- Up-to-date: /home/p/ws_demo2/install/ur_description/share/ur_description/config/ur10_gazebo_controllers.yaml
[0.034s] -- Up-to-date: /home/p/ws_demo2/install/ur_description/share/ur_description/config/ur10
[0.034s] -- Up-to-date: /home/p/ws_demo2/install/ur_description/share/ur_description/config/ur10/joint_limits.yaml
[0.034s] -- Up-to-date: /home/p/ws_demo2/install/ur_description/share/ur_description/config/ur10/physical_parameters.yaml
[0.034s] -- Up-to-date: /home/p/ws_demo2/install/ur_description/share/ur_description/config/ur10/default_kinematics.yaml
[0.034s] -- Up-to-date: /home/p/ws_demo2/install/ur_description/share/ur_description/config/ur10/visual_parameters.yaml
[0.034s] -- Up-to-date: /home/p/ws_demo2/install/ur_description/share/ur_description/launch
[0.034s] -- Up-to-date: /home/p/ws_demo2/install/ur_description/share/ur_description/launch/__pycache__
[0.034s] -- Up-to-date: /home/p/ws_demo2/install/ur_description/share/ur_description/launch/__pycache__/ur10_gazebo.launch.cpython-310.pyc
[0.035s] -- Up-to-date: /home/p/ws_demo2/install/ur_description/share/ur_description/launch/__pycache__/view_ur.launch.cpython-310.pyc
[0.035s] -- Up-to-date: /home/p/ws_demo2/install/ur_description/share/ur_description/launch/ur10_gazebo.launch.py
[0.035s] -- Up-to-date: /home/p/ws_demo2/install/ur_description/share/ur_description/launch/view_ur.launch.py
[0.035s] -- Up-to-date: /home/p/ws_demo2/install/ur_description/share/ur_description/meshes
[0.035s] -- Up-to-date: /home/p/ws_demo2/install/ur_description/share/ur_description/meshes/ur10
[0.035s] -- Up-to-date: /home/p/ws_demo2/install/ur_description/share/ur_description/meshes/ur10/collision
[0.035s] -- Up-to-date: /home/p/ws_demo2/install/ur_description/share/ur_description/meshes/ur10/collision/upperarm.stl
[0.035s] -- Up-to-date: /home/p/ws_demo2/install/ur_description/share/ur_description/meshes/ur10/collision/shoulder.stl
[0.035s] -- Up-to-date: /home/p/ws_demo2/install/ur_description/share/ur_description/meshes/ur10/collision/base.stl
[0.035s] -- Up-to-date: /home/p/ws_demo2/install/ur_description/share/ur_description/meshes/ur10/collision/wrist2.stl
[0.035s] -- Up-to-date: /home/p/ws_demo2/install/ur_description/share/ur_description/meshes/ur10/collision/wrist1.stl
[0.035s] -- Up-to-date: /home/p/ws_demo2/install/ur_description/share/ur_description/meshes/ur10/collision/forearm.stl
[0.035s] -- Up-to-date: /home/p/ws_demo2/install/ur_description/share/ur_description/meshes/ur10/collision/wrist3.stl
[0.035s] -- Up-to-date: /home/p/ws_demo2/install/ur_description/share/ur_description/meshes/ur10/visual
[0.035s] -- Up-to-date: /home/p/ws_demo2/install/ur_description/share/ur_description/meshes/ur10/visual/wrist2.dae
[0.035s] -- Up-to-date: /home/p/ws_demo2/install/ur_description/share/ur_description/meshes/ur10/visual/wrist1.dae
[0.035s] -- Up-to-date: /home/p/ws_demo2/install/ur_description/share/ur_description/meshes/ur10/visual/wrist3.dae
[0.035s] -- Up-to-date: /home/p/ws_demo2/install/ur_description/share/ur_description/meshes/ur10/visual/forearm.dae
[0.035s] -- Up-to-date: /home/p/ws_demo2/install/ur_description/share/ur_description/meshes/ur10/visual/upperarm.dae
[0.036s] -- Up-to-date: /home/p/ws_demo2/install/ur_description/share/ur_description/meshes/ur10/visual/shoulder.dae
[0.036s] -- Up-to-date: /home/p/ws_demo2/install/ur_description/share/ur_description/meshes/ur10/visual/d455.dae
[0.036s] -- Up-to-date: /home/p/ws_demo2/install/ur_description/share/ur_description/meshes/ur10/visual/base.dae
[0.036s] -- Up-to-date: /home/p/ws_demo2/install/ur_description/share/ur_description/rviz
[0.036s] -- Up-to-date: /home/p/ws_demo2/install/ur_description/share/ur_description/rviz/view_robot.rviz
[0.036s] -- Up-to-date: /home/p/ws_demo2/install/ur_description/share/ur_description/urdf
[0.036s] -- Up-to-date: /home/p/ws_demo2/install/ur_description/share/ur_description/urdf/ur_macro.xacro
[0.036s] -- Up-to-date: /home/p/ws_demo2/install/ur_description/share/ur_description/urdf/ur10.urdf
[0.036s] -- Up-to-date: /home/p/ws_demo2/install/ur_description/share/ur_description/urdf/inc
[0.036s] -- Up-to-date: /home/p/ws_demo2/install/ur_description/share/ur_description/urdf/inc/ur_common.xacro
[0.036s] -- Up-to-date: /home/p/ws_demo2/install/ur_description/share/ur_description/urdf/inc/ur_transmissions.xacro
[0.036s] -- Up-to-date: /home/p/ws_demo2/install/ur_description/share/ur_description/urdf/install
[0.037s] -- Up-to-date: /home/p/ws_demo2/install/ur_description/share/ur_description/urdf/install/local_setup.ps1
[0.037s] -- Up-to-date: /home/p/ws_demo2/install/ur_description/share/ur_description/urdf/install/.colcon_install_layout
[0.037s] -- Up-to-date: /home/p/ws_demo2/install/ur_description/share/ur_description/urdf/install/local_setup.bash
[0.037s] -- Up-to-date: /home/p/ws_demo2/install/ur_description/share/ur_description/urdf/install/setup.sh
[0.037s] -- Up-to-date: /home/p/ws_demo2/install/ur_description/share/ur_description/urdf/install/_local_setup_util_sh.py
[0.037s] -- Up-to-date: /home/p/ws_demo2/install/ur_description/share/ur_description/urdf/install/_local_setup_util_ps1.py
[0.037s] -- Up-to-date: /home/p/ws_demo2/install/ur_description/share/ur_description/urdf/install/setup.bash
[0.037s] -- Up-to-date: /home/p/ws_demo2/install/ur_description/share/ur_description/urdf/install/COLCON_IGNORE
[0.037s] -- Up-to-date: /home/p/ws_demo2/install/ur_description/share/ur_description/urdf/install/setup.ps1
[0.037s] -- Up-to-date: /home/p/ws_demo2/install/ur_description/share/ur_description/urdf/install/local_setup.zsh
[0.037s] -- Up-to-date: /home/p/ws_demo2/install/ur_description/share/ur_description/urdf/install/local_setup.sh
[0.037s] -- Up-to-date: /home/p/ws_demo2/install/ur_description/share/ur_description/urdf/install/setup.zsh
[0.037s] -- Up-to-date: /home/p/ws_demo2/install/ur_description/share/ur_description/urdf/ur.urdf.xacro
[0.037s] -- Up-to-date: /home/p/ws_demo2/install/ur_description/share/ur_description/urdf/ur.ros2_control.xacro
[0.037s] -- Up-to-date: /home/p/ws_demo2/install/ur_description/share/ur_description/urdf/build
[0.038s] -- Up-to-date: /home/p/ws_demo2/install/ur_description/share/ur_description/urdf/build/COLCON_IGNORE
[0.038s] -- Up-to-date: /home/p/ws_demo2/install/ur_description/share/ur_description/urdf/build/.built_by
[0.038s] -- Up-to-date: /home/p/ws_demo2/install/ur_description/share/ur_description/urdf/ur10.p.urdf
[0.038s] -- Up-to-date: /home/p/ws_demo2/install/ur_description/share/ur_description/urdf/ur10.urdf.xacro
[0.038s] -- Up-to-date: /home/p/ws_demo2/install/ur_description/share/ur_description/urdf/ur10.p.urdf.xacro
[0.038s] -- Up-to-date: /home/p/ws_demo2/install/ur_description/share/ur_description/urdf/log
[0.038s] -- Up-to-date: /home/p/ws_demo2/install/ur_description/share/ur_description/urdf/log/latest_build
[0.038s] -- Up-to-date: /home/p/ws_demo2/install/ur_description/share/ur_description/urdf/log/latest
[0.038s] -- Up-to-date: /home/p/ws_demo2/install/ur_description/share/ur_description/urdf/log/build_2025-07-19_11-55-38
[0.038s] -- Up-to-date: /home/p/ws_demo2/install/ur_description/share/ur_description/urdf/log/build_2025-07-19_11-55-38/events.log
[0.038s] -- Up-to-date: /home/p/ws_demo2/install/ur_description/share/ur_description/urdf/log/build_2025-07-19_11-55-38/logger_all.log
[0.038s] -- Up-to-date: /home/p/ws_demo2/install/ur_description/share/ur_description/urdf/log/COLCON_IGNORE
[0.038s] -- Up-to-date: /home/p/ws_demo2/install/ur_description/share/ur_description/test
[0.038s] -- Up-to-date: /home/p/ws_demo2/install/ur_description/share/ur_description/test/test_view_ur_launch.py
[0.038s] -- Up-to-date: /home/p/ws_demo2/install/ur_description/share/ur_description/test/test_ur_urdf_xacro.py
[0.039s] -- Up-to-date: /home/p/ws_demo2/install/ur_description/share/ur_description/worlds
[0.039s] -- Up-to-date: /home/p/ws_demo2/install/ur_description/share/ur_description/worlds/gazebo_world.world
[0.039s] -- Up-to-date: /home/p/ws_demo2/install/ur_description/share/ament_index/resource_index/package_run_dependencies/ur_description
[0.039s] -- Up-to-date: /home/p/ws_demo2/install/ur_description/share/ament_index/resource_index/parent_prefix_path/ur_description
[0.039s] -- Up-to-date: /home/p/ws_demo2/install/ur_description/share/ur_description/environment/ament_prefix_path.sh
[0.039s] -- Up-to-date: /home/p/ws_demo2/install/ur_description/share/ur_description/environment/ament_prefix_path.dsv
[0.039s] -- Up-to-date: /home/p/ws_demo2/install/ur_description/share/ur_description/environment/path.sh
[0.039s] -- Up-to-date: /home/p/ws_demo2/install/ur_description/share/ur_description/environment/path.dsv
[0.039s] -- Up-to-date: /home/p/ws_demo2/install/ur_description/share/ur_description/local_setup.bash
[0.039s] -- Up-to-date: /home/p/ws_demo2/install/ur_description/share/ur_description/local_setup.sh
[0.039s] -- Up-to-date: /home/p/ws_demo2/install/ur_description/share/ur_description/local_setup.zsh
[0.039s] -- Up-to-date: /home/p/ws_demo2/install/ur_description/share/ur_description/local_setup.dsv
[0.039s] -- Installing: /home/p/ws_demo2/install/ur_description/share/ur_description/package.dsv
[0.039s] -- Up-to-date: /home/p/ws_demo2/install/ur_description/share/ament_index/resource_index/packages/ur_description
[0.039s] -- Up-to-date: /home/p/ws_demo2/install/ur_description/share/ur_description/cmake/ur_descriptionConfig.cmake
[0.039s] -- Up-to-date: /home/p/ws_demo2/install/ur_description/share/ur_description/cmake/ur_descriptionConfig-version.cmake
[0.039s] -- Up-to-date: /home/p/ws_demo2/install/ur_description/share/ur_description/package.xml
[0.040s] Invoked command in '/home/p/ws_demo2/build/ur_description' returned '0': CMAKE_PREFIX_PATH=${CMAKE_PREFIX_PATH}:/home/p/ws_moveit2/install/moveit_configs_utils:/home/p/ws_moveit2/install/launch_param_builder:/home/p/demo_ws2/install/ur20_joint_control:/home/p/demo_ws2/install/arm_joint_control:/opt/ros/humble /usr/local/bin/cmake --install /home/p/ws_demo2/build/ur_description
