[0.023s] Invoking command in '/home/p/ws_demo2/build/ibvs': CMAKE_PREFIX_PATH=${CMAKE_PREFIX_PATH}:/home/p/ws_moveit2/install/moveit_configs_utils:/home/p/ws_moveit2/install/launch_param_builder:/home/p/demo_ws2/install/ur20_joint_control:/home/p/demo_ws2/install/arm_joint_control:/opt/ros/humble /usr/local/bin/cmake --build /home/p/ws_demo2/build/ibvs -- -j16 -l16
[0.051s] [ 50%] [32mBuilding CXX object CMakeFiles/ibvs.dir/src/ibvs.cpp.o[0m
[2.631s] [01m[K/home/p/ws_demo2/src/ibvs/src/ibvs.cpp:53:17:[m[K [01;31m[Kerror: [m[K‘[01m[KvpFeaturePoint[m[K’ was not declared in this scope; did you mean ‘[01m[KvpImagePoint[m[K’?
[2.631s]    53 |     std::vector<[01;31m[KvpFeaturePoint[m[K> target_features_;
[2.631s]       |                 [01;31m[K^~~~~~~~~~~~~~[m[K
[2.631s]       |                 [32m[KvpImagePoint[m[K
[2.631s] [01m[K/home/p/ws_demo2/src/ibvs/src/ibvs.cpp:53:31:[m[K [01;31m[Kerror: [m[Ktemplate argument 1 is invalid
[2.631s]    53 |     std::vector<vpFeaturePoint[01;31m[K>[m[K target_features_;
[2.631s]       |                               [01;31m[K^[m[K
[2.631s] [01m[K/home/p/ws_demo2/src/ibvs/src/ibvs.cpp:53:31:[m[K [01;31m[Kerror: [m[Ktemplate argument 2 is invalid
[2.649s] [01m[K/home/p/ws_demo2/src/ibvs/src/ibvs.cpp:[m[K In member function ‘[01m[Kvoid VisualServoInit::rgb_callback(sensor_msgs::msg::Image_<std::allocator<void> >::SharedPtr)[m[K’:
[2.649s] [01m[K/home/p/ws_demo2/src/ibvs/src/ibvs.cpp:125:53:[m[K [01;31m[Kerror: [m[Krequest for member ‘[01m[Ksize[m[K’ in ‘[01m[K((VisualServoInit*)this)->VisualServoInit::target_features_[m[K’, which is of non-class type ‘[01m[Kint[m[K’
[2.649s]   125 |             for (size_t i = 0; i < target_features_.[01;31m[Ksize[m[K(); ++i) {
[2.649s]       |                                                     [01;31m[K^~~~[m[K
[2.649s] [01m[K/home/p/ws_demo2/src/ibvs/src/ibvs.cpp:127:55:[m[K [01;31m[Kerror: [m[Kinvalid types ‘[01m[Kint[size_t {aka long unsigned int}][m[K’ for array subscript
[2.650s]   127 |                 const auto& feature = target_features_[01;31m[K[[m[Ki];
[2.650s]       |                                                       [01;31m[K^[m[K
[2.664s] [01m[K/home/p/ws_demo2/src/ibvs/src/ibvs.cpp:[m[K In member function ‘[01m[Kvoid VisualServoInit::init_target_features()[m[K’:
[2.664s] [01m[K/home/p/ws_demo2/src/ibvs/src/ibvs.cpp:240:17:[m[K [01;31m[Kerror: [m[K‘[01m[KvpFeaturePoint[m[K’ was not declared in this scope; did you mean ‘[01m[KvpImagePoint[m[K’?
[2.664s]   240 |                 [01;31m[KvpFeaturePoint[m[K().set_uv(center_u_ - offset_u_, center_v_ - offset_v_),  // 左上
[2.664s]       |                 [01;31m[K^~~~~~~~~~~~~~[m[K
[2.664s]       |                 [32m[KvpImagePoint[m[K
[2.664s] [01m[K/home/p/ws_demo2/src/ibvs/src/ibvs.cpp:243:86:[m[K [01;31m[Kerror: [m[Kcannot convert ‘[01m[K<brace-enclosed initializer list>[m[K’ to ‘[01m[Kint[m[K’ in assignment
[2.664s]   243 | Point().set_uv(center_u_ - offset_u_, center_v_ + offset_v_)[01;31m[K}[m[K;   // 左下
[2.664s]       |                                                             [01;31m[K^[m[K
[2.664s] 
[5.572s] gmake[2]: *** [CMakeFiles/ibvs.dir/build.make:79：CMakeFiles/ibvs.dir/src/ibvs.cpp.o] 错误 1
[5.572s] gmake[1]: *** [CMakeFiles/Makefile2:153：CMakeFiles/ibvs.dir/all] 错误 2
[5.572s] gmake: *** [Makefile:146：all] 错误 2
[5.573s] Invoked command in '/home/p/ws_demo2/build/ibvs' returned '2': CMAKE_PREFIX_PATH=${CMAKE_PREFIX_PATH}:/home/p/ws_moveit2/install/moveit_configs_utils:/home/p/ws_moveit2/install/launch_param_builder:/home/p/demo_ws2/install/ur20_joint_control:/home/p/demo_ws2/install/arm_joint_control:/opt/ros/humble /usr/local/bin/cmake --build /home/p/ws_demo2/build/ibvs -- -j16 -l16
