[0.034s] Invoking command in '/home/p/ws_demo2/build/camera_image': CMAKE_PREFIX_PATH=${CMAKE_PREFIX_PATH}:/home/p/ws_moveit2/install/moveit_configs_utils:/home/p/ws_moveit2/install/launch_param_builder:/home/p/demo_ws2/install/ur20_joint_control:/home/p/demo_ws2/install/arm_joint_control:/opt/ros/humble /usr/local/bin/cmake --build /home/p/ws_demo2/build/camera_image -- -j16 -l16
[0.062s] [100%] Built target camera_image
[0.083s] Invoked command in '/home/p/ws_demo2/build/camera_image' returned '0': CMAKE_PREFIX_PATH=${CMAKE_PREFIX_PATH}:/home/p/ws_moveit2/install/moveit_configs_utils:/home/p/ws_moveit2/install/launch_param_builder:/home/p/demo_ws2/install/ur20_joint_control:/home/p/demo_ws2/install/arm_joint_control:/opt/ros/humble /usr/local/bin/cmake --build /home/p/ws_demo2/build/camera_image -- -j16 -l16
[0.084s] Invoking command in '/home/p/ws_demo2/build/camera_image': CMAKE_PREFIX_PATH=${CMAKE_PREFIX_PATH}:/home/p/ws_moveit2/install/moveit_configs_utils:/home/p/ws_moveit2/install/launch_param_builder:/home/p/demo_ws2/install/ur20_joint_control:/home/p/demo_ws2/install/arm_joint_control:/opt/ros/humble /usr/local/bin/cmake --install /home/p/ws_demo2/build/camera_image
[0.086s] -- Install configuration: ""
[0.086s] -- Up-to-date: /home/p/ws_demo2/install/camera_image/lib/camera_image/camera_image
[0.086s] -- Up-to-date: /home/p/ws_demo2/install/camera_image/share/ament_index/resource_index/package_run_dependencies/camera_image
[0.086s] -- Up-to-date: /home/p/ws_demo2/install/camera_image/share/ament_index/resource_index/parent_prefix_path/camera_image
[0.086s] -- Up-to-date: /home/p/ws_demo2/install/camera_image/share/camera_image/environment/ament_prefix_path.sh
[0.086s] -- Up-to-date: /home/p/ws_demo2/install/camera_image/share/camera_image/environment/ament_prefix_path.dsv
[0.086s] -- Up-to-date: /home/p/ws_demo2/install/camera_image/share/camera_image/environment/path.sh
[0.087s] -- Up-to-date: /home/p/ws_demo2/install/camera_image/share/camera_image/environment/path.dsv
[0.087s] -- Up-to-date: /home/p/ws_demo2/install/camera_image/share/camera_image/local_setup.bash
[0.087s] -- Up-to-date: /home/p/ws_demo2/install/camera_image/share/camera_image/local_setup.sh
[0.087s] -- Up-to-date: /home/p/ws_demo2/install/camera_image/share/camera_image/local_setup.zsh
[0.087s] -- Up-to-date: /home/p/ws_demo2/install/camera_image/share/camera_image/local_setup.dsv
[0.088s] -- Installing: /home/p/ws_demo2/install/camera_image/share/camera_image/package.dsv
[0.088s] -- Up-to-date: /home/p/ws_demo2/install/camera_image/share/ament_index/resource_index/packages/camera_image
[0.088s] -- Up-to-date: /home/p/ws_demo2/install/camera_image/share/camera_image/cmake/camera_imageConfig.cmake
[0.088s] -- Up-to-date: /home/p/ws_demo2/install/camera_image/share/camera_image/cmake/camera_imageConfig-version.cmake
[0.088s] -- Up-to-date: /home/p/ws_demo2/install/camera_image/share/camera_image/package.xml
[0.089s] Invoked command in '/home/p/ws_demo2/build/camera_image' returned '0': CMAKE_PREFIX_PATH=${CMAKE_PREFIX_PATH}:/home/p/ws_moveit2/install/moveit_configs_utils:/home/p/ws_moveit2/install/launch_param_builder:/home/p/demo_ws2/install/ur20_joint_control:/home/p/demo_ws2/install/arm_joint_control:/opt/ros/humble /usr/local/bin/cmake --install /home/p/ws_demo2/build/camera_image
