-- Found ament_cmake: 1.3.11 (/opt/ros/humble/share/ament_cmake/cmake)
-- Found rclcpp: 16.0.12 (/opt/ros/humble/share/rclcpp/cmake)
-- Found rosidl_generator_c: 3.1.6 (/opt/ros/humble/share/rosidl_generator_c/cmake)
-- Found rosidl_adapter: 3.1.6 (/opt/ros/humble/share/rosidl_adapter/cmake)
-- Found rosidl_generator_cpp: 3.1.6 (/opt/ros/humble/share/rosidl_generator_cpp/cmake)
-- Using all available rosidl_typesupport_c: rosidl_typesupport_fastrtps_c;rosidl_typesupport_introspection_c
-- Using all available rosidl_typesupport_cpp: rosidl_typesupport_fastrtps_cpp;rosidl_typesupport_introspection_cpp
-- Found rmw_implementation_cmake: 6.1.2 (/opt/ros/humble/share/rmw_implementation_cmake/cmake)
-- Found rmw_fastrtps_cpp: 6.2.7 (/opt/ros/humble/share/rmw_fastrtps_cpp/cmake)
-- Using RMW implementation 'rmw_fastrtps_cpp' as default
-- Found image_transport: 3.1.12 (/opt/ros/humble/share/image_transport/cmake)
-- Found cv_bridge: 3.2.1 (/opt/ros/humble/share/cv_bridge/cmake)
-- Found ament_lint_auto: 0.12.12 (/opt/ros/humble/share/ament_lint_auto/cmake)
-- Added test 'cppcheck' to perform static code analysis on C / C++ code
-- Configured cppcheck include dirs: 
-- Configured cppcheck exclude dirs and/or files: 
-- Added test 'lint_cmake' to check CMake code style
-- Added test 'uncrustify' to check C / C++ code style
-- Configured uncrustify additional arguments: 
-- Added test 'xmllint' to check XML markup files
-- Configuring done (0.6s)
-- Generating done (0.1s)
-- Build files have been written to: /home/p/ws_demo2/build/ibvs
[ 50%] [32mBuilding CXX object CMakeFiles/ibvs.dir/src/ibvs.cpp.o[0m
[100%] [32m[1mLinking CXX executable ibvs[0m
[100%] Built target ibvs
-- Install configuration: ""
-- Installing: /home/p/ws_demo2/install/ibvs/lib/ibvs/ibvs
-- Set non-toolchain portion of runtime path of "/home/p/ws_demo2/install/ibvs/lib/ibvs/ibvs" to ""
-- Installing: /home/p/ws_demo2/install/ibvs/share/ament_index/resource_index/package_run_dependencies/ibvs
-- Installing: /home/p/ws_demo2/install/ibvs/share/ament_index/resource_index/parent_prefix_path/ibvs
-- Installing: /home/p/ws_demo2/install/ibvs/share/ibvs/environment/ament_prefix_path.sh
-- Installing: /home/p/ws_demo2/install/ibvs/share/ibvs/environment/ament_prefix_path.dsv
-- Installing: /home/p/ws_demo2/install/ibvs/share/ibvs/environment/path.sh
-- Installing: /home/p/ws_demo2/install/ibvs/share/ibvs/environment/path.dsv
-- Installing: /home/p/ws_demo2/install/ibvs/share/ibvs/local_setup.bash
-- Installing: /home/p/ws_demo2/install/ibvs/share/ibvs/local_setup.sh
-- Installing: /home/p/ws_demo2/install/ibvs/share/ibvs/local_setup.zsh
-- Installing: /home/p/ws_demo2/install/ibvs/share/ibvs/local_setup.dsv
-- Installing: /home/p/ws_demo2/install/ibvs/share/ibvs/package.dsv
-- Installing: /home/p/ws_demo2/install/ibvs/share/ament_index/resource_index/packages/ibvs
-- Installing: /home/p/ws_demo2/install/ibvs/share/ibvs/cmake/ibvsConfig.cmake
-- Installing: /home/p/ws_demo2/install/ibvs/share/ibvs/cmake/ibvsConfig-version.cmake
-- Installing: /home/p/ws_demo2/install/ibvs/share/ibvs/package.xml
