[ 50%] [32mBuilding CXX object CMakeFiles/ibvs.dir/src/ibvs.cpp.o[0m
[100%] [32m[1mLinking CXX executable ibvs[0m
[100%] Built target ibvs
-- Install configuration: ""
-- Installing: /home/p/ws_demo2/install/ibvs/lib/ibvs/ibvs
-- Set non-toolchain portion of runtime path of "/home/p/ws_demo2/install/ibvs/lib/ibvs/ibvs" to ""
-- Installing: /home/p/ws_demo2/install/ibvs/share/ament_index/resource_index/package_run_dependencies/ibvs
-- Installing: /home/p/ws_demo2/install/ibvs/share/ament_index/resource_index/parent_prefix_path/ibvs
-- Installing: /home/p/ws_demo2/install/ibvs/share/ibvs/environment/ament_prefix_path.sh
-- Installing: /home/p/ws_demo2/install/ibvs/share/ibvs/environment/ament_prefix_path.dsv
-- Installing: /home/p/ws_demo2/install/ibvs/share/ibvs/environment/path.sh
-- Installing: /home/p/ws_demo2/install/ibvs/share/ibvs/environment/path.dsv
-- Installing: /home/p/ws_demo2/install/ibvs/share/ibvs/local_setup.bash
-- Installing: /home/p/ws_demo2/install/ibvs/share/ibvs/local_setup.sh
-- Installing: /home/p/ws_demo2/install/ibvs/share/ibvs/local_setup.zsh
-- Installing: /home/p/ws_demo2/install/ibvs/share/ibvs/local_setup.dsv
-- Installing: /home/p/ws_demo2/install/ibvs/share/ibvs/package.dsv
-- Installing: /home/p/ws_demo2/install/ibvs/share/ament_index/resource_index/packages/ibvs
-- Installing: /home/p/ws_demo2/install/ibvs/share/ibvs/cmake/ibvsConfig.cmake
-- Installing: /home/p/ws_demo2/install/ibvs/share/ibvs/cmake/ibvsConfig-version.cmake
-- Installing: /home/p/ws_demo2/install/ibvs/share/ibvs/package.xml
