[0.030s] Invoking command in '/home/p/ws_demo2/build/service_interfaces': CMAKE_PREFIX_PATH=${CMAKE_PREFIX_PATH}:/home/p/ws_moveit2/install/moveit_configs_utils:/home/p/ws_moveit2/install/launch_param_builder:/home/p/demo_ws2/install/ur20_joint_control:/home/p/demo_ws2/install/arm_joint_control:/opt/ros/humble /usr/local/bin/cmake --build /home/p/ws_demo2/build/service_interfaces -- -j16 -l16
[0.052s] [  1%] Built target service_interfaces__cpp
[0.053s] [ 12%] Built target service_interfaces__rosidl_generator_c
[0.055s] [ 12%] Built target ament_cmake_python_copy_service_interfaces
[0.068s] [ 23%] Built target service_interfaces__rosidl_typesupport_c
[0.068s] [ 38%] Built target service_interfaces__rosidl_typesupport_introspection_cpp
[0.068s] [ 45%] Built target service_interfaces__rosidl_typesupport_introspection_c
[0.068s] [ 56%] Built target service_interfaces__rosidl_typesupport_fastrtps_cpp
[0.068s] [ 67%] Built target service_interfaces__rosidl_typesupport_cpp
[0.068s] [ 78%] Built target service_interfaces__rosidl_typesupport_fastrtps_c
[0.076s] [ 78%] Built target service_interfaces
[0.085s] [ 80%] Built target service_interfaces__py
[0.098s] [ 89%] Built target service_interfaces__rosidl_generator_py
[0.107s] [ 92%] Built target service_interfaces__rosidl_typesupport_fastrtps_c__pyext
[0.107s] [ 96%] Built target service_interfaces__rosidl_typesupport_c__pyext
[0.108s] [100%] Built target service_interfaces__rosidl_typesupport_introspection_c__pyext
[0.257s] running egg_info
[0.257s] writing service_interfaces.egg-info/PKG-INFO
[0.257s] writing dependency_links to service_interfaces.egg-info/dependency_links.txt
[0.257s] writing top-level names to service_interfaces.egg-info/top_level.txt
[0.259s] reading manifest file 'service_interfaces.egg-info/SOURCES.txt'
[0.260s] writing manifest file 'service_interfaces.egg-info/SOURCES.txt'
[0.275s] [100%] Built target ament_cmake_python_build_service_interfaces_egg
[0.279s] Invoked command in '/home/p/ws_demo2/build/service_interfaces' returned '0': CMAKE_PREFIX_PATH=${CMAKE_PREFIX_PATH}:/home/p/ws_moveit2/install/moveit_configs_utils:/home/p/ws_moveit2/install/launch_param_builder:/home/p/demo_ws2/install/ur20_joint_control:/home/p/demo_ws2/install/arm_joint_control:/opt/ros/humble /usr/local/bin/cmake --build /home/p/ws_demo2/build/service_interfaces -- -j16 -l16
[0.281s] Invoking command in '/home/p/ws_demo2/build/service_interfaces': CMAKE_PREFIX_PATH=${CMAKE_PREFIX_PATH}:/home/p/ws_moveit2/install/moveit_configs_utils:/home/p/ws_moveit2/install/launch_param_builder:/home/p/demo_ws2/install/ur20_joint_control:/home/p/demo_ws2/install/arm_joint_control:/opt/ros/humble /usr/local/bin/cmake --install /home/p/ws_demo2/build/service_interfaces
[0.283s] -- Install configuration: ""
[0.283s] -- Up-to-date: /home/p/ws_demo2/install/service_interfaces/share/ament_index/resource_index/rosidl_interfaces/service_interfaces
[0.283s] -- Up-to-date: /home/p/ws_demo2/install/service_interfaces/include/service_interfaces/service_interfaces
[0.284s] -- Up-to-date: /home/p/ws_demo2/install/service_interfaces/include/service_interfaces/service_interfaces/srv
[0.284s] -- Up-to-date: /home/p/ws_demo2/install/service_interfaces/include/service_interfaces/service_interfaces/srv/detail
[0.284s] -- Up-to-date: /home/p/ws_demo2/install/service_interfaces/include/service_interfaces/service_interfaces/srv/detail/send_grasp_request__struct.h
[0.284s] -- Up-to-date: /home/p/ws_demo2/install/service_interfaces/include/service_interfaces/service_interfaces/srv/detail/send_gripper_request__type_support.h
[0.284s] -- Up-to-date: /home/p/ws_demo2/install/service_interfaces/include/service_interfaces/service_interfaces/srv/detail/send_gripper_request__struct.h
[0.284s] -- Up-to-date: /home/p/ws_demo2/install/service_interfaces/include/service_interfaces/service_interfaces/srv/detail/send_gripper_request__functions.h
[0.284s] -- Up-to-date: /home/p/ws_demo2/install/service_interfaces/include/service_interfaces/service_interfaces/srv/detail/get_jacobian__functions.h
[0.284s] -- Up-to-date: /home/p/ws_demo2/install/service_interfaces/include/service_interfaces/service_interfaces/srv/detail/get_jacobian__functions.c
[0.284s] -- Up-to-date: /home/p/ws_demo2/install/service_interfaces/include/service_interfaces/service_interfaces/srv/detail/send_grasp_request__functions.c
[0.284s] -- Up-to-date: /home/p/ws_demo2/install/service_interfaces/include/service_interfaces/service_interfaces/srv/detail/send_grasp_request__functions.h
[0.284s] -- Up-to-date: /home/p/ws_demo2/install/service_interfaces/include/service_interfaces/service_interfaces/srv/detail/get_jacobian__struct.h
[0.284s] -- Up-to-date: /home/p/ws_demo2/install/service_interfaces/include/service_interfaces/service_interfaces/srv/detail/get_jacobian__type_support.h
[0.284s] -- Up-to-date: /home/p/ws_demo2/install/service_interfaces/include/service_interfaces/service_interfaces/srv/detail/send_gripper_request__functions.c
[0.284s] -- Up-to-date: /home/p/ws_demo2/install/service_interfaces/include/service_interfaces/service_interfaces/srv/detail/send_grasp_request__type_support.h
[0.284s] -- Up-to-date: /home/p/ws_demo2/install/service_interfaces/include/service_interfaces/service_interfaces/srv/send_grasp_request.h
[0.284s] -- Up-to-date: /home/p/ws_demo2/install/service_interfaces/include/service_interfaces/service_interfaces/srv/send_gripper_request.h
[0.284s] -- Up-to-date: /home/p/ws_demo2/install/service_interfaces/include/service_interfaces/service_interfaces/srv/get_jacobian.h
[0.285s] -- Up-to-date: /home/p/ws_demo2/install/service_interfaces/include/service_interfaces/service_interfaces/msg
[0.285s] -- Up-to-date: /home/p/ws_demo2/install/service_interfaces/include/service_interfaces/service_interfaces/msg/detail
[0.285s] -- Up-to-date: /home/p/ws_demo2/install/service_interfaces/include/service_interfaces/service_interfaces/msg/detail/moment_features__type_support.h
[0.285s] -- Up-to-date: /home/p/ws_demo2/install/service_interfaces/include/service_interfaces/service_interfaces/msg/detail/moment_features__functions.h
[0.285s] -- Up-to-date: /home/p/ws_demo2/install/service_interfaces/include/service_interfaces/service_interfaces/msg/detail/moment_features__struct.h
[0.285s] -- Up-to-date: /home/p/ws_demo2/install/service_interfaces/include/service_interfaces/service_interfaces/msg/detail/moment_features__functions.c
[0.285s] -- Up-to-date: /home/p/ws_demo2/install/service_interfaces/include/service_interfaces/service_interfaces/msg/moment_features.h
[0.285s] -- Up-to-date: /home/p/ws_demo2/install/service_interfaces/include/service_interfaces/service_interfaces/msg/rosidl_generator_c__visibility_control.h
[0.285s] -- Up-to-date: /home/p/ws_demo2/install/service_interfaces/share/service_interfaces/environment/library_path.sh
[0.285s] -- Up-to-date: /home/p/ws_demo2/install/service_interfaces/share/service_interfaces/environment/library_path.dsv
[0.285s] -- Up-to-date: /home/p/ws_demo2/install/service_interfaces/lib/libservice_interfaces__rosidl_generator_c.so
[0.285s] -- Up-to-date: /home/p/ws_demo2/install/service_interfaces/include/service_interfaces/service_interfaces
[0.285s] -- Up-to-date: /home/p/ws_demo2/install/service_interfaces/include/service_interfaces/service_interfaces/srv
[0.285s] -- Up-to-date: /home/p/ws_demo2/install/service_interfaces/include/service_interfaces/service_interfaces/srv/detail
[0.285s] -- Up-to-date: /home/p/ws_demo2/install/service_interfaces/include/service_interfaces/service_interfaces/srv/detail/get_jacobian__rosidl_typesupport_fastrtps_c.h
[0.286s] -- Up-to-date: /home/p/ws_demo2/install/service_interfaces/include/service_interfaces/service_interfaces/srv/detail/send_grasp_request__rosidl_typesupport_fastrtps_c.h
[0.286s] -- Up-to-date: /home/p/ws_demo2/install/service_interfaces/include/service_interfaces/service_interfaces/srv/detail/send_gripper_request__rosidl_typesupport_fastrtps_c.h
[0.286s] -- Up-to-date: /home/p/ws_demo2/install/service_interfaces/include/service_interfaces/service_interfaces/msg
[0.286s] -- Up-to-date: /home/p/ws_demo2/install/service_interfaces/include/service_interfaces/service_interfaces/msg/detail
[0.286s] -- Up-to-date: /home/p/ws_demo2/install/service_interfaces/include/service_interfaces/service_interfaces/msg/detail/moment_features__rosidl_typesupport_fastrtps_c.h
[0.286s] -- Up-to-date: /home/p/ws_demo2/install/service_interfaces/include/service_interfaces/service_interfaces/msg/rosidl_typesupport_fastrtps_c__visibility_control.h
[0.286s] -- Up-to-date: /home/p/ws_demo2/install/service_interfaces/lib/libservice_interfaces__rosidl_typesupport_fastrtps_c.so
[0.286s] -- Up-to-date: /home/p/ws_demo2/install/service_interfaces/include/service_interfaces/service_interfaces
[0.286s] -- Up-to-date: /home/p/ws_demo2/install/service_interfaces/include/service_interfaces/service_interfaces/srv
[0.286s] -- Up-to-date: /home/p/ws_demo2/install/service_interfaces/include/service_interfaces/service_interfaces/srv/detail
[0.286s] -- Up-to-date: /home/p/ws_demo2/install/service_interfaces/include/service_interfaces/service_interfaces/srv/detail/send_gripper_request__rosidl_typesupport_introspection_c.h
[0.286s] -- Up-to-date: /home/p/ws_demo2/install/service_interfaces/include/service_interfaces/service_interfaces/srv/detail/get_jacobian__rosidl_typesupport_introspection_c.h
[0.286s] -- Up-to-date: /home/p/ws_demo2/install/service_interfaces/include/service_interfaces/service_interfaces/srv/detail/send_gripper_request__type_support.c
[0.286s] -- Up-to-date: /home/p/ws_demo2/install/service_interfaces/include/service_interfaces/service_interfaces/srv/detail/send_grasp_request__type_support.c
[0.286s] -- Up-to-date: /home/p/ws_demo2/install/service_interfaces/include/service_interfaces/service_interfaces/srv/detail/get_jacobian__type_support.c
[0.286s] -- Up-to-date: /home/p/ws_demo2/install/service_interfaces/include/service_interfaces/service_interfaces/srv/detail/send_grasp_request__rosidl_typesupport_introspection_c.h
[0.286s] -- Up-to-date: /home/p/ws_demo2/install/service_interfaces/include/service_interfaces/service_interfaces/msg
[0.286s] -- Up-to-date: /home/p/ws_demo2/install/service_interfaces/include/service_interfaces/service_interfaces/msg/detail
[0.287s] -- Up-to-date: /home/p/ws_demo2/install/service_interfaces/include/service_interfaces/service_interfaces/msg/detail/moment_features__type_support.c
[0.287s] -- Up-to-date: /home/p/ws_demo2/install/service_interfaces/include/service_interfaces/service_interfaces/msg/detail/moment_features__rosidl_typesupport_introspection_c.h
[0.287s] -- Up-to-date: /home/p/ws_demo2/install/service_interfaces/include/service_interfaces/service_interfaces/msg/rosidl_typesupport_introspection_c__visibility_control.h
[0.287s] -- Up-to-date: /home/p/ws_demo2/install/service_interfaces/lib/libservice_interfaces__rosidl_typesupport_introspection_c.so
[0.287s] -- Up-to-date: /home/p/ws_demo2/install/service_interfaces/lib/libservice_interfaces__rosidl_typesupport_c.so
[0.287s] -- Up-to-date: /home/p/ws_demo2/install/service_interfaces/include/service_interfaces/service_interfaces
[0.287s] -- Up-to-date: /home/p/ws_demo2/install/service_interfaces/include/service_interfaces/service_interfaces/srv
[0.287s] -- Up-to-date: /home/p/ws_demo2/install/service_interfaces/include/service_interfaces/service_interfaces/srv/detail
[0.287s] -- Up-to-date: /home/p/ws_demo2/install/service_interfaces/include/service_interfaces/service_interfaces/srv/detail/send_gripper_request__builder.hpp
[0.287s] -- Up-to-date: /home/p/ws_demo2/install/service_interfaces/include/service_interfaces/service_interfaces/srv/detail/send_grasp_request__builder.hpp
[0.287s] -- Up-to-date: /home/p/ws_demo2/install/service_interfaces/include/service_interfaces/service_interfaces/srv/detail/send_grasp_request__type_support.hpp
[0.287s] -- Up-to-date: /home/p/ws_demo2/install/service_interfaces/include/service_interfaces/service_interfaces/srv/detail/get_jacobian__traits.hpp
[0.287s] -- Up-to-date: /home/p/ws_demo2/install/service_interfaces/include/service_interfaces/service_interfaces/srv/detail/get_jacobian__struct.hpp
[0.287s] -- Up-to-date: /home/p/ws_demo2/install/service_interfaces/include/service_interfaces/service_interfaces/srv/detail/send_grasp_request__struct.hpp
[0.287s] -- Up-to-date: /home/p/ws_demo2/install/service_interfaces/include/service_interfaces/service_interfaces/srv/detail/get_jacobian__builder.hpp
[0.287s] -- Up-to-date: /home/p/ws_demo2/install/service_interfaces/include/service_interfaces/service_interfaces/srv/detail/send_gripper_request__traits.hpp
[0.287s] -- Up-to-date: /home/p/ws_demo2/install/service_interfaces/include/service_interfaces/service_interfaces/srv/detail/send_grasp_request__traits.hpp
[0.287s] -- Up-to-date: /home/p/ws_demo2/install/service_interfaces/include/service_interfaces/service_interfaces/srv/detail/send_gripper_request__struct.hpp
[0.287s] -- Up-to-date: /home/p/ws_demo2/install/service_interfaces/include/service_interfaces/service_interfaces/srv/detail/send_gripper_request__type_support.hpp
[0.288s] -- Up-to-date: /home/p/ws_demo2/install/service_interfaces/include/service_interfaces/service_interfaces/srv/detail/get_jacobian__type_support.hpp
[0.288s] -- Up-to-date: /home/p/ws_demo2/install/service_interfaces/include/service_interfaces/service_interfaces/srv/send_gripper_request.hpp
[0.288s] -- Up-to-date: /home/p/ws_demo2/install/service_interfaces/include/service_interfaces/service_interfaces/srv/get_jacobian.hpp
[0.288s] -- Up-to-date: /home/p/ws_demo2/install/service_interfaces/include/service_interfaces/service_interfaces/srv/send_grasp_request.hpp
[0.288s] -- Up-to-date: /home/p/ws_demo2/install/service_interfaces/include/service_interfaces/service_interfaces/msg
[0.288s] -- Up-to-date: /home/p/ws_demo2/install/service_interfaces/include/service_interfaces/service_interfaces/msg/detail
[0.288s] -- Up-to-date: /home/p/ws_demo2/install/service_interfaces/include/service_interfaces/service_interfaces/msg/detail/moment_features__traits.hpp
[0.288s] -- Up-to-date: /home/p/ws_demo2/install/service_interfaces/include/service_interfaces/service_interfaces/msg/detail/moment_features__struct.hpp
[0.288s] -- Up-to-date: /home/p/ws_demo2/install/service_interfaces/include/service_interfaces/service_interfaces/msg/detail/moment_features__builder.hpp
[0.288s] -- Up-to-date: /home/p/ws_demo2/install/service_interfaces/include/service_interfaces/service_interfaces/msg/detail/moment_features__type_support.hpp
[0.288s] -- Up-to-date: /home/p/ws_demo2/install/service_interfaces/include/service_interfaces/service_interfaces/msg/rosidl_generator_cpp__visibility_control.hpp
[0.288s] -- Up-to-date: /home/p/ws_demo2/install/service_interfaces/include/service_interfaces/service_interfaces/msg/moment_features.hpp
[0.288s] -- Up-to-date: /home/p/ws_demo2/install/service_interfaces/include/service_interfaces/service_interfaces
[0.288s] -- Up-to-date: /home/p/ws_demo2/install/service_interfaces/include/service_interfaces/service_interfaces/srv
[0.288s] -- Up-to-date: /home/p/ws_demo2/install/service_interfaces/include/service_interfaces/service_interfaces/srv/detail
[0.288s] -- Up-to-date: /home/p/ws_demo2/install/service_interfaces/include/service_interfaces/service_interfaces/srv/detail/dds_fastrtps
[0.288s] -- Up-to-date: /home/p/ws_demo2/install/service_interfaces/include/service_interfaces/service_interfaces/srv/detail/get_jacobian__rosidl_typesupport_fastrtps_cpp.hpp
[0.288s] -- Up-to-date: /home/p/ws_demo2/install/service_interfaces/include/service_interfaces/service_interfaces/srv/detail/send_gripper_request__rosidl_typesupport_fastrtps_cpp.hpp
[0.288s] -- Up-to-date: /home/p/ws_demo2/install/service_interfaces/include/service_interfaces/service_interfaces/srv/detail/send_grasp_request__rosidl_typesupport_fastrtps_cpp.hpp
[0.289s] -- Up-to-date: /home/p/ws_demo2/install/service_interfaces/include/service_interfaces/service_interfaces/msg
[0.289s] -- Up-to-date: /home/p/ws_demo2/install/service_interfaces/include/service_interfaces/service_interfaces/msg/rosidl_typesupport_fastrtps_cpp__visibility_control.h
[0.289s] -- Up-to-date: /home/p/ws_demo2/install/service_interfaces/include/service_interfaces/service_interfaces/msg/detail
[0.289s] -- Up-to-date: /home/p/ws_demo2/install/service_interfaces/include/service_interfaces/service_interfaces/msg/detail/dds_fastrtps
[0.289s] -- Up-to-date: /home/p/ws_demo2/install/service_interfaces/include/service_interfaces/service_interfaces/msg/detail/moment_features__rosidl_typesupport_fastrtps_cpp.hpp
[0.289s] -- Up-to-date: /home/p/ws_demo2/install/service_interfaces/lib/libservice_interfaces__rosidl_typesupport_fastrtps_cpp.so
[0.289s] -- Up-to-date: /home/p/ws_demo2/install/service_interfaces/include/service_interfaces/service_interfaces
[0.289s] -- Up-to-date: /home/p/ws_demo2/install/service_interfaces/include/service_interfaces/service_interfaces/srv
[0.289s] -- Up-to-date: /home/p/ws_demo2/install/service_interfaces/include/service_interfaces/service_interfaces/srv/detail
[0.289s] -- Up-to-date: /home/p/ws_demo2/install/service_interfaces/include/service_interfaces/service_interfaces/srv/detail/send_grasp_request__type_support.cpp
[0.289s] -- Up-to-date: /home/p/ws_demo2/install/service_interfaces/include/service_interfaces/service_interfaces/srv/detail/send_gripper_request__type_support.cpp
[0.289s] -- Up-to-date: /home/p/ws_demo2/install/service_interfaces/include/service_interfaces/service_interfaces/srv/detail/get_jacobian__rosidl_typesupport_introspection_cpp.hpp
[0.289s] -- Up-to-date: /home/p/ws_demo2/install/service_interfaces/include/service_interfaces/service_interfaces/srv/detail/get_jacobian__type_support.cpp
[0.289s] -- Up-to-date: /home/p/ws_demo2/install/service_interfaces/include/service_interfaces/service_interfaces/srv/detail/send_gripper_request__rosidl_typesupport_introspection_cpp.hpp
[0.289s] -- Up-to-date: /home/p/ws_demo2/install/service_interfaces/include/service_interfaces/service_interfaces/srv/detail/send_grasp_request__rosidl_typesupport_introspection_cpp.hpp
[0.289s] -- Up-to-date: /home/p/ws_demo2/install/service_interfaces/include/service_interfaces/service_interfaces/msg
[0.289s] -- Up-to-date: /home/p/ws_demo2/install/service_interfaces/include/service_interfaces/service_interfaces/msg/detail
[0.289s] -- Up-to-date: /home/p/ws_demo2/install/service_interfaces/include/service_interfaces/service_interfaces/msg/detail/moment_features__type_support.cpp
[0.289s] -- Up-to-date: /home/p/ws_demo2/install/service_interfaces/include/service_interfaces/service_interfaces/msg/detail/moment_features__rosidl_typesupport_introspection_cpp.hpp
[0.289s] -- Up-to-date: /home/p/ws_demo2/install/service_interfaces/lib/libservice_interfaces__rosidl_typesupport_introspection_cpp.so
[0.289s] -- Up-to-date: /home/p/ws_demo2/install/service_interfaces/lib/libservice_interfaces__rosidl_typesupport_cpp.so
[0.290s] -- Up-to-date: /home/p/ws_demo2/install/service_interfaces/share/service_interfaces/environment/pythonpath.sh
[0.290s] -- Up-to-date: /home/p/ws_demo2/install/service_interfaces/share/service_interfaces/environment/pythonpath.dsv
[0.290s] -- Up-to-date: /home/p/ws_demo2/install/service_interfaces/local/lib/python3.10/dist-packages/service_interfaces-0.0.0-py3.10.egg-info
[0.290s] -- Installing: /home/p/ws_demo2/install/service_interfaces/local/lib/python3.10/dist-packages/service_interfaces-0.0.0-py3.10.egg-info/top_level.txt
[0.290s] -- Installing: /home/p/ws_demo2/install/service_interfaces/local/lib/python3.10/dist-packages/service_interfaces-0.0.0-py3.10.egg-info/SOURCES.txt
[0.290s] -- Installing: /home/p/ws_demo2/install/service_interfaces/local/lib/python3.10/dist-packages/service_interfaces-0.0.0-py3.10.egg-info/PKG-INFO
[0.290s] -- Installing: /home/p/ws_demo2/install/service_interfaces/local/lib/python3.10/dist-packages/service_interfaces-0.0.0-py3.10.egg-info/dependency_links.txt
[0.290s] -- Up-to-date: /home/p/ws_demo2/install/service_interfaces/local/lib/python3.10/dist-packages/service_interfaces
[0.290s] -- Up-to-date: /home/p/ws_demo2/install/service_interfaces/local/lib/python3.10/dist-packages/service_interfaces/_service_interfaces_s.ep.rosidl_typesupport_introspection_c.c
[0.290s] -- Up-to-date: /home/p/ws_demo2/install/service_interfaces/local/lib/python3.10/dist-packages/service_interfaces/__init__.py
[0.290s] -- Up-to-date: /home/p/ws_demo2/install/service_interfaces/local/lib/python3.10/dist-packages/service_interfaces/_service_interfaces_s.ep.rosidl_typesupport_c.c
[0.290s] -- Up-to-date: /home/p/ws_demo2/install/service_interfaces/local/lib/python3.10/dist-packages/service_interfaces/service_interfaces_s__rosidl_typesupport_introspection_c.cpython-310-x86_64-linux-gnu.so
[0.290s] -- Up-to-date: /home/p/ws_demo2/install/service_interfaces/local/lib/python3.10/dist-packages/service_interfaces/srv
[0.290s] -- Up-to-date: /home/p/ws_demo2/install/service_interfaces/local/lib/python3.10/dist-packages/service_interfaces/srv/_get_jacobian.py
[0.290s] -- Up-to-date: /home/p/ws_demo2/install/service_interfaces/local/lib/python3.10/dist-packages/service_interfaces/srv/__init__.py
[0.290s] -- Up-to-date: /home/p/ws_demo2/install/service_interfaces/local/lib/python3.10/dist-packages/service_interfaces/srv/_get_jacobian_s.c
[0.290s] -- Up-to-date: /home/p/ws_demo2/install/service_interfaces/local/lib/python3.10/dist-packages/service_interfaces/srv/_send_grasp_request_s.c
[0.290s] -- Up-to-date: /home/p/ws_demo2/install/service_interfaces/local/lib/python3.10/dist-packages/service_interfaces/srv/_send_gripper_request.py
[0.290s] -- Up-to-date: /home/p/ws_demo2/install/service_interfaces/local/lib/python3.10/dist-packages/service_interfaces/srv/_send_grasp_request.py
[0.290s] -- Up-to-date: /home/p/ws_demo2/install/service_interfaces/local/lib/python3.10/dist-packages/service_interfaces/srv/_send_gripper_request_s.c
[0.290s] -- Up-to-date: /home/p/ws_demo2/install/service_interfaces/local/lib/python3.10/dist-packages/service_interfaces/service_interfaces_s__rosidl_typesupport_c.cpython-310-x86_64-linux-gnu.so
[0.291s] -- Up-to-date: /home/p/ws_demo2/install/service_interfaces/local/lib/python3.10/dist-packages/service_interfaces/service_interfaces_s__rosidl_typesupport_fastrtps_c.cpython-310-x86_64-linux-gnu.so
[0.291s] -- Up-to-date: /home/p/ws_demo2/install/service_interfaces/local/lib/python3.10/dist-packages/service_interfaces/libservice_interfaces__rosidl_generator_py.so
[0.291s] -- Up-to-date: /home/p/ws_demo2/install/service_interfaces/local/lib/python3.10/dist-packages/service_interfaces/_service_interfaces_s.ep.rosidl_typesupport_fastrtps_c.c
[0.291s] -- Up-to-date: /home/p/ws_demo2/install/service_interfaces/local/lib/python3.10/dist-packages/service_interfaces/msg
[0.291s] -- Up-to-date: /home/p/ws_demo2/install/service_interfaces/local/lib/python3.10/dist-packages/service_interfaces/msg/_moment_features_s.c
[0.291s] -- Up-to-date: /home/p/ws_demo2/install/service_interfaces/local/lib/python3.10/dist-packages/service_interfaces/msg/__init__.py
[0.291s] -- Up-to-date: /home/p/ws_demo2/install/service_interfaces/local/lib/python3.10/dist-packages/service_interfaces/msg/_moment_features.py
[0.314s] Listing '/home/p/ws_demo2/install/service_interfaces/local/lib/python3.10/dist-packages/service_interfaces'...
[0.314s] Listing '/home/p/ws_demo2/install/service_interfaces/local/lib/python3.10/dist-packages/service_interfaces/msg'...
[0.314s] Listing '/home/p/ws_demo2/install/service_interfaces/local/lib/python3.10/dist-packages/service_interfaces/srv'...
[0.317s] -- Up-to-date: /home/p/ws_demo2/install/service_interfaces/local/lib/python3.10/dist-packages/service_interfaces/service_interfaces_s__rosidl_typesupport_fastrtps_c.cpython-310-x86_64-linux-gnu.so
[0.317s] -- Up-to-date: /home/p/ws_demo2/install/service_interfaces/local/lib/python3.10/dist-packages/service_interfaces/service_interfaces_s__rosidl_typesupport_introspection_c.cpython-310-x86_64-linux-gnu.so
[0.317s] -- Up-to-date: /home/p/ws_demo2/install/service_interfaces/local/lib/python3.10/dist-packages/service_interfaces/service_interfaces_s__rosidl_typesupport_c.cpython-310-x86_64-linux-gnu.so
[0.318s] -- Up-to-date: /home/p/ws_demo2/install/service_interfaces/lib/libservice_interfaces__rosidl_generator_py.so
[0.318s] -- Up-to-date: /home/p/ws_demo2/install/service_interfaces/share/service_interfaces/srv/SendGraspRequest.idl
[0.318s] -- Up-to-date: /home/p/ws_demo2/install/service_interfaces/share/service_interfaces/srv/SendGripperRequest.idl
[0.318s] -- Up-to-date: /home/p/ws_demo2/install/service_interfaces/share/service_interfaces/srv/GetJacobian.idl
[0.318s] -- Up-to-date: /home/p/ws_demo2/install/service_interfaces/share/service_interfaces/msg/MomentFeatures.idl
[0.318s] -- Up-to-date: /home/p/ws_demo2/install/service_interfaces/share/service_interfaces/srv/SendGraspRequest.srv
[0.318s] -- Up-to-date: /home/p/ws_demo2/install/service_interfaces/share/service_interfaces/srv/SendGraspRequest_Request.msg
[0.318s] -- Up-to-date: /home/p/ws_demo2/install/service_interfaces/share/service_interfaces/srv/SendGraspRequest_Response.msg
[0.318s] -- Up-to-date: /home/p/ws_demo2/install/service_interfaces/share/service_interfaces/srv/SendGripperRequest.srv
[0.318s] -- Up-to-date: /home/p/ws_demo2/install/service_interfaces/share/service_interfaces/srv/SendGripperRequest_Request.msg
[0.318s] -- Up-to-date: /home/p/ws_demo2/install/service_interfaces/share/service_interfaces/srv/SendGripperRequest_Response.msg
[0.318s] -- Up-to-date: /home/p/ws_demo2/install/service_interfaces/share/service_interfaces/srv/GetJacobian.srv
[0.319s] -- Up-to-date: /home/p/ws_demo2/install/service_interfaces/share/service_interfaces/srv/GetJacobian_Request.msg
[0.319s] -- Up-to-date: /home/p/ws_demo2/install/service_interfaces/share/service_interfaces/srv/GetJacobian_Response.msg
[0.319s] -- Up-to-date: /home/p/ws_demo2/install/service_interfaces/share/service_interfaces/msg/MomentFeatures.msg
[0.319s] -- Up-to-date: /home/p/ws_demo2/install/service_interfaces/share/ament_index/resource_index/package_run_dependencies/service_interfaces
[0.319s] -- Up-to-date: /home/p/ws_demo2/install/service_interfaces/share/ament_index/resource_index/parent_prefix_path/service_interfaces
[0.319s] -- Up-to-date: /home/p/ws_demo2/install/service_interfaces/share/service_interfaces/environment/ament_prefix_path.sh
[0.319s] -- Up-to-date: /home/p/ws_demo2/install/service_interfaces/share/service_interfaces/environment/ament_prefix_path.dsv
[0.319s] -- Up-to-date: /home/p/ws_demo2/install/service_interfaces/share/service_interfaces/environment/path.sh
[0.319s] -- Up-to-date: /home/p/ws_demo2/install/service_interfaces/share/service_interfaces/environment/path.dsv
[0.319s] -- Up-to-date: /home/p/ws_demo2/install/service_interfaces/share/service_interfaces/local_setup.bash
[0.319s] -- Up-to-date: /home/p/ws_demo2/install/service_interfaces/share/service_interfaces/local_setup.sh
[0.319s] -- Up-to-date: /home/p/ws_demo2/install/service_interfaces/share/service_interfaces/local_setup.zsh
[0.319s] -- Up-to-date: /home/p/ws_demo2/install/service_interfaces/share/service_interfaces/local_setup.dsv
[0.319s] -- Installing: /home/p/ws_demo2/install/service_interfaces/share/service_interfaces/package.dsv
[0.319s] -- Up-to-date: /home/p/ws_demo2/install/service_interfaces/share/ament_index/resource_index/packages/service_interfaces
[0.319s] -- Up-to-date: /home/p/ws_demo2/install/service_interfaces/share/service_interfaces/cmake/export_service_interfaces__rosidl_generator_cExport.cmake
[0.319s] -- Up-to-date: /home/p/ws_demo2/install/service_interfaces/share/service_interfaces/cmake/export_service_interfaces__rosidl_generator_cExport-noconfig.cmake
[0.319s] -- Up-to-date: /home/p/ws_demo2/install/service_interfaces/share/service_interfaces/cmake/export_service_interfaces__rosidl_typesupport_fastrtps_cExport.cmake
[0.319s] -- Up-to-date: /home/p/ws_demo2/install/service_interfaces/share/service_interfaces/cmake/export_service_interfaces__rosidl_typesupport_fastrtps_cExport-noconfig.cmake
[0.320s] -- Up-to-date: /home/p/ws_demo2/install/service_interfaces/share/service_interfaces/cmake/service_interfaces__rosidl_typesupport_introspection_cExport.cmake
[0.320s] -- Up-to-date: /home/p/ws_demo2/install/service_interfaces/share/service_interfaces/cmake/service_interfaces__rosidl_typesupport_introspection_cExport-noconfig.cmake
[0.320s] -- Up-to-date: /home/p/ws_demo2/install/service_interfaces/share/service_interfaces/cmake/service_interfaces__rosidl_typesupport_cExport.cmake
[0.320s] -- Up-to-date: /home/p/ws_demo2/install/service_interfaces/share/service_interfaces/cmake/service_interfaces__rosidl_typesupport_cExport-noconfig.cmake
[0.320s] -- Up-to-date: /home/p/ws_demo2/install/service_interfaces/share/service_interfaces/cmake/export_service_interfaces__rosidl_generator_cppExport.cmake
[0.320s] -- Up-to-date: /home/p/ws_demo2/install/service_interfaces/share/service_interfaces/cmake/export_service_interfaces__rosidl_typesupport_fastrtps_cppExport.cmake
[0.320s] -- Up-to-date: /home/p/ws_demo2/install/service_interfaces/share/service_interfaces/cmake/export_service_interfaces__rosidl_typesupport_fastrtps_cppExport-noconfig.cmake
[0.320s] -- Up-to-date: /home/p/ws_demo2/install/service_interfaces/share/service_interfaces/cmake/service_interfaces__rosidl_typesupport_introspection_cppExport.cmake
[0.320s] -- Up-to-date: /home/p/ws_demo2/install/service_interfaces/share/service_interfaces/cmake/service_interfaces__rosidl_typesupport_introspection_cppExport-noconfig.cmake
[0.320s] -- Up-to-date: /home/p/ws_demo2/install/service_interfaces/share/service_interfaces/cmake/service_interfaces__rosidl_typesupport_cppExport.cmake
[0.320s] -- Up-to-date: /home/p/ws_demo2/install/service_interfaces/share/service_interfaces/cmake/service_interfaces__rosidl_typesupport_cppExport-noconfig.cmake
[0.320s] -- Up-to-date: /home/p/ws_demo2/install/service_interfaces/share/service_interfaces/cmake/export_service_interfaces__rosidl_generator_pyExport.cmake
[0.320s] -- Up-to-date: /home/p/ws_demo2/install/service_interfaces/share/service_interfaces/cmake/export_service_interfaces__rosidl_generator_pyExport-noconfig.cmake
[0.320s] -- Up-to-date: /home/p/ws_demo2/install/service_interfaces/share/service_interfaces/cmake/rosidl_cmake-extras.cmake
[0.320s] -- Up-to-date: /home/p/ws_demo2/install/service_interfaces/share/service_interfaces/cmake/ament_cmake_export_dependencies-extras.cmake
[0.320s] -- Up-to-date: /home/p/ws_demo2/install/service_interfaces/share/service_interfaces/cmake/ament_cmake_export_include_directories-extras.cmake
[0.320s] -- Up-to-date: /home/p/ws_demo2/install/service_interfaces/share/service_interfaces/cmake/ament_cmake_export_libraries-extras.cmake
[0.320s] -- Up-to-date: /home/p/ws_demo2/install/service_interfaces/share/service_interfaces/cmake/ament_cmake_export_targets-extras.cmake
[0.320s] -- Up-to-date: /home/p/ws_demo2/install/service_interfaces/share/service_interfaces/cmake/rosidl_cmake_export_typesupport_targets-extras.cmake
[0.320s] -- Up-to-date: /home/p/ws_demo2/install/service_interfaces/share/service_interfaces/cmake/rosidl_cmake_export_typesupport_libraries-extras.cmake
[0.320s] -- Up-to-date: /home/p/ws_demo2/install/service_interfaces/share/service_interfaces/cmake/service_interfacesConfig.cmake
[0.321s] -- Up-to-date: /home/p/ws_demo2/install/service_interfaces/share/service_interfaces/cmake/service_interfacesConfig-version.cmake
[0.321s] -- Up-to-date: /home/p/ws_demo2/install/service_interfaces/share/service_interfaces/package.xml
[0.321s] Invoked command in '/home/p/ws_demo2/build/service_interfaces' returned '0': CMAKE_PREFIX_PATH=${CMAKE_PREFIX_PATH}:/home/p/ws_moveit2/install/moveit_configs_utils:/home/p/ws_moveit2/install/launch_param_builder:/home/p/demo_ws2/install/ur20_joint_control:/home/p/demo_ws2/install/arm_joint_control:/opt/ros/humble /usr/local/bin/cmake --install /home/p/ws_demo2/build/service_interfaces
