[01m[K/home/p/ws_demo2/src/ibvs/src/ibvs.cpp:[m[K In member function ‘[01m[Kvoid VisualServoInit::rgb_callback(sensor_msgs::msg::Image_<std::allocator<void> >::SharedPtr)[m[K’:
[01m[K/home/p/ws_demo2/src/ibvs/src/ibvs.cpp:42:64:[m[K [01;35m[Kwarning: [m[Kunused parameter ‘[01m[Kmsg[m[K’ [[01;35m[K]8;;https://gcc.gnu.org/onlinedocs/gcc/Warning-Options.html#index-Wunused-parameter-Wunused-parameter]8;;[m[K]
   42 |     void rgb_callback([01;35m[Kconst sensor_msgs::msg::Image::SharedPtr msg[m[K)
      |                       [01;35m[K~~~~~~~~~~~~~~~~~~~~~~~~~~~~~~~~~~~~~~~~~^~~[m[K
[01m[K/home/p/ws_demo2/src/ibvs/src/ibvs.cpp:[m[K In member function ‘[01m[Kvoid VisualServoInit::depth_callback(sensor_msgs::msg::Image_<std::allocator<void> >::SharedPtr)[m[K’:
[01m[K/home/p/ws_demo2/src/ibvs/src/ibvs.cpp:54:66:[m[K [01;35m[Kwarning: [m[Kunused parameter ‘[01m[Kmsg[m[K’ [[01;35m[K]8;;https://gcc.gnu.org/onlinedocs/gcc/Warning-Options.html#index-Wunused-parameter-Wunused-parameter]8;;[m[K]
   54 |     void depth_callback([01;35m[Kconst sensor_msgs::msg::Image::SharedPtr msg[m[K)
      |                         [01;35m[K~~~~~~~~~~~~~~~~~~~~~~~~~~~~~~~~~~~~~~~~~^~~[m[K
/usr/bin/ld: CMakeFiles/ibvs.dir/src/ibvs.cpp.o: in function `VisualServoInit::VisualServoInit()':
ibvs.cpp:(.text._ZN15VisualServoInitC2Ev[_ZN15VisualServoInitC5Ev]+0x168): undefined reference to `vpCameraParameters::vpCameraParameters()'
/usr/bin/ld: ibvs.cpp:(.text._ZN15VisualServoInitC2Ev[_ZN15VisualServoInitC5Ev]+0x8bc): undefined reference to `vpCameraParameters::~vpCameraParameters()'
/usr/bin/ld: CMakeFiles/ibvs.dir/src/ibvs.cpp.o: in function `VisualServoInit::~VisualServoInit()':
ibvs.cpp:(.text._ZN15VisualServoInitD2Ev[_ZN15VisualServoInitD5Ev]+0x1b5): undefined reference to `vpCameraParameters::~vpCameraParameters()'
/usr/bin/ld: CMakeFiles/ibvs.dir/src/ibvs.cpp.o: in function `VisualServoInit::rgb_camera_info_callback(std::shared_ptr<sensor_msgs::msg::CameraInfo_<std::allocator<void> > >)':
ibvs.cpp:(.text._ZN15VisualServoInit24rgb_camera_info_callbackESt10shared_ptrIN11sensor_msgs3msg11CameraInfo_ISaIvEEEE[_ZN15VisualServoInit24rgb_camera_info_callbackESt10shared_ptrIN11sensor_msgs3msg11CameraInfo_ISaIvEEEE]+0x11a): undefined reference to `vpCameraParameters::vpCameraParameters(double, double, double, double)'
/usr/bin/ld: ibvs.cpp:(.text._ZN15VisualServoInit24rgb_camera_info_callbackESt10shared_ptrIN11sensor_msgs3msg11CameraInfo_ISaIvEEEE[_ZN15VisualServoInit24rgb_camera_info_callbackESt10shared_ptrIN11sensor_msgs3msg11CameraInfo_ISaIvEEEE]+0x13a): undefined reference to `vpCameraParameters::operator=(vpCameraParameters const&)'
/usr/bin/ld: ibvs.cpp:(.text._ZN15VisualServoInit24rgb_camera_info_callbackESt10shared_ptrIN11sensor_msgs3msg11CameraInfo_ISaIvEEEE[_ZN15VisualServoInit24rgb_camera_info_callbackESt10shared_ptrIN11sensor_msgs3msg11CameraInfo_ISaIvEEEE]+0x149): undefined reference to `vpCameraParameters::~vpCameraParameters()'
/usr/bin/ld: ibvs.cpp:(.text._ZN15VisualServoInit24rgb_camera_info_callbackESt10shared_ptrIN11sensor_msgs3msg11CameraInfo_ISaIvEEEE[_ZN15VisualServoInit24rgb_camera_info_callbackESt10shared_ptrIN11sensor_msgs3msg11CameraInfo_ISaIvEEEE]+0x471): undefined reference to `vpCameraParameters::~vpCameraParameters()'
collect2: error: ld returned 1 exit status
gmake[2]: *** [CMakeFiles/ibvs.dir/build.make:195：ibvs] 错误 1
gmake[1]: *** [CMakeFiles/Makefile2:153：CMakeFiles/ibvs.dir/all] 错误 2
gmake: *** [Makefile:146：all] 错误 2
