-- The C compiler identification is GNU 12.3.0
-- The CXX compiler identification is GNU 12.3.0
-- Detecting C compiler ABI info
-- Detecting C compiler ABI info - done
-- Check for working C compiler: /usr/bin/cc - skipped
-- Detecting C compile features
-- Detecting C compile features - done
-- Detecting CXX compiler ABI info
-- Detecting CXX compiler ABI info - done
-- Check for working CXX compiler: /usr/bin/c++ - skipped
-- Detecting CXX compile features
-- Detecting CXX compile features - done
-- Found ament_cmake: 1.3.11 (/opt/ros/humble/share/ament_cmake/cmake)
-- Found Python3: /usr/bin/python3 (found version "3.10.12") found components: Interpreter
-- Found rclcpp: 16.0.12 (/opt/ros/humble/share/rclcpp/cmake)
-- Found rosidl_generator_c: 3.1.6 (/opt/ros/humble/share/rosidl_generator_c/cmake)
-- Found rosidl_adapter: 3.1.6 (/opt/ros/humble/share/rosidl_adapter/cmake)
-- Found rosidl_generator_cpp: 3.1.6 (/opt/ros/humble/share/rosidl_generator_cpp/cmake)
-- Using all available rosidl_typesupport_c: rosidl_typesupport_fastrtps_c;rosidl_typesupport_introspection_c
-- Using all available rosidl_typesupport_cpp: rosidl_typesupport_fastrtps_cpp;rosidl_typesupport_introspection_cpp
-- Found rmw_implementation_cmake: 6.1.2 (/opt/ros/humble/share/rmw_implementation_cmake/cmake)
-- Found rmw_fastrtps_cpp: 6.2.7 (/opt/ros/humble/share/rmw_fastrtps_cpp/cmake)
-- Found OpenSSL: /usr/lib/x86_64-linux-gnu/libcrypto.so (found version "3.0.2")
-- Found FastRTPS: /opt/ros/humble/include
-- Using RMW implementation 'rmw_fastrtps_cpp' as default
-- Performing Test CMAKE_HAVE_LIBC_PTHREAD
-- Performing Test CMAKE_HAVE_LIBC_PTHREAD - Success
-- Found Threads: TRUE
-- Found image_transport: 3.1.12 (/opt/ros/humble/share/image_transport/cmake)
-- Found cv_bridge: 3.2.1 (/opt/ros/humble/share/cv_bridge/cmake)
-- Found OpenCV: /usr/local (found version "4.11.0")
-- Found ament_lint_auto: 0.12.12 (/opt/ros/humble/share/ament_lint_auto/cmake)
-- Added test 'cppcheck' to perform static code analysis on C / C++ code
-- Configured cppcheck include dirs: 
-- Configured cppcheck exclude dirs and/or files: 
-- Added test 'lint_cmake' to check CMake code style
-- Added test 'uncrustify' to check C / C++ code style
-- Configured uncrustify additional arguments: 
-- Added test 'xmllint' to check XML markup files
-- Configuring done (1.2s)
-- Generating done (0.0s)
-- Build files have been written to: /home/p/ws_demo2/build/ibvs
[ 50%] [32mBuilding CXX object CMakeFiles/ibvs.dir/src/ibvs.cpp.o[0m
[01m[K/home/p/ws_demo2/src/ibvs/src/ibvs.cpp:[m[K In member function ‘[01m[Kvoid VisualServoInit::rgb_callback(sensor_msgs::msg::Image_<std::allocator<void> >::SharedPtr)[m[K’:
[01m[K/home/p/ws_demo2/src/ibvs/src/ibvs.cpp:42:64:[m[K [01;35m[Kwarning: [m[Kunused parameter ‘[01m[Kmsg[m[K’ [[01;35m[K]8;;https://gcc.gnu.org/onlinedocs/gcc/Warning-Options.html#index-Wunused-parameter-Wunused-parameter]8;;[m[K]
   42 |     void rgb_callback([01;35m[Kconst sensor_msgs::msg::Image::SharedPtr msg[m[K)
      |                       [01;35m[K~~~~~~~~~~~~~~~~~~~~~~~~~~~~~~~~~~~~~~~~~^~~[m[K
[01m[K/home/p/ws_demo2/src/ibvs/src/ibvs.cpp:[m[K In member function ‘[01m[Kvoid VisualServoInit::depth_callback(sensor_msgs::msg::Image_<std::allocator<void> >::SharedPtr)[m[K’:
[01m[K/home/p/ws_demo2/src/ibvs/src/ibvs.cpp:54:66:[m[K [01;35m[Kwarning: [m[Kunused parameter ‘[01m[Kmsg[m[K’ [[01;35m[K]8;;https://gcc.gnu.org/onlinedocs/gcc/Warning-Options.html#index-Wunused-parameter-Wunused-parameter]8;;[m[K]
   54 |     void depth_callback([01;35m[Kconst sensor_msgs::msg::Image::SharedPtr msg[m[K)
      |                         [01;35m[K~~~~~~~~~~~~~~~~~~~~~~~~~~~~~~~~~~~~~~~~~^~~[m[K
[100%] [32m[1mLinking CXX executable ibvs[0m
/usr/bin/ld: CMakeFiles/ibvs.dir/src/ibvs.cpp.o: in function `VisualServoInit::VisualServoInit()':
ibvs.cpp:(.text._ZN15VisualServoInitC2Ev[_ZN15VisualServoInitC5Ev]+0x168): undefined reference to `vpCameraParameters::vpCameraParameters()'
/usr/bin/ld: ibvs.cpp:(.text._ZN15VisualServoInitC2Ev[_ZN15VisualServoInitC5Ev]+0x8bc): undefined reference to `vpCameraParameters::~vpCameraParameters()'
/usr/bin/ld: CMakeFiles/ibvs.dir/src/ibvs.cpp.o: in function `VisualServoInit::~VisualServoInit()':
ibvs.cpp:(.text._ZN15VisualServoInitD2Ev[_ZN15VisualServoInitD5Ev]+0x1b5): undefined reference to `vpCameraParameters::~vpCameraParameters()'
/usr/bin/ld: CMakeFiles/ibvs.dir/src/ibvs.cpp.o: in function `VisualServoInit::rgb_camera_info_callback(std::shared_ptr<sensor_msgs::msg::CameraInfo_<std::allocator<void> > >)':
ibvs.cpp:(.text._ZN15VisualServoInit24rgb_camera_info_callbackESt10shared_ptrIN11sensor_msgs3msg11CameraInfo_ISaIvEEEE[_ZN15VisualServoInit24rgb_camera_info_callbackESt10shared_ptrIN11sensor_msgs3msg11CameraInfo_ISaIvEEEE]+0x11a): undefined reference to `vpCameraParameters::vpCameraParameters(double, double, double, double)'
/usr/bin/ld: ibvs.cpp:(.text._ZN15VisualServoInit24rgb_camera_info_callbackESt10shared_ptrIN11sensor_msgs3msg11CameraInfo_ISaIvEEEE[_ZN15VisualServoInit24rgb_camera_info_callbackESt10shared_ptrIN11sensor_msgs3msg11CameraInfo_ISaIvEEEE]+0x13a): undefined reference to `vpCameraParameters::operator=(vpCameraParameters const&)'
/usr/bin/ld: ibvs.cpp:(.text._ZN15VisualServoInit24rgb_camera_info_callbackESt10shared_ptrIN11sensor_msgs3msg11CameraInfo_ISaIvEEEE[_ZN15VisualServoInit24rgb_camera_info_callbackESt10shared_ptrIN11sensor_msgs3msg11CameraInfo_ISaIvEEEE]+0x149): undefined reference to `vpCameraParameters::~vpCameraParameters()'
/usr/bin/ld: ibvs.cpp:(.text._ZN15VisualServoInit24rgb_camera_info_callbackESt10shared_ptrIN11sensor_msgs3msg11CameraInfo_ISaIvEEEE[_ZN15VisualServoInit24rgb_camera_info_callbackESt10shared_ptrIN11sensor_msgs3msg11CameraInfo_ISaIvEEEE]+0x471): undefined reference to `vpCameraParameters::~vpCameraParameters()'
collect2: error: ld returned 1 exit status
gmake[2]: *** [CMakeFiles/ibvs.dir/build.make:195：ibvs] 错误 1
gmake[1]: *** [CMakeFiles/Makefile2:153：CMakeFiles/ibvs.dir/all] 错误 2
gmake: *** [Makefile:146：all] 错误 2
