[0.016s] Invoking command in '/home/p/ws_demo2/build/camera_image': CMAKE_PREFIX_PATH=${CMAKE_PREFIX_PATH}:/home/p/ws_moveit2/install/moveit_configs_utils:/home/p/ws_moveit2/install/launch_param_builder:/home/p/demo_ws2/install/ur20_joint_control:/home/p/demo_ws2/install/arm_joint_control:/opt/ros/humble /usr/local/bin/cmake /home/p/ws_demo2/src/camera_image -DCMAKE_INSTALL_PREFIX=/home/p/ws_demo2/install/camera_image
[0.065s] -- The C compiler identification is GNU 12.3.0
[0.121s] -- The CXX compiler identification is GNU 12.3.0
[0.128s] -- Detecting C compiler ABI info
[0.175s] -- Detecting C compiler ABI info - done
[0.192s] -- Check for working C compiler: /usr/bin/cc - skipped
[0.192s] -- Detecting C compile features
[0.192s] -- Detecting C compile features - done
[0.203s] -- Detecting CXX compiler ABI info
[0.258s] -- Detecting CXX compiler ABI info - done
[0.275s] -- Check for working CXX compiler: /usr/bin/c++ - skipped
[0.275s] -- Detecting CXX compile features
[0.276s] -- Detecting CXX compile features - done
[0.286s] -- Found ament_cmake: 1.3.11 (/opt/ros/humble/share/ament_cmake/cmake)
[0.412s] -- Found Python3: /usr/bin/python3 (found version "3.10.12") found components: Interpreter
[0.525s] -- Found rclcpp: 16.0.12 (/opt/ros/humble/share/rclcpp/cmake)
[0.592s] -- Found rosidl_generator_c: 3.1.6 (/opt/ros/humble/share/rosidl_generator_c/cmake)
[0.602s] -- Found rosidl_adapter: 3.1.6 (/opt/ros/humble/share/rosidl_adapter/cmake)
[0.615s] -- Found rosidl_generator_cpp: 3.1.6 (/opt/ros/humble/share/rosidl_generator_cpp/cmake)
[0.634s] -- Using all available rosidl_typesupport_c: rosidl_typesupport_fastrtps_c;rosidl_typesupport_introspection_c
[0.660s] -- Using all available rosidl_typesupport_cpp: rosidl_typesupport_fastrtps_cpp;rosidl_typesupport_introspection_cpp
[0.732s] -- Found rmw_implementation_cmake: 6.1.2 (/opt/ros/humble/share/rmw_implementation_cmake/cmake)
[0.739s] -- Found rmw_fastrtps_cpp: 6.2.7 (/opt/ros/humble/share/rmw_fastrtps_cpp/cmake)
[0.841s] -- Found OpenSSL: /usr/lib/x86_64-linux-gnu/libcrypto.so (found version "3.0.2")
[0.873s] -- Found FastRTPS: /opt/ros/humble/include
[0.919s] -- Using RMW implementation 'rmw_fastrtps_cpp' as default
[0.935s] -- Performing Test CMAKE_HAVE_LIBC_PTHREAD
[0.987s] -- Performing Test CMAKE_HAVE_LIBC_PTHREAD - Success
[0.988s] -- Found Threads: TRUE
[1.063s] -- Found image_transport: 3.1.12 (/opt/ros/humble/share/image_transport/cmake)
[1.159s] -- Found cv_bridge: 3.2.1 (/opt/ros/humble/share/cv_bridge/cmake)
[1.170s] -- Found OpenCV: /usr/local (found version "4.11.0")
[1.185s] -- Found ament_lint_auto: 0.12.12 (/opt/ros/humble/share/ament_lint_auto/cmake)
[1.269s] -- Added test 'cppcheck' to perform static code analysis on C / C++ code
[1.269s] -- Configured cppcheck include dirs: 
[1.269s] -- Configured cppcheck exclude dirs and/or files: 
[1.270s] -- Added test 'lint_cmake' to check CMake code style
[1.272s] -- Added test 'uncrustify' to check C / C++ code style
[1.272s] -- Configured uncrustify additional arguments: 
[1.273s] -- Added test 'xmllint' to check XML markup files
[1.275s] -- Configuring done (1.3s)
[1.286s] -- Generating done (0.0s)
[1.288s] -- Build files have been written to: /home/p/ws_demo2/build/camera_image
[1.296s] Invoked command in '/home/p/ws_demo2/build/camera_image' returned '0': CMAKE_PREFIX_PATH=${CMAKE_PREFIX_PATH}:/home/p/ws_moveit2/install/moveit_configs_utils:/home/p/ws_moveit2/install/launch_param_builder:/home/p/demo_ws2/install/ur20_joint_control:/home/p/demo_ws2/install/arm_joint_control:/opt/ros/humble /usr/local/bin/cmake /home/p/ws_demo2/src/camera_image -DCMAKE_INSTALL_PREFIX=/home/p/ws_demo2/install/camera_image
[1.297s] Invoking command in '/home/p/ws_demo2/build/camera_image': CMAKE_PREFIX_PATH=${CMAKE_PREFIX_PATH}:/home/p/ws_moveit2/install/moveit_configs_utils:/home/p/ws_moveit2/install/launch_param_builder:/home/p/demo_ws2/install/ur20_joint_control:/home/p/demo_ws2/install/arm_joint_control:/opt/ros/humble /usr/local/bin/cmake --build /home/p/ws_demo2/build/camera_image -- -j16 -l16
[1.318s] [ 50%] [32mBuilding CXX object CMakeFiles/camera_image.dir/src/camera_image.cpp.o[0m
[9.357s] [100%] [32m[1mLinking CXX executable camera_image[0m
[9.483s] /usr/bin/ld: warning: libopencv_imgproc.so.4.5d, needed by /opt/ros/humble/lib/libcv_bridge.so, may conflict with libopencv_imgproc.so.411
[9.483s] /usr/bin/ld: warning: libopencv_core.so.4.5d, needed by /opt/ros/humble/lib/libcv_bridge.so, may conflict with libopencv_core.so.411
[9.840s] [100%] Built target camera_image
[9.843s] Invoked command in '/home/p/ws_demo2/build/camera_image' returned '0': CMAKE_PREFIX_PATH=${CMAKE_PREFIX_PATH}:/home/p/ws_moveit2/install/moveit_configs_utils:/home/p/ws_moveit2/install/launch_param_builder:/home/p/demo_ws2/install/ur20_joint_control:/home/p/demo_ws2/install/arm_joint_control:/opt/ros/humble /usr/local/bin/cmake --build /home/p/ws_demo2/build/camera_image -- -j16 -l16
[9.844s] Invoking command in '/home/p/ws_demo2/build/camera_image': CMAKE_PREFIX_PATH=${CMAKE_PREFIX_PATH}:/home/p/ws_moveit2/install/moveit_configs_utils:/home/p/ws_moveit2/install/launch_param_builder:/home/p/demo_ws2/install/ur20_joint_control:/home/p/demo_ws2/install/arm_joint_control:/opt/ros/humble /usr/local/bin/cmake --install /home/p/ws_demo2/build/camera_image
[9.847s] -- Install configuration: ""
[9.847s] -- Installing: /home/p/ws_demo2/install/camera_image/lib/camera_image/camera_image
[9.849s] -- Set non-toolchain portion of runtime path of "/home/p/ws_demo2/install/camera_image/lib/camera_image/camera_image" to ""
[9.849s] -- Installing: /home/p/ws_demo2/install/camera_image/share/ament_index/resource_index/package_run_dependencies/camera_image
[9.849s] -- Installing: /home/p/ws_demo2/install/camera_image/share/ament_index/resource_index/parent_prefix_path/camera_image
[9.849s] -- Installing: /home/p/ws_demo2/install/camera_image/share/camera_image/environment/ament_prefix_path.sh
[9.849s] -- Installing: /home/p/ws_demo2/install/camera_image/share/camera_image/environment/ament_prefix_path.dsv
[9.849s] -- Installing: /home/p/ws_demo2/install/camera_image/share/camera_image/environment/path.sh
[9.849s] -- Installing: /home/p/ws_demo2/install/camera_image/share/camera_image/environment/path.dsv
[9.849s] -- Installing: /home/p/ws_demo2/install/camera_image/share/camera_image/local_setup.bash
[9.849s] -- Installing: /home/p/ws_demo2/install/camera_image/share/camera_image/local_setup.sh
[9.849s] -- Installing: /home/p/ws_demo2/install/camera_image/share/camera_image/local_setup.zsh
[9.850s] -- Installing: /home/p/ws_demo2/install/camera_image/share/camera_image/local_setup.dsv
[9.850s] -- Installing: /home/p/ws_demo2/install/camera_image/share/camera_image/package.dsv
[9.850s] -- Installing: /home/p/ws_demo2/install/camera_image/share/ament_index/resource_index/packages/camera_image
[9.850s] -- Installing: /home/p/ws_demo2/install/camera_image/share/camera_image/cmake/camera_imageConfig.cmake
[9.850s] -- Installing: /home/p/ws_demo2/install/camera_image/share/camera_image/cmake/camera_imageConfig-version.cmake
[9.850s] -- Installing: /home/p/ws_demo2/install/camera_image/share/camera_image/package.xml
[9.851s] Invoked command in '/home/p/ws_demo2/build/camera_image' returned '0': CMAKE_PREFIX_PATH=${CMAKE_PREFIX_PATH}:/home/p/ws_moveit2/install/moveit_configs_utils:/home/p/ws_moveit2/install/launch_param_builder:/home/p/demo_ws2/install/ur20_joint_control:/home/p/demo_ws2/install/arm_joint_control:/opt/ros/humble /usr/local/bin/cmake --install /home/p/ws_demo2/build/camera_image
