[ 50%] [32mBuilding CXX object CMakeFiles/camera_image.dir/src/camera_image.cpp.o[0m
[01m[K/home/p/ws_demo2/src/camera_image/src/camera_image.cpp:[m[K In member function ‘[01m[Kvoid CameraImageViewer::rgb_callback(sensor_msgs::msg::Image_<std::allocator<void> >::SharedPtr)[m[K’:
[01m[K/home/p/ws_demo2/src/camera_image/src/camera_image.cpp:55:18:[m[K [01;35m[Kwarning: [m[Kunused variable ‘[01m[Ksave_success[m[K’ [[01;35m[K]8;;https://gcc.gnu.org/onlinedocs/gcc/Warning-Options.html#index-Wunused-variable-Wunused-variable]8;;[m[K]
   55 |             bool [01;35m[Ksave_success[m[K = cv::imwrite(save_path, image);
      |                  [01;35m[K^~~~~~~~~~~~[m[K
[100%] [32m[1mLinking CXX executable camera_image[0m
/usr/bin/ld: warning: libopencv_imgcodecs.so.4.5d, needed by /opt/ros/humble/lib/libcv_bridge.so, may conflict with libopencv_imgcodecs.so.411
/usr/bin/ld: warning: libopencv_imgproc.so.4.5d, needed by /opt/ros/humble/lib/libcv_bridge.so, may conflict with libopencv_imgproc.so.411
/usr/bin/ld: warning: libopencv_core.so.4.5d, needed by /opt/ros/humble/lib/libcv_bridge.so, may conflict with libopencv_core.so.411
[100%] Built target camera_image
-- Install configuration: ""
-- Installing: /home/p/ws_demo2/install/camera_image/lib/camera_image/camera_image
-- Set non-toolchain portion of runtime path of "/home/p/ws_demo2/install/camera_image/lib/camera_image/camera_image" to ""
-- Up-to-date: /home/p/ws_demo2/install/camera_image/share/ament_index/resource_index/package_run_dependencies/camera_image
-- Up-to-date: /home/p/ws_demo2/install/camera_image/share/ament_index/resource_index/parent_prefix_path/camera_image
-- Up-to-date: /home/p/ws_demo2/install/camera_image/share/camera_image/environment/ament_prefix_path.sh
-- Up-to-date: /home/p/ws_demo2/install/camera_image/share/camera_image/environment/ament_prefix_path.dsv
-- Up-to-date: /home/p/ws_demo2/install/camera_image/share/camera_image/environment/path.sh
-- Up-to-date: /home/p/ws_demo2/install/camera_image/share/camera_image/environment/path.dsv
-- Up-to-date: /home/p/ws_demo2/install/camera_image/share/camera_image/local_setup.bash
-- Up-to-date: /home/p/ws_demo2/install/camera_image/share/camera_image/local_setup.sh
-- Up-to-date: /home/p/ws_demo2/install/camera_image/share/camera_image/local_setup.zsh
-- Up-to-date: /home/p/ws_demo2/install/camera_image/share/camera_image/local_setup.dsv
-- Installing: /home/p/ws_demo2/install/camera_image/share/camera_image/package.dsv
-- Up-to-date: /home/p/ws_demo2/install/camera_image/share/ament_index/resource_index/packages/camera_image
-- Up-to-date: /home/p/ws_demo2/install/camera_image/share/camera_image/cmake/camera_imageConfig.cmake
-- Up-to-date: /home/p/ws_demo2/install/camera_image/share/camera_image/cmake/camera_imageConfig-version.cmake
-- Up-to-date: /home/p/ws_demo2/install/camera_image/share/camera_image/package.xml
