[0.022s] Invoking command in '/home/p/ws_demo2/build/camera_image': CMAKE_PREFIX_PATH=${CMAKE_PREFIX_PATH}:/home/p/ws_moveit2/install/moveit_configs_utils:/home/p/ws_moveit2/install/launch_param_builder:/home/p/demo_ws2/install/ur20_joint_control:/home/p/demo_ws2/install/arm_joint_control:/opt/ros/humble /usr/local/bin/cmake --build /home/p/ws_demo2/build/camera_image -- -j16 -l16
[0.055s] [ 50%] [32mBuilding CXX object CMakeFiles/camera_image.dir/src/camera_image.cpp.o[0m
[2.437s] [01m[K/home/p/ws_demo2/src/camera_image/src/camera_image.cpp:[m[K In member function ‘[01m[Kvoid CameraImageViewer::rgb_callback(sensor_msgs::msg::Image_<std::allocator<void> >::SharedPtr)[m[K’:
[2.437s] [01m[K/home/p/ws_demo2/src/camera_image/src/camera_image.cpp:55:18:[m[K [01;35m[Kwarning: [m[Kunused variable ‘[01m[Ksave_success[m[K’ [[01;35m[K]8;;https://gcc.gnu.org/onlinedocs/gcc/Warning-Options.html#index-Wunused-variable-Wunused-variable]8;;[m[K]
[2.437s]    55 |             bool [01;35m[Ksave_success[m[K = cv::imwrite(save_path, image);
[2.437s]       |                  [01;35m[K^~~~~~~~~~~~[m[K
[7.319s] [100%] [32m[1mLinking CXX executable camera_image[0m
[7.442s] /usr/bin/ld: warning: libopencv_imgcodecs.so.4.5d, needed by /opt/ros/humble/lib/libcv_bridge.so, may conflict with libopencv_imgcodecs.so.411
[7.443s] /usr/bin/ld: warning: libopencv_imgproc.so.4.5d, needed by /opt/ros/humble/lib/libcv_bridge.so, may conflict with libopencv_imgproc.so.411
[7.443s] /usr/bin/ld: warning: libopencv_core.so.4.5d, needed by /opt/ros/humble/lib/libcv_bridge.so, may conflict with libopencv_core.so.411
[7.777s] [100%] Built target camera_image
[7.787s] Invoked command in '/home/p/ws_demo2/build/camera_image' returned '0': CMAKE_PREFIX_PATH=${CMAKE_PREFIX_PATH}:/home/p/ws_moveit2/install/moveit_configs_utils:/home/p/ws_moveit2/install/launch_param_builder:/home/p/demo_ws2/install/ur20_joint_control:/home/p/demo_ws2/install/arm_joint_control:/opt/ros/humble /usr/local/bin/cmake --build /home/p/ws_demo2/build/camera_image -- -j16 -l16
[7.787s] Invoking command in '/home/p/ws_demo2/build/camera_image': CMAKE_PREFIX_PATH=${CMAKE_PREFIX_PATH}:/home/p/ws_moveit2/install/moveit_configs_utils:/home/p/ws_moveit2/install/launch_param_builder:/home/p/demo_ws2/install/ur20_joint_control:/home/p/demo_ws2/install/arm_joint_control:/opt/ros/humble /usr/local/bin/cmake --install /home/p/ws_demo2/build/camera_image
[7.790s] -- Install configuration: ""
[7.790s] -- Installing: /home/p/ws_demo2/install/camera_image/lib/camera_image/camera_image
[7.793s] -- Set non-toolchain portion of runtime path of "/home/p/ws_demo2/install/camera_image/lib/camera_image/camera_image" to ""
[7.793s] -- Up-to-date: /home/p/ws_demo2/install/camera_image/share/ament_index/resource_index/package_run_dependencies/camera_image
[7.793s] -- Up-to-date: /home/p/ws_demo2/install/camera_image/share/ament_index/resource_index/parent_prefix_path/camera_image
[7.793s] -- Up-to-date: /home/p/ws_demo2/install/camera_image/share/camera_image/environment/ament_prefix_path.sh
[7.793s] -- Up-to-date: /home/p/ws_demo2/install/camera_image/share/camera_image/environment/ament_prefix_path.dsv
[7.793s] -- Up-to-date: /home/p/ws_demo2/install/camera_image/share/camera_image/environment/path.sh
[7.793s] -- Up-to-date: /home/p/ws_demo2/install/camera_image/share/camera_image/environment/path.dsv
[7.793s] -- Up-to-date: /home/p/ws_demo2/install/camera_image/share/camera_image/local_setup.bash
[7.793s] -- Up-to-date: /home/p/ws_demo2/install/camera_image/share/camera_image/local_setup.sh
[7.793s] -- Up-to-date: /home/p/ws_demo2/install/camera_image/share/camera_image/local_setup.zsh
[7.793s] -- Up-to-date: /home/p/ws_demo2/install/camera_image/share/camera_image/local_setup.dsv
[7.793s] -- Installing: /home/p/ws_demo2/install/camera_image/share/camera_image/package.dsv
[7.793s] -- Up-to-date: /home/p/ws_demo2/install/camera_image/share/ament_index/resource_index/packages/camera_image
[7.793s] -- Up-to-date: /home/p/ws_demo2/install/camera_image/share/camera_image/cmake/camera_imageConfig.cmake
[7.793s] -- Up-to-date: /home/p/ws_demo2/install/camera_image/share/camera_image/cmake/camera_imageConfig-version.cmake
[7.793s] -- Up-to-date: /home/p/ws_demo2/install/camera_image/share/camera_image/package.xml
[7.794s] Invoked command in '/home/p/ws_demo2/build/camera_image' returned '0': CMAKE_PREFIX_PATH=${CMAKE_PREFIX_PATH}:/home/p/ws_moveit2/install/moveit_configs_utils:/home/p/ws_moveit2/install/launch_param_builder:/home/p/demo_ws2/install/ur20_joint_control:/home/p/demo_ws2/install/arm_joint_control:/opt/ros/humble /usr/local/bin/cmake --install /home/p/ws_demo2/build/camera_image
