-- Install configuration: ""
-- Up-to-date: /home/p/ws_demo2/install/ur_description/share/ur_description/config
-- Up-to-date: /home/p/ws_demo2/install/ur_description/share/ur_description/config/initial_positions.yaml
-- Up-to-date: /home/p/ws_demo2/install/ur_description/share/ur_description/config/ur10_gazebo_controllers.yaml
-- Up-to-date: /home/p/ws_demo2/install/ur_description/share/ur_description/config/ur10
-- Up-to-date: /home/p/ws_demo2/install/ur_description/share/ur_description/config/ur10/joint_limits.yaml
-- Up-to-date: /home/p/ws_demo2/install/ur_description/share/ur_description/config/ur10/physical_parameters.yaml
-- Up-to-date: /home/p/ws_demo2/install/ur_description/share/ur_description/config/ur10/default_kinematics.yaml
-- Up-to-date: /home/p/ws_demo2/install/ur_description/share/ur_description/config/ur10/visual_parameters.yaml
-- Up-to-date: /home/p/ws_demo2/install/ur_description/share/ur_description/launch
-- Up-to-date: /home/p/ws_demo2/install/ur_description/share/ur_description/launch/__pycache__
-- Installing: /home/p/ws_demo2/install/ur_description/share/ur_description/launch/__pycache__/ur10_gazebo.launch.cpython-310.pyc
-- Up-to-date: /home/p/ws_demo2/install/ur_description/share/ur_description/launch/__pycache__/view_ur.launch.cpython-310.pyc
-- Installing: /home/p/ws_demo2/install/ur_description/share/ur_description/launch/ur10_gazebo.launch.py
-- Up-to-date: /home/p/ws_demo2/install/ur_description/share/ur_description/launch/view_ur.launch.py
-- Up-to-date: /home/p/ws_demo2/install/ur_description/share/ur_description/meshes
-- Up-to-date: /home/p/ws_demo2/install/ur_description/share/ur_description/meshes/ur10
-- Up-to-date: /home/p/ws_demo2/install/ur_description/share/ur_description/meshes/ur10/collision
-- Up-to-date: /home/p/ws_demo2/install/ur_description/share/ur_description/meshes/ur10/collision/upperarm.stl
-- Up-to-date: /home/p/ws_demo2/install/ur_description/share/ur_description/meshes/ur10/collision/shoulder.stl
-- Up-to-date: /home/p/ws_demo2/install/ur_description/share/ur_description/meshes/ur10/collision/base.stl
-- Up-to-date: /home/p/ws_demo2/install/ur_description/share/ur_description/meshes/ur10/collision/wrist2.stl
-- Up-to-date: /home/p/ws_demo2/install/ur_description/share/ur_description/meshes/ur10/collision/wrist1.stl
-- Up-to-date: /home/p/ws_demo2/install/ur_description/share/ur_description/meshes/ur10/collision/forearm.stl
-- Up-to-date: /home/p/ws_demo2/install/ur_description/share/ur_description/meshes/ur10/collision/wrist3.stl
-- Up-to-date: /home/p/ws_demo2/install/ur_description/share/ur_description/meshes/ur10/visual
-- Up-to-date: /home/p/ws_demo2/install/ur_description/share/ur_description/meshes/ur10/visual/wrist2.dae
-- Up-to-date: /home/p/ws_demo2/install/ur_description/share/ur_description/meshes/ur10/visual/wrist1.dae
-- Up-to-date: /home/p/ws_demo2/install/ur_description/share/ur_description/meshes/ur10/visual/wrist3.dae
-- Up-to-date: /home/p/ws_demo2/install/ur_description/share/ur_description/meshes/ur10/visual/forearm.dae
-- Up-to-date: /home/p/ws_demo2/install/ur_description/share/ur_description/meshes/ur10/visual/upperarm.dae
-- Up-to-date: /home/p/ws_demo2/install/ur_description/share/ur_description/meshes/ur10/visual/shoulder.dae
-- Up-to-date: /home/p/ws_demo2/install/ur_description/share/ur_description/meshes/ur10/visual/d455.dae
-- Up-to-date: /home/p/ws_demo2/install/ur_description/share/ur_description/meshes/ur10/visual/base.dae
-- Up-to-date: /home/p/ws_demo2/install/ur_description/share/ur_description/rviz
-- Up-to-date: /home/p/ws_demo2/install/ur_description/share/ur_description/rviz/view_robot.rviz
-- Up-to-date: /home/p/ws_demo2/install/ur_description/share/ur_description/urdf
-- Up-to-date: /home/p/ws_demo2/install/ur_description/share/ur_description/urdf/ur_macro.xacro
-- Up-to-date: /home/p/ws_demo2/install/ur_description/share/ur_description/urdf/ur10.urdf
-- Up-to-date: /home/p/ws_demo2/install/ur_description/share/ur_description/urdf/inc
-- Up-to-date: /home/p/ws_demo2/install/ur_description/share/ur_description/urdf/inc/ur_common.xacro
-- Up-to-date: /home/p/ws_demo2/install/ur_description/share/ur_description/urdf/inc/ur_transmissions.xacro
-- Up-to-date: /home/p/ws_demo2/install/ur_description/share/ur_description/urdf/install
-- Up-to-date: /home/p/ws_demo2/install/ur_description/share/ur_description/urdf/install/local_setup.ps1
-- Up-to-date: /home/p/ws_demo2/install/ur_description/share/ur_description/urdf/install/.colcon_install_layout
-- Up-to-date: /home/p/ws_demo2/install/ur_description/share/ur_description/urdf/install/local_setup.bash
-- Up-to-date: /home/p/ws_demo2/install/ur_description/share/ur_description/urdf/install/setup.sh
-- Up-to-date: /home/p/ws_demo2/install/ur_description/share/ur_description/urdf/install/_local_setup_util_sh.py
-- Up-to-date: /home/p/ws_demo2/install/ur_description/share/ur_description/urdf/install/_local_setup_util_ps1.py
-- Up-to-date: /home/p/ws_demo2/install/ur_description/share/ur_description/urdf/install/setup.bash
-- Up-to-date: /home/p/ws_demo2/install/ur_description/share/ur_description/urdf/install/COLCON_IGNORE
-- Up-to-date: /home/p/ws_demo2/install/ur_description/share/ur_description/urdf/install/setup.ps1
-- Up-to-date: /home/p/ws_demo2/install/ur_description/share/ur_description/urdf/install/local_setup.zsh
-- Up-to-date: /home/p/ws_demo2/install/ur_description/share/ur_description/urdf/install/local_setup.sh
-- Up-to-date: /home/p/ws_demo2/install/ur_description/share/ur_description/urdf/install/setup.zsh
-- Up-to-date: /home/p/ws_demo2/install/ur_description/share/ur_description/urdf/ur.urdf.xacro
-- Up-to-date: /home/p/ws_demo2/install/ur_description/share/ur_description/urdf/ur.ros2_control.xacro
-- Up-to-date: /home/p/ws_demo2/install/ur_description/share/ur_description/urdf/build
-- Up-to-date: /home/p/ws_demo2/install/ur_description/share/ur_description/urdf/build/COLCON_IGNORE
-- Up-to-date: /home/p/ws_demo2/install/ur_description/share/ur_description/urdf/build/.built_by
-- Up-to-date: /home/p/ws_demo2/install/ur_description/share/ur_description/urdf/ur10.p.urdf
-- Up-to-date: /home/p/ws_demo2/install/ur_description/share/ur_description/urdf/ur10.urdf.xacro
-- Up-to-date: /home/p/ws_demo2/install/ur_description/share/ur_description/urdf/ur10.p.urdf.xacro
-- Up-to-date: /home/p/ws_demo2/install/ur_description/share/ur_description/urdf/log
-- Up-to-date: /home/p/ws_demo2/install/ur_description/share/ur_description/urdf/log/latest_build
-- Up-to-date: /home/p/ws_demo2/install/ur_description/share/ur_description/urdf/log/latest
-- Up-to-date: /home/p/ws_demo2/install/ur_description/share/ur_description/urdf/log/build_2025-07-19_11-55-38
-- Up-to-date: /home/p/ws_demo2/install/ur_description/share/ur_description/urdf/log/build_2025-07-19_11-55-38/events.log
-- Up-to-date: /home/p/ws_demo2/install/ur_description/share/ur_description/urdf/log/build_2025-07-19_11-55-38/logger_all.log
-- Up-to-date: /home/p/ws_demo2/install/ur_description/share/ur_description/urdf/log/COLCON_IGNORE
-- Up-to-date: /home/p/ws_demo2/install/ur_description/share/ur_description/test
-- Up-to-date: /home/p/ws_demo2/install/ur_description/share/ur_description/test/test_view_ur_launch.py
-- Up-to-date: /home/p/ws_demo2/install/ur_description/share/ur_description/test/test_ur_urdf_xacro.py
-- Up-to-date: /home/p/ws_demo2/install/ur_description/share/ur_description/worlds
-- Up-to-date: /home/p/ws_demo2/install/ur_description/share/ur_description/worlds/gazebo_world.world
-- Up-to-date: /home/p/ws_demo2/install/ur_description/share/ament_index/resource_index/package_run_dependencies/ur_description
-- Up-to-date: /home/p/ws_demo2/install/ur_description/share/ament_index/resource_index/parent_prefix_path/ur_description
-- Up-to-date: /home/p/ws_demo2/install/ur_description/share/ur_description/environment/ament_prefix_path.sh
-- Up-to-date: /home/p/ws_demo2/install/ur_description/share/ur_description/environment/ament_prefix_path.dsv
-- Up-to-date: /home/p/ws_demo2/install/ur_description/share/ur_description/environment/path.sh
-- Up-to-date: /home/p/ws_demo2/install/ur_description/share/ur_description/environment/path.dsv
-- Up-to-date: /home/p/ws_demo2/install/ur_description/share/ur_description/local_setup.bash
-- Up-to-date: /home/p/ws_demo2/install/ur_description/share/ur_description/local_setup.sh
-- Up-to-date: /home/p/ws_demo2/install/ur_description/share/ur_description/local_setup.zsh
-- Up-to-date: /home/p/ws_demo2/install/ur_description/share/ur_description/local_setup.dsv
-- Installing: /home/p/ws_demo2/install/ur_description/share/ur_description/package.dsv
-- Up-to-date: /home/p/ws_demo2/install/ur_description/share/ament_index/resource_index/packages/ur_description
-- Up-to-date: /home/p/ws_demo2/install/ur_description/share/ur_description/cmake/ur_descriptionConfig.cmake
-- Up-to-date: /home/p/ws_demo2/install/ur_description/share/ur_description/cmake/ur_descriptionConfig-version.cmake
-- Up-to-date: /home/p/ws_demo2/install/ur_description/share/ur_description/package.xml
