[0.042s] Invoking command in '/home/p/ws_demo2/build/camera_image': CMAKE_PREFIX_PATH=${CMAKE_PREFIX_PATH}:/home/p/ws_moveit2/install/moveit_configs_utils:/home/p/ws_moveit2/install/launch_param_builder:/home/p/demo_ws2/install/ur20_joint_control:/home/p/demo_ws2/install/arm_joint_control:/opt/ros/humble /usr/local/bin/cmake /home/p/ws_demo2/src/camera_image -DCMAKE_INSTALL_PREFIX=/home/p/ws_demo2/install/camera_image
[0.158s] -- The C compiler identification is GNU 12.3.0
[0.278s] -- The CXX compiler identification is GNU 12.3.0
[0.295s] -- Detecting C compiler ABI info
[0.384s] -- Detecting C compiler ABI info - done
[0.412s] -- Check for working C compiler: /usr/bin/cc - skipped
[0.413s] -- Detecting C compile features
[0.413s] -- Detecting C compile features - done
[0.436s] -- Detecting CXX compiler ABI info
[0.541s] -- Detecting CXX compiler ABI info - done
[0.570s] -- Check for working CXX compiler: /usr/bin/c++ - skipped
[0.571s] -- Detecting CXX compile features
[0.572s] -- Detecting CXX compile features - done
[0.595s] -- Found ament_cmake: 1.3.11 (/opt/ros/humble/share/ament_cmake/cmake)
[0.846s] -- Found Python3: /usr/bin/python3 (found version "3.10.12") found components: Interpreter
[1.074s] -- Found rclcpp: 16.0.12 (/opt/ros/humble/share/rclcpp/cmake)
[1.227s] -- Found rosidl_generator_c: 3.1.6 (/opt/ros/humble/share/rosidl_generator_c/cmake)
[1.249s] -- Found rosidl_adapter: 3.1.6 (/opt/ros/humble/share/rosidl_adapter/cmake)
[1.279s] -- Found rosidl_generator_cpp: 3.1.6 (/opt/ros/humble/share/rosidl_generator_cpp/cmake)
[1.322s] -- Using all available rosidl_typesupport_c: rosidl_typesupport_fastrtps_c;rosidl_typesupport_introspection_c
[1.380s] -- Using all available rosidl_typesupport_cpp: rosidl_typesupport_fastrtps_cpp;rosidl_typesupport_introspection_cpp
[1.538s] -- Found rmw_implementation_cmake: 6.1.2 (/opt/ros/humble/share/rmw_implementation_cmake/cmake)
[1.555s] -- Found rmw_fastrtps_cpp: 6.2.7 (/opt/ros/humble/share/rmw_fastrtps_cpp/cmake)
[1.775s] -- Found OpenSSL: /usr/lib/x86_64-linux-gnu/libcrypto.so (found version "3.0.2")
[1.858s] -- Found FastRTPS: /opt/ros/humble/include
[1.943s] -- Using RMW implementation 'rmw_fastrtps_cpp' as default
[1.973s] -- Performing Test CMAKE_HAVE_LIBC_PTHREAD
[2.070s] -- Performing Test CMAKE_HAVE_LIBC_PTHREAD - Success
[2.072s] -- Found Threads: TRUE
[2.233s] -- Found image_transport: 3.1.12 (/opt/ros/humble/share/image_transport/cmake)
[2.428s] -- Found cv_bridge: 3.2.1 (/opt/ros/humble/share/cv_bridge/cmake)
[2.453s] -- Found OpenCV: /usr/local (found version "4.11.0")
[2.480s] -- Found ament_lint_auto: 0.12.12 (/opt/ros/humble/share/ament_lint_auto/cmake)
[2.665s] -- Added test 'cppcheck' to perform static code analysis on C / C++ code
[2.666s] -- Configured cppcheck include dirs: 
[2.666s] -- Configured cppcheck exclude dirs and/or files: 
[2.668s] -- Added test 'lint_cmake' to check CMake code style
[2.672s] -- Added test 'uncrustify' to check C / C++ code style
[2.672s] -- Configured uncrustify additional arguments: 
[2.674s] -- Added test 'xmllint' to check XML markup files
[2.679s] -- Configuring done (2.6s)
[2.701s] -- Generating done (0.0s)
[2.705s] -- Build files have been written to: /home/p/ws_demo2/build/camera_image
[2.717s] Invoked command in '/home/p/ws_demo2/build/camera_image' returned '0': CMAKE_PREFIX_PATH=${CMAKE_PREFIX_PATH}:/home/p/ws_moveit2/install/moveit_configs_utils:/home/p/ws_moveit2/install/launch_param_builder:/home/p/demo_ws2/install/ur20_joint_control:/home/p/demo_ws2/install/arm_joint_control:/opt/ros/humble /usr/local/bin/cmake /home/p/ws_demo2/src/camera_image -DCMAKE_INSTALL_PREFIX=/home/p/ws_demo2/install/camera_image
[2.719s] Invoking command in '/home/p/ws_demo2/build/camera_image': CMAKE_PREFIX_PATH=${CMAKE_PREFIX_PATH}:/home/p/ws_moveit2/install/moveit_configs_utils:/home/p/ws_moveit2/install/launch_param_builder:/home/p/demo_ws2/install/ur20_joint_control:/home/p/demo_ws2/install/arm_joint_control:/opt/ros/humble /usr/local/bin/cmake --build /home/p/ws_demo2/build/camera_image -- -j16 -l16
[2.755s] [ 50%] [32mBuilding CXX object CMakeFiles/camera_image.dir/src/camera_image.cpp.o[0m
[17.084s] [100%] [32m[1mLinking CXX executable camera_image[0m
[17.366s] /usr/bin/ld: warning: libopencv_imgproc.so.4.5d, needed by /opt/ros/humble/lib/libcv_bridge.so, may conflict with libopencv_imgproc.so.411
[17.369s] /usr/bin/ld: warning: libopencv_core.so.4.5d, needed by /opt/ros/humble/lib/libcv_bridge.so, may conflict with libopencv_core.so.411
[18.099s] [100%] Built target camera_image
