[0.024s] Invoking command in '/home/p/ws_demo2/build/service_interfaces': CMAKE_PREFIX_PATH=${CMAKE_PREFIX_PATH}:/home/p/ws_moveit2/install/moveit_configs_utils:/home/p/ws_moveit2/install/launch_param_builder:/home/p/demo_ws2/install/ur20_joint_control:/home/p/demo_ws2/install/arm_joint_control:/opt/ros/humble /usr/local/bin/cmake --build /home/p/ws_demo2/build/service_interfaces -- -j16 -l16
[0.037s] -- Found ament_cmake: 1.3.11 (/opt/ros/humble/share/ament_cmake/cmake)
[0.196s] -- Found rosidl_default_generators: 1.2.0 (/opt/ros/humble/share/rosidl_default_generators/cmake)
[0.205s] -- Using all available rosidl_typesupport_c: rosidl_typesupport_fastrtps_c;rosidl_typesupport_introspection_c
[0.208s] -- Found rosidl_adapter: 3.1.6 (/opt/ros/humble/share/rosidl_adapter/cmake)
[0.240s] -- Using all available rosidl_typesupport_cpp: rosidl_typesupport_fastrtps_cpp;rosidl_typesupport_introspection_cpp
[0.264s] -- Found std_msgs: 4.9.0 (/opt/ros/humble/share/std_msgs/cmake)
[0.642s] -- Found ament_cmake_ros: 0.10.0 (/opt/ros/humble/share/ament_cmake_ros/cmake)
[0.990s] -- Using all available rosidl_typesupport_c: rosidl_typesupport_fastrtps_c;rosidl_typesupport_introspection_c
[1.451s] -- Using all available rosidl_typesupport_cpp: rosidl_typesupport_fastrtps_cpp;rosidl_typesupport_introspection_cpp
[1.463s] [31mCMake Error at /opt/ros/humble/share/rosidl_generator_py/cmake/rosidl_generator_py_generate_interfaces.cmake:20 (find_package):
[1.463s]   By not providing "FindPythonInterp.cmake" in CMAKE_MODULE_PATH this project
[1.463s]   has asked CMake to find a package configuration file provided by
[1.463s]   "PythonInterp", but CMake did not find one.
[1.463s] 
[1.463s]   Could not find a package configuration file provided by "PythonInterp"
[1.463s]   (requested version 3.6) with any of the following names:
[1.463s] 
[1.463s]     PythonInterpConfig.cmake
[1.463s]     pythoninterp-config.cmake
[1.463s] 
[1.463s]   Add the installation prefix of "PythonInterp" to CMAKE_PREFIX_PATH or set
[1.463s]   "PythonInterp_DIR" to a directory containing one of the above files.  If
[1.463s]   "PythonInterp" provides a separate development package or SDK, be sure it
[1.463s]   has been installed.
[1.463s] Call Stack (most recent call first):
[1.463s]   /opt/ros/humble/share/ament_cmake_core/cmake/core/ament_execute_extensions.cmake:48 (include)
[1.464s]   /opt/ros/humble/share/rosidl_cmake/cmake/rosidl_generate_interfaces.cmake:286 (ament_execute_extensions)
[1.464s]   CMakeLists.txt:14 (rosidl_generate_interfaces)
[1.464s] 
[1.464s] [0m
[1.464s] -- Configuring incomplete, errors occurred!
[1.466s] gmake: *** [Makefile:1395：cmake_check_build_system] 错误 1
[1.467s] Invoked command in '/home/p/ws_demo2/build/service_interfaces' returned '2': CMAKE_PREFIX_PATH=${CMAKE_PREFIX_PATH}:/home/p/ws_moveit2/install/moveit_configs_utils:/home/p/ws_moveit2/install/launch_param_builder:/home/p/demo_ws2/install/ur20_joint_control:/home/p/demo_ws2/install/arm_joint_control:/opt/ros/humble /usr/local/bin/cmake --build /home/p/ws_demo2/build/service_interfaces -- -j16 -l16
