[0.062s] Invoking command in '/home/p/ws_demo2/build/ibvs': CMAKE_PREFIX_PATH=${CMAKE_PREFIX_PATH}:/home/p/ws_moveit2/install/moveit_configs_utils:/home/p/ws_moveit2/install/launch_param_builder:/home/p/demo_ws2/install/ur20_joint_control:/home/p/demo_ws2/install/arm_joint_control:/opt/ros/humble /usr/local/bin/cmake --build /home/p/ws_demo2/build/ibvs -- -j16 -l16
[0.120s] [100%] Built target ibvs
[0.199s] Invoked command in '/home/p/ws_demo2/build/ibvs' returned '0': CMAKE_PREFIX_PATH=${CMAKE_PREFIX_PATH}:/home/p/ws_moveit2/install/moveit_configs_utils:/home/p/ws_moveit2/install/launch_param_builder:/home/p/demo_ws2/install/ur20_joint_control:/home/p/demo_ws2/install/arm_joint_control:/opt/ros/humble /usr/local/bin/cmake --build /home/p/ws_demo2/build/ibvs -- -j16 -l16
[0.207s] Invoking command in '/home/p/ws_demo2/build/ibvs': CMAKE_PREFIX_PATH=${CMAKE_PREFIX_PATH}:/home/p/ws_moveit2/install/moveit_configs_utils:/home/p/ws_moveit2/install/launch_param_builder:/home/p/demo_ws2/install/ur20_joint_control:/home/p/demo_ws2/install/arm_joint_control:/opt/ros/humble /usr/local/bin/cmake --install /home/p/ws_demo2/build/ibvs
[0.214s] -- Install configuration: ""
[0.214s] -- Up-to-date: /home/p/ws_demo2/install/ibvs/lib/ibvs/ibvs
[0.214s] -- Up-to-date: /home/p/ws_demo2/install/ibvs/share/ament_index/resource_index/package_run_dependencies/ibvs
[0.215s] -- Up-to-date: /home/p/ws_demo2/install/ibvs/share/ament_index/resource_index/parent_prefix_path/ibvs
[0.216s] -- Up-to-date: /home/p/ws_demo2/install/ibvs/share/ibvs/environment/ament_prefix_path.sh
[0.216s] -- Up-to-date: /home/p/ws_demo2/install/ibvs/share/ibvs/environment/ament_prefix_path.dsv
[0.217s] -- Up-to-date: /home/p/ws_demo2/install/ibvs/share/ibvs/environment/path.sh
[0.217s] -- Up-to-date: /home/p/ws_demo2/install/ibvs/share/ibvs/environment/path.dsv
[0.217s] -- Up-to-date: /home/p/ws_demo2/install/ibvs/share/ibvs/local_setup.bash
[0.217s] -- Up-to-date: /home/p/ws_demo2/install/ibvs/share/ibvs/local_setup.sh
[0.218s] -- Up-to-date: /home/p/ws_demo2/install/ibvs/share/ibvs/local_setup.zsh
[0.218s] -- Up-to-date: /home/p/ws_demo2/install/ibvs/share/ibvs/local_setup.dsv
[0.218s] -- Installing: /home/p/ws_demo2/install/ibvs/share/ibvs/package.dsv
[0.219s] -- Up-to-date: /home/p/ws_demo2/install/ibvs/share/ament_index/resource_index/packages/ibvs
[0.219s] -- Up-to-date: /home/p/ws_demo2/install/ibvs/share/ibvs/cmake/ibvsConfig.cmake
[0.219s] -- Up-to-date: /home/p/ws_demo2/install/ibvs/share/ibvs/cmake/ibvsConfig-version.cmake
[0.220s] -- Up-to-date: /home/p/ws_demo2/install/ibvs/share/ibvs/package.xml
[0.250s] Invoked command in '/home/p/ws_demo2/build/ibvs' returned '0': CMAKE_PREFIX_PATH=${CMAKE_PREFIX_PATH}:/home/p/ws_moveit2/install/moveit_configs_utils:/home/p/ws_moveit2/install/launch_param_builder:/home/p/demo_ws2/install/ur20_joint_control:/home/p/demo_ws2/install/arm_joint_control:/opt/ros/humble /usr/local/bin/cmake --install /home/p/ws_demo2/build/ibvs
