[100%] Built target ibvs
-- Install configuration: ""
-- Up-to-date: /home/p/ws_demo2/install/ibvs/lib/ibvs/ibvs
-- Up-to-date: /home/p/ws_demo2/install/ibvs/share/ibvs/launch
-- Up-to-date: /home/p/ws_demo2/install/ibvs/share/ibvs/launch/ur10_gazebo.launch.py
-- Up-to-date: /home/p/ws_demo2/install/ibvs/share/ament_index/resource_index/package_run_dependencies/ibvs
-- Up-to-date: /home/p/ws_demo2/install/ibvs/share/ament_index/resource_index/parent_prefix_path/ibvs
-- Up-to-date: /home/p/ws_demo2/install/ibvs/share/ibvs/environment/ament_prefix_path.sh
-- Up-to-date: /home/p/ws_demo2/install/ibvs/share/ibvs/environment/ament_prefix_path.dsv
-- Up-to-date: /home/p/ws_demo2/install/ibvs/share/ibvs/environment/path.sh
-- Up-to-date: /home/p/ws_demo2/install/ibvs/share/ibvs/environment/path.dsv
-- Up-to-date: /home/p/ws_demo2/install/ibvs/share/ibvs/local_setup.bash
-- Up-to-date: /home/p/ws_demo2/install/ibvs/share/ibvs/local_setup.sh
-- Up-to-date: /home/p/ws_demo2/install/ibvs/share/ibvs/local_setup.zsh
-- Up-to-date: /home/p/ws_demo2/install/ibvs/share/ibvs/local_setup.dsv
-- Up-to-date: /home/p/ws_demo2/install/ibvs/share/ibvs/package.dsv
-- Up-to-date: /home/p/ws_demo2/install/ibvs/share/ament_index/resource_index/packages/ibvs
-- Up-to-date: /home/p/ws_demo2/install/ibvs/share/ibvs/cmake/ibvsConfig.cmake
-- Up-to-date: /home/p/ws_demo2/install/ibvs/share/ibvs/cmake/ibvsConfig-version.cmake
-- Up-to-date: /home/p/ws_demo2/install/ibvs/share/ibvs/package.xml
