[ 50%] [32mBuilding CXX object CMakeFiles/mpc.dir/src/mpc.cpp.o[0m
[01m[K/home/p/ws_demo2/src/mpc/src/mpc.cpp:[m[K In member function ‘[01m[Kvoid MpcControllerNode::solveMpcProblem()[m[K’:
[01m[K/home/p/ws_demo2/src/mpc/src/mpc.cpp:105:37:[m[K [01;31m[Kerror: [m[Kno matching function for call to ‘[01m[KOsqpEigen::Data::setHessianMatrix(const Eigen::SparseView<Eigen::Matrix<double, -1, -1> >)[m[K’
  105 |     [01;31m[Ksolver_.data()->setHessianMatrix(P_mat.sparseView())[m[K;  // 需要转换为稀疏矩阵
      |     [01;31m[K~~~~~~~~~~~~~~~~~~~~~~~~~~~~~~~~^~~~~~~~~~~~~~~~~~~~[m[K
In file included from [01m[K/usr/local/include/OsqpEigen/OsqpEigen.h:11[m[K,
                 from [01m[K/home/p/ws_demo2/src/mpc/include/mpc.h:8[m[K,
                 from [01m[K/home/p/ws_demo2/src/mpc/src/mpc.cpp:1[m[K:
[01m[K/usr/local/include/OsqpEigen/Data.hpp:86:10:[m[K [01;36m[Knote: [m[Kcandidate: ‘[01m[Ktemplate<class Derived> bool OsqpEigen::Data::setHessianMatrix(const Eigen::SparseCompressedBase<Derived>&)[m[K’
   86 |     bool [01;36m[KsetHessianMatrix[m[K(const Eigen::SparseCompressedBase<Derived>& hessianMatrix);
      |          [01;36m[K^~~~~~~~~~~~~~~~[m[K
[01m[K/usr/local/include/OsqpEigen/Data.hpp:86:10:[m[K [01;36m[Knote: [m[K  template argument deduction/substitution failed:
[01m[K/home/p/ws_demo2/src/mpc/src/mpc.cpp:105:37:[m[K [01;36m[Knote: [m[K  ‘[01m[Kconst Eigen::SparseView<Eigen::Matrix<double, -1, -1> >[m[K’ is not derived from ‘[01m[Kconst Eigen::SparseCompressedBase<Derived>[m[K’
  105 |     [01;36m[Ksolver_.data()->setHessianMatrix(P_mat.sparseView())[m[K;  // 需要转换为稀疏矩阵
      |     [01;36m[K~~~~~~~~~~~~~~~~~~~~~~~~~~~~~~~~^~~~~~~~~~~~~~~~~~~~[m[K
[01m[K/home/p/ws_demo2/src/mpc/src/mpc.cpp:[m[K In member function ‘[01m[Kvoid MpcControllerNode::publishCommand(const Eigen::VectorXd&)[m[K’:
[01m[K/home/p/ws_demo2/src/mpc/src/mpc.cpp:119:63:[m[K [01;35m[Kwarning: [m[Kunused parameter ‘[01m[KVc_optimal[m[K’ [[01;35m[K]8;;https://gcc.gnu.org/onlinedocs/gcc/Warning-Options.html#index-Wunused-parameter-Wunused-parameter]8;;[m[K]
  119 | void MpcControllerNode::publishCommand([01;35m[Kconst Eigen::VectorXd& Vc_optimal[m[K)
      |                                        [01;35m[K~~~~~~~~~~~~~~~~~~~~~~~^~~~~~~~~~[m[K
gmake[2]: *** [CMakeFiles/mpc.dir/build.make:79：CMakeFiles/mpc.dir/src/mpc.cpp.o] 错误 1
gmake[1]: *** [CMakeFiles/Makefile2:153：CMakeFiles/mpc.dir/all] 错误 2
gmake: *** [Makefile:146：all] 错误 2
