[0.045s] Invoking command in '/home/p/ws_demo2/build/mpc': CMAKE_PREFIX_PATH=${CMAKE_PREFIX_PATH}:/home/p/ws_moveit2/install/moveit_configs_utils:/home/p/ws_moveit2/install/launch_param_builder:/home/p/demo_ws2/install/ur20_joint_control:/home/p/demo_ws2/install/arm_joint_control:/opt/ros/humble /usr/local/bin/cmake --build /home/p/ws_demo2/build/mpc -- -j16 -l16
[0.131s] [ 50%] [32mBuilding CXX object CMakeFiles/mpc.dir/src/mpc.cpp.o[0m
[4.673s] [01m[K/home/p/ws_demo2/src/mpc/src/mpc.cpp:[m[K In member function ‘[01m[Kvoid MpcControllerNode::solveMpcProblem()[m[K’:
[4.673s] [01m[K/home/p/ws_demo2/src/mpc/src/mpc.cpp:105:37:[m[K [01;31m[Kerror: [m[Kno matching function for call to ‘[01m[KOsqpEigen::Data::setHessianMatrix(const Eigen::SparseView<Eigen::Matrix<double, -1, -1> >)[m[K’
[4.674s]   105 |     [01;31m[Ksolver_.data()->setHessianMatrix(P_mat.sparseView())[m[K;  // 需要转换为稀疏矩阵
[4.674s]       |     [01;31m[K~~~~~~~~~~~~~~~~~~~~~~~~~~~~~~~~^~~~~~~~~~~~~~~~~~~~[m[K
[4.674s] In file included from [01m[K/usr/local/include/OsqpEigen/OsqpEigen.h:11[m[K,
[4.674s]                  from [01m[K/home/p/ws_demo2/src/mpc/include/mpc.h:8[m[K,
[4.674s]                  from [01m[K/home/p/ws_demo2/src/mpc/src/mpc.cpp:1[m[K:
[4.674s] [01m[K/usr/local/include/OsqpEigen/Data.hpp:86:10:[m[K [01;36m[Knote: [m[Kcandidate: ‘[01m[Ktemplate<class Derived> bool OsqpEigen::Data::setHessianMatrix(const Eigen::SparseCompressedBase<Derived>&)[m[K’
[4.674s]    86 |     bool [01;36m[KsetHessianMatrix[m[K(const Eigen::SparseCompressedBase<Derived>& hessianMatrix);
[4.674s]       |          [01;36m[K^~~~~~~~~~~~~~~~[m[K
[4.675s] [01m[K/usr/local/include/OsqpEigen/Data.hpp:86:10:[m[K [01;36m[Knote: [m[K  template argument deduction/substitution failed:
[4.675s] [01m[K/home/p/ws_demo2/src/mpc/src/mpc.cpp:105:37:[m[K [01;36m[Knote: [m[K  ‘[01m[Kconst Eigen::SparseView<Eigen::Matrix<double, -1, -1> >[m[K’ is not derived from ‘[01m[Kconst Eigen::SparseCompressedBase<Derived>[m[K’
[4.675s]   105 |     [01;36m[Ksolver_.data()->setHessianMatrix(P_mat.sparseView())[m[K;  // 需要转换为稀疏矩阵
[4.675s]       |     [01;36m[K~~~~~~~~~~~~~~~~~~~~~~~~~~~~~~~~^~~~~~~~~~~~~~~~~~~~[m[K
[4.675s] [01m[K/home/p/ws_demo2/src/mpc/src/mpc.cpp:[m[K In member function ‘[01m[Kvoid MpcControllerNode::publishCommand(const Eigen::VectorXd&)[m[K’:
[4.675s] [01m[K/home/p/ws_demo2/src/mpc/src/mpc.cpp:119:63:[m[K [01;35m[Kwarning: [m[Kunused parameter ‘[01m[KVc_optimal[m[K’ [[01;35m[K]8;;https://gcc.gnu.org/onlinedocs/gcc/Warning-Options.html#index-Wunused-parameter-Wunused-parameter]8;;[m[K]
[4.675s]   119 | void MpcControllerNode::publishCommand([01;35m[Kconst Eigen::VectorXd& Vc_optimal[m[K)
[4.675s]       |                                        [01;35m[K~~~~~~~~~~~~~~~~~~~~~~~^~~~~~~~~~[m[K
[9.450s] gmake[2]: *** [CMakeFiles/mpc.dir/build.make:79：CMakeFiles/mpc.dir/src/mpc.cpp.o] 错误 1
[9.450s] gmake[1]: *** [CMakeFiles/Makefile2:153：CMakeFiles/mpc.dir/all] 错误 2
[9.451s] gmake: *** [Makefile:146：all] 错误 2
[9.453s] Invoked command in '/home/p/ws_demo2/build/mpc' returned '2': CMAKE_PREFIX_PATH=${CMAKE_PREFIX_PATH}:/home/p/ws_moveit2/install/moveit_configs_utils:/home/p/ws_moveit2/install/launch_param_builder:/home/p/demo_ws2/install/ur20_joint_control:/home/p/demo_ws2/install/arm_joint_control:/opt/ros/humble /usr/local/bin/cmake --build /home/p/ws_demo2/build/mpc -- -j16 -l16
