[0.021s] Invoking command in '/home/p/ws_demo2/build/service_interfaces': CMAKE_PREFIX_PATH=${CMAKE_PREFIX_PATH}:/home/p/ws_moveit2/install/moveit_configs_utils:/home/p/ws_moveit2/install/launch_param_builder:/home/p/demo_ws2/install/ur20_joint_control:/home/p/demo_ws2/install/arm_joint_control:/opt/ros/humble /usr/local/bin/cmake /home/p/ws_demo2/src/service_interfaces -DCMAKE_INSTALL_PREFIX=/home/p/ws_demo2/install/service_interfaces
[0.031s] [0mCMake Deprecation Warning at CMakeLists.txt:1 (cmake_minimum_required):
[0.031s]   Compatibility with CMake < 3.10 will be removed from a future version of
[0.031s]   CMake.
[0.031s] 
[0.031s]   Update the VERSION argument <min> value.  Or, use the <min>...<max> syntax
[0.031s]   to tell CMake that the project requires at least <min> but has been updated
[0.031s]   to work with policies introduced by <max> or earlier.
[0.031s] 
[0.031s] [0m
[0.072s] -- The C compiler identification is GNU 12.3.0
[0.128s] -- The CXX compiler identification is GNU 12.3.0
[0.135s] -- Detecting C compiler ABI info
[0.182s] -- Detecting C compiler ABI info - done
[0.197s] -- Check for working C compiler: /usr/bin/cc - skipped
[0.197s] -- Detecting C compile features
[0.197s] -- Detecting C compile features - done
[0.208s] -- Detecting CXX compiler ABI info
[0.263s] -- Detecting CXX compiler ABI info - done
[0.287s] -- Check for working CXX compiler: /usr/bin/c++ - skipped
[0.287s] -- Detecting CXX compile features
[0.287s] -- Detecting CXX compile features - done
[0.302s] -- Found ament_cmake: 1.3.11 (/opt/ros/humble/share/ament_cmake/cmake)
[0.426s] -- Found Python3: /usr/bin/python3 (found version "3.10.12") found components: Interpreter
[0.542s] -- Found rosidl_default_generators: 1.2.0 (/opt/ros/humble/share/rosidl_default_generators/cmake)
[0.558s] -- Using all available rosidl_typesupport_c: rosidl_typesupport_fastrtps_c;rosidl_typesupport_introspection_c
[0.572s] -- Found rosidl_adapter: 3.1.6 (/opt/ros/humble/share/rosidl_adapter/cmake)
[0.639s] -- Using all available rosidl_typesupport_cpp: rosidl_typesupport_fastrtps_cpp;rosidl_typesupport_introspection_cpp
[0.694s] -- Found std_msgs: 4.9.0 (/opt/ros/humble/share/std_msgs/cmake)
[1.120s] -- Found ament_cmake_ros: 0.10.0 (/opt/ros/humble/share/ament_cmake_ros/cmake)
[1.524s] -- Using all available rosidl_typesupport_c: rosidl_typesupport_fastrtps_c;rosidl_typesupport_introspection_c
[2.040s] -- Using all available rosidl_typesupport_cpp: rosidl_typesupport_fastrtps_cpp;rosidl_typesupport_introspection_cpp
[2.050s] [33mCMake Warning (dev) at /opt/ros/humble/share/rosidl_generator_py/cmake/rosidl_generator_py_generate_interfaces.cmake:20 (find_package):
[2.050s]   Policy CMP0148 is not set: The FindPythonInterp and FindPythonLibs modules
[2.050s]   are removed.  Run "cmake --help-policy CMP0148" for policy details.  Use
[2.050s]   the cmake_policy command to set the policy and suppress this warning.
[2.050s] 
[2.050s] Call Stack (most recent call first):
[2.050s]   /opt/ros/humble/share/ament_cmake_core/cmake/core/ament_execute_extensions.cmake:48 (include)
[2.050s]   /opt/ros/humble/share/rosidl_cmake/cmake/rosidl_generate_interfaces.cmake:286 (ament_execute_extensions)
[2.050s]   CMakeLists.txt:13 (rosidl_generate_interfaces)
[2.050s] This warning is for project developers.  Use -Wno-dev to suppress it.
[2.050s] [0m
[2.068s] -- Found PythonInterp: /usr/bin/python3 (found suitable version "3.10.12", minimum required is "3.6")
[2.072s] -- Found python_cmake_module: 0.10.0 (/opt/ros/humble/share/python_cmake_module/cmake)
[2.073s] [33mCMake Warning (dev) at /opt/ros/humble/share/python_cmake_module/cmake/Modules/FindPythonExtra.cmake:52 (find_package):
[2.073s]   Policy CMP0148 is not set: The FindPythonInterp and FindPythonLibs modules
[2.073s]   are removed.  Run "cmake --help-policy CMP0148" for policy details.  Use
[2.073s]   the cmake_policy command to set the policy and suppress this warning.
[2.073s] 
[2.073s] Call Stack (most recent call first):
[2.073s]   /opt/ros/humble/share/rosidl_generator_py/cmake/rosidl_generator_py_generate_interfaces.cmake:23 (find_package)
[2.073s]   /opt/ros/humble/share/ament_cmake_core/cmake/core/ament_execute_extensions.cmake:48 (include)
[2.073s]   /opt/ros/humble/share/rosidl_cmake/cmake/rosidl_generate_interfaces.cmake:286 (ament_execute_extensions)
[2.073s]   CMakeLists.txt:13 (rosidl_generate_interfaces)
[2.073s] This warning is for project developers.  Use -Wno-dev to suppress it.
[2.073s] [0m
[2.089s] [33mCMake Warning (dev) at /opt/ros/humble/share/python_cmake_module/cmake/Modules/FindPythonExtra.cmake:140 (find_package):
[2.089s]   Policy CMP0148 is not set: The FindPythonInterp and FindPythonLibs modules
[2.089s]   are removed.  Run "cmake --help-policy CMP0148" for policy details.  Use
[2.089s]   the cmake_policy command to set the policy and suppress this warning.
[2.089s] 
[2.089s] Call Stack (most recent call first):
[2.089s]   /opt/ros/humble/share/rosidl_generator_py/cmake/rosidl_generator_py_generate_interfaces.cmake:23 (find_package)
[2.089s]   /opt/ros/humble/share/ament_cmake_core/cmake/core/ament_execute_extensions.cmake:48 (include)
[2.089s]   /opt/ros/humble/share/rosidl_cmake/cmake/rosidl_generate_interfaces.cmake:286 (ament_execute_extensions)
[2.089s]   CMakeLists.txt:13 (rosidl_generate_interfaces)
[2.089s] This warning is for project developers.  Use -Wno-dev to suppress it.
[2.089s] [0m
[2.097s] -- Found PythonLibs: /usr/lib/x86_64-linux-gnu/libpython3.10.so (found suitable version "3.10.12", minimum required is "3.5")
[2.097s] -- Using PYTHON_EXECUTABLE: /usr/bin/python3
[2.097s] -- Using PYTHON_INCLUDE_DIRS: /usr/include/python3.10
[2.097s] -- Using PYTHON_LIBRARIES: /usr/lib/x86_64-linux-gnu/libpython3.10.so
[2.114s] -- Found PythonExtra: .so
[2.197s] -- Found ament_lint_auto: 0.12.12 (/opt/ros/humble/share/ament_lint_auto/cmake)
[2.238s] -- Added test 'cppcheck' to perform static code analysis on C / C++ code
[2.239s] -- Configured cppcheck include dirs: 
[2.239s] -- Configured cppcheck exclude dirs and/or files: 
[2.241s] -- Added test 'flake8' to check Python code syntax and style conventions
[2.244s] -- Added test 'lint_cmake' to check CMake code style
[2.247s] -- Added test 'pep257' to check Python code against some of the docstring style conventions in PEP 257
[2.257s] -- Added test 'uncrustify' to check C / C++ code style
[2.257s] -- Configured uncrustify additional arguments: 
[2.259s] -- Added test 'xmllint' to check XML markup files
[2.262s] -- Configuring done (2.2s)
[2.296s] -- Generating done (0.0s)
[2.304s] -- Build files have been written to: /home/p/ws_demo2/build/service_interfaces
[2.309s] Invoked command in '/home/p/ws_demo2/build/service_interfaces' returned '0': CMAKE_PREFIX_PATH=${CMAKE_PREFIX_PATH}:/home/p/ws_moveit2/install/moveit_configs_utils:/home/p/ws_moveit2/install/launch_param_builder:/home/p/demo_ws2/install/ur20_joint_control:/home/p/demo_ws2/install/arm_joint_control:/opt/ros/humble /usr/local/bin/cmake /home/p/ws_demo2/src/service_interfaces -DCMAKE_INSTALL_PREFIX=/home/p/ws_demo2/install/service_interfaces
[2.310s] Invoking command in '/home/p/ws_demo2/build/service_interfaces': CMAKE_PREFIX_PATH=${CMAKE_PREFIX_PATH}:/home/p/ws_moveit2/install/moveit_configs_utils:/home/p/ws_moveit2/install/launch_param_builder:/home/p/demo_ws2/install/ur20_joint_control:/home/p/demo_ws2/install/arm_joint_control:/opt/ros/humble /usr/local/bin/cmake --build /home/p/ws_demo2/build/service_interfaces -- -j16 -l16
[2.327s] [  1%] [34m[1mGenerating C code for ROS interfaces[0m
[2.331s] [  3%] [34m[1mGenerating C++ code for ROS interfaces[0m
[2.333s] [  3%] Built target ament_cmake_python_copy_service_interfaces
[2.533s] running egg_info
[2.533s] creating service_interfaces.egg-info
[2.534s] writing service_interfaces.egg-info/PKG-INFO
[2.534s] writing dependency_links to service_interfaces.egg-info/dependency_links.txt
[2.534s] writing top-level names to service_interfaces.egg-info/top_level.txt
[2.534s] writing manifest file 'service_interfaces.egg-info/SOURCES.txt'
[2.535s] reading manifest file 'service_interfaces.egg-info/SOURCES.txt'
[2.536s] writing manifest file 'service_interfaces.egg-info/SOURCES.txt'
[2.551s] [  3%] Built target ament_cmake_python_build_service_interfaces_egg
[2.860s] [  5%] [32mBuilding C object CMakeFiles/service_interfaces__rosidl_generator_c.dir/rosidl_generator_c/service_interfaces/srv/detail/send_grasp_request__functions.c.o[0m
[2.860s] [  7%] [32mBuilding C object CMakeFiles/service_interfaces__rosidl_generator_c.dir/rosidl_generator_c/service_interfaces/srv/detail/send_gripper_request__functions.c.o[0m
[2.860s] [  9%] [32mBuilding C object CMakeFiles/service_interfaces__rosidl_generator_c.dir/rosidl_generator_c/service_interfaces/srv/detail/get_jacobian__functions.c.o[0m
[2.860s] [ 10%] [32mBuilding C object CMakeFiles/service_interfaces__rosidl_generator_c.dir/rosidl_generator_c/service_interfaces/msg/detail/moment_features__functions.c.o[0m
[2.874s] [ 10%] Built target service_interfaces__cpp
[2.879s] [ 12%] [34m[1mGenerating C++ type support dispatch for ROS interfaces[0m
[2.879s] [ 14%] [34m[1mGenerating C++ type support for eProsima Fast-RTPS[0m
[2.879s] [ 16%] [34m[1mGenerating C++ introspection for ROS interfaces[0m
[2.935s] [ 18%] [32m[1mLinking C shared library libservice_interfaces__rosidl_generator_c.so[0m
[2.956s] [ 18%] Built target service_interfaces__rosidl_generator_c
[2.961s] [ 20%] [34m[1mGenerating C type support for eProsima Fast-RTPS[0m
[2.961s] [ 23%] [34m[1mGenerating C introspection for ROS interfaces[0m
[2.961s] [ 23%] [34m[1mGenerating C type support dispatch for ROS interfaces[0m
[3.311s] [ 25%] [32mBuilding CXX object CMakeFiles/service_interfaces__rosidl_typesupport_cpp.dir/rosidl_typesupport_cpp/service_interfaces/srv/send_gripper_request__type_support.cpp.o[0m
[3.311s] [ 27%] [32mBuilding CXX object CMakeFiles/service_interfaces__rosidl_typesupport_cpp.dir/rosidl_typesupport_cpp/service_interfaces/srv/get_jacobian__type_support.cpp.o[0m
[3.312s] [ 29%] [32mBuilding CXX object CMakeFiles/service_interfaces__rosidl_typesupport_cpp.dir/rosidl_typesupport_cpp/service_interfaces/srv/send_grasp_request__type_support.cpp.o[0m
[3.313s] [ 30%] [32mBuilding CXX object CMakeFiles/service_interfaces__rosidl_typesupport_cpp.dir/rosidl_typesupport_cpp/service_interfaces/msg/moment_features__type_support.cpp.o[0m
[3.363s] [ 32%] [32mBuilding CXX object CMakeFiles/service_interfaces__rosidl_typesupport_introspection_cpp.dir/rosidl_typesupport_introspection_cpp/service_interfaces/srv/detail/send_gripper_request__type_support.cpp.o[0m
[3.363s] [ 34%] [32mBuilding CXX object CMakeFiles/service_interfaces__rosidl_typesupport_introspection_cpp.dir/rosidl_typesupport_introspection_cpp/service_interfaces/srv/detail/get_jacobian__type_support.cpp.o[0m
[3.363s] [ 36%] [32mBuilding CXX object CMakeFiles/service_interfaces__rosidl_typesupport_introspection_cpp.dir/rosidl_typesupport_introspection_cpp/service_interfaces/msg/detail/moment_features__type_support.cpp.o[0m
[3.363s] [ 38%] [32mBuilding CXX object CMakeFiles/service_interfaces__rosidl_typesupport_introspection_cpp.dir/rosidl_typesupport_introspection_cpp/service_interfaces/srv/detail/send_grasp_request__type_support.cpp.o[0m
[3.399s] [ 40%] [32mBuilding CXX object CMakeFiles/service_interfaces__rosidl_typesupport_c.dir/rosidl_typesupport_c/service_interfaces/srv/send_grasp_request__type_support.cpp.o[0m
[3.399s] [ 41%] [32mBuilding CXX object CMakeFiles/service_interfaces__rosidl_typesupport_c.dir/rosidl_typesupport_c/service_interfaces/srv/get_jacobian__type_support.cpp.o[0m
[3.399s] [ 43%] [32mBuilding CXX object CMakeFiles/service_interfaces__rosidl_typesupport_c.dir/rosidl_typesupport_c/service_interfaces/srv/send_gripper_request__type_support.cpp.o[0m
[3.399s] [ 45%] [32mBuilding CXX object CMakeFiles/service_interfaces__rosidl_typesupport_c.dir/rosidl_typesupport_c/service_interfaces/msg/moment_features__type_support.cpp.o[0m
[3.440s] [ 47%] [32m[1mLinking CXX shared library libservice_interfaces__rosidl_typesupport_c.so[0m
[3.470s] [ 47%] Built target service_interfaces__rosidl_typesupport_c
[3.475s] [ 49%] [32mBuilding C object CMakeFiles/service_interfaces__rosidl_typesupport_introspection_c.dir/rosidl_typesupport_introspection_c/service_interfaces/srv/detail/send_grasp_request__type_support.c.o[0m
[3.476s] [ 52%] [32mBuilding C object CMakeFiles/service_interfaces__rosidl_typesupport_introspection_c.dir/rosidl_typesupport_introspection_c/service_interfaces/srv/detail/get_jacobian__type_support.c.o[0m
[3.476s] [ 52%] [32mBuilding C object CMakeFiles/service_interfaces__rosidl_typesupport_introspection_c.dir/rosidl_typesupport_introspection_c/service_interfaces/srv/detail/send_gripper_request__type_support.c.o[0m
[3.478s] [ 54%] [32mBuilding C object CMakeFiles/service_interfaces__rosidl_typesupport_introspection_c.dir/rosidl_typesupport_introspection_c/service_interfaces/msg/detail/moment_features__type_support.c.o[0m
[3.495s] [ 56%] [32mBuilding CXX object CMakeFiles/service_interfaces__rosidl_typesupport_fastrtps_cpp.dir/rosidl_typesupport_fastrtps_cpp/service_interfaces/srv/detail/dds_fastrtps/send_grasp_request__type_support.cpp.o[0m
[3.497s] [ 58%] [32mBuilding CXX object CMakeFiles/service_interfaces__rosidl_typesupport_fastrtps_cpp.dir/rosidl_typesupport_fastrtps_cpp/service_interfaces/srv/detail/dds_fastrtps/send_gripper_request__type_support.cpp.o[0m
[3.498s] [ 60%] [32mBuilding CXX object CMakeFiles/service_interfaces__rosidl_typesupport_fastrtps_cpp.dir/rosidl_typesupport_fastrtps_cpp/service_interfaces/srv/detail/dds_fastrtps/get_jacobian__type_support.cpp.o[0m
[3.526s] [ 61%] [32mBuilding CXX object CMakeFiles/service_interfaces__rosidl_typesupport_fastrtps_cpp.dir/rosidl_typesupport_fastrtps_cpp/service_interfaces/msg/detail/dds_fastrtps/moment_features__type_support.cpp.o[0m
[3.528s] [ 63%] [32m[1mLinking C shared library libservice_interfaces__rosidl_typesupport_introspection_c.so[0m
[3.570s] [ 63%] Built target service_interfaces__rosidl_typesupport_introspection_c
[3.587s] [ 65%] [32mBuilding CXX object CMakeFiles/service_interfaces__rosidl_typesupport_fastrtps_c.dir/rosidl_typesupport_fastrtps_c/service_interfaces/srv/detail/send_grasp_request__type_support_c.cpp.o[0m
[3.588s] [ 67%] [32mBuilding CXX object CMakeFiles/service_interfaces__rosidl_typesupport_fastrtps_c.dir/rosidl_typesupport_fastrtps_c/service_interfaces/srv/detail/send_gripper_request__type_support_c.cpp.o[0m
[3.594s] [ 69%] [32mBuilding CXX object CMakeFiles/service_interfaces__rosidl_typesupport_fastrtps_c.dir/rosidl_typesupport_fastrtps_c/service_interfaces/msg/detail/moment_features__type_support_c.cpp.o[0m
[3.594s] [ 70%] [32mBuilding CXX object CMakeFiles/service_interfaces__rosidl_typesupport_fastrtps_c.dir/rosidl_typesupport_fastrtps_c/service_interfaces/srv/detail/get_jacobian__type_support_c.cpp.o[0m
[3.713s] [ 72%] [32m[1mLinking CXX shared library libservice_interfaces__rosidl_typesupport_cpp.so[0m
[3.753s] [ 72%] Built target service_interfaces__rosidl_typesupport_cpp
[3.841s] [ 74%] [32m[1mLinking CXX shared library libservice_interfaces__rosidl_typesupport_introspection_cpp.so[0m
[3.899s] [ 74%] Built target service_interfaces__rosidl_typesupport_introspection_cpp
[4.067s] [ 76%] [32m[1mLinking CXX shared library libservice_interfaces__rosidl_typesupport_fastrtps_cpp.so[0m
[4.117s] [ 76%] Built target service_interfaces__rosidl_typesupport_fastrtps_cpp
[4.127s] [ 78%] [32m[1mLinking CXX shared library libservice_interfaces__rosidl_typesupport_fastrtps_c.so[0m
[4.172s] [ 78%] Built target service_interfaces__rosidl_typesupport_fastrtps_c
[4.181s] [ 78%] Built target service_interfaces
[4.190s] [ 80%] [34m[1mGenerating Python code for ROS interfaces[0m
[5.056s] [ 80%] Built target service_interfaces__py
[5.065s] [ 81%] [32mBuilding C object CMakeFiles/service_interfaces__rosidl_generator_py.dir/rosidl_generator_py/service_interfaces/srv/_send_grasp_request_s.c.o[0m
[5.065s] [ 83%] [32mBuilding C object CMakeFiles/service_interfaces__rosidl_generator_py.dir/rosidl_generator_py/service_interfaces/srv/_get_jacobian_s.c.o[0m
[5.065s] [ 85%] [32mBuilding C object CMakeFiles/service_interfaces__rosidl_generator_py.dir/rosidl_generator_py/service_interfaces/srv/_send_gripper_request_s.c.o[0m
[5.065s] [ 87%] [32mBuilding C object CMakeFiles/service_interfaces__rosidl_generator_py.dir/rosidl_generator_py/service_interfaces/msg/_moment_features_s.c.o[0m
[5.171s] [ 89%] [32m[1mLinking C shared library rosidl_generator_py/service_interfaces/libservice_interfaces__rosidl_generator_py.so[0m
[5.195s] [ 89%] Built target service_interfaces__rosidl_generator_py
[5.204s] [ 90%] [32mBuilding C object CMakeFiles/service_interfaces__rosidl_typesupport_fastrtps_c__pyext.dir/rosidl_generator_py/service_interfaces/_service_interfaces_s.ep.rosidl_typesupport_fastrtps_c.c.o[0m
[5.204s] [ 92%] [32mBuilding C object CMakeFiles/service_interfaces__rosidl_typesupport_introspection_c__pyext.dir/rosidl_generator_py/service_interfaces/_service_interfaces_s.ep.rosidl_typesupport_introspection_c.c.o[0m
[5.204s] [ 94%] [32mBuilding C object CMakeFiles/service_interfaces__rosidl_typesupport_c__pyext.dir/rosidl_generator_py/service_interfaces/_service_interfaces_s.ep.rosidl_typesupport_c.c.o[0m
[5.298s] [ 98%] [32m[1mLinking C shared library rosidl_generator_py/service_interfaces/service_interfaces_s__rosidl_typesupport_introspection_c.cpython-310-x86_64-linux-gnu.so[0m
[5.299s] [ 98%] [32m[1mLinking C shared library rosidl_generator_py/service_interfaces/service_interfaces_s__rosidl_typesupport_fastrtps_c.cpython-310-x86_64-linux-gnu.so[0m
[5.299s] [100%] [32m[1mLinking C shared library rosidl_generator_py/service_interfaces/service_interfaces_s__rosidl_typesupport_c.cpython-310-x86_64-linux-gnu.so[0m
[5.321s] [100%] Built target service_interfaces__rosidl_typesupport_introspection_c__pyext
[5.321s] [100%] Built target service_interfaces__rosidl_typesupport_c__pyext
[5.321s] [100%] Built target service_interfaces__rosidl_typesupport_fastrtps_c__pyext
[5.326s] Invoked command in '/home/p/ws_demo2/build/service_interfaces' returned '0': CMAKE_PREFIX_PATH=${CMAKE_PREFIX_PATH}:/home/p/ws_moveit2/install/moveit_configs_utils:/home/p/ws_moveit2/install/launch_param_builder:/home/p/demo_ws2/install/ur20_joint_control:/home/p/demo_ws2/install/arm_joint_control:/opt/ros/humble /usr/local/bin/cmake --build /home/p/ws_demo2/build/service_interfaces -- -j16 -l16
[5.326s] Invoking command in '/home/p/ws_demo2/build/service_interfaces': CMAKE_PREFIX_PATH=${CMAKE_PREFIX_PATH}:/home/p/ws_moveit2/install/moveit_configs_utils:/home/p/ws_moveit2/install/launch_param_builder:/home/p/demo_ws2/install/ur20_joint_control:/home/p/demo_ws2/install/arm_joint_control:/opt/ros/humble /usr/local/bin/cmake --install /home/p/ws_demo2/build/service_interfaces
[5.328s] -- Install configuration: ""
[5.328s] -- Installing: /home/p/ws_demo2/install/service_interfaces/share/ament_index/resource_index/rosidl_interfaces/service_interfaces
[5.328s] -- Installing: /home/p/ws_demo2/install/service_interfaces/include/service_interfaces/service_interfaces
[5.328s] -- Installing: /home/p/ws_demo2/install/service_interfaces/include/service_interfaces/service_interfaces/srv
[5.328s] -- Installing: /home/p/ws_demo2/install/service_interfaces/include/service_interfaces/service_interfaces/srv/detail
[5.328s] -- Installing: /home/p/ws_demo2/install/service_interfaces/include/service_interfaces/service_interfaces/srv/detail/send_grasp_request__struct.h
[5.328s] -- Installing: /home/p/ws_demo2/install/service_interfaces/include/service_interfaces/service_interfaces/srv/detail/send_gripper_request__type_support.h
[5.329s] -- Installing: /home/p/ws_demo2/install/service_interfaces/include/service_interfaces/service_interfaces/srv/detail/send_gripper_request__struct.h
[5.329s] -- Installing: /home/p/ws_demo2/install/service_interfaces/include/service_interfaces/service_interfaces/srv/detail/send_gripper_request__functions.h
[5.329s] -- Installing: /home/p/ws_demo2/install/service_interfaces/include/service_interfaces/service_interfaces/srv/detail/get_jacobian__functions.h
[5.329s] -- Installing: /home/p/ws_demo2/install/service_interfaces/include/service_interfaces/service_interfaces/srv/detail/get_jacobian__functions.c
[5.329s] -- Installing: /home/p/ws_demo2/install/service_interfaces/include/service_interfaces/service_interfaces/srv/detail/send_grasp_request__functions.c
[5.329s] -- Installing: /home/p/ws_demo2/install/service_interfaces/include/service_interfaces/service_interfaces/srv/detail/send_grasp_request__functions.h
[5.329s] -- Installing: /home/p/ws_demo2/install/service_interfaces/include/service_interfaces/service_interfaces/srv/detail/get_jacobian__struct.h
[5.329s] -- Installing: /home/p/ws_demo2/install/service_interfaces/include/service_interfaces/service_interfaces/srv/detail/get_jacobian__type_support.h
[5.329s] -- Installing: /home/p/ws_demo2/install/service_interfaces/include/service_interfaces/service_interfaces/srv/detail/send_gripper_request__functions.c
[5.329s] -- Installing: /home/p/ws_demo2/install/service_interfaces/include/service_interfaces/service_interfaces/srv/detail/send_grasp_request__type_support.h
[5.329s] -- Installing: /home/p/ws_demo2/install/service_interfaces/include/service_interfaces/service_interfaces/srv/send_grasp_request.h
[5.329s] -- Installing: /home/p/ws_demo2/install/service_interfaces/include/service_interfaces/service_interfaces/srv/send_gripper_request.h
[5.329s] -- Installing: /home/p/ws_demo2/install/service_interfaces/include/service_interfaces/service_interfaces/srv/get_jacobian.h
[5.329s] -- Installing: /home/p/ws_demo2/install/service_interfaces/include/service_interfaces/service_interfaces/msg
[5.329s] -- Installing: /home/p/ws_demo2/install/service_interfaces/include/service_interfaces/service_interfaces/msg/detail
[5.329s] -- Installing: /home/p/ws_demo2/install/service_interfaces/include/service_interfaces/service_interfaces/msg/detail/moment_features__type_support.h
[5.330s] -- Installing: /home/p/ws_demo2/install/service_interfaces/include/service_interfaces/service_interfaces/msg/detail/moment_features__functions.h
[5.330s] -- Installing: /home/p/ws_demo2/install/service_interfaces/include/service_interfaces/service_interfaces/msg/detail/moment_features__struct.h
[5.330s] -- Installing: /home/p/ws_demo2/install/service_interfaces/include/service_interfaces/service_interfaces/msg/detail/moment_features__functions.c
[5.330s] -- Installing: /home/p/ws_demo2/install/service_interfaces/include/service_interfaces/service_interfaces/msg/moment_features.h
[5.330s] -- Installing: /home/p/ws_demo2/install/service_interfaces/include/service_interfaces/service_interfaces/msg/rosidl_generator_c__visibility_control.h
[5.330s] -- Installing: /home/p/ws_demo2/install/service_interfaces/share/service_interfaces/environment/library_path.sh
[5.330s] -- Installing: /home/p/ws_demo2/install/service_interfaces/share/service_interfaces/environment/library_path.dsv
[5.330s] -- Installing: /home/p/ws_demo2/install/service_interfaces/lib/libservice_interfaces__rosidl_generator_c.so
[5.330s] -- Set non-toolchain portion of runtime path of "/home/p/ws_demo2/install/service_interfaces/lib/libservice_interfaces__rosidl_generator_c.so" to ""
[5.330s] -- Up-to-date: /home/p/ws_demo2/install/service_interfaces/include/service_interfaces/service_interfaces
[5.330s] -- Up-to-date: /home/p/ws_demo2/install/service_interfaces/include/service_interfaces/service_interfaces/srv
[5.331s] -- Up-to-date: /home/p/ws_demo2/install/service_interfaces/include/service_interfaces/service_interfaces/srv/detail
[5.331s] -- Installing: /home/p/ws_demo2/install/service_interfaces/include/service_interfaces/service_interfaces/srv/detail/get_jacobian__rosidl_typesupport_fastrtps_c.h
[5.331s] -- Installing: /home/p/ws_demo2/install/service_interfaces/include/service_interfaces/service_interfaces/srv/detail/send_grasp_request__rosidl_typesupport_fastrtps_c.h
[5.331s] -- Installing: /home/p/ws_demo2/install/service_interfaces/include/service_interfaces/service_interfaces/srv/detail/send_gripper_request__rosidl_typesupport_fastrtps_c.h
[5.331s] -- Up-to-date: /home/p/ws_demo2/install/service_interfaces/include/service_interfaces/service_interfaces/msg
[5.331s] -- Up-to-date: /home/p/ws_demo2/install/service_interfaces/include/service_interfaces/service_interfaces/msg/detail
[5.331s] -- Installing: /home/p/ws_demo2/install/service_interfaces/include/service_interfaces/service_interfaces/msg/detail/moment_features__rosidl_typesupport_fastrtps_c.h
[5.331s] -- Installing: /home/p/ws_demo2/install/service_interfaces/include/service_interfaces/service_interfaces/msg/rosidl_typesupport_fastrtps_c__visibility_control.h
[5.331s] -- Installing: /home/p/ws_demo2/install/service_interfaces/lib/libservice_interfaces__rosidl_typesupport_fastrtps_c.so
[5.331s] -- Set non-toolchain portion of runtime path of "/home/p/ws_demo2/install/service_interfaces/lib/libservice_interfaces__rosidl_typesupport_fastrtps_c.so" to ""
[5.331s] -- Up-to-date: /home/p/ws_demo2/install/service_interfaces/include/service_interfaces/service_interfaces
[5.331s] -- Up-to-date: /home/p/ws_demo2/install/service_interfaces/include/service_interfaces/service_interfaces/srv
[5.331s] -- Up-to-date: /home/p/ws_demo2/install/service_interfaces/include/service_interfaces/service_interfaces/srv/detail
[5.331s] -- Installing: /home/p/ws_demo2/install/service_interfaces/include/service_interfaces/service_interfaces/srv/detail/send_gripper_request__rosidl_typesupport_introspection_c.h
[5.331s] -- Installing: /home/p/ws_demo2/install/service_interfaces/include/service_interfaces/service_interfaces/srv/detail/get_jacobian__rosidl_typesupport_introspection_c.h
[5.332s] -- Installing: /home/p/ws_demo2/install/service_interfaces/include/service_interfaces/service_interfaces/srv/detail/send_gripper_request__type_support.c
[5.332s] -- Installing: /home/p/ws_demo2/install/service_interfaces/include/service_interfaces/service_interfaces/srv/detail/send_grasp_request__type_support.c
[5.332s] -- Installing: /home/p/ws_demo2/install/service_interfaces/include/service_interfaces/service_interfaces/srv/detail/get_jacobian__type_support.c
[5.332s] -- Installing: /home/p/ws_demo2/install/service_interfaces/include/service_interfaces/service_interfaces/srv/detail/send_grasp_request__rosidl_typesupport_introspection_c.h
[5.332s] -- Up-to-date: /home/p/ws_demo2/install/service_interfaces/include/service_interfaces/service_interfaces/msg
[5.332s] -- Up-to-date: /home/p/ws_demo2/install/service_interfaces/include/service_interfaces/service_interfaces/msg/detail
[5.332s] -- Installing: /home/p/ws_demo2/install/service_interfaces/include/service_interfaces/service_interfaces/msg/detail/moment_features__type_support.c
[5.332s] -- Installing: /home/p/ws_demo2/install/service_interfaces/include/service_interfaces/service_interfaces/msg/detail/moment_features__rosidl_typesupport_introspection_c.h
[5.332s] -- Installing: /home/p/ws_demo2/install/service_interfaces/include/service_interfaces/service_interfaces/msg/rosidl_typesupport_introspection_c__visibility_control.h
[5.332s] -- Installing: /home/p/ws_demo2/install/service_interfaces/lib/libservice_interfaces__rosidl_typesupport_introspection_c.so
[5.332s] -- Set non-toolchain portion of runtime path of "/home/p/ws_demo2/install/service_interfaces/lib/libservice_interfaces__rosidl_typesupport_introspection_c.so" to ""
[5.332s] -- Installing: /home/p/ws_demo2/install/service_interfaces/lib/libservice_interfaces__rosidl_typesupport_c.so
[5.332s] -- Set non-toolchain portion of runtime path of "/home/p/ws_demo2/install/service_interfaces/lib/libservice_interfaces__rosidl_typesupport_c.so" to ""
[5.333s] -- Up-to-date: /home/p/ws_demo2/install/service_interfaces/include/service_interfaces/service_interfaces
[5.333s] -- Up-to-date: /home/p/ws_demo2/install/service_interfaces/include/service_interfaces/service_interfaces/srv
[5.333s] -- Up-to-date: /home/p/ws_demo2/install/service_interfaces/include/service_interfaces/service_interfaces/srv/detail
[5.333s] -- Installing: /home/p/ws_demo2/install/service_interfaces/include/service_interfaces/service_interfaces/srv/detail/send_gripper_request__builder.hpp
[5.333s] -- Installing: /home/p/ws_demo2/install/service_interfaces/include/service_interfaces/service_interfaces/srv/detail/send_grasp_request__builder.hpp
[5.333s] -- Installing: /home/p/ws_demo2/install/service_interfaces/include/service_interfaces/service_interfaces/srv/detail/send_grasp_request__type_support.hpp
[5.333s] -- Installing: /home/p/ws_demo2/install/service_interfaces/include/service_interfaces/service_interfaces/srv/detail/get_jacobian__traits.hpp
[5.333s] -- Installing: /home/p/ws_demo2/install/service_interfaces/include/service_interfaces/service_interfaces/srv/detail/get_jacobian__struct.hpp
[5.333s] -- Installing: /home/p/ws_demo2/install/service_interfaces/include/service_interfaces/service_interfaces/srv/detail/send_grasp_request__struct.hpp
[5.333s] -- Installing: /home/p/ws_demo2/install/service_interfaces/include/service_interfaces/service_interfaces/srv/detail/get_jacobian__builder.hpp
[5.333s] -- Installing: /home/p/ws_demo2/install/service_interfaces/include/service_interfaces/service_interfaces/srv/detail/send_gripper_request__traits.hpp
[5.333s] -- Installing: /home/p/ws_demo2/install/service_interfaces/include/service_interfaces/service_interfaces/srv/detail/send_grasp_request__traits.hpp
[5.333s] -- Installing: /home/p/ws_demo2/install/service_interfaces/include/service_interfaces/service_interfaces/srv/detail/send_gripper_request__struct.hpp
[5.333s] -- Installing: /home/p/ws_demo2/install/service_interfaces/include/service_interfaces/service_interfaces/srv/detail/send_gripper_request__type_support.hpp
[5.333s] -- Installing: /home/p/ws_demo2/install/service_interfaces/include/service_interfaces/service_interfaces/srv/detail/get_jacobian__type_support.hpp
[5.334s] -- Installing: /home/p/ws_demo2/install/service_interfaces/include/service_interfaces/service_interfaces/srv/send_gripper_request.hpp
[5.334s] -- Installing: /home/p/ws_demo2/install/service_interfaces/include/service_interfaces/service_interfaces/srv/get_jacobian.hpp
[5.334s] -- Installing: /home/p/ws_demo2/install/service_interfaces/include/service_interfaces/service_interfaces/srv/send_grasp_request.hpp
[5.334s] -- Up-to-date: /home/p/ws_demo2/install/service_interfaces/include/service_interfaces/service_interfaces/msg
[5.334s] -- Up-to-date: /home/p/ws_demo2/install/service_interfaces/include/service_interfaces/service_interfaces/msg/detail
[5.334s] -- Installing: /home/p/ws_demo2/install/service_interfaces/include/service_interfaces/service_interfaces/msg/detail/moment_features__traits.hpp
[5.334s] -- Installing: /home/p/ws_demo2/install/service_interfaces/include/service_interfaces/service_interfaces/msg/detail/moment_features__struct.hpp
[5.334s] -- Installing: /home/p/ws_demo2/install/service_interfaces/include/service_interfaces/service_interfaces/msg/detail/moment_features__builder.hpp
[5.334s] -- Installing: /home/p/ws_demo2/install/service_interfaces/include/service_interfaces/service_interfaces/msg/detail/moment_features__type_support.hpp
[5.334s] -- Installing: /home/p/ws_demo2/install/service_interfaces/include/service_interfaces/service_interfaces/msg/rosidl_generator_cpp__visibility_control.hpp
[5.334s] -- Installing: /home/p/ws_demo2/install/service_interfaces/include/service_interfaces/service_interfaces/msg/moment_features.hpp
[5.334s] -- Up-to-date: /home/p/ws_demo2/install/service_interfaces/include/service_interfaces/service_interfaces
[5.335s] -- Up-to-date: /home/p/ws_demo2/install/service_interfaces/include/service_interfaces/service_interfaces/srv
[5.335s] -- Up-to-date: /home/p/ws_demo2/install/service_interfaces/include/service_interfaces/service_interfaces/srv/detail
[5.335s] -- Installing: /home/p/ws_demo2/install/service_interfaces/include/service_interfaces/service_interfaces/srv/detail/dds_fastrtps
[5.335s] -- Installing: /home/p/ws_demo2/install/service_interfaces/include/service_interfaces/service_interfaces/srv/detail/get_jacobian__rosidl_typesupport_fastrtps_cpp.hpp
[5.335s] -- Installing: /home/p/ws_demo2/install/service_interfaces/include/service_interfaces/service_interfaces/srv/detail/send_gripper_request__rosidl_typesupport_fastrtps_cpp.hpp
[5.335s] -- Installing: /home/p/ws_demo2/install/service_interfaces/include/service_interfaces/service_interfaces/srv/detail/send_grasp_request__rosidl_typesupport_fastrtps_cpp.hpp
[5.335s] -- Up-to-date: /home/p/ws_demo2/install/service_interfaces/include/service_interfaces/service_interfaces/msg
[5.335s] -- Installing: /home/p/ws_demo2/install/service_interfaces/include/service_interfaces/service_interfaces/msg/rosidl_typesupport_fastrtps_cpp__visibility_control.h
[5.335s] -- Up-to-date: /home/p/ws_demo2/install/service_interfaces/include/service_interfaces/service_interfaces/msg/detail
[5.335s] -- Installing: /home/p/ws_demo2/install/service_interfaces/include/service_interfaces/service_interfaces/msg/detail/dds_fastrtps
[5.335s] -- Installing: /home/p/ws_demo2/install/service_interfaces/include/service_interfaces/service_interfaces/msg/detail/moment_features__rosidl_typesupport_fastrtps_cpp.hpp
[5.335s] -- Installing: /home/p/ws_demo2/install/service_interfaces/lib/libservice_interfaces__rosidl_typesupport_fastrtps_cpp.so
[5.335s] -- Set non-toolchain portion of runtime path of "/home/p/ws_demo2/install/service_interfaces/lib/libservice_interfaces__rosidl_typesupport_fastrtps_cpp.so" to ""
[5.335s] -- Up-to-date: /home/p/ws_demo2/install/service_interfaces/include/service_interfaces/service_interfaces
[5.335s] -- Up-to-date: /home/p/ws_demo2/install/service_interfaces/include/service_interfaces/service_interfaces/srv
[5.335s] -- Up-to-date: /home/p/ws_demo2/install/service_interfaces/include/service_interfaces/service_interfaces/srv/detail
[5.336s] -- Installing: /home/p/ws_demo2/install/service_interfaces/include/service_interfaces/service_interfaces/srv/detail/send_grasp_request__type_support.cpp
[5.336s] -- Installing: /home/p/ws_demo2/install/service_interfaces/include/service_interfaces/service_interfaces/srv/detail/send_gripper_request__type_support.cpp
[5.336s] -- Installing: /home/p/ws_demo2/install/service_interfaces/include/service_interfaces/service_interfaces/srv/detail/get_jacobian__rosidl_typesupport_introspection_cpp.hpp
[5.336s] -- Installing: /home/p/ws_demo2/install/service_interfaces/include/service_interfaces/service_interfaces/srv/detail/get_jacobian__type_support.cpp
[5.336s] -- Installing: /home/p/ws_demo2/install/service_interfaces/include/service_interfaces/service_interfaces/srv/detail/send_gripper_request__rosidl_typesupport_introspection_cpp.hpp
[5.336s] -- Installing: /home/p/ws_demo2/install/service_interfaces/include/service_interfaces/service_interfaces/srv/detail/send_grasp_request__rosidl_typesupport_introspection_cpp.hpp
[5.336s] -- Up-to-date: /home/p/ws_demo2/install/service_interfaces/include/service_interfaces/service_interfaces/msg
[5.336s] -- Up-to-date: /home/p/ws_demo2/install/service_interfaces/include/service_interfaces/service_interfaces/msg/detail
[5.336s] -- Installing: /home/p/ws_demo2/install/service_interfaces/include/service_interfaces/service_interfaces/msg/detail/moment_features__type_support.cpp
[5.336s] -- Installing: /home/p/ws_demo2/install/service_interfaces/include/service_interfaces/service_interfaces/msg/detail/moment_features__rosidl_typesupport_introspection_cpp.hpp
[5.336s] -- Installing: /home/p/ws_demo2/install/service_interfaces/lib/libservice_interfaces__rosidl_typesupport_introspection_cpp.so
[5.336s] -- Set non-toolchain portion of runtime path of "/home/p/ws_demo2/install/service_interfaces/lib/libservice_interfaces__rosidl_typesupport_introspection_cpp.so" to ""
[5.336s] -- Installing: /home/p/ws_demo2/install/service_interfaces/lib/libservice_interfaces__rosidl_typesupport_cpp.so
[5.336s] -- Set non-toolchain portion of runtime path of "/home/p/ws_demo2/install/service_interfaces/lib/libservice_interfaces__rosidl_typesupport_cpp.so" to ""
[5.336s] -- Installing: /home/p/ws_demo2/install/service_interfaces/share/service_interfaces/environment/pythonpath.sh
[5.336s] -- Installing: /home/p/ws_demo2/install/service_interfaces/share/service_interfaces/environment/pythonpath.dsv
[5.336s] -- Installing: /home/p/ws_demo2/install/service_interfaces/local/lib/python3.10/dist-packages/service_interfaces-0.0.0-py3.10.egg-info
[5.336s] -- Installing: /home/p/ws_demo2/install/service_interfaces/local/lib/python3.10/dist-packages/service_interfaces-0.0.0-py3.10.egg-info/top_level.txt
[5.336s] -- Installing: /home/p/ws_demo2/install/service_interfaces/local/lib/python3.10/dist-packages/service_interfaces-0.0.0-py3.10.egg-info/SOURCES.txt
[5.336s] -- Installing: /home/p/ws_demo2/install/service_interfaces/local/lib/python3.10/dist-packages/service_interfaces-0.0.0-py3.10.egg-info/PKG-INFO
[5.337s] -- Installing: /home/p/ws_demo2/install/service_interfaces/local/lib/python3.10/dist-packages/service_interfaces-0.0.0-py3.10.egg-info/dependency_links.txt
[5.337s] -- Installing: /home/p/ws_demo2/install/service_interfaces/local/lib/python3.10/dist-packages/service_interfaces
[5.337s] -- Installing: /home/p/ws_demo2/install/service_interfaces/local/lib/python3.10/dist-packages/service_interfaces/_service_interfaces_s.ep.rosidl_typesupport_introspection_c.c
[5.337s] -- Installing: /home/p/ws_demo2/install/service_interfaces/local/lib/python3.10/dist-packages/service_interfaces/__init__.py
[5.337s] -- Installing: /home/p/ws_demo2/install/service_interfaces/local/lib/python3.10/dist-packages/service_interfaces/_service_interfaces_s.ep.rosidl_typesupport_c.c
[5.337s] -- Installing: /home/p/ws_demo2/install/service_interfaces/local/lib/python3.10/dist-packages/service_interfaces/service_interfaces_s__rosidl_typesupport_introspection_c.cpython-310-x86_64-linux-gnu.so
[5.337s] -- Installing: /home/p/ws_demo2/install/service_interfaces/local/lib/python3.10/dist-packages/service_interfaces/srv
[5.337s] -- Installing: /home/p/ws_demo2/install/service_interfaces/local/lib/python3.10/dist-packages/service_interfaces/srv/_get_jacobian.py
[5.337s] -- Installing: /home/p/ws_demo2/install/service_interfaces/local/lib/python3.10/dist-packages/service_interfaces/srv/__init__.py
[5.337s] -- Installing: /home/p/ws_demo2/install/service_interfaces/local/lib/python3.10/dist-packages/service_interfaces/srv/_get_jacobian_s.c
[5.337s] -- Installing: /home/p/ws_demo2/install/service_interfaces/local/lib/python3.10/dist-packages/service_interfaces/srv/_send_grasp_request_s.c
[5.337s] -- Installing: /home/p/ws_demo2/install/service_interfaces/local/lib/python3.10/dist-packages/service_interfaces/srv/_send_gripper_request.py
[5.337s] -- Installing: /home/p/ws_demo2/install/service_interfaces/local/lib/python3.10/dist-packages/service_interfaces/srv/_send_grasp_request.py
[5.337s] -- Installing: /home/p/ws_demo2/install/service_interfaces/local/lib/python3.10/dist-packages/service_interfaces/srv/_send_gripper_request_s.c
[5.337s] -- Installing: /home/p/ws_demo2/install/service_interfaces/local/lib/python3.10/dist-packages/service_interfaces/service_interfaces_s__rosidl_typesupport_c.cpython-310-x86_64-linux-gnu.so
[5.338s] -- Installing: /home/p/ws_demo2/install/service_interfaces/local/lib/python3.10/dist-packages/service_interfaces/service_interfaces_s__rosidl_typesupport_fastrtps_c.cpython-310-x86_64-linux-gnu.so
[5.338s] -- Installing: /home/p/ws_demo2/install/service_interfaces/local/lib/python3.10/dist-packages/service_interfaces/libservice_interfaces__rosidl_generator_py.so
[5.338s] -- Installing: /home/p/ws_demo2/install/service_interfaces/local/lib/python3.10/dist-packages/service_interfaces/_service_interfaces_s.ep.rosidl_typesupport_fastrtps_c.c
[5.338s] -- Installing: /home/p/ws_demo2/install/service_interfaces/local/lib/python3.10/dist-packages/service_interfaces/msg
[5.338s] -- Installing: /home/p/ws_demo2/install/service_interfaces/local/lib/python3.10/dist-packages/service_interfaces/msg/_moment_features_s.c
[5.338s] -- Installing: /home/p/ws_demo2/install/service_interfaces/local/lib/python3.10/dist-packages/service_interfaces/msg/__init__.py
[5.338s] -- Installing: /home/p/ws_demo2/install/service_interfaces/local/lib/python3.10/dist-packages/service_interfaces/msg/_moment_features.py
[5.370s] Listing '/home/p/ws_demo2/install/service_interfaces/local/lib/python3.10/dist-packages/service_interfaces'...
[5.370s] Compiling '/home/p/ws_demo2/install/service_interfaces/local/lib/python3.10/dist-packages/service_interfaces/__init__.py'...
[5.370s] Listing '/home/p/ws_demo2/install/service_interfaces/local/lib/python3.10/dist-packages/service_interfaces/msg'...
[5.371s] Compiling '/home/p/ws_demo2/install/service_interfaces/local/lib/python3.10/dist-packages/service_interfaces/msg/__init__.py'...
[5.371s] Compiling '/home/p/ws_demo2/install/service_interfaces/local/lib/python3.10/dist-packages/service_interfaces/msg/_moment_features.py'...
[5.371s] Listing '/home/p/ws_demo2/install/service_interfaces/local/lib/python3.10/dist-packages/service_interfaces/srv'...
[5.371s] Compiling '/home/p/ws_demo2/install/service_interfaces/local/lib/python3.10/dist-packages/service_interfaces/srv/__init__.py'...
[5.371s] Compiling '/home/p/ws_demo2/install/service_interfaces/local/lib/python3.10/dist-packages/service_interfaces/srv/_get_jacobian.py'...
[5.371s] Compiling '/home/p/ws_demo2/install/service_interfaces/local/lib/python3.10/dist-packages/service_interfaces/srv/_send_grasp_request.py'...
[5.371s] Compiling '/home/p/ws_demo2/install/service_interfaces/local/lib/python3.10/dist-packages/service_interfaces/srv/_send_gripper_request.py'...
[5.374s] -- Installing: /home/p/ws_demo2/install/service_interfaces/local/lib/python3.10/dist-packages/service_interfaces/service_interfaces_s__rosidl_typesupport_fastrtps_c.cpython-310-x86_64-linux-gnu.so
[5.374s] -- Set non-toolchain portion of runtime path of "/home/p/ws_demo2/install/service_interfaces/local/lib/python3.10/dist-packages/service_interfaces/service_interfaces_s__rosidl_typesupport_fastrtps_c.cpython-310-x86_64-linux-gnu.so" to ""
[5.374s] -- Installing: /home/p/ws_demo2/install/service_interfaces/local/lib/python3.10/dist-packages/service_interfaces/service_interfaces_s__rosidl_typesupport_introspection_c.cpython-310-x86_64-linux-gnu.so
[5.374s] -- Set non-toolchain portion of runtime path of "/home/p/ws_demo2/install/service_interfaces/local/lib/python3.10/dist-packages/service_interfaces/service_interfaces_s__rosidl_typesupport_introspection_c.cpython-310-x86_64-linux-gnu.so" to ""
[5.374s] -- Installing: /home/p/ws_demo2/install/service_interfaces/local/lib/python3.10/dist-packages/service_interfaces/service_interfaces_s__rosidl_typesupport_c.cpython-310-x86_64-linux-gnu.so
[5.374s] -- Set non-toolchain portion of runtime path of "/home/p/ws_demo2/install/service_interfaces/local/lib/python3.10/dist-packages/service_interfaces/service_interfaces_s__rosidl_typesupport_c.cpython-310-x86_64-linux-gnu.so" to ""
[5.374s] -- Installing: /home/p/ws_demo2/install/service_interfaces/lib/libservice_interfaces__rosidl_generator_py.so
[5.375s] -- Set non-toolchain portion of runtime path of "/home/p/ws_demo2/install/service_interfaces/lib/libservice_interfaces__rosidl_generator_py.so" to ""
[5.375s] -- Installing: /home/p/ws_demo2/install/service_interfaces/share/service_interfaces/srv/SendGraspRequest.idl
[5.375s] -- Installing: /home/p/ws_demo2/install/service_interfaces/share/service_interfaces/srv/SendGripperRequest.idl
[5.375s] -- Installing: /home/p/ws_demo2/install/service_interfaces/share/service_interfaces/srv/GetJacobian.idl
[5.375s] -- Installing: /home/p/ws_demo2/install/service_interfaces/share/service_interfaces/msg/MomentFeatures.idl
[5.375s] -- Installing: /home/p/ws_demo2/install/service_interfaces/share/service_interfaces/srv/SendGraspRequest.srv
[5.375s] -- Installing: /home/p/ws_demo2/install/service_interfaces/share/service_interfaces/srv/SendGraspRequest_Request.msg
[5.375s] -- Installing: /home/p/ws_demo2/install/service_interfaces/share/service_interfaces/srv/SendGraspRequest_Response.msg
[5.375s] -- Installing: /home/p/ws_demo2/install/service_interfaces/share/service_interfaces/srv/SendGripperRequest.srv
[5.375s] -- Installing: /home/p/ws_demo2/install/service_interfaces/share/service_interfaces/srv/SendGripperRequest_Request.msg
[5.376s] -- Installing: /home/p/ws_demo2/install/service_interfaces/share/service_interfaces/srv/SendGripperRequest_Response.msg
[5.376s] -- Installing: /home/p/ws_demo2/install/service_interfaces/share/service_interfaces/srv/GetJacobian.srv
[5.376s] -- Installing: /home/p/ws_demo2/install/service_interfaces/share/service_interfaces/srv/GetJacobian_Request.msg
[5.376s] -- Installing: /home/p/ws_demo2/install/service_interfaces/share/service_interfaces/srv/GetJacobian_Response.msg
[5.376s] -- Installing: /home/p/ws_demo2/install/service_interfaces/share/service_interfaces/msg/MomentFeatures.msg
[5.376s] -- Installing: /home/p/ws_demo2/install/service_interfaces/share/ament_index/resource_index/package_run_dependencies/service_interfaces
[5.376s] -- Installing: /home/p/ws_demo2/install/service_interfaces/share/ament_index/resource_index/parent_prefix_path/service_interfaces
[5.376s] -- Installing: /home/p/ws_demo2/install/service_interfaces/share/service_interfaces/environment/ament_prefix_path.sh
[5.376s] -- Installing: /home/p/ws_demo2/install/service_interfaces/share/service_interfaces/environment/ament_prefix_path.dsv
[5.376s] -- Installing: /home/p/ws_demo2/install/service_interfaces/share/service_interfaces/environment/path.sh
[5.376s] -- Installing: /home/p/ws_demo2/install/service_interfaces/share/service_interfaces/environment/path.dsv
[5.376s] -- Installing: /home/p/ws_demo2/install/service_interfaces/share/service_interfaces/local_setup.bash
[5.377s] -- Installing: /home/p/ws_demo2/install/service_interfaces/share/service_interfaces/local_setup.sh
[5.377s] -- Installing: /home/p/ws_demo2/install/service_interfaces/share/service_interfaces/local_setup.zsh
[5.377s] -- Installing: /home/p/ws_demo2/install/service_interfaces/share/service_interfaces/local_setup.dsv
[5.377s] -- Installing: /home/p/ws_demo2/install/service_interfaces/share/service_interfaces/package.dsv
[5.377s] -- Installing: /home/p/ws_demo2/install/service_interfaces/share/ament_index/resource_index/packages/service_interfaces
[5.377s] -- Installing: /home/p/ws_demo2/install/service_interfaces/share/service_interfaces/cmake/export_service_interfaces__rosidl_generator_cExport.cmake
[5.377s] -- Installing: /home/p/ws_demo2/install/service_interfaces/share/service_interfaces/cmake/export_service_interfaces__rosidl_generator_cExport-noconfig.cmake
[5.377s] -- Installing: /home/p/ws_demo2/install/service_interfaces/share/service_interfaces/cmake/export_service_interfaces__rosidl_typesupport_fastrtps_cExport.cmake
[5.377s] -- Installing: /home/p/ws_demo2/install/service_interfaces/share/service_interfaces/cmake/export_service_interfaces__rosidl_typesupport_fastrtps_cExport-noconfig.cmake
[5.377s] -- Installing: /home/p/ws_demo2/install/service_interfaces/share/service_interfaces/cmake/service_interfaces__rosidl_typesupport_introspection_cExport.cmake
[5.377s] -- Installing: /home/p/ws_demo2/install/service_interfaces/share/service_interfaces/cmake/service_interfaces__rosidl_typesupport_introspection_cExport-noconfig.cmake
[5.377s] -- Installing: /home/p/ws_demo2/install/service_interfaces/share/service_interfaces/cmake/service_interfaces__rosidl_typesupport_cExport.cmake
[5.377s] -- Installing: /home/p/ws_demo2/install/service_interfaces/share/service_interfaces/cmake/service_interfaces__rosidl_typesupport_cExport-noconfig.cmake
[5.378s] -- Installing: /home/p/ws_demo2/install/service_interfaces/share/service_interfaces/cmake/export_service_interfaces__rosidl_generator_cppExport.cmake
[5.378s] -- Installing: /home/p/ws_demo2/install/service_interfaces/share/service_interfaces/cmake/export_service_interfaces__rosidl_typesupport_fastrtps_cppExport.cmake
[5.378s] -- Installing: /home/p/ws_demo2/install/service_interfaces/share/service_interfaces/cmake/export_service_interfaces__rosidl_typesupport_fastrtps_cppExport-noconfig.cmake
[5.378s] -- Installing: /home/p/ws_demo2/install/service_interfaces/share/service_interfaces/cmake/service_interfaces__rosidl_typesupport_introspection_cppExport.cmake
[5.378s] -- Installing: /home/p/ws_demo2/install/service_interfaces/share/service_interfaces/cmake/service_interfaces__rosidl_typesupport_introspection_cppExport-noconfig.cmake
[5.378s] -- Installing: /home/p/ws_demo2/install/service_interfaces/share/service_interfaces/cmake/service_interfaces__rosidl_typesupport_cppExport.cmake
[5.378s] -- Installing: /home/p/ws_demo2/install/service_interfaces/share/service_interfaces/cmake/service_interfaces__rosidl_typesupport_cppExport-noconfig.cmake
[5.378s] -- Installing: /home/p/ws_demo2/install/service_interfaces/share/service_interfaces/cmake/export_service_interfaces__rosidl_generator_pyExport.cmake
[5.378s] -- Installing: /home/p/ws_demo2/install/service_interfaces/share/service_interfaces/cmake/export_service_interfaces__rosidl_generator_pyExport-noconfig.cmake
[5.378s] -- Installing: /home/p/ws_demo2/install/service_interfaces/share/service_interfaces/cmake/rosidl_cmake-extras.cmake
[5.378s] -- Installing: /home/p/ws_demo2/install/service_interfaces/share/service_interfaces/cmake/ament_cmake_export_dependencies-extras.cmake
[5.378s] -- Installing: /home/p/ws_demo2/install/service_interfaces/share/service_interfaces/cmake/ament_cmake_export_include_directories-extras.cmake
[5.379s] -- Installing: /home/p/ws_demo2/install/service_interfaces/share/service_interfaces/cmake/ament_cmake_export_libraries-extras.cmake
[5.379s] -- Installing: /home/p/ws_demo2/install/service_interfaces/share/service_interfaces/cmake/ament_cmake_export_targets-extras.cmake
[5.379s] -- Installing: /home/p/ws_demo2/install/service_interfaces/share/service_interfaces/cmake/rosidl_cmake_export_typesupport_targets-extras.cmake
[5.379s] -- Installing: /home/p/ws_demo2/install/service_interfaces/share/service_interfaces/cmake/rosidl_cmake_export_typesupport_libraries-extras.cmake
[5.379s] -- Installing: /home/p/ws_demo2/install/service_interfaces/share/service_interfaces/cmake/service_interfacesConfig.cmake
[5.379s] -- Installing: /home/p/ws_demo2/install/service_interfaces/share/service_interfaces/cmake/service_interfacesConfig-version.cmake
[5.379s] -- Installing: /home/p/ws_demo2/install/service_interfaces/share/service_interfaces/package.xml
[5.380s] Invoked command in '/home/p/ws_demo2/build/service_interfaces' returned '0': CMAKE_PREFIX_PATH=${CMAKE_PREFIX_PATH}:/home/p/ws_moveit2/install/moveit_configs_utils:/home/p/ws_moveit2/install/launch_param_builder:/home/p/demo_ws2/install/ur20_joint_control:/home/p/demo_ws2/install/arm_joint_control:/opt/ros/humble /usr/local/bin/cmake --install /home/p/ws_demo2/build/service_interfaces
