[ 50%] [32mBuilding CXX object CMakeFiles/ik.dir/src/ik.cpp.o[0m
[01m[K/home/p/ws_demo2/src/ik/src/ik.cpp:[m[K In constructor ‘[01m[KIKNode::IKNode()[m[K’:
[01m[K/home/p/ws_demo2/src/ik/src/ik.cpp:9:51:[m[K [01;31m[Kerror: [m[K‘[01m[Krobot_description[m[K’ was not declared in this scope; did you mean ‘[01m[Krobot_description_[m[K’?
    9 |     if (!this->get_parameter("robot_description", [01;31m[Krobot_description[m[K))
      |                                                   [01;31m[K^~~~~~~~~~~~~~~~~[m[K
      |                                                   [32m[Krobot_description_[m[K
[01m[K/home/p/ws_demo2/src/ik/src/ik.cpp:14:9:[m[K [01;31m[Kerror: [m[K‘[01m[Krobot_description[m[K’ was not declared in this scope; did you mean ‘[01m[Krobot_description_[m[K’?
   14 |     if ([01;31m[Krobot_description[m[K.empty()) {
      |         [01;31m[K^~~~~~~~~~~~~~~~~[m[K
      |         [32m[Krobot_description_[m[K
[01m[K/home/p/ws_demo2/src/ik/src/ik.cpp:22:26:[m[K [01;31m[Kerror: [m[K‘[01m[KbuildModelFromString[m[K’ is not a member of ‘[01m[Kpinocchio::urdf[m[K’; did you mean ‘[01m[KbuildModelFromXML[m[K’?
   22 |         pinocchio::urdf::[01;31m[KbuildModelFromString[m[K(robot_description, model);
      |                          [01;31m[K^~~~~~~~~~~~~~~~~~~~[m[K
      |                          [32m[KbuildModelFromXML[m[K
[01m[K/home/p/ws_demo2/src/ik/src/ik.cpp:22:47:[m[K [01;31m[Kerror: [m[K‘[01m[Krobot_description[m[K’ was not declared in this scope; did you mean ‘[01m[Krobot_description_[m[K’?
   22 |         pinocchio::urdf::buildModelFromString([01;31m[Krobot_description[m[K, model);
      |                                               [01;31m[K^~~~~~~~~~~~~~~~~[m[K
      |                                               [32m[Krobot_description_[m[K
[01m[K/home/p/ws_demo2/src/ik/src/ik.cpp:[m[K In member function ‘[01m[Kvoid IKNode::jointStateCallback(sensor_msgs::msg::JointState_<std::allocator<void> >::SharedPtr)[m[K’:
[01m[K/home/p/ws_demo2/src/ik/src/ik.cpp:43:79:[m[K [01;35m[Kwarning: [m[Kunused parameter ‘[01m[Kmsg[m[K’ [[01;35m[K]8;;https://gcc.gnu.org/onlinedocs/gcc/Warning-Options.html#index-Wunused-parameter-Wunused-parameter]8;;[m[K]
   43 | void IKNode::jointStateCallback([01;35m[Kconst sensor_msgs::msg::JointState::SharedPtr msg[m[K)
      |                                 [01;35m[K~~~~~~~~~~~~~~~~~~~~~~~~~~~~~~~~~~~~~~~~~~~~~~^~~[m[K
gmake[2]: *** [CMakeFiles/ik.dir/build.make:79：CMakeFiles/ik.dir/src/ik.cpp.o] 错误 1
gmake[1]: *** [CMakeFiles/Makefile2:153：CMakeFiles/ik.dir/all] 错误 2
gmake: *** [Makefile:146：all] 错误 2
