-- The C compiler identification is GNU 12.3.0
-- The CXX compiler identification is GNU 12.3.0
-- Detecting C compiler ABI info
-- Detecting C compiler ABI info - done
-- Check for working C compiler: /usr/bin/cc - skipped
-- Detecting C compile features
-- Detecting C compile features - done
-- Detecting CXX compiler ABI info
-- Detecting CXX compiler ABI info - done
-- Check for working CXX compiler: /usr/bin/c++ - skipped
-- Detecting CXX compile features
-- Detecting CXX compile features - done
-- Found ament_cmake: 1.3.11 (/opt/ros/humble/share/ament_cmake/cmake)
-- Found Python3: /usr/bin/python3 (found version "3.10.12") found components: Interpreter
-- Found rosidl_default_generators: 1.2.0 (/opt/ros/humble/share/rosidl_default_generators/cmake)
-- Using all available rosidl_typesupport_c: rosidl_typesupport_fastrtps_c;rosidl_typesupport_introspection_c
-- Found rosidl_adapter: 3.1.6 (/opt/ros/humble/share/rosidl_adapter/cmake)
-- Using all available rosidl_typesupport_cpp: rosidl_typesupport_fastrtps_cpp;rosidl_typesupport_introspection_cpp
-- Found std_msgs: 4.9.0 (/opt/ros/humble/share/std_msgs/cmake)
-- Found ament_cmake_ros: 0.10.0 (/opt/ros/humble/share/ament_cmake_ros/cmake)
-- Using all available rosidl_typesupport_c: rosidl_typesupport_fastrtps_c;rosidl_typesupport_introspection_c
-- Using all available rosidl_typesupport_cpp: rosidl_typesupport_fastrtps_cpp;rosidl_typesupport_introspection_cpp
-- Found PythonInterp: /usr/bin/python3 (found suitable version "3.10.12", minimum required is "3.6")
-- Found python_cmake_module: 0.10.0 (/opt/ros/humble/share/python_cmake_module/cmake)
-- Found PythonLibs: /usr/lib/x86_64-linux-gnu/libpython3.10.so (found suitable version "3.10.12", minimum required is "3.5")
-- Using PYTHON_EXECUTABLE: /usr/bin/python3
-- Using PYTHON_INCLUDE_DIRS: /usr/include/python3.10
-- Using PYTHON_LIBRARIES: /usr/lib/x86_64-linux-gnu/libpython3.10.so
-- Found PythonExtra: .so
-- Found ament_lint_auto: 0.12.12 (/opt/ros/humble/share/ament_lint_auto/cmake)
-- Added test 'cppcheck' to perform static code analysis on C / C++ code
-- Configured cppcheck include dirs: 
-- Configured cppcheck exclude dirs and/or files: 
-- Added test 'flake8' to check Python code syntax and style conventions
-- Added test 'lint_cmake' to check CMake code style
-- Added test 'pep257' to check Python code against some of the docstring style conventions in PEP 257
-- Added test 'uncrustify' to check C / C++ code style
-- Configured uncrustify additional arguments: 
-- Added test 'xmllint' to check XML markup files
-- Configuring done (2.2s)
-- Generating done (0.0s)
-- Build files have been written to: /home/p/ws_demo2/build/service_interfaces
[  1%] [34m[1mGenerating C code for ROS interfaces[0m
[  3%] [34m[1mGenerating C++ code for ROS interfaces[0m
[  3%] Built target ament_cmake_python_copy_service_interfaces
running egg_info
creating service_interfaces.egg-info
writing service_interfaces.egg-info/PKG-INFO
writing dependency_links to service_interfaces.egg-info/dependency_links.txt
writing top-level names to service_interfaces.egg-info/top_level.txt
writing manifest file 'service_interfaces.egg-info/SOURCES.txt'
reading manifest file 'service_interfaces.egg-info/SOURCES.txt'
writing manifest file 'service_interfaces.egg-info/SOURCES.txt'
[  3%] Built target ament_cmake_python_build_service_interfaces_egg
[  7%] [32mBuilding C object CMakeFiles/service_interfaces__rosidl_generator_c.dir/rosidl_generator_c/service_interfaces/srv/detail/send_grasp_request__functions.c.o[0m
[  7%] [32mBuilding C object CMakeFiles/service_interfaces__rosidl_generator_c.dir/rosidl_generator_c/service_interfaces/srv/detail/get_jacobian__functions.c.o[0m
[  9%] [32mBuilding C object CMakeFiles/service_interfaces__rosidl_generator_c.dir/rosidl_generator_c/service_interfaces/srv/detail/send_gripper_request__functions.c.o[0m
[ 10%] [32mBuilding C object CMakeFiles/service_interfaces__rosidl_generator_c.dir/rosidl_generator_c/service_interfaces/msg/detail/moment_features__functions.c.o[0m
[ 10%] Built target service_interfaces__cpp
[ 12%] [34m[1mGenerating C++ type support dispatch for ROS interfaces[0m
[ 14%] [34m[1mGenerating C++ type support for eProsima Fast-RTPS[0m
[ 16%] [34m[1mGenerating C++ introspection for ROS interfaces[0m
[ 18%] [32m[1mLinking C shared library libservice_interfaces__rosidl_generator_c.so[0m
[ 18%] Built target service_interfaces__rosidl_generator_c
[ 21%] [34m[1mGenerating C introspection for ROS interfaces[0m
[ 21%] [34m[1mGenerating C type support for eProsima Fast-RTPS[0m
[ 23%] [34m[1mGenerating C type support dispatch for ROS interfaces[0m
[ 25%] [32mBuilding CXX object CMakeFiles/service_interfaces__rosidl_typesupport_cpp.dir/rosidl_typesupport_cpp/service_interfaces/srv/get_jacobian__type_support.cpp.o[0m
[ 27%] [32mBuilding CXX object CMakeFiles/service_interfaces__rosidl_typesupport_cpp.dir/rosidl_typesupport_cpp/service_interfaces/srv/send_grasp_request__type_support.cpp.o[0m
[ 29%] [32mBuilding CXX object CMakeFiles/service_interfaces__rosidl_typesupport_cpp.dir/rosidl_typesupport_cpp/service_interfaces/srv/send_gripper_request__type_support.cpp.o[0m
[ 30%] [32mBuilding CXX object CMakeFiles/service_interfaces__rosidl_typesupport_cpp.dir/rosidl_typesupport_cpp/service_interfaces/msg/moment_features__type_support.cpp.o[0m
[ 32%] [32mBuilding CXX object CMakeFiles/service_interfaces__rosidl_typesupport_introspection_cpp.dir/rosidl_typesupport_introspection_cpp/service_interfaces/srv/detail/send_grasp_request__type_support.cpp.o[0m
[ 34%] [32mBuilding CXX object CMakeFiles/service_interfaces__rosidl_typesupport_introspection_cpp.dir/rosidl_typesupport_introspection_cpp/service_interfaces/srv/detail/send_gripper_request__type_support.cpp.o[0m
[ 36%] [32mBuilding CXX object CMakeFiles/service_interfaces__rosidl_typesupport_introspection_cpp.dir/rosidl_typesupport_introspection_cpp/service_interfaces/srv/detail/get_jacobian__type_support.cpp.o[0m
[ 38%] [32mBuilding CXX object CMakeFiles/service_interfaces__rosidl_typesupport_introspection_cpp.dir/rosidl_typesupport_introspection_cpp/service_interfaces/msg/detail/moment_features__type_support.cpp.o[0m
[ 40%] [32mBuilding CXX object CMakeFiles/service_interfaces__rosidl_typesupport_c.dir/rosidl_typesupport_c/service_interfaces/srv/send_grasp_request__type_support.cpp.o[0m
[ 41%] [32mBuilding CXX object CMakeFiles/service_interfaces__rosidl_typesupport_c.dir/rosidl_typesupport_c/service_interfaces/srv/get_jacobian__type_support.cpp.o[0m
[ 43%] [32mBuilding CXX object CMakeFiles/service_interfaces__rosidl_typesupport_c.dir/rosidl_typesupport_c/service_interfaces/msg/moment_features__type_support.cpp.o[0m
[ 45%] [32mBuilding CXX object CMakeFiles/service_interfaces__rosidl_typesupport_c.dir/rosidl_typesupport_c/service_interfaces/srv/send_gripper_request__type_support.cpp.o[0m
[ 47%] [32m[1mLinking CXX shared library libservice_interfaces__rosidl_typesupport_c.so[0m
[ 50%] [32mBuilding CXX object CMakeFiles/service_interfaces__rosidl_typesupport_fastrtps_cpp.dir/rosidl_typesupport_fastrtps_cpp/service_interfaces/srv/detail/dds_fastrtps/send_grasp_request__type_support.cpp.o[0m
[ 50%] [32mBuilding CXX object CMakeFiles/service_interfaces__rosidl_typesupport_fastrtps_cpp.dir/rosidl_typesupport_fastrtps_cpp/service_interfaces/srv/detail/dds_fastrtps/send_gripper_request__type_support.cpp.o[0m
[ 52%] [32mBuilding CXX object CMakeFiles/service_interfaces__rosidl_typesupport_fastrtps_cpp.dir/rosidl_typesupport_fastrtps_cpp/service_interfaces/srv/detail/dds_fastrtps/get_jacobian__type_support.cpp.o[0m
[ 54%] [32mBuilding CXX object CMakeFiles/service_interfaces__rosidl_typesupport_fastrtps_cpp.dir/rosidl_typesupport_fastrtps_cpp/service_interfaces/msg/detail/dds_fastrtps/moment_features__type_support.cpp.o[0m
[ 54%] Built target service_interfaces__rosidl_typesupport_c
[ 56%] [32mBuilding C object CMakeFiles/service_interfaces__rosidl_typesupport_introspection_c.dir/rosidl_typesupport_introspection_c/service_interfaces/srv/detail/send_gripper_request__type_support.c.o[0m
[ 58%] [32mBuilding C object CMakeFiles/service_interfaces__rosidl_typesupport_introspection_c.dir/rosidl_typesupport_introspection_c/service_interfaces/srv/detail/send_grasp_request__type_support.c.o[0m
[ 60%] [32mBuilding C object CMakeFiles/service_interfaces__rosidl_typesupport_introspection_c.dir/rosidl_typesupport_introspection_c/service_interfaces/srv/detail/get_jacobian__type_support.c.o[0m
[ 61%] [32mBuilding C object CMakeFiles/service_interfaces__rosidl_typesupport_introspection_c.dir/rosidl_typesupport_introspection_c/service_interfaces/msg/detail/moment_features__type_support.c.o[0m
[ 63%] [32mBuilding CXX object CMakeFiles/service_interfaces__rosidl_typesupport_fastrtps_c.dir/rosidl_typesupport_fastrtps_c/service_interfaces/srv/detail/send_grasp_request__type_support_c.cpp.o[0m
[ 65%] [32mBuilding CXX object CMakeFiles/service_interfaces__rosidl_typesupport_fastrtps_c.dir/rosidl_typesupport_fastrtps_c/service_interfaces/srv/detail/send_gripper_request__type_support_c.cpp.o[0m
[ 67%] [32mBuilding CXX object CMakeFiles/service_interfaces__rosidl_typesupport_fastrtps_c.dir/rosidl_typesupport_fastrtps_c/service_interfaces/srv/detail/get_jacobian__type_support_c.cpp.o[0m
[ 69%] [32m[1mLinking C shared library libservice_interfaces__rosidl_typesupport_introspection_c.so[0m
[ 69%] Built target service_interfaces__rosidl_typesupport_introspection_c
[ 70%] [32mBuilding CXX object CMakeFiles/service_interfaces__rosidl_typesupport_fastrtps_c.dir/rosidl_typesupport_fastrtps_c/service_interfaces/msg/detail/moment_features__type_support_c.cpp.o[0m
[ 72%] [32m[1mLinking CXX shared library libservice_interfaces__rosidl_typesupport_cpp.so[0m
[ 72%] Built target service_interfaces__rosidl_typesupport_cpp
[ 74%] [32m[1mLinking CXX shared library libservice_interfaces__rosidl_typesupport_introspection_cpp.so[0m
[ 74%] Built target service_interfaces__rosidl_typesupport_introspection_cpp
[ 76%] [32m[1mLinking CXX shared library libservice_interfaces__rosidl_typesupport_fastrtps_cpp.so[0m
[ 78%] [32m[1mLinking CXX shared library libservice_interfaces__rosidl_typesupport_fastrtps_c.so[0m
[ 78%] Built target service_interfaces__rosidl_typesupport_fastrtps_cpp
[ 78%] Built target service_interfaces__rosidl_typesupport_fastrtps_c
[ 78%] Built target service_interfaces
[ 80%] [34m[1mGenerating Python code for ROS interfaces[0m
[ 80%] Built target service_interfaces__py
[ 81%] [32mBuilding C object CMakeFiles/service_interfaces__rosidl_generator_py.dir/rosidl_generator_py/service_interfaces/srv/_send_grasp_request_s.c.o[0m
[ 83%] [32mBuilding C object CMakeFiles/service_interfaces__rosidl_generator_py.dir/rosidl_generator_py/service_interfaces/srv/_send_gripper_request_s.c.o[0m
[ 85%] [32mBuilding C object CMakeFiles/service_interfaces__rosidl_generator_py.dir/rosidl_generator_py/service_interfaces/srv/_get_jacobian_s.c.o[0m
[ 87%] [32mBuilding C object CMakeFiles/service_interfaces__rosidl_generator_py.dir/rosidl_generator_py/service_interfaces/msg/_moment_features_s.c.o[0m
[ 89%] [32m[1mLinking C shared library rosidl_generator_py/service_interfaces/libservice_interfaces__rosidl_generator_py.so[0m
[ 89%] Built target service_interfaces__rosidl_generator_py
[ 90%] [32mBuilding C object CMakeFiles/service_interfaces__rosidl_typesupport_fastrtps_c__pyext.dir/rosidl_generator_py/service_interfaces/_service_interfaces_s.ep.rosidl_typesupport_fastrtps_c.c.o[0m
[ 92%] [32mBuilding C object CMakeFiles/service_interfaces__rosidl_typesupport_introspection_c__pyext.dir/rosidl_generator_py/service_interfaces/_service_interfaces_s.ep.rosidl_typesupport_introspection_c.c.o[0m
[ 94%] [32mBuilding C object CMakeFiles/service_interfaces__rosidl_typesupport_c__pyext.dir/rosidl_generator_py/service_interfaces/_service_interfaces_s.ep.rosidl_typesupport_c.c.o[0m
[ 98%] [32m[1mLinking C shared library rosidl_generator_py/service_interfaces/service_interfaces_s__rosidl_typesupport_c.cpython-310-x86_64-linux-gnu.so[0m
[ 98%] [32m[1mLinking C shared library rosidl_generator_py/service_interfaces/service_interfaces_s__rosidl_typesupport_fastrtps_c.cpython-310-x86_64-linux-gnu.so[0m
[100%] [32m[1mLinking C shared library rosidl_generator_py/service_interfaces/service_interfaces_s__rosidl_typesupport_introspection_c.cpython-310-x86_64-linux-gnu.so[0m
[100%] Built target service_interfaces__rosidl_typesupport_c__pyext
[100%] Built target service_interfaces__rosidl_typesupport_fastrtps_c__pyext
[100%] Built target service_interfaces__rosidl_typesupport_introspection_c__pyext
-- Install configuration: ""
-- Installing: /home/p/ws_demo2/install/service_interfaces/share/ament_index/resource_index/rosidl_interfaces/service_interfaces
-- Installing: /home/p/ws_demo2/install/service_interfaces/include/service_interfaces/service_interfaces
-- Installing: /home/p/ws_demo2/install/service_interfaces/include/service_interfaces/service_interfaces/srv
-- Installing: /home/p/ws_demo2/install/service_interfaces/include/service_interfaces/service_interfaces/srv/detail
-- Installing: /home/p/ws_demo2/install/service_interfaces/include/service_interfaces/service_interfaces/srv/detail/send_grasp_request__struct.h
-- Installing: /home/p/ws_demo2/install/service_interfaces/include/service_interfaces/service_interfaces/srv/detail/send_gripper_request__type_support.h
-- Installing: /home/p/ws_demo2/install/service_interfaces/include/service_interfaces/service_interfaces/srv/detail/send_gripper_request__struct.h
-- Installing: /home/p/ws_demo2/install/service_interfaces/include/service_interfaces/service_interfaces/srv/detail/send_gripper_request__functions.h
-- Installing: /home/p/ws_demo2/install/service_interfaces/include/service_interfaces/service_interfaces/srv/detail/get_jacobian__functions.h
-- Installing: /home/p/ws_demo2/install/service_interfaces/include/service_interfaces/service_interfaces/srv/detail/get_jacobian__functions.c
-- Installing: /home/p/ws_demo2/install/service_interfaces/include/service_interfaces/service_interfaces/srv/detail/send_grasp_request__functions.c
-- Installing: /home/p/ws_demo2/install/service_interfaces/include/service_interfaces/service_interfaces/srv/detail/send_grasp_request__functions.h
-- Installing: /home/p/ws_demo2/install/service_interfaces/include/service_interfaces/service_interfaces/srv/detail/get_jacobian__struct.h
-- Installing: /home/p/ws_demo2/install/service_interfaces/include/service_interfaces/service_interfaces/srv/detail/get_jacobian__type_support.h
-- Installing: /home/p/ws_demo2/install/service_interfaces/include/service_interfaces/service_interfaces/srv/detail/send_gripper_request__functions.c
-- Installing: /home/p/ws_demo2/install/service_interfaces/include/service_interfaces/service_interfaces/srv/detail/send_grasp_request__type_support.h
-- Installing: /home/p/ws_demo2/install/service_interfaces/include/service_interfaces/service_interfaces/srv/send_grasp_request.h
-- Installing: /home/p/ws_demo2/install/service_interfaces/include/service_interfaces/service_interfaces/srv/send_gripper_request.h
-- Installing: /home/p/ws_demo2/install/service_interfaces/include/service_interfaces/service_interfaces/srv/get_jacobian.h
-- Installing: /home/p/ws_demo2/install/service_interfaces/include/service_interfaces/service_interfaces/msg
-- Installing: /home/p/ws_demo2/install/service_interfaces/include/service_interfaces/service_interfaces/msg/detail
-- Installing: /home/p/ws_demo2/install/service_interfaces/include/service_interfaces/service_interfaces/msg/detail/moment_features__type_support.h
-- Installing: /home/p/ws_demo2/install/service_interfaces/include/service_interfaces/service_interfaces/msg/detail/moment_features__functions.h
-- Installing: /home/p/ws_demo2/install/service_interfaces/include/service_interfaces/service_interfaces/msg/detail/moment_features__struct.h
-- Installing: /home/p/ws_demo2/install/service_interfaces/include/service_interfaces/service_interfaces/msg/detail/moment_features__functions.c
-- Installing: /home/p/ws_demo2/install/service_interfaces/include/service_interfaces/service_interfaces/msg/moment_features.h
-- Installing: /home/p/ws_demo2/install/service_interfaces/include/service_interfaces/service_interfaces/msg/rosidl_generator_c__visibility_control.h
-- Installing: /home/p/ws_demo2/install/service_interfaces/share/service_interfaces/environment/library_path.sh
-- Installing: /home/p/ws_demo2/install/service_interfaces/share/service_interfaces/environment/library_path.dsv
-- Installing: /home/p/ws_demo2/install/service_interfaces/lib/libservice_interfaces__rosidl_generator_c.so
-- Set non-toolchain portion of runtime path of "/home/p/ws_demo2/install/service_interfaces/lib/libservice_interfaces__rosidl_generator_c.so" to ""
-- Up-to-date: /home/p/ws_demo2/install/service_interfaces/include/service_interfaces/service_interfaces
-- Up-to-date: /home/p/ws_demo2/install/service_interfaces/include/service_interfaces/service_interfaces/srv
-- Up-to-date: /home/p/ws_demo2/install/service_interfaces/include/service_interfaces/service_interfaces/srv/detail
-- Installing: /home/p/ws_demo2/install/service_interfaces/include/service_interfaces/service_interfaces/srv/detail/get_jacobian__rosidl_typesupport_fastrtps_c.h
-- Installing: /home/p/ws_demo2/install/service_interfaces/include/service_interfaces/service_interfaces/srv/detail/send_grasp_request__rosidl_typesupport_fastrtps_c.h
-- Installing: /home/p/ws_demo2/install/service_interfaces/include/service_interfaces/service_interfaces/srv/detail/send_gripper_request__rosidl_typesupport_fastrtps_c.h
-- Up-to-date: /home/p/ws_demo2/install/service_interfaces/include/service_interfaces/service_interfaces/msg
-- Up-to-date: /home/p/ws_demo2/install/service_interfaces/include/service_interfaces/service_interfaces/msg/detail
-- Installing: /home/p/ws_demo2/install/service_interfaces/include/service_interfaces/service_interfaces/msg/detail/moment_features__rosidl_typesupport_fastrtps_c.h
-- Installing: /home/p/ws_demo2/install/service_interfaces/include/service_interfaces/service_interfaces/msg/rosidl_typesupport_fastrtps_c__visibility_control.h
-- Installing: /home/p/ws_demo2/install/service_interfaces/lib/libservice_interfaces__rosidl_typesupport_fastrtps_c.so
-- Set non-toolchain portion of runtime path of "/home/p/ws_demo2/install/service_interfaces/lib/libservice_interfaces__rosidl_typesupport_fastrtps_c.so" to ""
-- Up-to-date: /home/p/ws_demo2/install/service_interfaces/include/service_interfaces/service_interfaces
-- Up-to-date: /home/p/ws_demo2/install/service_interfaces/include/service_interfaces/service_interfaces/srv
-- Up-to-date: /home/p/ws_demo2/install/service_interfaces/include/service_interfaces/service_interfaces/srv/detail
-- Installing: /home/p/ws_demo2/install/service_interfaces/include/service_interfaces/service_interfaces/srv/detail/send_gripper_request__rosidl_typesupport_introspection_c.h
-- Installing: /home/p/ws_demo2/install/service_interfaces/include/service_interfaces/service_interfaces/srv/detail/get_jacobian__rosidl_typesupport_introspection_c.h
-- Installing: /home/p/ws_demo2/install/service_interfaces/include/service_interfaces/service_interfaces/srv/detail/send_gripper_request__type_support.c
-- Installing: /home/p/ws_demo2/install/service_interfaces/include/service_interfaces/service_interfaces/srv/detail/send_grasp_request__type_support.c
-- Installing: /home/p/ws_demo2/install/service_interfaces/include/service_interfaces/service_interfaces/srv/detail/get_jacobian__type_support.c
-- Installing: /home/p/ws_demo2/install/service_interfaces/include/service_interfaces/service_interfaces/srv/detail/send_grasp_request__rosidl_typesupport_introspection_c.h
-- Up-to-date: /home/p/ws_demo2/install/service_interfaces/include/service_interfaces/service_interfaces/msg
-- Up-to-date: /home/p/ws_demo2/install/service_interfaces/include/service_interfaces/service_interfaces/msg/detail
-- Installing: /home/p/ws_demo2/install/service_interfaces/include/service_interfaces/service_interfaces/msg/detail/moment_features__type_support.c
-- Installing: /home/p/ws_demo2/install/service_interfaces/include/service_interfaces/service_interfaces/msg/detail/moment_features__rosidl_typesupport_introspection_c.h
-- Installing: /home/p/ws_demo2/install/service_interfaces/include/service_interfaces/service_interfaces/msg/rosidl_typesupport_introspection_c__visibility_control.h
-- Installing: /home/p/ws_demo2/install/service_interfaces/lib/libservice_interfaces__rosidl_typesupport_introspection_c.so
-- Set non-toolchain portion of runtime path of "/home/p/ws_demo2/install/service_interfaces/lib/libservice_interfaces__rosidl_typesupport_introspection_c.so" to ""
-- Installing: /home/p/ws_demo2/install/service_interfaces/lib/libservice_interfaces__rosidl_typesupport_c.so
-- Set non-toolchain portion of runtime path of "/home/p/ws_demo2/install/service_interfaces/lib/libservice_interfaces__rosidl_typesupport_c.so" to ""
-- Up-to-date: /home/p/ws_demo2/install/service_interfaces/include/service_interfaces/service_interfaces
-- Up-to-date: /home/p/ws_demo2/install/service_interfaces/include/service_interfaces/service_interfaces/srv
-- Up-to-date: /home/p/ws_demo2/install/service_interfaces/include/service_interfaces/service_interfaces/srv/detail
-- Installing: /home/p/ws_demo2/install/service_interfaces/include/service_interfaces/service_interfaces/srv/detail/send_gripper_request__builder.hpp
-- Installing: /home/p/ws_demo2/install/service_interfaces/include/service_interfaces/service_interfaces/srv/detail/send_grasp_request__builder.hpp
-- Installing: /home/p/ws_demo2/install/service_interfaces/include/service_interfaces/service_interfaces/srv/detail/send_grasp_request__type_support.hpp
-- Installing: /home/p/ws_demo2/install/service_interfaces/include/service_interfaces/service_interfaces/srv/detail/get_jacobian__traits.hpp
-- Installing: /home/p/ws_demo2/install/service_interfaces/include/service_interfaces/service_interfaces/srv/detail/get_jacobian__struct.hpp
-- Installing: /home/p/ws_demo2/install/service_interfaces/include/service_interfaces/service_interfaces/srv/detail/send_grasp_request__struct.hpp
-- Installing: /home/p/ws_demo2/install/service_interfaces/include/service_interfaces/service_interfaces/srv/detail/get_jacobian__builder.hpp
-- Installing: /home/p/ws_demo2/install/service_interfaces/include/service_interfaces/service_interfaces/srv/detail/send_gripper_request__traits.hpp
-- Installing: /home/p/ws_demo2/install/service_interfaces/include/service_interfaces/service_interfaces/srv/detail/send_grasp_request__traits.hpp
-- Installing: /home/p/ws_demo2/install/service_interfaces/include/service_interfaces/service_interfaces/srv/detail/send_gripper_request__struct.hpp
-- Installing: /home/p/ws_demo2/install/service_interfaces/include/service_interfaces/service_interfaces/srv/detail/send_gripper_request__type_support.hpp
-- Installing: /home/p/ws_demo2/install/service_interfaces/include/service_interfaces/service_interfaces/srv/detail/get_jacobian__type_support.hpp
-- Installing: /home/p/ws_demo2/install/service_interfaces/include/service_interfaces/service_interfaces/srv/send_gripper_request.hpp
-- Installing: /home/p/ws_demo2/install/service_interfaces/include/service_interfaces/service_interfaces/srv/get_jacobian.hpp
-- Installing: /home/p/ws_demo2/install/service_interfaces/include/service_interfaces/service_interfaces/srv/send_grasp_request.hpp
-- Up-to-date: /home/p/ws_demo2/install/service_interfaces/include/service_interfaces/service_interfaces/msg
-- Up-to-date: /home/p/ws_demo2/install/service_interfaces/include/service_interfaces/service_interfaces/msg/detail
-- Installing: /home/p/ws_demo2/install/service_interfaces/include/service_interfaces/service_interfaces/msg/detail/moment_features__traits.hpp
-- Installing: /home/p/ws_demo2/install/service_interfaces/include/service_interfaces/service_interfaces/msg/detail/moment_features__struct.hpp
-- Installing: /home/p/ws_demo2/install/service_interfaces/include/service_interfaces/service_interfaces/msg/detail/moment_features__builder.hpp
-- Installing: /home/p/ws_demo2/install/service_interfaces/include/service_interfaces/service_interfaces/msg/detail/moment_features__type_support.hpp
-- Installing: /home/p/ws_demo2/install/service_interfaces/include/service_interfaces/service_interfaces/msg/rosidl_generator_cpp__visibility_control.hpp
-- Installing: /home/p/ws_demo2/install/service_interfaces/include/service_interfaces/service_interfaces/msg/moment_features.hpp
-- Up-to-date: /home/p/ws_demo2/install/service_interfaces/include/service_interfaces/service_interfaces
-- Up-to-date: /home/p/ws_demo2/install/service_interfaces/include/service_interfaces/service_interfaces/srv
-- Up-to-date: /home/p/ws_demo2/install/service_interfaces/include/service_interfaces/service_interfaces/srv/detail
-- Installing: /home/p/ws_demo2/install/service_interfaces/include/service_interfaces/service_interfaces/srv/detail/dds_fastrtps
-- Installing: /home/p/ws_demo2/install/service_interfaces/include/service_interfaces/service_interfaces/srv/detail/get_jacobian__rosidl_typesupport_fastrtps_cpp.hpp
-- Installing: /home/p/ws_demo2/install/service_interfaces/include/service_interfaces/service_interfaces/srv/detail/send_gripper_request__rosidl_typesupport_fastrtps_cpp.hpp
-- Installing: /home/p/ws_demo2/install/service_interfaces/include/service_interfaces/service_interfaces/srv/detail/send_grasp_request__rosidl_typesupport_fastrtps_cpp.hpp
-- Up-to-date: /home/p/ws_demo2/install/service_interfaces/include/service_interfaces/service_interfaces/msg
-- Installing: /home/p/ws_demo2/install/service_interfaces/include/service_interfaces/service_interfaces/msg/rosidl_typesupport_fastrtps_cpp__visibility_control.h
-- Up-to-date: /home/p/ws_demo2/install/service_interfaces/include/service_interfaces/service_interfaces/msg/detail
-- Installing: /home/p/ws_demo2/install/service_interfaces/include/service_interfaces/service_interfaces/msg/detail/dds_fastrtps
-- Installing: /home/p/ws_demo2/install/service_interfaces/include/service_interfaces/service_interfaces/msg/detail/moment_features__rosidl_typesupport_fastrtps_cpp.hpp
-- Installing: /home/p/ws_demo2/install/service_interfaces/lib/libservice_interfaces__rosidl_typesupport_fastrtps_cpp.so
-- Set non-toolchain portion of runtime path of "/home/p/ws_demo2/install/service_interfaces/lib/libservice_interfaces__rosidl_typesupport_fastrtps_cpp.so" to ""
-- Up-to-date: /home/p/ws_demo2/install/service_interfaces/include/service_interfaces/service_interfaces
-- Up-to-date: /home/p/ws_demo2/install/service_interfaces/include/service_interfaces/service_interfaces/srv
-- Up-to-date: /home/p/ws_demo2/install/service_interfaces/include/service_interfaces/service_interfaces/srv/detail
-- Installing: /home/p/ws_demo2/install/service_interfaces/include/service_interfaces/service_interfaces/srv/detail/send_grasp_request__type_support.cpp
-- Installing: /home/p/ws_demo2/install/service_interfaces/include/service_interfaces/service_interfaces/srv/detail/send_gripper_request__type_support.cpp
-- Installing: /home/p/ws_demo2/install/service_interfaces/include/service_interfaces/service_interfaces/srv/detail/get_jacobian__rosidl_typesupport_introspection_cpp.hpp
-- Installing: /home/p/ws_demo2/install/service_interfaces/include/service_interfaces/service_interfaces/srv/detail/get_jacobian__type_support.cpp
-- Installing: /home/p/ws_demo2/install/service_interfaces/include/service_interfaces/service_interfaces/srv/detail/send_gripper_request__rosidl_typesupport_introspection_cpp.hpp
-- Installing: /home/p/ws_demo2/install/service_interfaces/include/service_interfaces/service_interfaces/srv/detail/send_grasp_request__rosidl_typesupport_introspection_cpp.hpp
-- Up-to-date: /home/p/ws_demo2/install/service_interfaces/include/service_interfaces/service_interfaces/msg
-- Up-to-date: /home/p/ws_demo2/install/service_interfaces/include/service_interfaces/service_interfaces/msg/detail
-- Installing: /home/p/ws_demo2/install/service_interfaces/include/service_interfaces/service_interfaces/msg/detail/moment_features__type_support.cpp
-- Installing: /home/p/ws_demo2/install/service_interfaces/include/service_interfaces/service_interfaces/msg/detail/moment_features__rosidl_typesupport_introspection_cpp.hpp
-- Installing: /home/p/ws_demo2/install/service_interfaces/lib/libservice_interfaces__rosidl_typesupport_introspection_cpp.so
-- Set non-toolchain portion of runtime path of "/home/p/ws_demo2/install/service_interfaces/lib/libservice_interfaces__rosidl_typesupport_introspection_cpp.so" to ""
-- Installing: /home/p/ws_demo2/install/service_interfaces/lib/libservice_interfaces__rosidl_typesupport_cpp.so
-- Set non-toolchain portion of runtime path of "/home/p/ws_demo2/install/service_interfaces/lib/libservice_interfaces__rosidl_typesupport_cpp.so" to ""
-- Installing: /home/p/ws_demo2/install/service_interfaces/share/service_interfaces/environment/pythonpath.sh
-- Installing: /home/p/ws_demo2/install/service_interfaces/share/service_interfaces/environment/pythonpath.dsv
-- Installing: /home/p/ws_demo2/install/service_interfaces/local/lib/python3.10/dist-packages/service_interfaces-0.0.0-py3.10.egg-info
-- Installing: /home/p/ws_demo2/install/service_interfaces/local/lib/python3.10/dist-packages/service_interfaces-0.0.0-py3.10.egg-info/top_level.txt
-- Installing: /home/p/ws_demo2/install/service_interfaces/local/lib/python3.10/dist-packages/service_interfaces-0.0.0-py3.10.egg-info/SOURCES.txt
-- Installing: /home/p/ws_demo2/install/service_interfaces/local/lib/python3.10/dist-packages/service_interfaces-0.0.0-py3.10.egg-info/PKG-INFO
-- Installing: /home/p/ws_demo2/install/service_interfaces/local/lib/python3.10/dist-packages/service_interfaces-0.0.0-py3.10.egg-info/dependency_links.txt
-- Installing: /home/p/ws_demo2/install/service_interfaces/local/lib/python3.10/dist-packages/service_interfaces
-- Installing: /home/p/ws_demo2/install/service_interfaces/local/lib/python3.10/dist-packages/service_interfaces/_service_interfaces_s.ep.rosidl_typesupport_introspection_c.c
-- Installing: /home/p/ws_demo2/install/service_interfaces/local/lib/python3.10/dist-packages/service_interfaces/__init__.py
-- Installing: /home/p/ws_demo2/install/service_interfaces/local/lib/python3.10/dist-packages/service_interfaces/_service_interfaces_s.ep.rosidl_typesupport_c.c
-- Installing: /home/p/ws_demo2/install/service_interfaces/local/lib/python3.10/dist-packages/service_interfaces/service_interfaces_s__rosidl_typesupport_introspection_c.cpython-310-x86_64-linux-gnu.so
-- Installing: /home/p/ws_demo2/install/service_interfaces/local/lib/python3.10/dist-packages/service_interfaces/srv
-- Installing: /home/p/ws_demo2/install/service_interfaces/local/lib/python3.10/dist-packages/service_interfaces/srv/_get_jacobian.py
-- Installing: /home/p/ws_demo2/install/service_interfaces/local/lib/python3.10/dist-packages/service_interfaces/srv/__init__.py
-- Installing: /home/p/ws_demo2/install/service_interfaces/local/lib/python3.10/dist-packages/service_interfaces/srv/_get_jacobian_s.c
-- Installing: /home/p/ws_demo2/install/service_interfaces/local/lib/python3.10/dist-packages/service_interfaces/srv/_send_grasp_request_s.c
-- Installing: /home/p/ws_demo2/install/service_interfaces/local/lib/python3.10/dist-packages/service_interfaces/srv/_send_gripper_request.py
-- Installing: /home/p/ws_demo2/install/service_interfaces/local/lib/python3.10/dist-packages/service_interfaces/srv/_send_grasp_request.py
-- Installing: /home/p/ws_demo2/install/service_interfaces/local/lib/python3.10/dist-packages/service_interfaces/srv/_send_gripper_request_s.c
-- Installing: /home/p/ws_demo2/install/service_interfaces/local/lib/python3.10/dist-packages/service_interfaces/service_interfaces_s__rosidl_typesupport_c.cpython-310-x86_64-linux-gnu.so
-- Installing: /home/p/ws_demo2/install/service_interfaces/local/lib/python3.10/dist-packages/service_interfaces/service_interfaces_s__rosidl_typesupport_fastrtps_c.cpython-310-x86_64-linux-gnu.so
-- Installing: /home/p/ws_demo2/install/service_interfaces/local/lib/python3.10/dist-packages/service_interfaces/libservice_interfaces__rosidl_generator_py.so
-- Installing: /home/p/ws_demo2/install/service_interfaces/local/lib/python3.10/dist-packages/service_interfaces/_service_interfaces_s.ep.rosidl_typesupport_fastrtps_c.c
-- Installing: /home/p/ws_demo2/install/service_interfaces/local/lib/python3.10/dist-packages/service_interfaces/msg
-- Installing: /home/p/ws_demo2/install/service_interfaces/local/lib/python3.10/dist-packages/service_interfaces/msg/_moment_features_s.c
-- Installing: /home/p/ws_demo2/install/service_interfaces/local/lib/python3.10/dist-packages/service_interfaces/msg/__init__.py
-- Installing: /home/p/ws_demo2/install/service_interfaces/local/lib/python3.10/dist-packages/service_interfaces/msg/_moment_features.py
Listing '/home/p/ws_demo2/install/service_interfaces/local/lib/python3.10/dist-packages/service_interfaces'...
Compiling '/home/p/ws_demo2/install/service_interfaces/local/lib/python3.10/dist-packages/service_interfaces/__init__.py'...
Listing '/home/p/ws_demo2/install/service_interfaces/local/lib/python3.10/dist-packages/service_interfaces/msg'...
Compiling '/home/p/ws_demo2/install/service_interfaces/local/lib/python3.10/dist-packages/service_interfaces/msg/__init__.py'...
Compiling '/home/p/ws_demo2/install/service_interfaces/local/lib/python3.10/dist-packages/service_interfaces/msg/_moment_features.py'...
Listing '/home/p/ws_demo2/install/service_interfaces/local/lib/python3.10/dist-packages/service_interfaces/srv'...
Compiling '/home/p/ws_demo2/install/service_interfaces/local/lib/python3.10/dist-packages/service_interfaces/srv/__init__.py'...
Compiling '/home/p/ws_demo2/install/service_interfaces/local/lib/python3.10/dist-packages/service_interfaces/srv/_get_jacobian.py'...
Compiling '/home/p/ws_demo2/install/service_interfaces/local/lib/python3.10/dist-packages/service_interfaces/srv/_send_grasp_request.py'...
Compiling '/home/p/ws_demo2/install/service_interfaces/local/lib/python3.10/dist-packages/service_interfaces/srv/_send_gripper_request.py'...
-- Installing: /home/p/ws_demo2/install/service_interfaces/local/lib/python3.10/dist-packages/service_interfaces/service_interfaces_s__rosidl_typesupport_fastrtps_c.cpython-310-x86_64-linux-gnu.so
-- Set non-toolchain portion of runtime path of "/home/p/ws_demo2/install/service_interfaces/local/lib/python3.10/dist-packages/service_interfaces/service_interfaces_s__rosidl_typesupport_fastrtps_c.cpython-310-x86_64-linux-gnu.so" to ""
-- Installing: /home/p/ws_demo2/install/service_interfaces/local/lib/python3.10/dist-packages/service_interfaces/service_interfaces_s__rosidl_typesupport_introspection_c.cpython-310-x86_64-linux-gnu.so
-- Set non-toolchain portion of runtime path of "/home/p/ws_demo2/install/service_interfaces/local/lib/python3.10/dist-packages/service_interfaces/service_interfaces_s__rosidl_typesupport_introspection_c.cpython-310-x86_64-linux-gnu.so" to ""
-- Installing: /home/p/ws_demo2/install/service_interfaces/local/lib/python3.10/dist-packages/service_interfaces/service_interfaces_s__rosidl_typesupport_c.cpython-310-x86_64-linux-gnu.so
-- Set non-toolchain portion of runtime path of "/home/p/ws_demo2/install/service_interfaces/local/lib/python3.10/dist-packages/service_interfaces/service_interfaces_s__rosidl_typesupport_c.cpython-310-x86_64-linux-gnu.so" to ""
-- Installing: /home/p/ws_demo2/install/service_interfaces/lib/libservice_interfaces__rosidl_generator_py.so
-- Set non-toolchain portion of runtime path of "/home/p/ws_demo2/install/service_interfaces/lib/libservice_interfaces__rosidl_generator_py.so" to ""
-- Installing: /home/p/ws_demo2/install/service_interfaces/share/service_interfaces/srv/SendGraspRequest.idl
-- Installing: /home/p/ws_demo2/install/service_interfaces/share/service_interfaces/srv/SendGripperRequest.idl
-- Installing: /home/p/ws_demo2/install/service_interfaces/share/service_interfaces/srv/GetJacobian.idl
-- Installing: /home/p/ws_demo2/install/service_interfaces/share/service_interfaces/msg/MomentFeatures.idl
-- Installing: /home/p/ws_demo2/install/service_interfaces/share/service_interfaces/srv/SendGraspRequest.srv
-- Installing: /home/p/ws_demo2/install/service_interfaces/share/service_interfaces/srv/SendGraspRequest_Request.msg
-- Installing: /home/p/ws_demo2/install/service_interfaces/share/service_interfaces/srv/SendGraspRequest_Response.msg
-- Installing: /home/p/ws_demo2/install/service_interfaces/share/service_interfaces/srv/SendGripperRequest.srv
-- Installing: /home/p/ws_demo2/install/service_interfaces/share/service_interfaces/srv/SendGripperRequest_Request.msg
-- Installing: /home/p/ws_demo2/install/service_interfaces/share/service_interfaces/srv/SendGripperRequest_Response.msg
-- Installing: /home/p/ws_demo2/install/service_interfaces/share/service_interfaces/srv/GetJacobian.srv
-- Installing: /home/p/ws_demo2/install/service_interfaces/share/service_interfaces/srv/GetJacobian_Request.msg
-- Installing: /home/p/ws_demo2/install/service_interfaces/share/service_interfaces/srv/GetJacobian_Response.msg
-- Installing: /home/p/ws_demo2/install/service_interfaces/share/service_interfaces/msg/MomentFeatures.msg
-- Installing: /home/p/ws_demo2/install/service_interfaces/share/ament_index/resource_index/package_run_dependencies/service_interfaces
-- Installing: /home/p/ws_demo2/install/service_interfaces/share/ament_index/resource_index/parent_prefix_path/service_interfaces
-- Installing: /home/p/ws_demo2/install/service_interfaces/share/service_interfaces/environment/ament_prefix_path.sh
-- Installing: /home/p/ws_demo2/install/service_interfaces/share/service_interfaces/environment/ament_prefix_path.dsv
-- Installing: /home/p/ws_demo2/install/service_interfaces/share/service_interfaces/environment/path.sh
-- Installing: /home/p/ws_demo2/install/service_interfaces/share/service_interfaces/environment/path.dsv
-- Installing: /home/p/ws_demo2/install/service_interfaces/share/service_interfaces/local_setup.bash
-- Installing: /home/p/ws_demo2/install/service_interfaces/share/service_interfaces/local_setup.sh
-- Installing: /home/p/ws_demo2/install/service_interfaces/share/service_interfaces/local_setup.zsh
-- Installing: /home/p/ws_demo2/install/service_interfaces/share/service_interfaces/local_setup.dsv
-- Installing: /home/p/ws_demo2/install/service_interfaces/share/service_interfaces/package.dsv
-- Installing: /home/p/ws_demo2/install/service_interfaces/share/ament_index/resource_index/packages/service_interfaces
-- Installing: /home/p/ws_demo2/install/service_interfaces/share/service_interfaces/cmake/export_service_interfaces__rosidl_generator_cExport.cmake
-- Installing: /home/p/ws_demo2/install/service_interfaces/share/service_interfaces/cmake/export_service_interfaces__rosidl_generator_cExport-noconfig.cmake
-- Installing: /home/p/ws_demo2/install/service_interfaces/share/service_interfaces/cmake/export_service_interfaces__rosidl_typesupport_fastrtps_cExport.cmake
-- Installing: /home/p/ws_demo2/install/service_interfaces/share/service_interfaces/cmake/export_service_interfaces__rosidl_typesupport_fastrtps_cExport-noconfig.cmake
-- Installing: /home/p/ws_demo2/install/service_interfaces/share/service_interfaces/cmake/service_interfaces__rosidl_typesupport_introspection_cExport.cmake
-- Installing: /home/p/ws_demo2/install/service_interfaces/share/service_interfaces/cmake/service_interfaces__rosidl_typesupport_introspection_cExport-noconfig.cmake
-- Installing: /home/p/ws_demo2/install/service_interfaces/share/service_interfaces/cmake/service_interfaces__rosidl_typesupport_cExport.cmake
-- Installing: /home/p/ws_demo2/install/service_interfaces/share/service_interfaces/cmake/service_interfaces__rosidl_typesupport_cExport-noconfig.cmake
-- Installing: /home/p/ws_demo2/install/service_interfaces/share/service_interfaces/cmake/export_service_interfaces__rosidl_generator_cppExport.cmake
-- Installing: /home/p/ws_demo2/install/service_interfaces/share/service_interfaces/cmake/export_service_interfaces__rosidl_typesupport_fastrtps_cppExport.cmake
-- Installing: /home/p/ws_demo2/install/service_interfaces/share/service_interfaces/cmake/export_service_interfaces__rosidl_typesupport_fastrtps_cppExport-noconfig.cmake
-- Installing: /home/p/ws_demo2/install/service_interfaces/share/service_interfaces/cmake/service_interfaces__rosidl_typesupport_introspection_cppExport.cmake
-- Installing: /home/p/ws_demo2/install/service_interfaces/share/service_interfaces/cmake/service_interfaces__rosidl_typesupport_introspection_cppExport-noconfig.cmake
-- Installing: /home/p/ws_demo2/install/service_interfaces/share/service_interfaces/cmake/service_interfaces__rosidl_typesupport_cppExport.cmake
-- Installing: /home/p/ws_demo2/install/service_interfaces/share/service_interfaces/cmake/service_interfaces__rosidl_typesupport_cppExport-noconfig.cmake
-- Installing: /home/p/ws_demo2/install/service_interfaces/share/service_interfaces/cmake/export_service_interfaces__rosidl_generator_pyExport.cmake
-- Installing: /home/p/ws_demo2/install/service_interfaces/share/service_interfaces/cmake/export_service_interfaces__rosidl_generator_pyExport-noconfig.cmake
-- Installing: /home/p/ws_demo2/install/service_interfaces/share/service_interfaces/cmake/rosidl_cmake-extras.cmake
-- Installing: /home/p/ws_demo2/install/service_interfaces/share/service_interfaces/cmake/ament_cmake_export_dependencies-extras.cmake
-- Installing: /home/p/ws_demo2/install/service_interfaces/share/service_interfaces/cmake/ament_cmake_export_include_directories-extras.cmake
-- Installing: /home/p/ws_demo2/install/service_interfaces/share/service_interfaces/cmake/ament_cmake_export_libraries-extras.cmake
-- Installing: /home/p/ws_demo2/install/service_interfaces/share/service_interfaces/cmake/ament_cmake_export_targets-extras.cmake
-- Installing: /home/p/ws_demo2/install/service_interfaces/share/service_interfaces/cmake/rosidl_cmake_export_typesupport_targets-extras.cmake
-- Installing: /home/p/ws_demo2/install/service_interfaces/share/service_interfaces/cmake/rosidl_cmake_export_typesupport_libraries-extras.cmake
-- Installing: /home/p/ws_demo2/install/service_interfaces/share/service_interfaces/cmake/service_interfacesConfig.cmake
-- Installing: /home/p/ws_demo2/install/service_interfaces/share/service_interfaces/cmake/service_interfacesConfig-version.cmake
-- Installing: /home/p/ws_demo2/install/service_interfaces/share/service_interfaces/package.xml
