[0.031s] Invoking command in '/home/p/ws_demo2/build/ibvs': CMAKE_PREFIX_PATH=${CMAKE_PREFIX_PATH}:/home/p/ws_moveit2/install/moveit_configs_utils:/home/p/ws_moveit2/install/launch_param_builder:/home/p/demo_ws2/install/ur20_joint_control:/home/p/demo_ws2/install/arm_joint_control:/opt/ros/humble /usr/local/bin/cmake /home/p/ws_demo2/src/ibvs -DCMAKE_INSTALL_PREFIX=/home/p/ws_demo2/install/ibvs
[0.140s] -- The C compiler identification is GNU 12.3.0
[0.262s] -- The CXX compiler identification is GNU 12.3.0
[0.279s] -- Detecting C compiler ABI info
[0.369s] -- Detecting C compiler ABI info - done
[0.415s] -- Check for working C compiler: /usr/bin/cc - skipped
[0.416s] -- Detecting C compile features
[0.417s] -- Detecting C compile features - done
[0.437s] -- Detecting CXX compiler ABI info
[0.540s] -- Detecting CXX compiler ABI info - done
[0.570s] -- Check for working CXX compiler: /usr/bin/c++ - skipped
[0.571s] -- Detecting CXX compile features
[0.572s] -- Detecting CXX compile features - done
[0.591s] -- Found ament_cmake: 1.3.11 (/opt/ros/humble/share/ament_cmake/cmake)
[0.824s] -- Found Python3: /usr/bin/python3 (found version "3.10.12") found components: Interpreter
[1.058s] -- Found rclcpp: 16.0.12 (/opt/ros/humble/share/rclcpp/cmake)
[1.211s] -- Found rosidl_generator_c: 3.1.6 (/opt/ros/humble/share/rosidl_generator_c/cmake)
[1.233s] -- Found rosidl_adapter: 3.1.6 (/opt/ros/humble/share/rosidl_adapter/cmake)
[1.263s] -- Found rosidl_generator_cpp: 3.1.6 (/opt/ros/humble/share/rosidl_generator_cpp/cmake)
[1.306s] -- Using all available rosidl_typesupport_c: rosidl_typesupport_fastrtps_c;rosidl_typesupport_introspection_c
[1.364s] -- Using all available rosidl_typesupport_cpp: rosidl_typesupport_fastrtps_cpp;rosidl_typesupport_introspection_cpp
[1.529s] -- Found rmw_implementation_cmake: 6.1.2 (/opt/ros/humble/share/rmw_implementation_cmake/cmake)
[1.546s] -- Found rmw_fastrtps_cpp: 6.2.7 (/opt/ros/humble/share/rmw_fastrtps_cpp/cmake)
[1.761s] -- Found OpenSSL: /usr/lib/x86_64-linux-gnu/libcrypto.so (found version "3.0.2")
[1.833s] -- Found FastRTPS: /opt/ros/humble/include
[1.921s] -- Using RMW implementation 'rmw_fastrtps_cpp' as default
[1.955s] -- Performing Test CMAKE_HAVE_LIBC_PTHREAD
[2.054s] -- Performing Test CMAKE_HAVE_LIBC_PTHREAD - Success
[2.056s] -- Found Threads: TRUE
[2.217s] -- Found image_transport: 3.1.12 (/opt/ros/humble/share/image_transport/cmake)
[2.412s] -- Found cv_bridge: 3.2.1 (/opt/ros/humble/share/cv_bridge/cmake)
[2.436s] -- Found OpenCV: /usr/local (found version "4.11.0")
[2.474s] -- Found ament_lint_auto: 0.12.12 (/opt/ros/humble/share/ament_lint_auto/cmake)
[2.649s] -- Added test 'cppcheck' to perform static code analysis on C / C++ code
[2.649s] -- Configured cppcheck include dirs: 
[2.649s] -- Configured cppcheck exclude dirs and/or files: 
[2.652s] -- Added test 'lint_cmake' to check CMake code style
[2.656s] -- Added test 'uncrustify' to check C / C++ code style
[2.656s] -- Configured uncrustify additional arguments: 
[2.658s] -- Added test 'xmllint' to check XML markup files
[2.663s] -- Configuring done (2.6s)
[2.792s] -- Generating done (0.1s)
[2.797s] -- Build files have been written to: /home/p/ws_demo2/build/ibvs
[2.812s] Invoked command in '/home/p/ws_demo2/build/ibvs' returned '0': CMAKE_PREFIX_PATH=${CMAKE_PREFIX_PATH}:/home/p/ws_moveit2/install/moveit_configs_utils:/home/p/ws_moveit2/install/launch_param_builder:/home/p/demo_ws2/install/ur20_joint_control:/home/p/demo_ws2/install/arm_joint_control:/opt/ros/humble /usr/local/bin/cmake /home/p/ws_demo2/src/ibvs -DCMAKE_INSTALL_PREFIX=/home/p/ws_demo2/install/ibvs
[2.815s] Invoking command in '/home/p/ws_demo2/build/ibvs': CMAKE_PREFIX_PATH=${CMAKE_PREFIX_PATH}:/home/p/ws_moveit2/install/moveit_configs_utils:/home/p/ws_moveit2/install/launch_param_builder:/home/p/demo_ws2/install/ur20_joint_control:/home/p/demo_ws2/install/arm_joint_control:/opt/ros/humble /usr/local/bin/cmake --build /home/p/ws_demo2/build/ibvs -- -j16 -l16
[2.852s] [ 50%] [32mBuilding CXX object CMakeFiles/ibvs.dir/src/ibvs.cpp.o[0m
[7.927s] [01m[K/home/p/ws_demo2/src/ibvs/src/ibvs.cpp:[m[K In member function ‘[01m[Kvoid VisualServoInit::rgb_callback(sensor_msgs::msg::Image_<std::allocator<void> >::SharedPtr)[m[K’:
[7.928s] [01m[K/home/p/ws_demo2/src/ibvs/src/ibvs.cpp:129:39:[m[K [01;31m[Kerror: [m[K‘[01m[Kcorner[m[K’ was not declared in this scope
[7.928s]   129 |                         feature.set_x([01;31m[Kcorner[m[K.get_u());
[7.928s]       |                                       [01;31m[K^~~~~~[m[K
[13.530s] gmake[2]: *** [CMakeFiles/ibvs.dir/build.make:79：CMakeFiles/ibvs.dir/src/ibvs.cpp.o] 错误 1
[13.530s] gmake[1]: *** [CMakeFiles/Makefile2:153：CMakeFiles/ibvs.dir/all] 错误 2
[13.530s] gmake: *** [Makefile:146：all] 错误 2
[13.532s] Invoked command in '/home/p/ws_demo2/build/ibvs' returned '2': CMAKE_PREFIX_PATH=${CMAKE_PREFIX_PATH}:/home/p/ws_moveit2/install/moveit_configs_utils:/home/p/ws_moveit2/install/launch_param_builder:/home/p/demo_ws2/install/ur20_joint_control:/home/p/demo_ws2/install/arm_joint_control:/opt/ros/humble /usr/local/bin/cmake --build /home/p/ws_demo2/build/ibvs -- -j16 -l16
