[0.044s] Invoking command in '/home/p/ws_demo2/build/mpc': CMAKE_PREFIX_PATH=${CMAKE_PREFIX_PATH}:/home/p/ws_moveit2/install/moveit_configs_utils:/home/p/ws_moveit2/install/launch_param_builder:/home/p/demo_ws2/install/ur20_joint_control:/home/p/demo_ws2/install/arm_joint_control:/opt/ros/humble /usr/local/bin/cmake --build /home/p/ws_demo2/build/mpc -- -j16 -l16
[0.098s] [ 50%] [32mBuilding CXX object CMakeFiles/mpc.dir/src/mpc.cpp.o[0m
[0.386s] In file included from [01m[K/home/p/ws_demo2/src/mpc/src/mpc.cpp:1[m[K:
[0.386s] [01m[K/home/p/ws_demo2/src/mpc/include/mpc.h:4:34:[m[K [01;31m[Kerror: [m[K‘[01m[Krclcpp[m[K’ has not been declared
[0.386s]     4 | class MpcControllerNode : public [01;31m[Krclcpp[m[K::Node
[0.386s]       |                                  [01;31m[K^~~~~~[m[K
[0.386s] [01m[K/home/p/ws_demo2/src/mpc/include/mpc.h:4:42:[m[K [01;31m[Kerror: [m[Kexpected ‘[01m[K{[m[K’ before ‘[01m[KNode[m[K’
[0.386s]     4 | class MpcControllerNode : public rclcpp::[01;31m[KNode[m[K
[0.386s]       |                                          [01;31m[K^~~~[m[K
[0.386s] [01m[K/home/p/ws_demo2/src/mpc/include/mpc.h:6:1:[m[K [01;31m[Kerror: [m[Kexpected primary-expression before ‘[01m[Kpublic[m[K’
[0.386s]     6 | [01;31m[Kpublic[m[K:
[0.387s]       | [01;31m[K^~~~~~[m[K
[0.387s] [01m[K/home/p/ws_demo2/src/mpc/include/mpc.h:6:1:[m[K [01;31m[Kerror: [m[Kexpected ‘[01m[K}[m[K’ before ‘[01m[Kpublic[m[K’
[0.387s] [01m[K/home/p/ws_demo2/src/mpc/include/mpc.h:5:1:[m[K [01;36m[Knote: [m[Kto match this ‘[01m[K{[m[K’
[0.387s]     5 | [01;36m[K{[m[K
[0.387s]       | [01;36m[K^[m[K
[0.387s] [01m[K/home/p/ws_demo2/src/mpc/include/mpc.h:9:25:[m[K [01;31m[Kerror: [m[Kexpected constructor, destructor, or type conversion before ‘[01m[K;[m[K’ token
[0.387s]     9 |     ~MpcControllerNode()[01;31m[K;[m[K
[0.387s]       |                         [01;31m[K^[m[K
[0.387s] [01m[K/home/p/ws_demo2/src/mpc/include/mpc.h:10:1:[m[K [01;31m[Kerror: [m[Kexpected unqualified-id before ‘[01m[Kprivate[m[K’
[0.387s]    10 | [01;31m[Kprivate[m[K:
[0.388s]       | [01;31m[K^~~~~~~[m[K
[0.388s] [01m[K/home/p/ws_demo2/src/mpc/include/mpc.h:12:1:[m[K [01;31m[Kerror: [m[Kexpected declaration before ‘[01m[K}[m[K’ token
[0.388s]    12 | [01;31m[K}[m[K;
[0.388s]       | [01;31m[K^[m[K
[3.359s] [01m[K/home/p/ws_demo2/src/mpc/src/mpc.cpp:4:38:[m[K [01;31m[Kerror: [m[Kinvalid use of incomplete type ‘[01m[Kclass MpcControllerNode[m[K’
[3.359s]     4 | MpcControllerNode::MpcControllerNode([01;31m[K)[m[K : Node("mpc_node")
[3.359s]       |                                      [01;31m[K^[m[K
[3.359s] [01m[K/home/p/ws_demo2/src/mpc/include/mpc.h:4:7:[m[K [01;36m[Knote: [m[Kforward declaration of ‘[01m[Kclass MpcControllerNode[m[K’
[3.359s]     4 | class [01;36m[KMpcControllerNode[m[K : public rclcpp::Node
[3.359s]       |       [01;36m[K^~~~~~~~~~~~~~~~~[m[K
[3.360s] [01m[K/home/p/ws_demo2/src/mpc/src/mpc.cpp:12:1:[m[K [01;31m[Kerror: [m[K‘[01m[KIKNode[m[K’ does not name a type
[3.360s]    12 | [01;31m[KIKNode[m[K::~IKNode()
[3.360s]       | [01;31m[K^~~~~~[m[K
[3.365s] [01m[K/home/p/ws_demo2/src/mpc/src/mpc.cpp:[m[K In function ‘[01m[Kint main(int, char**)[m[K’:
[3.365s] [01m[K/home/p/ws_demo2/src/mpc/src/mpc.cpp:24:17:[m[K [01;31m[Kerror: [m[Kno matching function for call to ‘[01m[Kspin(std::shared_ptr<MpcControllerNode>&)[m[K’
[3.365s]    24 |     [01;31m[Krclcpp::spin(node)[m[K;
[3.365s]       |     [01;31m[K~~~~~~~~~~~~^~~~~~[m[K
[3.365s] In file included from [01m[K/opt/ros/humble/include/rclcpp/rclcpp/rclcpp.hpp:155[m[K,
[3.365s]                  from [01m[K/home/p/ws_demo2/src/mpc/src/mpc.cpp:2[m[K:
[3.365s] [01m[K/opt/ros/humble/include/rclcpp/rclcpp/executors.hpp:45:1:[m[K [01;36m[Knote: [m[Kcandidate: ‘[01m[Kvoid rclcpp::spin(node_interfaces::NodeBaseInterface::SharedPtr)[m[K’
[3.365s]    45 | [01;36m[Kspin[m[K(rclcpp::node_interfaces::NodeBaseInterface::SharedPtr node_ptr);
[3.366s]       | [01;36m[K^~~~[m[K
[3.366s] [01m[K/opt/ros/humble/include/rclcpp/rclcpp/executors.hpp:45:60:[m[K [01;36m[Knote: [m[K  no known conversion for argument 1 from ‘[01m[Kshared_ptr<[01;32m[KMpcControllerNode[m[K>[m[K’ to ‘[01m[Kshared_ptr<[01;32m[Krclcpp::node_interfaces::NodeBaseInterface[m[K>[m[K’
[3.366s]    45 | spin([01;36m[Krclcpp::node_interfaces::NodeBaseInterface::SharedPtr node_ptr[m[K);
[3.366s]       |      [01;36m[K~~~~~~~~~~~~~~~~~~~~~~~~~~~~~~~~~~~~~~~~~~~~~~~~~~~~~~^~~~~~~~[m[K
[3.366s] [01m[K/opt/ros/humble/include/rclcpp/rclcpp/executors.hpp:49:1:[m[K [01;36m[Knote: [m[Kcandidate: ‘[01m[Kvoid rclcpp::spin(Node::SharedPtr)[m[K’
[3.366s]    49 | [01;36m[Kspin[m[K(rclcpp::Node::SharedPtr node_ptr);
[3.366s]       | [01;36m[K^~~~[m[K
[3.366s] [01m[K/opt/ros/humble/include/rclcpp/rclcpp/executors.hpp:49:30:[m[K [01;36m[Knote: [m[K  no known conversion for argument 1 from ‘[01m[Kshared_ptr<[01;32m[KMpcControllerNode[m[K>[m[K’ to ‘[01m[Kshared_ptr<[01;32m[Krclcpp::Node[m[K>[m[K’
[3.366s]    49 | spin([01;36m[Krclcpp::Node::SharedPtr node_ptr[m[K);
[3.366s]       |      [01;36m[K~~~~~~~~~~~~~~~~~~~~~~~~^~~~~~~~[m[K
[3.903s] In file included from [01m[K/usr/include/c++/12/bits/shared_ptr_base.h:60[m[K,
[3.903s]                  from [01m[K/usr/include/c++/12/bits/shared_ptr.h:53[m[K,
[3.903s]                  from [01m[K/usr/include/c++/12/memory:76[m[K,
[3.904s]                  from [01m[K/opt/ros/humble/include/rclcpp/rclcpp/rclcpp.hpp:153[m[K:
[3.904s] /usr/include/c++/12/ext/aligned_buffer.h: In instantiation of ‘[01m[Kstruct __gnu_cxx::__aligned_buffer<MpcControllerNode>[m[K’:
[3.904s] [01m[K/usr/include/c++/12/bits/shared_ptr_base.h:591:35:[m[K   required from ‘[01m[Kclass std::_Sp_counted_ptr_inplace<MpcControllerNode, std::allocator<void>, __gnu_cxx::_S_atomic>::_Impl[m[K’
[3.904s] [01m[K/usr/include/c++/12/bits/shared_ptr_base.h:652:13:[m[K   required from ‘[01m[Kclass std::_Sp_counted_ptr_inplace<MpcControllerNode, std::allocator<void>, __gnu_cxx::_S_atomic>[m[K’
[3.904s] [01m[K/usr/include/c++/12/bits/shared_ptr_base.h:968:43:[m[K   required from ‘[01m[Kstd::__shared_count<_Lp>::__shared_count(_Tp*&, std::_Sp_alloc_shared_tag<_Alloc>, _Args&& ...) [with _Tp = MpcControllerNode; _Alloc = std::allocator<void>; _Args = {}; __gnu_cxx::_Lock_policy _Lp = __gnu_cxx::_S_atomic][m[K’
[3.904s] [01m[K/usr/include/c++/12/bits/shared_ptr_base.h:1712:14:[m[K   required from ‘[01m[Kstd::__shared_ptr<_Tp, _Lp>::__shared_ptr(std::_Sp_alloc_shared_tag<_Tp>, _Args&& ...) [with _Alloc = std::allocator<void>; _Args = {}; _Tp = MpcControllerNode; __gnu_cxx::_Lock_policy _Lp = __gnu_cxx::_S_atomic][m[K’
[3.904s] [01m[K/usr/include/c++/12/bits/shared_ptr.h:464:59:[m[K   required from ‘[01m[Kstd::shared_ptr<_Tp>::shared_ptr(std::_Sp_alloc_shared_tag<_Tp>, _Args&& ...) [with _Alloc = std::allocator<void>; _Args = {}; _Tp = MpcControllerNode][m[K’
[3.904s] [01m[K/usr/include/c++/12/bits/shared_ptr.h:1009:14:[m[K   required from ‘[01m[Kstd::shared_ptr<typename std::enable_if<(! std::is_array< <template-parameter-1-1> >::value), _Tp>::type> std::make_shared(_Args&& ...) [with _Tp = MpcControllerNode; _Args = {}; typename enable_if<(! is_array< <template-parameter-1-1> >::value), _Tp>::type = MpcControllerNode][m[K’
[3.904s] [01m[K/home/p/ws_demo2/src/mpc/src/mpc.cpp:22:52:[m[K   required from here
[3.904s] [01m[K/usr/include/c++/12/ext/aligned_buffer.h:91:28:[m[K [01;31m[Kerror: [m[Kinvalid application of ‘[01m[Ksizeof[m[K’ to incomplete type ‘[01m[KMpcControllerNode[m[K’
[3.904s]    91 |     : std::aligned_storage<[01;31m[Ksizeof(_Tp)[m[K, __alignof__(_Tp)>
[3.905s]       |                            [01;31m[K^~~~~~~~~~~[m[K
[3.905s] [01m[K/usr/include/c++/12/ext/aligned_buffer.h:91:28:[m[K [01;31m[Kerror: [m[Kinvalid application of ‘[01m[Ksizeof[m[K’ to incomplete type ‘[01m[KMpcControllerNode[m[K’
[4.084s] gmake[2]: *** [CMakeFiles/mpc.dir/build.make:79：CMakeFiles/mpc.dir/src/mpc.cpp.o] 错误 1
[4.084s] gmake[1]: *** [CMakeFiles/Makefile2:153：CMakeFiles/mpc.dir/all] 错误 2
[4.084s] gmake: *** [Makefile:146：all] 错误 2
[4.086s] Invoked command in '/home/p/ws_demo2/build/mpc' returned '2': CMAKE_PREFIX_PATH=${CMAKE_PREFIX_PATH}:/home/p/ws_moveit2/install/moveit_configs_utils:/home/p/ws_moveit2/install/launch_param_builder:/home/p/demo_ws2/install/ur20_joint_control:/home/p/demo_ws2/install/arm_joint_control:/opt/ros/humble /usr/local/bin/cmake --build /home/p/ws_demo2/build/mpc -- -j16 -l16
