[0.027s] Invoking command in '/home/p/ws_demo2/build/ibvs': CMAKE_PREFIX_PATH=${CMAKE_PREFIX_PATH}:/home/p/ws_moveit2/install/moveit_configs_utils:/home/p/ws_moveit2/install/launch_param_builder:/home/p/demo_ws2/install/ur20_joint_control:/home/p/demo_ws2/install/arm_joint_control:/opt/ros/humble /usr/local/bin/cmake --build /home/p/ws_demo2/build/ibvs -- -j16 -l16
[0.064s] [ 50%] [32mBuilding CXX object CMakeFiles/ibvs.dir/src/ibvs.cpp.o[0m
[3.565s] [01m[K/home/p/ws_demo2/src/ibvs/src/ibvs.cpp:[m[K In member function ‘[01m[Kvoid VisualServoInit::depth_callback(sensor_msgs::msg::Image_<std::allocator<void> >::SharedPtr)[m[K’:
[3.565s] [01m[K/home/p/ws_demo2/src/ibvs/src/ibvs.cpp:192:79:[m[K [01;35m[Kwarning: [m[Kunused parameter ‘[01m[Kmsg[m[K’ [[01;35m[K]8;;https://gcc.gnu.org/onlinedocs/gcc/Warning-Options.html#index-Wunused-parameter-Wunused-parameter]8;;[m[K]
[3.565s]   192 | void VisualServoInit::depth_callback([01;35m[Kconst sensor_msgs::msg::Image::SharedPtr msg[m[K)
[3.565s]       |                                      [01;35m[K~~~~~~~~~~~~~~~~~~~~~~~~~~~~~~~~~~~~~~~~~^~~[m[K
[3.569s] [01m[K/home/p/ws_demo2/src/ibvs/src/ibvs.cpp:[m[K In member function ‘[01m[Kvoid VisualServoInit::jointStateCallback(sensor_msgs::msg::JointState_<std::allocator<void> >::SharedPtr)[m[K’:
[3.569s] [01m[K/home/p/ws_demo2/src/ibvs/src/ibvs.cpp:228:88:[m[K [01;35m[Kwarning: [m[Kunused parameter ‘[01m[Kmsg[m[K’ [[01;35m[K]8;;https://gcc.gnu.org/onlinedocs/gcc/Warning-Options.html#index-Wunused-parameter-Wunused-parameter]8;;[m[K]
[3.569s]   228 | void VisualServoInit::jointStateCallback([01;35m[Kconst sensor_msgs::msg::JointState::SharedPtr msg[m[K)
[3.569s]       |                                          [01;35m[K~~~~~~~~~~~~~~~~~~~~~~~~~~~~~~~~~~~~~~~~~~~~~~^~~[m[K
[3.573s] [01m[K/home/p/ws_demo2/src/ibvs/src/ibvs.cpp:[m[K At global scope:
[3.574s] [01m[K/home/p/ws_demo2/src/ibvs/src/ibvs.cpp:282:23:[m[K [01;31m[Kerror: [m[Kexpected unqualified-id before ‘[01m[Kbool[m[K’
[3.574s]   282 | void VisualServoInit::[01;31m[Kbool[m[K detect_rectangle_corners(const cv::Mat& img, std::vector<vpImagePoint>& corners)
[3.574s]       |                       [01;31m[K^~~~[m[K
[3.574s] [01m[K/home/p/ws_demo2/src/ibvs/src/ibvs.cpp:373:23:[m[K [01;31m[Kerror: [m[Kexpected unqualified-id before ‘[01m[Kvoid[m[K’
[3.574s]   373 | void VisualServoInit::[01;31m[Kvoid[m[K init_target_features() {
[3.574s]       |                       [01;31m[K^~~~[m[K
[3.574s] [01m[K/home/p/ws_demo2/src/ibvs/src/ibvs.cpp:429:23:[m[K [01;31m[Kerror: [m[Kexpected unqualified-id before ‘[01m[Kbool[m[K’
[3.574s]   429 | void VisualServoInit::[01;31m[Kbool[m[K compute_feature_error(){
[3.574s]       |                       [01;31m[K^~~~[m[K
[3.574s] [01m[K/home/p/ws_demo2/src/ibvs/src/ibvs.cpp:489:23:[m[K [01;31m[Kerror: [m[Kexpected unqualified-id before ‘[01m[Kvoid[m[K’
[3.574s]   489 | void VisualServoInit::[01;31m[Kvoid[m[K init_visual_servo()
[3.574s]       |                       [01;31m[K^~~~[m[K
[3.574s] [01m[K/home/p/ws_demo2/src/ibvs/src/ibvs.cpp:526:23:[m[K [01;31m[Kerror: [m[Kexpected unqualified-id before ‘[01m[Kvoid[m[K’
[3.574s]   526 | void VisualServoInit::[01;31m[Kvoid[m[K ConvertCameraVelToBaseVel(const std::string &camera_frame, const std::string &base_frame)
[3.574s]       |                       [01;31m[K^~~~[m[K
[3.574s] [01m[K/home/p/ws_demo2/src/ibvs/src/ibvs.cpp:620:23:[m[K [01;31m[Kerror: [m[Kexpected unqualified-id before ‘[01m[Kvoid[m[K’
[3.574s]   620 | void VisualServoInit::[01;31m[Kvoid[m[K convertBaseVelToJointVel()
[3.574s]       |                       [01;31m[K^~~~[m[K
[7.981s] gmake[2]: *** [CMakeFiles/ibvs.dir/build.make:79：CMakeFiles/ibvs.dir/src/ibvs.cpp.o] 错误 1
[7.981s] gmake[1]: *** [CMakeFiles/Makefile2:153：CMakeFiles/ibvs.dir/all] 错误 2
[7.981s] gmake: *** [Makefile:146：all] 错误 2
[7.982s] Invoked command in '/home/p/ws_demo2/build/ibvs' returned '2': CMAKE_PREFIX_PATH=${CMAKE_PREFIX_PATH}:/home/p/ws_moveit2/install/moveit_configs_utils:/home/p/ws_moveit2/install/launch_param_builder:/home/p/demo_ws2/install/ur20_joint_control:/home/p/demo_ws2/install/arm_joint_control:/opt/ros/humble /usr/local/bin/cmake --build /home/p/ws_demo2/build/ibvs -- -j16 -l16
