[0.044s] Invoking command in '/home/p/ws_demo2/build/mpc': CMAKE_PREFIX_PATH=${CMAKE_PREFIX_PATH}:/home/p/ws_moveit2/install/moveit_configs_utils:/home/p/ws_moveit2/install/launch_param_builder:/home/p/demo_ws2/install/ur20_joint_control:/home/p/demo_ws2/install/arm_joint_control:/opt/ros/humble /usr/local/bin/cmake --build /home/p/ws_demo2/build/mpc -- -j16 -l16
[0.105s] [ 50%] [32mBuilding CXX object CMakeFiles/mpc.dir/src/mpc.cpp.o[0m
[4.905s] [01m[K/home/p/ws_demo2/src/mpc/src/mpc.cpp:[m[K In member function ‘[01m[Kvoid MpcControllerNode::solveMpcProblem()[m[K’:
[4.905s] [01m[K/home/p/ws_demo2/src/mpc/src/mpc.cpp:100:21:[m[K [01;31m[Kerror: [m[K‘[01m[Kclass OsqpEigen::Data[m[K’ has no member named ‘[01m[KsetP[m[K’
[4.905s]   100 |     solver_.data()->[01;31m[KsetP[m[K(P_mat);
[4.905s]       |                     [01;31m[K^~~~[m[K
[4.905s] [01m[K/home/p/ws_demo2/src/mpc/src/mpc.cpp:101:21:[m[K [01;31m[Kerror: [m[K‘[01m[Kclass OsqpEigen::Data[m[K’ has no member named ‘[01m[KsetQ[m[K’
[4.905s]   101 |     solver_.data()->[01;31m[KsetQ[m[K(q_vec);
[4.906s]       |                     [01;31m[K^~~~[m[K
[4.906s] [01m[K/home/p/ws_demo2/src/mpc/src/mpc.cpp:104:18:[m[K [01;31m[Kerror: [m[K‘[01m[Kclass OsqpEigen::Solver[m[K’ has no member named ‘[01m[Kis[m[K’
[4.906s]   104 |     if (!solver_.[01;31m[Kis[m[K     Initialized()) {
[4.906s]       |                  [01;31m[K^~[m[K
[4.906s] [01m[K/home/p/ws_demo2/src/mpc/src/mpc.cpp:104:24:[m[K [01;31m[Kerror: [m[Kexpected ‘[01m[K)[m[K’ before ‘[01m[KInitialized[m[K’
[4.906s]   104 |     if [34m[K([m[K!solver_.is[01;31m[K     [m[K[32m[KInitialized[m[K()) {
[4.906s]       |        [34m[K~[m[K           [01;31m[K^~~~~[m[K[32m[K~~~~~~~~~~~[m[K
[4.906s]       |                        [32m[K)[m[K
[4.920s] [01m[K/home/p/ws_demo2/src/mpc/src/mpc.cpp:[m[K In member function ‘[01m[Kvoid MpcControllerNode::publishCommand(const Eigen::VectorXd&)[m[K’:
[4.920s] [01m[K/home/p/ws_demo2/src/mpc/src/mpc.cpp:124:5:[m[K [01;31m[Kerror: [m[K‘[01m[Kcam_vel_pub_[m[K’ was not declared in this scope
[4.920s]   124 |     [01;31m[Kcam_vel_pub_[m[K->publish(cmd_msg);
[4.920s]       |     [01;31m[K^~~~~~~~~~~~[m[K
[9.861s] gmake[2]: *** [CMakeFiles/mpc.dir/build.make:79：CMakeFiles/mpc.dir/src/mpc.cpp.o] 错误 1
[9.861s] gmake[1]: *** [CMakeFiles/Makefile2:153：CMakeFiles/mpc.dir/all] 错误 2
[9.861s] gmake: *** [Makefile:146：all] 错误 2
[9.863s] Invoked command in '/home/p/ws_demo2/build/mpc' returned '2': CMAKE_PREFIX_PATH=${CMAKE_PREFIX_PATH}:/home/p/ws_moveit2/install/moveit_configs_utils:/home/p/ws_moveit2/install/launch_param_builder:/home/p/demo_ws2/install/ur20_joint_control:/home/p/demo_ws2/install/arm_joint_control:/opt/ros/humble /usr/local/bin/cmake --build /home/p/ws_demo2/build/mpc -- -j16 -l16
