[ 50%] [32mBuilding CXX object CMakeFiles/ik.dir/src/ik.cpp.o[0m
[01m[K/home/p/ws_demo2/src/ik/src/ik.cpp:[m[K In member function ‘[01m[Kvoid IKNode::jointStateCallback(sensor_msgs::msg::JointState_<std::allocator<void> >::SharedPtr)[m[K’:
[01m[K/home/p/ws_demo2/src/ik/src/ik.cpp:21:79:[m[K [01;35m[Kwarning: [m[Kunused parameter ‘[01m[Kmsg[m[K’ [[01;35m[K]8;;https://gcc.gnu.org/onlinedocs/gcc/Warning-Options.html#index-Wunused-parameter-Wunused-parameter]8;;[m[K]
   21 | void IKNode::jointStateCallback([01;35m[Kconst sensor_msgs::msg::JointState::SharedPtr msg[m[K)
      |                                 [01;35m[K~~~~~~~~~~~~~~~~~~~~~~~~~~~~~~~~~~~~~~~~~~~~~~^~~[m[K
[100%] [32m[1mLinking CXX executable ik[0m
[100%] Built target ik
-- Install configuration: ""
-- Installing: /home/p/ws_demo2/install/ik/lib/ik/ik
-- Set non-toolchain portion of runtime path of "/home/p/ws_demo2/install/ik/lib/ik/ik" to ""
-- Up-to-date: /home/p/ws_demo2/install/ik/share/ament_index/resource_index/package_run_dependencies/ik
-- Up-to-date: /home/p/ws_demo2/install/ik/share/ament_index/resource_index/parent_prefix_path/ik
-- Up-to-date: /home/p/ws_demo2/install/ik/share/ik/environment/ament_prefix_path.sh
-- Up-to-date: /home/p/ws_demo2/install/ik/share/ik/environment/ament_prefix_path.dsv
-- Up-to-date: /home/p/ws_demo2/install/ik/share/ik/environment/path.sh
-- Up-to-date: /home/p/ws_demo2/install/ik/share/ik/environment/path.dsv
-- Up-to-date: /home/p/ws_demo2/install/ik/share/ik/local_setup.bash
-- Up-to-date: /home/p/ws_demo2/install/ik/share/ik/local_setup.sh
-- Up-to-date: /home/p/ws_demo2/install/ik/share/ik/local_setup.zsh
-- Up-to-date: /home/p/ws_demo2/install/ik/share/ik/local_setup.dsv
-- Installing: /home/p/ws_demo2/install/ik/share/ik/package.dsv
-- Up-to-date: /home/p/ws_demo2/install/ik/share/ament_index/resource_index/packages/ik
-- Up-to-date: /home/p/ws_demo2/install/ik/share/ik/cmake/ikConfig.cmake
-- Up-to-date: /home/p/ws_demo2/install/ik/share/ik/cmake/ikConfig-version.cmake
-- Up-to-date: /home/p/ws_demo2/install/ik/share/ik/package.xml
