[33mCMake Warning (dev) at /usr/local/share/cmake-3.31/Modules/CMakeFindDependencyMacro.cmake:76 (find_package):
  Policy CMP0167 is not set: The FindBoost module is removed.  Run "cmake
  --help-policy CMP0167" for policy details.  Use the cmake_policy command to
  set the policy and suppress this warning.

Call Stack (most recent call first):
  /opt/ros/humble/lib/x86_64-linux-gnu/cmake/pinocchio/pinocchioConfig.cmake:160 (find_dependency)
  CMakeLists.txt:17 (find_package)
This warning is for project developers.  Use -Wno-dev to suppress it.
[0m
[33mCMake Warning (dev) at /opt/ros/humble/lib/x86_64-linux-gnu/cmake/eigenpy/boost.cmake:148 (find_package):
  Policy CMP0167 is not set: The FindBoost module is removed.  Run "cmake
  --help-policy CMP0167" for policy details.  Use the cmake_policy command to
  set the policy and suppress this warning.

Call Stack (most recent call first):
  /opt/ros/humble/lib/x86_64-linux-gnu/cmake/eigenpy/eigenpyConfig.cmake:149 (SEARCH_FOR_BOOST_PYTHON)
  /usr/local/share/cmake-3.31/Modules/CMakeFindDependencyMacro.cmake:76 (find_package)
  /opt/ros/humble/lib/x86_64-linux-gnu/cmake/pinocchio/pinocchioConfig.cmake:161 (find_dependency)
  CMakeLists.txt:17 (find_package)
This warning is for project developers.  Use -Wno-dev to suppress it.
[0m
[33mCMake Warning (dev) at /usr/local/share/cmake-3.31/Modules/CMakeFindDependencyMacro.cmake:76 (find_package):
  Policy CMP0167 is not set: The FindBoost module is removed.  Run "cmake
  --help-policy CMP0167" for policy details.  Use the cmake_policy command to
  set the policy and suppress this warning.

Call Stack (most recent call first):
  /opt/ros/humble/lib/x86_64-linux-gnu/cmake/hpp-fcl/hpp-fclConfig.cmake:154 (find_dependency)
  /usr/local/share/cmake-3.31/Modules/CMakeFindDependencyMacro.cmake:76 (find_package)
  /opt/ros/humble/lib/x86_64-linux-gnu/cmake/pinocchio/pinocchioConfig.cmake:163 (find_dependency)
  CMakeLists.txt:17 (find_package)
This warning is for project developers.  Use -Wno-dev to suppress it.
[0m
In file included from [01m[K/opt/ros/humble/include/pinocchio/parsers/urdf.hpp:351[m[K,
                 from [01m[K/home/p/ws_demo2/src/ik/include/ik.h:15[m[K,
                 from [01m[K/home/p/ws_demo2/src/ik/src/ik.cpp:1[m[K:
[01m[K/opt/ros/humble/include/pinocchio/parsers/urdf/model.hxx:[m[K In member function ‘[01m[Kpinocchio::JointIndex pinocchio::urdf::details::UrdfVisitor<Scalar, Options, JointCollectionTpl>::addMimicJoint(const Frame&, const SE3&, const std::string&, const VectorConstRef&, const VectorConstRef&, const VectorConstRef&, const VectorConstRef&, const VectorConstRef&, const VectorConstRef&, const MimicInfo_&) [with TypeX = pinocchio::JointModelRevoluteTpl<double, 0, 0>; TypeY = pinocchio::JointModelRevoluteTpl<double, 0, 1>; TypeZ = pinocchio::JointModelRevoluteTpl<double, 0, 2>; TypeUnaligned = pinocchio::JointModelRevoluteUnalignedTpl<double>; Scalar = double; int Options = 0; JointCollectionTpl = pinocchio::JointCollectionDefaultTpl][m[K’:
[01m[K/opt/ros/humble/include/pinocchio/parsers/urdf/model.hxx:543:9:[m[K [01;35m[Kwarning: [m[Kcontrol reaches end of non-void function [[01;35m[K]8;;https://gcc.gnu.org/onlinedocs/gcc/Warning-Options.html#index-Wreturn-type-Wreturn-type]8;;[m[K]
  543 |         [01;35m[K}[m[K
      |         [01;35m[K^[m[K
[01m[K/opt/ros/humble/include/pinocchio/parsers/urdf/model.hxx:[m[K In member function ‘[01m[Kpinocchio::JointIndex pinocchio::urdf::details::UrdfVisitor<Scalar, Options, JointCollectionTpl>::addMimicJoint(const Frame&, const SE3&, const std::string&, const VectorConstRef&, const VectorConstRef&, const VectorConstRef&, const VectorConstRef&, const VectorConstRef&, const VectorConstRef&, const MimicInfo_&) [with TypeX = pinocchio::JointModelPrismaticTpl<double, 0, 0>; TypeY = pinocchio::JointModelPrismaticTpl<double, 0, 1>; TypeZ = pinocchio::JointModelPrismaticTpl<double, 0, 2>; TypeUnaligned = pinocchio::JointModelPrismaticUnalignedTpl<double>; Scalar = double; int Options = 0; JointCollectionTpl = pinocchio::JointCollectionDefaultTpl][m[K’:
[01m[K/opt/ros/humble/include/pinocchio/parsers/urdf/model.hxx:543:9:[m[K [01;35m[Kwarning: [m[Kcontrol reaches end of non-void function [[01;35m[K]8;;https://gcc.gnu.org/onlinedocs/gcc/Warning-Options.html#index-Wreturn-type-Wreturn-type]8;;[m[K]
  543 |         [01;35m[K}[m[K
      |         [01;35m[K^[m[K
