[0.044s] Invoking command in '/home/p/ws_demo2/build/service_interfaces': CMAKE_PREFIX_PATH=${CMAKE_PREFIX_PATH}:/home/p/ws_moveit2/install/moveit_configs_utils:/home/p/ws_moveit2/install/launch_param_builder:/home/p/demo_ws2/install/ur20_joint_control:/home/p/demo_ws2/install/arm_joint_control:/opt/ros/humble /usr/local/bin/cmake --build /home/p/ws_demo2/build/service_interfaces -- -j16 -l16
[0.084s] [  1%] Built target service_interfaces__cpp
[0.096s] [ 12%] Built target service_interfaces__rosidl_generator_c
[0.102s] [ 12%] Built target ament_cmake_python_copy_service_interfaces
[0.107s] [ 23%] Built target service_interfaces__rosidl_typesupport_cpp
[0.110s] [ 34%] Built target service_interfaces__rosidl_typesupport_c
[0.110s] [ 54%] Built target service_interfaces__rosidl_typesupport_fastrtps_c
[0.111s] [ 56%] Built target service_interfaces__rosidl_typesupport_fastrtps_cpp
[0.111s] [ 67%] Built target service_interfaces__rosidl_typesupport_introspection_cpp
[0.114s] [ 78%] Built target service_interfaces__rosidl_typesupport_introspection_c
[0.132s] [ 78%] Built target service_interfaces
[0.149s] [ 80%] Built target service_interfaces__py
[0.170s] [ 89%] Built target service_interfaces__rosidl_generator_py
[0.191s] [ 98%] Built target service_interfaces__rosidl_typesupport_introspection_c__pyext
[0.191s] [ 98%] Built target service_interfaces__rosidl_typesupport_fastrtps_c__pyext
[0.191s] [100%] Built target service_interfaces__rosidl_typesupport_c__pyext
[0.501s] running egg_info
[0.502s] writing service_interfaces.egg-info/PKG-INFO
[0.502s] writing dependency_links to service_interfaces.egg-info/dependency_links.txt
[0.503s] writing top-level names to service_interfaces.egg-info/top_level.txt
[0.506s] reading manifest file 'service_interfaces.egg-info/SOURCES.txt'
[0.507s] writing manifest file 'service_interfaces.egg-info/SOURCES.txt'
[0.537s] [100%] Built target ament_cmake_python_build_service_interfaces_egg
[0.544s] Invoked command in '/home/p/ws_demo2/build/service_interfaces' returned '0': CMAKE_PREFIX_PATH=${CMAKE_PREFIX_PATH}:/home/p/ws_moveit2/install/moveit_configs_utils:/home/p/ws_moveit2/install/launch_param_builder:/home/p/demo_ws2/install/ur20_joint_control:/home/p/demo_ws2/install/arm_joint_control:/opt/ros/humble /usr/local/bin/cmake --build /home/p/ws_demo2/build/service_interfaces -- -j16 -l16
[0.546s] Invoking command in '/home/p/ws_demo2/build/service_interfaces': CMAKE_PREFIX_PATH=${CMAKE_PREFIX_PATH}:/home/p/ws_moveit2/install/moveit_configs_utils:/home/p/ws_moveit2/install/launch_param_builder:/home/p/demo_ws2/install/ur20_joint_control:/home/p/demo_ws2/install/arm_joint_control:/opt/ros/humble /usr/local/bin/cmake --install /home/p/ws_demo2/build/service_interfaces
[0.550s] -- Install configuration: ""
[0.551s] -- Up-to-date: /home/p/ws_demo2/install/service_interfaces/share/ament_index/resource_index/rosidl_interfaces/service_interfaces
[0.551s] -- Up-to-date: /home/p/ws_demo2/install/service_interfaces/include/service_interfaces/service_interfaces
[0.551s] -- Up-to-date: /home/p/ws_demo2/install/service_interfaces/include/service_interfaces/service_interfaces/srv
[0.551s] -- Up-to-date: /home/p/ws_demo2/install/service_interfaces/include/service_interfaces/service_interfaces/srv/detail
[0.551s] -- Up-to-date: /home/p/ws_demo2/install/service_interfaces/include/service_interfaces/service_interfaces/srv/detail/send_grasp_request__struct.h
[0.551s] -- Up-to-date: /home/p/ws_demo2/install/service_interfaces/include/service_interfaces/service_interfaces/srv/detail/send_gripper_request__type_support.h
[0.551s] -- Up-to-date: /home/p/ws_demo2/install/service_interfaces/include/service_interfaces/service_interfaces/srv/detail/send_gripper_request__struct.h
[0.551s] -- Up-to-date: /home/p/ws_demo2/install/service_interfaces/include/service_interfaces/service_interfaces/srv/detail/send_gripper_request__functions.h
[0.551s] -- Up-to-date: /home/p/ws_demo2/install/service_interfaces/include/service_interfaces/service_interfaces/srv/detail/get_jacobian__functions.h
[0.552s] -- Up-to-date: /home/p/ws_demo2/install/service_interfaces/include/service_interfaces/service_interfaces/srv/detail/get_jacobian__functions.c
[0.552s] -- Up-to-date: /home/p/ws_demo2/install/service_interfaces/include/service_interfaces/service_interfaces/srv/detail/send_grasp_request__functions.c
[0.552s] -- Up-to-date: /home/p/ws_demo2/install/service_interfaces/include/service_interfaces/service_interfaces/srv/detail/send_grasp_request__functions.h
[0.552s] -- Up-to-date: /home/p/ws_demo2/install/service_interfaces/include/service_interfaces/service_interfaces/srv/detail/get_jacobian__struct.h
[0.552s] -- Up-to-date: /home/p/ws_demo2/install/service_interfaces/include/service_interfaces/service_interfaces/srv/detail/get_jacobian__type_support.h
[0.552s] -- Up-to-date: /home/p/ws_demo2/install/service_interfaces/include/service_interfaces/service_interfaces/srv/detail/send_gripper_request__functions.c
[0.552s] -- Up-to-date: /home/p/ws_demo2/install/service_interfaces/include/service_interfaces/service_interfaces/srv/detail/send_grasp_request__type_support.h
[0.552s] -- Up-to-date: /home/p/ws_demo2/install/service_interfaces/include/service_interfaces/service_interfaces/srv/send_grasp_request.h
[0.552s] -- Up-to-date: /home/p/ws_demo2/install/service_interfaces/include/service_interfaces/service_interfaces/srv/send_gripper_request.h
[0.553s] -- Up-to-date: /home/p/ws_demo2/install/service_interfaces/include/service_interfaces/service_interfaces/srv/get_jacobian.h
[0.553s] -- Up-to-date: /home/p/ws_demo2/install/service_interfaces/include/service_interfaces/service_interfaces/msg
[0.553s] -- Up-to-date: /home/p/ws_demo2/install/service_interfaces/include/service_interfaces/service_interfaces/msg/detail
[0.553s] -- Up-to-date: /home/p/ws_demo2/install/service_interfaces/include/service_interfaces/service_interfaces/msg/detail/moment_features__type_support.h
[0.553s] -- Up-to-date: /home/p/ws_demo2/install/service_interfaces/include/service_interfaces/service_interfaces/msg/detail/moment_features__functions.h
[0.553s] -- Up-to-date: /home/p/ws_demo2/install/service_interfaces/include/service_interfaces/service_interfaces/msg/detail/moment_features__struct.h
[0.554s] -- Up-to-date: /home/p/ws_demo2/install/service_interfaces/include/service_interfaces/service_interfaces/msg/detail/moment_features__functions.c
[0.554s] -- Up-to-date: /home/p/ws_demo2/install/service_interfaces/include/service_interfaces/service_interfaces/msg/moment_features.h
[0.554s] -- Up-to-date: /home/p/ws_demo2/install/service_interfaces/include/service_interfaces/service_interfaces/msg/rosidl_generator_c__visibility_control.h
[0.554s] -- Up-to-date: /home/p/ws_demo2/install/service_interfaces/share/service_interfaces/environment/library_path.sh
[0.554s] -- Up-to-date: /home/p/ws_demo2/install/service_interfaces/share/service_interfaces/environment/library_path.dsv
[0.554s] -- Up-to-date: /home/p/ws_demo2/install/service_interfaces/lib/libservice_interfaces__rosidl_generator_c.so
[0.554s] -- Up-to-date: /home/p/ws_demo2/install/service_interfaces/include/service_interfaces/service_interfaces
[0.555s] -- Up-to-date: /home/p/ws_demo2/install/service_interfaces/include/service_interfaces/service_interfaces/srv
[0.555s] -- Up-to-date: /home/p/ws_demo2/install/service_interfaces/include/service_interfaces/service_interfaces/srv/detail
[0.555s] -- Up-to-date: /home/p/ws_demo2/install/service_interfaces/include/service_interfaces/service_interfaces/srv/detail/get_jacobian__rosidl_typesupport_fastrtps_c.h
[0.555s] -- Up-to-date: /home/p/ws_demo2/install/service_interfaces/include/service_interfaces/service_interfaces/srv/detail/send_grasp_request__rosidl_typesupport_fastrtps_c.h
[0.555s] -- Up-to-date: /home/p/ws_demo2/install/service_interfaces/include/service_interfaces/service_interfaces/srv/detail/send_gripper_request__rosidl_typesupport_fastrtps_c.h
[0.555s] -- Up-to-date: /home/p/ws_demo2/install/service_interfaces/include/service_interfaces/service_interfaces/msg
[0.555s] -- Up-to-date: /home/p/ws_demo2/install/service_interfaces/include/service_interfaces/service_interfaces/msg/detail
[0.555s] -- Up-to-date: /home/p/ws_demo2/install/service_interfaces/include/service_interfaces/service_interfaces/msg/detail/moment_features__rosidl_typesupport_fastrtps_c.h
[0.556s] -- Up-to-date: /home/p/ws_demo2/install/service_interfaces/include/service_interfaces/service_interfaces/msg/rosidl_typesupport_fastrtps_c__visibility_control.h
[0.556s] -- Up-to-date: /home/p/ws_demo2/install/service_interfaces/lib/libservice_interfaces__rosidl_typesupport_fastrtps_c.so
[0.556s] -- Up-to-date: /home/p/ws_demo2/install/service_interfaces/include/service_interfaces/service_interfaces
[0.556s] -- Up-to-date: /home/p/ws_demo2/install/service_interfaces/include/service_interfaces/service_interfaces/srv
[0.556s] -- Up-to-date: /home/p/ws_demo2/install/service_interfaces/include/service_interfaces/service_interfaces/srv/detail
[0.556s] -- Up-to-date: /home/p/ws_demo2/install/service_interfaces/include/service_interfaces/service_interfaces/srv/detail/send_gripper_request__rosidl_typesupport_introspection_c.h
[0.556s] -- Up-to-date: /home/p/ws_demo2/install/service_interfaces/include/service_interfaces/service_interfaces/srv/detail/get_jacobian__rosidl_typesupport_introspection_c.h
[0.556s] -- Up-to-date: /home/p/ws_demo2/install/service_interfaces/include/service_interfaces/service_interfaces/srv/detail/send_gripper_request__type_support.c
[0.556s] -- Up-to-date: /home/p/ws_demo2/install/service_interfaces/include/service_interfaces/service_interfaces/srv/detail/send_grasp_request__type_support.c
[0.556s] -- Up-to-date: /home/p/ws_demo2/install/service_interfaces/include/service_interfaces/service_interfaces/srv/detail/get_jacobian__type_support.c
[0.557s] -- Up-to-date: /home/p/ws_demo2/install/service_interfaces/include/service_interfaces/service_interfaces/srv/detail/send_grasp_request__rosidl_typesupport_introspection_c.h
[0.557s] -- Up-to-date: /home/p/ws_demo2/install/service_interfaces/include/service_interfaces/service_interfaces/msg
[0.557s] -- Up-to-date: /home/p/ws_demo2/install/service_interfaces/include/service_interfaces/service_interfaces/msg/detail
[0.557s] -- Up-to-date: /home/p/ws_demo2/install/service_interfaces/include/service_interfaces/service_interfaces/msg/detail/moment_features__type_support.c
[0.557s] -- Up-to-date: /home/p/ws_demo2/install/service_interfaces/include/service_interfaces/service_interfaces/msg/detail/moment_features__rosidl_typesupport_introspection_c.h
[0.557s] -- Up-to-date: /home/p/ws_demo2/install/service_interfaces/include/service_interfaces/service_interfaces/msg/rosidl_typesupport_introspection_c__visibility_control.h
[0.557s] -- Up-to-date: /home/p/ws_demo2/install/service_interfaces/lib/libservice_interfaces__rosidl_typesupport_introspection_c.so
[0.557s] -- Up-to-date: /home/p/ws_demo2/install/service_interfaces/lib/libservice_interfaces__rosidl_typesupport_c.so
[0.557s] -- Up-to-date: /home/p/ws_demo2/install/service_interfaces/include/service_interfaces/service_interfaces
[0.558s] -- Up-to-date: /home/p/ws_demo2/install/service_interfaces/include/service_interfaces/service_interfaces/srv
[0.558s] -- Up-to-date: /home/p/ws_demo2/install/service_interfaces/include/service_interfaces/service_interfaces/srv/detail
[0.558s] -- Up-to-date: /home/p/ws_demo2/install/service_interfaces/include/service_interfaces/service_interfaces/srv/detail/send_gripper_request__builder.hpp
[0.558s] -- Up-to-date: /home/p/ws_demo2/install/service_interfaces/include/service_interfaces/service_interfaces/srv/detail/send_grasp_request__builder.hpp
[0.558s] -- Up-to-date: /home/p/ws_demo2/install/service_interfaces/include/service_interfaces/service_interfaces/srv/detail/send_grasp_request__type_support.hpp
[0.558s] -- Up-to-date: /home/p/ws_demo2/install/service_interfaces/include/service_interfaces/service_interfaces/srv/detail/get_jacobian__traits.hpp
[0.558s] -- Up-to-date: /home/p/ws_demo2/install/service_interfaces/include/service_interfaces/service_interfaces/srv/detail/get_jacobian__struct.hpp
[0.558s] -- Up-to-date: /home/p/ws_demo2/install/service_interfaces/include/service_interfaces/service_interfaces/srv/detail/send_grasp_request__struct.hpp
[0.558s] -- Up-to-date: /home/p/ws_demo2/install/service_interfaces/include/service_interfaces/service_interfaces/srv/detail/get_jacobian__builder.hpp
[0.558s] -- Up-to-date: /home/p/ws_demo2/install/service_interfaces/include/service_interfaces/service_interfaces/srv/detail/send_gripper_request__traits.hpp
[0.559s] -- Up-to-date: /home/p/ws_demo2/install/service_interfaces/include/service_interfaces/service_interfaces/srv/detail/send_grasp_request__traits.hpp
[0.559s] -- Up-to-date: /home/p/ws_demo2/install/service_interfaces/include/service_interfaces/service_interfaces/srv/detail/send_gripper_request__struct.hpp
[0.559s] -- Up-to-date: /home/p/ws_demo2/install/service_interfaces/include/service_interfaces/service_interfaces/srv/detail/send_gripper_request__type_support.hpp
[0.559s] -- Up-to-date: /home/p/ws_demo2/install/service_interfaces/include/service_interfaces/service_interfaces/srv/detail/get_jacobian__type_support.hpp
[0.559s] -- Up-to-date: /home/p/ws_demo2/install/service_interfaces/include/service_interfaces/service_interfaces/srv/send_gripper_request.hpp
[0.559s] -- Up-to-date: /home/p/ws_demo2/install/service_interfaces/include/service_interfaces/service_interfaces/srv/get_jacobian.hpp
[0.559s] -- Up-to-date: /home/p/ws_demo2/install/service_interfaces/include/service_interfaces/service_interfaces/srv/send_grasp_request.hpp
[0.559s] -- Up-to-date: /home/p/ws_demo2/install/service_interfaces/include/service_interfaces/service_interfaces/msg
[0.559s] -- Up-to-date: /home/p/ws_demo2/install/service_interfaces/include/service_interfaces/service_interfaces/msg/detail
[0.559s] -- Up-to-date: /home/p/ws_demo2/install/service_interfaces/include/service_interfaces/service_interfaces/msg/detail/moment_features__traits.hpp
[0.559s] -- Up-to-date: /home/p/ws_demo2/install/service_interfaces/include/service_interfaces/service_interfaces/msg/detail/moment_features__struct.hpp
[0.560s] -- Up-to-date: /home/p/ws_demo2/install/service_interfaces/include/service_interfaces/service_interfaces/msg/detail/moment_features__builder.hpp
[0.560s] -- Up-to-date: /home/p/ws_demo2/install/service_interfaces/include/service_interfaces/service_interfaces/msg/detail/moment_features__type_support.hpp
[0.560s] -- Up-to-date: /home/p/ws_demo2/install/service_interfaces/include/service_interfaces/service_interfaces/msg/rosidl_generator_cpp__visibility_control.hpp
[0.560s] -- Up-to-date: /home/p/ws_demo2/install/service_interfaces/include/service_interfaces/service_interfaces/msg/moment_features.hpp
[0.560s] -- Up-to-date: /home/p/ws_demo2/install/service_interfaces/include/service_interfaces/service_interfaces
[0.560s] -- Up-to-date: /home/p/ws_demo2/install/service_interfaces/include/service_interfaces/service_interfaces/srv
[0.560s] -- Up-to-date: /home/p/ws_demo2/install/service_interfaces/include/service_interfaces/service_interfaces/srv/detail
[0.560s] -- Up-to-date: /home/p/ws_demo2/install/service_interfaces/include/service_interfaces/service_interfaces/srv/detail/dds_fastrtps
[0.561s] -- Up-to-date: /home/p/ws_demo2/install/service_interfaces/include/service_interfaces/service_interfaces/srv/detail/get_jacobian__rosidl_typesupport_fastrtps_cpp.hpp
[0.561s] -- Up-to-date: /home/p/ws_demo2/install/service_interfaces/include/service_interfaces/service_interfaces/srv/detail/send_gripper_request__rosidl_typesupport_fastrtps_cpp.hpp
[0.561s] -- Up-to-date: /home/p/ws_demo2/install/service_interfaces/include/service_interfaces/service_interfaces/srv/detail/send_grasp_request__rosidl_typesupport_fastrtps_cpp.hpp
[0.561s] -- Up-to-date: /home/p/ws_demo2/install/service_interfaces/include/service_interfaces/service_interfaces/msg
[0.561s] -- Up-to-date: /home/p/ws_demo2/install/service_interfaces/include/service_interfaces/service_interfaces/msg/rosidl_typesupport_fastrtps_cpp__visibility_control.h
[0.561s] -- Up-to-date: /home/p/ws_demo2/install/service_interfaces/include/service_interfaces/service_interfaces/msg/detail
[0.561s] -- Up-to-date: /home/p/ws_demo2/install/service_interfaces/include/service_interfaces/service_interfaces/msg/detail/dds_fastrtps
[0.561s] -- Up-to-date: /home/p/ws_demo2/install/service_interfaces/include/service_interfaces/service_interfaces/msg/detail/moment_features__rosidl_typesupport_fastrtps_cpp.hpp
[0.561s] -- Up-to-date: /home/p/ws_demo2/install/service_interfaces/lib/libservice_interfaces__rosidl_typesupport_fastrtps_cpp.so
[0.561s] -- Up-to-date: /home/p/ws_demo2/install/service_interfaces/include/service_interfaces/service_interfaces
[0.561s] -- Up-to-date: /home/p/ws_demo2/install/service_interfaces/include/service_interfaces/service_interfaces/srv
[0.562s] -- Up-to-date: /home/p/ws_demo2/install/service_interfaces/include/service_interfaces/service_interfaces/srv/detail
[0.562s] -- Up-to-date: /home/p/ws_demo2/install/service_interfaces/include/service_interfaces/service_interfaces/srv/detail/send_grasp_request__type_support.cpp
[0.562s] -- Up-to-date: /home/p/ws_demo2/install/service_interfaces/include/service_interfaces/service_interfaces/srv/detail/send_gripper_request__type_support.cpp
[0.562s] -- Up-to-date: /home/p/ws_demo2/install/service_interfaces/include/service_interfaces/service_interfaces/srv/detail/get_jacobian__rosidl_typesupport_introspection_cpp.hpp
[0.562s] -- Up-to-date: /home/p/ws_demo2/install/service_interfaces/include/service_interfaces/service_interfaces/srv/detail/get_jacobian__type_support.cpp
[0.562s] -- Up-to-date: /home/p/ws_demo2/install/service_interfaces/include/service_interfaces/service_interfaces/srv/detail/send_gripper_request__rosidl_typesupport_introspection_cpp.hpp
[0.562s] -- Up-to-date: /home/p/ws_demo2/install/service_interfaces/include/service_interfaces/service_interfaces/srv/detail/send_grasp_request__rosidl_typesupport_introspection_cpp.hpp
[0.562s] -- Up-to-date: /home/p/ws_demo2/install/service_interfaces/include/service_interfaces/service_interfaces/msg
[0.562s] -- Up-to-date: /home/p/ws_demo2/install/service_interfaces/include/service_interfaces/service_interfaces/msg/detail
[0.562s] -- Up-to-date: /home/p/ws_demo2/install/service_interfaces/include/service_interfaces/service_interfaces/msg/detail/moment_features__type_support.cpp
[0.563s] -- Up-to-date: /home/p/ws_demo2/install/service_interfaces/include/service_interfaces/service_interfaces/msg/detail/moment_features__rosidl_typesupport_introspection_cpp.hpp
[0.563s] -- Up-to-date: /home/p/ws_demo2/install/service_interfaces/lib/libservice_interfaces__rosidl_typesupport_introspection_cpp.so
[0.563s] -- Up-to-date: /home/p/ws_demo2/install/service_interfaces/lib/libservice_interfaces__rosidl_typesupport_cpp.so
[0.563s] -- Up-to-date: /home/p/ws_demo2/install/service_interfaces/share/service_interfaces/environment/pythonpath.sh
[0.563s] -- Up-to-date: /home/p/ws_demo2/install/service_interfaces/share/service_interfaces/environment/pythonpath.dsv
[0.563s] -- Up-to-date: /home/p/ws_demo2/install/service_interfaces/local/lib/python3.10/dist-packages/service_interfaces-0.0.0-py3.10.egg-info
[0.563s] -- Installing: /home/p/ws_demo2/install/service_interfaces/local/lib/python3.10/dist-packages/service_interfaces-0.0.0-py3.10.egg-info/top_level.txt
[0.563s] -- Installing: /home/p/ws_demo2/install/service_interfaces/local/lib/python3.10/dist-packages/service_interfaces-0.0.0-py3.10.egg-info/SOURCES.txt
[0.563s] -- Installing: /home/p/ws_demo2/install/service_interfaces/local/lib/python3.10/dist-packages/service_interfaces-0.0.0-py3.10.egg-info/PKG-INFO
[0.563s] -- Installing: /home/p/ws_demo2/install/service_interfaces/local/lib/python3.10/dist-packages/service_interfaces-0.0.0-py3.10.egg-info/dependency_links.txt
[0.563s] -- Up-to-date: /home/p/ws_demo2/install/service_interfaces/local/lib/python3.10/dist-packages/service_interfaces
[0.564s] -- Up-to-date: /home/p/ws_demo2/install/service_interfaces/local/lib/python3.10/dist-packages/service_interfaces/_service_interfaces_s.ep.rosidl_typesupport_introspection_c.c
[0.564s] -- Up-to-date: /home/p/ws_demo2/install/service_interfaces/local/lib/python3.10/dist-packages/service_interfaces/__init__.py
[0.564s] -- Up-to-date: /home/p/ws_demo2/install/service_interfaces/local/lib/python3.10/dist-packages/service_interfaces/_service_interfaces_s.ep.rosidl_typesupport_c.c
[0.564s] -- Up-to-date: /home/p/ws_demo2/install/service_interfaces/local/lib/python3.10/dist-packages/service_interfaces/service_interfaces_s__rosidl_typesupport_introspection_c.cpython-310-x86_64-linux-gnu.so
[0.564s] -- Up-to-date: /home/p/ws_demo2/install/service_interfaces/local/lib/python3.10/dist-packages/service_interfaces/srv
[0.564s] -- Up-to-date: /home/p/ws_demo2/install/service_interfaces/local/lib/python3.10/dist-packages/service_interfaces/srv/_get_jacobian.py
[0.564s] -- Up-to-date: /home/p/ws_demo2/install/service_interfaces/local/lib/python3.10/dist-packages/service_interfaces/srv/__init__.py
[0.564s] -- Up-to-date: /home/p/ws_demo2/install/service_interfaces/local/lib/python3.10/dist-packages/service_interfaces/srv/_get_jacobian_s.c
[0.564s] -- Up-to-date: /home/p/ws_demo2/install/service_interfaces/local/lib/python3.10/dist-packages/service_interfaces/srv/_send_grasp_request_s.c
[0.564s] -- Up-to-date: /home/p/ws_demo2/install/service_interfaces/local/lib/python3.10/dist-packages/service_interfaces/srv/_send_gripper_request.py
[0.564s] -- Up-to-date: /home/p/ws_demo2/install/service_interfaces/local/lib/python3.10/dist-packages/service_interfaces/srv/_send_grasp_request.py
[0.565s] -- Up-to-date: /home/p/ws_demo2/install/service_interfaces/local/lib/python3.10/dist-packages/service_interfaces/srv/_send_gripper_request_s.c
[0.565s] -- Up-to-date: /home/p/ws_demo2/install/service_interfaces/local/lib/python3.10/dist-packages/service_interfaces/service_interfaces_s__rosidl_typesupport_c.cpython-310-x86_64-linux-gnu.so
[0.565s] -- Up-to-date: /home/p/ws_demo2/install/service_interfaces/local/lib/python3.10/dist-packages/service_interfaces/service_interfaces_s__rosidl_typesupport_fastrtps_c.cpython-310-x86_64-linux-gnu.so
[0.565s] -- Up-to-date: /home/p/ws_demo2/install/service_interfaces/local/lib/python3.10/dist-packages/service_interfaces/libservice_interfaces__rosidl_generator_py.so
[0.565s] -- Up-to-date: /home/p/ws_demo2/install/service_interfaces/local/lib/python3.10/dist-packages/service_interfaces/_service_interfaces_s.ep.rosidl_typesupport_fastrtps_c.c
[0.565s] -- Up-to-date: /home/p/ws_demo2/install/service_interfaces/local/lib/python3.10/dist-packages/service_interfaces/msg
[0.565s] -- Up-to-date: /home/p/ws_demo2/install/service_interfaces/local/lib/python3.10/dist-packages/service_interfaces/msg/_moment_features_s.c
[0.565s] -- Up-to-date: /home/p/ws_demo2/install/service_interfaces/local/lib/python3.10/dist-packages/service_interfaces/msg/__init__.py
[0.565s] -- Up-to-date: /home/p/ws_demo2/install/service_interfaces/local/lib/python3.10/dist-packages/service_interfaces/msg/_moment_features.py
[0.609s] Listing '/home/p/ws_demo2/install/service_interfaces/local/lib/python3.10/dist-packages/service_interfaces'...
[0.609s] Listing '/home/p/ws_demo2/install/service_interfaces/local/lib/python3.10/dist-packages/service_interfaces/msg'...
[0.609s] Listing '/home/p/ws_demo2/install/service_interfaces/local/lib/python3.10/dist-packages/service_interfaces/srv'...
[0.615s] -- Up-to-date: /home/p/ws_demo2/install/service_interfaces/local/lib/python3.10/dist-packages/service_interfaces/service_interfaces_s__rosidl_typesupport_fastrtps_c.cpython-310-x86_64-linux-gnu.so
[0.616s] -- Up-to-date: /home/p/ws_demo2/install/service_interfaces/local/lib/python3.10/dist-packages/service_interfaces/service_interfaces_s__rosidl_typesupport_introspection_c.cpython-310-x86_64-linux-gnu.so
[0.616s] -- Up-to-date: /home/p/ws_demo2/install/service_interfaces/local/lib/python3.10/dist-packages/service_interfaces/service_interfaces_s__rosidl_typesupport_c.cpython-310-x86_64-linux-gnu.so
[0.616s] -- Up-to-date: /home/p/ws_demo2/install/service_interfaces/lib/libservice_interfaces__rosidl_generator_py.so
[0.616s] -- Up-to-date: /home/p/ws_demo2/install/service_interfaces/share/service_interfaces/srv/SendGraspRequest.idl
[0.617s] -- Up-to-date: /home/p/ws_demo2/install/service_interfaces/share/service_interfaces/srv/SendGripperRequest.idl
[0.617s] -- Up-to-date: /home/p/ws_demo2/install/service_interfaces/share/service_interfaces/srv/GetJacobian.idl
[0.617s] -- Up-to-date: /home/p/ws_demo2/install/service_interfaces/share/service_interfaces/msg/MomentFeatures.idl
[0.617s] -- Up-to-date: /home/p/ws_demo2/install/service_interfaces/share/service_interfaces/srv/SendGraspRequest.srv
[0.617s] -- Up-to-date: /home/p/ws_demo2/install/service_interfaces/share/service_interfaces/srv/SendGraspRequest_Request.msg
[0.617s] -- Up-to-date: /home/p/ws_demo2/install/service_interfaces/share/service_interfaces/srv/SendGraspRequest_Response.msg
[0.617s] -- Up-to-date: /home/p/ws_demo2/install/service_interfaces/share/service_interfaces/srv/SendGripperRequest.srv
[0.618s] -- Up-to-date: /home/p/ws_demo2/install/service_interfaces/share/service_interfaces/srv/SendGripperRequest_Request.msg
[0.618s] -- Up-to-date: /home/p/ws_demo2/install/service_interfaces/share/service_interfaces/srv/SendGripperRequest_Response.msg
[0.618s] -- Up-to-date: /home/p/ws_demo2/install/service_interfaces/share/service_interfaces/srv/GetJacobian.srv
[0.618s] -- Up-to-date: /home/p/ws_demo2/install/service_interfaces/share/service_interfaces/srv/GetJacobian_Request.msg
[0.618s] -- Up-to-date: /home/p/ws_demo2/install/service_interfaces/share/service_interfaces/srv/GetJacobian_Response.msg
[0.618s] -- Up-to-date: /home/p/ws_demo2/install/service_interfaces/share/service_interfaces/msg/MomentFeatures.msg
[0.618s] -- Up-to-date: /home/p/ws_demo2/install/service_interfaces/share/ament_index/resource_index/package_run_dependencies/service_interfaces
[0.618s] -- Up-to-date: /home/p/ws_demo2/install/service_interfaces/share/ament_index/resource_index/parent_prefix_path/service_interfaces
[0.619s] -- Up-to-date: /home/p/ws_demo2/install/service_interfaces/share/service_interfaces/environment/ament_prefix_path.sh
[0.619s] -- Up-to-date: /home/p/ws_demo2/install/service_interfaces/share/service_interfaces/environment/ament_prefix_path.dsv
[0.619s] -- Up-to-date: /home/p/ws_demo2/install/service_interfaces/share/service_interfaces/environment/path.sh
[0.619s] -- Up-to-date: /home/p/ws_demo2/install/service_interfaces/share/service_interfaces/environment/path.dsv
[0.619s] -- Up-to-date: /home/p/ws_demo2/install/service_interfaces/share/service_interfaces/local_setup.bash
[0.619s] -- Up-to-date: /home/p/ws_demo2/install/service_interfaces/share/service_interfaces/local_setup.sh
[0.619s] -- Up-to-date: /home/p/ws_demo2/install/service_interfaces/share/service_interfaces/local_setup.zsh
[0.619s] -- Up-to-date: /home/p/ws_demo2/install/service_interfaces/share/service_interfaces/local_setup.dsv
[0.620s] -- Installing: /home/p/ws_demo2/install/service_interfaces/share/service_interfaces/package.dsv
[0.620s] -- Up-to-date: /home/p/ws_demo2/install/service_interfaces/share/ament_index/resource_index/packages/service_interfaces
[0.620s] -- Up-to-date: /home/p/ws_demo2/install/service_interfaces/share/service_interfaces/cmake/export_service_interfaces__rosidl_generator_cExport.cmake
[0.620s] -- Up-to-date: /home/p/ws_demo2/install/service_interfaces/share/service_interfaces/cmake/export_service_interfaces__rosidl_generator_cExport-noconfig.cmake
[0.620s] -- Up-to-date: /home/p/ws_demo2/install/service_interfaces/share/service_interfaces/cmake/export_service_interfaces__rosidl_typesupport_fastrtps_cExport.cmake
[0.620s] -- Up-to-date: /home/p/ws_demo2/install/service_interfaces/share/service_interfaces/cmake/export_service_interfaces__rosidl_typesupport_fastrtps_cExport-noconfig.cmake
[0.620s] -- Up-to-date: /home/p/ws_demo2/install/service_interfaces/share/service_interfaces/cmake/service_interfaces__rosidl_typesupport_introspection_cExport.cmake
[0.620s] -- Up-to-date: /home/p/ws_demo2/install/service_interfaces/share/service_interfaces/cmake/service_interfaces__rosidl_typesupport_introspection_cExport-noconfig.cmake
[0.620s] -- Up-to-date: /home/p/ws_demo2/install/service_interfaces/share/service_interfaces/cmake/service_interfaces__rosidl_typesupport_cExport.cmake
[0.621s] -- Up-to-date: /home/p/ws_demo2/install/service_interfaces/share/service_interfaces/cmake/service_interfaces__rosidl_typesupport_cExport-noconfig.cmake
[0.621s] -- Up-to-date: /home/p/ws_demo2/install/service_interfaces/share/service_interfaces/cmake/export_service_interfaces__rosidl_generator_cppExport.cmake
[0.621s] -- Up-to-date: /home/p/ws_demo2/install/service_interfaces/share/service_interfaces/cmake/export_service_interfaces__rosidl_typesupport_fastrtps_cppExport.cmake
[0.621s] -- Up-to-date: /home/p/ws_demo2/install/service_interfaces/share/service_interfaces/cmake/export_service_interfaces__rosidl_typesupport_fastrtps_cppExport-noconfig.cmake
[0.621s] -- Up-to-date: /home/p/ws_demo2/install/service_interfaces/share/service_interfaces/cmake/service_interfaces__rosidl_typesupport_introspection_cppExport.cmake
[0.621s] -- Up-to-date: /home/p/ws_demo2/install/service_interfaces/share/service_interfaces/cmake/service_interfaces__rosidl_typesupport_introspection_cppExport-noconfig.cmake
[0.621s] -- Up-to-date: /home/p/ws_demo2/install/service_interfaces/share/service_interfaces/cmake/service_interfaces__rosidl_typesupport_cppExport.cmake
[0.621s] -- Up-to-date: /home/p/ws_demo2/install/service_interfaces/share/service_interfaces/cmake/service_interfaces__rosidl_typesupport_cppExport-noconfig.cmake
[0.621s] -- Up-to-date: /home/p/ws_demo2/install/service_interfaces/share/service_interfaces/cmake/export_service_interfaces__rosidl_generator_pyExport.cmake
[0.621s] -- Up-to-date: /home/p/ws_demo2/install/service_interfaces/share/service_interfaces/cmake/export_service_interfaces__rosidl_generator_pyExport-noconfig.cmake
[0.622s] -- Up-to-date: /home/p/ws_demo2/install/service_interfaces/share/service_interfaces/cmake/rosidl_cmake-extras.cmake
[0.622s] -- Up-to-date: /home/p/ws_demo2/install/service_interfaces/share/service_interfaces/cmake/ament_cmake_export_dependencies-extras.cmake
[0.622s] -- Up-to-date: /home/p/ws_demo2/install/service_interfaces/share/service_interfaces/cmake/ament_cmake_export_include_directories-extras.cmake
[0.622s] -- Up-to-date: /home/p/ws_demo2/install/service_interfaces/share/service_interfaces/cmake/ament_cmake_export_libraries-extras.cmake
[0.622s] -- Up-to-date: /home/p/ws_demo2/install/service_interfaces/share/service_interfaces/cmake/ament_cmake_export_targets-extras.cmake
[0.622s] -- Up-to-date: /home/p/ws_demo2/install/service_interfaces/share/service_interfaces/cmake/rosidl_cmake_export_typesupport_targets-extras.cmake
[0.622s] -- Up-to-date: /home/p/ws_demo2/install/service_interfaces/share/service_interfaces/cmake/rosidl_cmake_export_typesupport_libraries-extras.cmake
[0.623s] -- Up-to-date: /home/p/ws_demo2/install/service_interfaces/share/service_interfaces/cmake/service_interfacesConfig.cmake
[0.623s] -- Up-to-date: /home/p/ws_demo2/install/service_interfaces/share/service_interfaces/cmake/service_interfacesConfig-version.cmake
[0.624s] -- Up-to-date: /home/p/ws_demo2/install/service_interfaces/share/service_interfaces/package.xml
[0.624s] Invoked command in '/home/p/ws_demo2/build/service_interfaces' returned '0': CMAKE_PREFIX_PATH=${CMAKE_PREFIX_PATH}:/home/p/ws_moveit2/install/moveit_configs_utils:/home/p/ws_moveit2/install/launch_param_builder:/home/p/demo_ws2/install/ur20_joint_control:/home/p/demo_ws2/install/arm_joint_control:/opt/ros/humble /usr/local/bin/cmake --install /home/p/ws_demo2/build/service_interfaces
