[0.011s] Invoking command in '/home/p/ws_demo2/build/ur_description': CMAKE_PREFIX_PATH=${CMAKE_PREFIX_PATH}:/home/p/ws_moveit2/install/moveit_configs_utils:/home/p/ws_moveit2/install/launch_param_builder:/home/p/demo_ws2/install/ur20_joint_control:/home/p/demo_ws2/install/arm_joint_control:/opt/ros/humble /usr/local/bin/cmake /home/p/ws_demo2/src/ur_description -DCMAKE_INSTALL_PREFIX=/home/p/ws_demo2/install/ur_description
[0.111s] -- The C compiler identification is GNU 12.3.0
[0.206s] -- The CXX compiler identification is GNU 12.3.0
[0.216s] -- Detecting C compiler ABI info
[0.263s] -- Detecting C compiler ABI info - done
[0.278s] -- Check for working C compiler: /usr/bin/cc - skipped
[0.278s] -- Detecting C compile features
[0.279s] -- Detecting C compile features - done
[0.290s] -- Detecting CXX compiler ABI info
[0.344s] -- Detecting CXX compiler ABI info - done
[0.370s] -- Check for working CXX compiler: /usr/bin/c++ - skipped
[0.370s] -- Detecting CXX compile features
[0.371s] -- Detecting CXX compile features - done
[0.383s] -- Found ament_cmake: 1.3.11 (/opt/ros/humble/share/ament_cmake/cmake)
[0.495s] -- Found Python3: /usr/bin/python3 (found version "3.10.12") found components: Interpreter
[0.614s] -- Found ament_cmake_pytest: 1.3.11 (/opt/ros/humble/share/ament_cmake_pytest/cmake)
[1.134s] -- Configuring done (1.1s)
[1.137s] -- Generating done (0.0s)
[1.137s] -- Build files have been written to: /home/p/ws_demo2/build/ur_description
[1.141s] Invoked command in '/home/p/ws_demo2/build/ur_description' returned '0': CMAKE_PREFIX_PATH=${CMAKE_PREFIX_PATH}:/home/p/ws_moveit2/install/moveit_configs_utils:/home/p/ws_moveit2/install/launch_param_builder:/home/p/demo_ws2/install/ur20_joint_control:/home/p/demo_ws2/install/arm_joint_control:/opt/ros/humble /usr/local/bin/cmake /home/p/ws_demo2/src/ur_description -DCMAKE_INSTALL_PREFIX=/home/p/ws_demo2/install/ur_description
[1.142s] Invoking command in '/home/p/ws_demo2/build/ur_description': CMAKE_PREFIX_PATH=${CMAKE_PREFIX_PATH}:/home/p/ws_moveit2/install/moveit_configs_utils:/home/p/ws_moveit2/install/launch_param_builder:/home/p/demo_ws2/install/ur20_joint_control:/home/p/demo_ws2/install/arm_joint_control:/opt/ros/humble /usr/local/bin/cmake --build /home/p/ws_demo2/build/ur_description -- -j16 -l16
[1.154s] Invoked command in '/home/p/ws_demo2/build/ur_description' returned '0': CMAKE_PREFIX_PATH=${CMAKE_PREFIX_PATH}:/home/p/ws_moveit2/install/moveit_configs_utils:/home/p/ws_moveit2/install/launch_param_builder:/home/p/demo_ws2/install/ur20_joint_control:/home/p/demo_ws2/install/arm_joint_control:/opt/ros/humble /usr/local/bin/cmake --build /home/p/ws_demo2/build/ur_description -- -j16 -l16
[1.157s] Invoking command in '/home/p/ws_demo2/build/ur_description': CMAKE_PREFIX_PATH=${CMAKE_PREFIX_PATH}:/home/p/ws_moveit2/install/moveit_configs_utils:/home/p/ws_moveit2/install/launch_param_builder:/home/p/demo_ws2/install/ur20_joint_control:/home/p/demo_ws2/install/arm_joint_control:/opt/ros/humble /usr/local/bin/cmake --install /home/p/ws_demo2/build/ur_description
[1.159s] -- Install configuration: ""
[1.159s] -- Installing: /home/p/ws_demo2/install/ur_description/share/ur_description/config
[1.159s] -- Installing: /home/p/ws_demo2/install/ur_description/share/ur_description/config/initial_positions.yaml
[1.159s] -- Installing: /home/p/ws_demo2/install/ur_description/share/ur_description/config/ur10_gazebo_controllers.yaml
[1.159s] -- Installing: /home/p/ws_demo2/install/ur_description/share/ur_description/config/ur10
[1.159s] -- Installing: /home/p/ws_demo2/install/ur_description/share/ur_description/config/ur10/joint_limits.yaml
[1.159s] -- Installing: /home/p/ws_demo2/install/ur_description/share/ur_description/config/ur10/physical_parameters.yaml
[1.160s] -- Installing: /home/p/ws_demo2/install/ur_description/share/ur_description/config/ur10/default_kinematics.yaml
[1.160s] -- Installing: /home/p/ws_demo2/install/ur_description/share/ur_description/config/ur10/visual_parameters.yaml
[1.160s] -- Installing: /home/p/ws_demo2/install/ur_description/share/ur_description/launch
[1.160s] -- Installing: /home/p/ws_demo2/install/ur_description/share/ur_description/launch/__pycache__
[1.160s] -- Installing: /home/p/ws_demo2/install/ur_description/share/ur_description/launch/__pycache__/ur10_gazebo.launch.cpython-310.pyc
[1.160s] -- Installing: /home/p/ws_demo2/install/ur_description/share/ur_description/launch/__pycache__/view_ur.launch.cpython-310.pyc
[1.160s] -- Installing: /home/p/ws_demo2/install/ur_description/share/ur_description/launch/ur10_gazebo.launch.py
[1.160s] -- Installing: /home/p/ws_demo2/install/ur_description/share/ur_description/launch/view_ur.launch.py
[1.160s] -- Installing: /home/p/ws_demo2/install/ur_description/share/ur_description/meshes
[1.160s] -- Installing: /home/p/ws_demo2/install/ur_description/share/ur_description/meshes/ur10
[1.160s] -- Installing: /home/p/ws_demo2/install/ur_description/share/ur_description/meshes/ur10/collision
[1.161s] -- Installing: /home/p/ws_demo2/install/ur_description/share/ur_description/meshes/ur10/collision/upperarm.stl
[1.161s] -- Installing: /home/p/ws_demo2/install/ur_description/share/ur_description/meshes/ur10/collision/shoulder.stl
[1.161s] -- Installing: /home/p/ws_demo2/install/ur_description/share/ur_description/meshes/ur10/collision/base.stl
[1.161s] -- Installing: /home/p/ws_demo2/install/ur_description/share/ur_description/meshes/ur10/collision/wrist2.stl
[1.161s] -- Installing: /home/p/ws_demo2/install/ur_description/share/ur_description/meshes/ur10/collision/wrist1.stl
[1.162s] -- Installing: /home/p/ws_demo2/install/ur_description/share/ur_description/meshes/ur10/collision/forearm.stl
[1.162s] -- Installing: /home/p/ws_demo2/install/ur_description/share/ur_description/meshes/ur10/collision/wrist3.stl
[1.162s] -- Installing: /home/p/ws_demo2/install/ur_description/share/ur_description/meshes/ur10/visual
[1.162s] -- Installing: /home/p/ws_demo2/install/ur_description/share/ur_description/meshes/ur10/visual/wrist2.dae
[1.164s] -- Installing: /home/p/ws_demo2/install/ur_description/share/ur_description/meshes/ur10/visual/wrist1.dae
[1.165s] -- Installing: /home/p/ws_demo2/install/ur_description/share/ur_description/meshes/ur10/visual/wrist3.dae
[1.166s] -- Installing: /home/p/ws_demo2/install/ur_description/share/ur_description/meshes/ur10/visual/forearm.dae
[1.168s] -- Installing: /home/p/ws_demo2/install/ur_description/share/ur_description/meshes/ur10/visual/upperarm.dae
[1.169s] -- Installing: /home/p/ws_demo2/install/ur_description/share/ur_description/meshes/ur10/visual/shoulder.dae
[1.170s] -- Installing: /home/p/ws_demo2/install/ur_description/share/ur_description/meshes/ur10/visual/d455.dae
[1.174s] -- Installing: /home/p/ws_demo2/install/ur_description/share/ur_description/meshes/ur10/visual/base.dae
[1.174s] -- Installing: /home/p/ws_demo2/install/ur_description/share/ur_description/rviz
[1.174s] -- Installing: /home/p/ws_demo2/install/ur_description/share/ur_description/rviz/view_robot.rviz
[1.175s] -- Installing: /home/p/ws_demo2/install/ur_description/share/ur_description/urdf
[1.175s] -- Installing: /home/p/ws_demo2/install/ur_description/share/ur_description/urdf/ur_macro.xacro
[1.175s] -- Installing: /home/p/ws_demo2/install/ur_description/share/ur_description/urdf/ur10.urdf
[1.175s] -- Installing: /home/p/ws_demo2/install/ur_description/share/ur_description/urdf/inc
[1.175s] -- Installing: /home/p/ws_demo2/install/ur_description/share/ur_description/urdf/inc/ur_common.xacro
[1.175s] -- Installing: /home/p/ws_demo2/install/ur_description/share/ur_description/urdf/inc/ur_transmissions.xacro
[1.175s] -- Installing: /home/p/ws_demo2/install/ur_description/share/ur_description/urdf/install
[1.175s] -- Installing: /home/p/ws_demo2/install/ur_description/share/ur_description/urdf/install/local_setup.ps1
[1.175s] -- Installing: /home/p/ws_demo2/install/ur_description/share/ur_description/urdf/install/.colcon_install_layout
[1.176s] -- Installing: /home/p/ws_demo2/install/ur_description/share/ur_description/urdf/install/local_setup.bash
[1.176s] -- Installing: /home/p/ws_demo2/install/ur_description/share/ur_description/urdf/install/setup.sh
[1.176s] -- Installing: /home/p/ws_demo2/install/ur_description/share/ur_description/urdf/install/_local_setup_util_sh.py
[1.176s] -- Installing: /home/p/ws_demo2/install/ur_description/share/ur_description/urdf/install/_local_setup_util_ps1.py
[1.176s] -- Installing: /home/p/ws_demo2/install/ur_description/share/ur_description/urdf/install/setup.bash
[1.176s] -- Installing: /home/p/ws_demo2/install/ur_description/share/ur_description/urdf/install/COLCON_IGNORE
[1.176s] -- Installing: /home/p/ws_demo2/install/ur_description/share/ur_description/urdf/install/setup.ps1
[1.176s] -- Installing: /home/p/ws_demo2/install/ur_description/share/ur_description/urdf/install/local_setup.zsh
[1.177s] -- Installing: /home/p/ws_demo2/install/ur_description/share/ur_description/urdf/install/local_setup.sh
[1.177s] -- Installing: /home/p/ws_demo2/install/ur_description/share/ur_description/urdf/install/setup.zsh
[1.177s] -- Installing: /home/p/ws_demo2/install/ur_description/share/ur_description/urdf/ur.urdf.xacro
[1.177s] -- Installing: /home/p/ws_demo2/install/ur_description/share/ur_description/urdf/ur.ros2_control.xacro
[1.177s] -- Installing: /home/p/ws_demo2/install/ur_description/share/ur_description/urdf/build
[1.177s] -- Installing: /home/p/ws_demo2/install/ur_description/share/ur_description/urdf/build/COLCON_IGNORE
[1.177s] -- Installing: /home/p/ws_demo2/install/ur_description/share/ur_description/urdf/build/.built_by
[1.177s] -- Installing: /home/p/ws_demo2/install/ur_description/share/ur_description/urdf/ur10.p.urdf
[1.177s] -- Installing: /home/p/ws_demo2/install/ur_description/share/ur_description/urdf/ur10.urdf.xacro
[1.177s] -- Installing: /home/p/ws_demo2/install/ur_description/share/ur_description/urdf/ur10.p.urdf.xacro
[1.178s] -- Installing: /home/p/ws_demo2/install/ur_description/share/ur_description/urdf/log
[1.178s] -- Installing: /home/p/ws_demo2/install/ur_description/share/ur_description/urdf/log/latest_build
[1.178s] -- Installing: /home/p/ws_demo2/install/ur_description/share/ur_description/urdf/log/latest
[1.178s] -- Installing: /home/p/ws_demo2/install/ur_description/share/ur_description/urdf/log/build_2025-07-19_11-55-38
[1.178s] -- Installing: /home/p/ws_demo2/install/ur_description/share/ur_description/urdf/log/build_2025-07-19_11-55-38/events.log
[1.178s] -- Installing: /home/p/ws_demo2/install/ur_description/share/ur_description/urdf/log/build_2025-07-19_11-55-38/logger_all.log
[1.178s] -- Installing: /home/p/ws_demo2/install/ur_description/share/ur_description/urdf/log/COLCON_IGNORE
[1.178s] -- Installing: /home/p/ws_demo2/install/ur_description/share/ur_description/test
[1.178s] -- Installing: /home/p/ws_demo2/install/ur_description/share/ur_description/test/test_view_ur_launch.py
[1.178s] -- Installing: /home/p/ws_demo2/install/ur_description/share/ur_description/test/test_ur_urdf_xacro.py
[1.178s] -- Installing: /home/p/ws_demo2/install/ur_description/share/ur_description/worlds
[1.178s] -- Installing: /home/p/ws_demo2/install/ur_description/share/ur_description/worlds/gazebo_world.world
[1.178s] -- Installing: /home/p/ws_demo2/install/ur_description/share/ur_description/worlds/Gazebo_world.world
[1.179s] -- Installing: /home/p/ws_demo2/install/ur_description/share/ament_index/resource_index/package_run_dependencies/ur_description
[1.179s] -- Installing: /home/p/ws_demo2/install/ur_description/share/ament_index/resource_index/parent_prefix_path/ur_description
[1.179s] -- Installing: /home/p/ws_demo2/install/ur_description/share/ur_description/environment/ament_prefix_path.sh
[1.179s] -- Installing: /home/p/ws_demo2/install/ur_description/share/ur_description/environment/ament_prefix_path.dsv
[1.179s] -- Installing: /home/p/ws_demo2/install/ur_description/share/ur_description/environment/path.sh
[1.179s] -- Installing: /home/p/ws_demo2/install/ur_description/share/ur_description/environment/path.dsv
[1.179s] -- Installing: /home/p/ws_demo2/install/ur_description/share/ur_description/local_setup.bash
[1.179s] -- Installing: /home/p/ws_demo2/install/ur_description/share/ur_description/local_setup.sh
[1.179s] -- Installing: /home/p/ws_demo2/install/ur_description/share/ur_description/local_setup.zsh
[1.179s] -- Installing: /home/p/ws_demo2/install/ur_description/share/ur_description/local_setup.dsv
[1.179s] -- Installing: /home/p/ws_demo2/install/ur_description/share/ur_description/package.dsv
[1.179s] -- Installing: /home/p/ws_demo2/install/ur_description/share/ament_index/resource_index/packages/ur_description
[1.180s] -- Installing: /home/p/ws_demo2/install/ur_description/share/ur_description/cmake/ur_descriptionConfig.cmake
[1.180s] -- Installing: /home/p/ws_demo2/install/ur_description/share/ur_description/cmake/ur_descriptionConfig-version.cmake
[1.180s] -- Installing: /home/p/ws_demo2/install/ur_description/share/ur_description/package.xml
[1.181s] Invoked command in '/home/p/ws_demo2/build/ur_description' returned '0': CMAKE_PREFIX_PATH=${CMAKE_PREFIX_PATH}:/home/p/ws_moveit2/install/moveit_configs_utils:/home/p/ws_moveit2/install/launch_param_builder:/home/p/demo_ws2/install/ur20_joint_control:/home/p/demo_ws2/install/arm_joint_control:/opt/ros/humble /usr/local/bin/cmake --install /home/p/ws_demo2/build/ur_description
