-- Found ament_cmake: 1.3.11 (/opt/ros/humble/share/ament_cmake/cmake)
-- Found rclcpp: 16.0.12 (/opt/ros/humble/share/rclcpp/cmake)
-- Found rosidl_generator_c: 3.1.6 (/opt/ros/humble/share/rosidl_generator_c/cmake)
-- Found rosidl_adapter: 3.1.6 (/opt/ros/humble/share/rosidl_adapter/cmake)
-- Found rosidl_generator_cpp: 3.1.6 (/opt/ros/humble/share/rosidl_generator_cpp/cmake)
-- Using all available rosidl_typesupport_c: rosidl_typesupport_fastrtps_c;rosidl_typesupport_introspection_c
-- Using all available rosidl_typesupport_cpp: rosidl_typesupport_fastrtps_cpp;rosidl_typesupport_introspection_cpp
-- Found rmw_implementation_cmake: 6.1.2 (/opt/ros/humble/share/rmw_implementation_cmake/cmake)
-- Found rmw_fastrtps_cpp: 6.2.7 (/opt/ros/humble/share/rmw_fastrtps_cpp/cmake)
-- Using RMW implementation 'rmw_fastrtps_cpp' as default
-- Found geometry_msgs: 4.9.0 (/opt/ros/humble/share/geometry_msgs/cmake)
-- Found ament_lint_auto: 0.12.12 (/opt/ros/humble/share/ament_lint_auto/cmake)
-- Configuring done (1.0s)
-- Generating done (0.0s)
-- Build files have been written to: /home/p/ws_demo2/build/mpc
[ 50%] [32mBuilding CXX object CMakeFiles/mpc.dir/src/mpc.cpp.o[0m
In file included from [01m[K/usr/local/include/OsqpEigen/Constants.hpp:11[m[K,
                 from [01m[K/usr/local/include/OsqpEigen/OsqpEigen.h:10[m[K,
                 from [01m[K/home/p/ws_demo2/src/mpc/include/mpc.h:8[m[K,
                 from [01m[K/home/p/ws_demo2/src/mpc/src/mpc.cpp:1[m[K:
[01m[K/usr/local/include/OsqpEigen/Compat.hpp:12:10:[m[K [01;31m[Kfatal error: [m[Kosqp.h: 没有那个文件或目录
   12 | #include [01;31m[K<osqp.h>[m[K
      |          [01;31m[K^~~~~~~~[m[K
compilation terminated.
gmake[2]: *** [CMakeFiles/mpc.dir/build.make:79：CMakeFiles/mpc.dir/src/mpc.cpp.o] 错误 1
gmake[1]: *** [CMakeFiles/Makefile2:153：CMakeFiles/mpc.dir/all] 错误 2
gmake: *** [Makefile:146：all] 错误 2
