-- Found ament_cmake: 1.3.11 (/opt/ros/humble/share/ament_cmake/cmake)
-- Found rclcpp: 16.0.12 (/opt/ros/humble/share/rclcpp/cmake)
-- Found rosidl_generator_c: 3.1.6 (/opt/ros/humble/share/rosidl_generator_c/cmake)
-- Found rosidl_adapter: 3.1.6 (/opt/ros/humble/share/rosidl_adapter/cmake)
-- Found rosidl_generator_cpp: 3.1.6 (/opt/ros/humble/share/rosidl_generator_cpp/cmake)
-- Using all available rosidl_typesupport_c: rosidl_typesupport_fastrtps_c;rosidl_typesupport_introspection_c
-- Using all available rosidl_typesupport_cpp: rosidl_typesupport_fastrtps_cpp;rosidl_typesupport_introspection_cpp
-- Found rmw_implementation_cmake: 6.1.2 (/opt/ros/humble/share/rmw_implementation_cmake/cmake)
-- Found rmw_fastrtps_cpp: 6.2.7 (/opt/ros/humble/share/rmw_fastrtps_cpp/cmake)
-- Using RMW implementation 'rmw_fastrtps_cpp' as default
-- Found image_transport: 3.1.12 (/opt/ros/humble/share/image_transport/cmake)
-- Found cv_bridge: 3.2.1 (/opt/ros/humble/share/cv_bridge/cmake)
-- Found tf2: 0.25.13 (/opt/ros/humble/share/tf2/cmake)
-- Found tf2_ros: 0.25.13 (/opt/ros/humble/share/tf2_ros/cmake)
-- Found service_interfaces: 0.0.0 (/home/p/ws_demo2/install/service_interfaces/share/service_interfaces/cmake)
-- Found ament_lint_auto: 0.12.12 (/opt/ros/humble/share/ament_lint_auto/cmake)
-- Added test 'cppcheck' to perform static code analysis on C / C++ code
-- Configured cppcheck include dirs: $<BUILD_INTERFACE:/home/p/ws_demo2/src/ibvs/include>
-- Configured cppcheck exclude dirs and/or files: 
-- Added test 'flake8' to check Python code syntax and style conventions
-- Added test 'lint_cmake' to check CMake code style
-- Added test 'pep257' to check Python code against some of the docstring style conventions in PEP 257
-- Added test 'uncrustify' to check C / C++ code style
-- Configured uncrustify additional arguments: 
-- Added test 'xmllint' to check XML markup files
-- Configuring done (0.8s)
-- Generating done (0.1s)
-- Build files have been written to: /home/p/ws_demo2/build/ibvs
[100%] Built target ibvs
-- Install configuration: ""
-- Up-to-date: /home/p/ws_demo2/install/ibvs/lib/ibvs/ibvs
-- Installing: /home/p/ws_demo2/install/ibvs/share/ibvs/launch
-- Installing: /home/p/ws_demo2/install/ibvs/share/ibvs/launch/ur10_gazebo.launch.py
-- Up-to-date: /home/p/ws_demo2/install/ibvs/share/ament_index/resource_index/package_run_dependencies/ibvs
-- Installing: /home/p/ws_demo2/install/ibvs/share/ament_index/resource_index/parent_prefix_path/ibvs
-- Up-to-date: /home/p/ws_demo2/install/ibvs/share/ibvs/environment/ament_prefix_path.sh
-- Installing: /home/p/ws_demo2/install/ibvs/share/ibvs/environment/ament_prefix_path.dsv
-- Up-to-date: /home/p/ws_demo2/install/ibvs/share/ibvs/environment/path.sh
-- Installing: /home/p/ws_demo2/install/ibvs/share/ibvs/environment/path.dsv
-- Up-to-date: /home/p/ws_demo2/install/ibvs/share/ibvs/local_setup.bash
-- Up-to-date: /home/p/ws_demo2/install/ibvs/share/ibvs/local_setup.sh
-- Up-to-date: /home/p/ws_demo2/install/ibvs/share/ibvs/local_setup.zsh
-- Installing: /home/p/ws_demo2/install/ibvs/share/ibvs/local_setup.dsv
-- Installing: /home/p/ws_demo2/install/ibvs/share/ibvs/package.dsv
-- Up-to-date: /home/p/ws_demo2/install/ibvs/share/ament_index/resource_index/packages/ibvs
-- Up-to-date: /home/p/ws_demo2/install/ibvs/share/ibvs/cmake/ibvsConfig.cmake
-- Up-to-date: /home/p/ws_demo2/install/ibvs/share/ibvs/cmake/ibvsConfig-version.cmake
-- Up-to-date: /home/p/ws_demo2/install/ibvs/share/ibvs/package.xml
