[0.028s] Invoking command in '/home/p/ws_demo2/build/ibvs': CMAKE_PREFIX_PATH=${CMAKE_PREFIX_PATH}:/home/p/ws_moveit2/install/moveit_configs_utils:/home/p/ws_moveit2/install/launch_param_builder:/home/p/demo_ws2/install/ur20_joint_control:/home/p/demo_ws2/install/arm_joint_control:/opt/ros/humble /usr/local/bin/cmake --build /home/p/ws_demo2/build/ibvs -- -j16 -l16
[0.065s] -- Found ament_cmake: 1.3.11 (/opt/ros/humble/share/ament_cmake/cmake)
[0.238s] -- Found rclcpp: 16.0.12 (/opt/ros/humble/share/rclcpp/cmake)
[0.275s] -- Found rosidl_generator_c: 3.1.6 (/opt/ros/humble/share/rosidl_generator_c/cmake)
[0.279s] -- Found rosidl_adapter: 3.1.6 (/opt/ros/humble/share/rosidl_adapter/cmake)
[0.286s] -- Found rosidl_generator_cpp: 3.1.6 (/opt/ros/humble/share/rosidl_generator_cpp/cmake)
[0.301s] -- Using all available rosidl_typesupport_c: rosidl_typesupport_fastrtps_c;rosidl_typesupport_introspection_c
[0.318s] -- Using all available rosidl_typesupport_cpp: rosidl_typesupport_fastrtps_cpp;rosidl_typesupport_introspection_cpp
[0.363s] -- Found rmw_implementation_cmake: 6.1.2 (/opt/ros/humble/share/rmw_implementation_cmake/cmake)
[0.368s] -- Found rmw_fastrtps_cpp: 6.2.7 (/opt/ros/humble/share/rmw_fastrtps_cpp/cmake)
[0.482s] -- Using RMW implementation 'rmw_fastrtps_cpp' as default
[0.546s] -- Found image_transport: 3.1.12 (/opt/ros/humble/share/image_transport/cmake)
[0.608s] -- Found cv_bridge: 3.2.1 (/opt/ros/humble/share/cv_bridge/cmake)
[0.619s] -- Found tf2: 0.25.13 (/opt/ros/humble/share/tf2/cmake)
[0.623s] -- Found tf2_ros: 0.25.13 (/opt/ros/humble/share/tf2_ros/cmake)
[0.717s] -- Found service_interfaces: 0.0.0 (/home/p/ws_demo2/install/service_interfaces/share/service_interfaces/cmake)
[0.747s] -- Found ament_lint_auto: 0.12.12 (/opt/ros/humble/share/ament_lint_auto/cmake)
[0.806s] -- Added test 'cppcheck' to perform static code analysis on C / C++ code
[0.806s] -- Configured cppcheck include dirs: $<BUILD_INTERFACE:/home/p/ws_demo2/src/ibvs/include>
[0.806s] -- Configured cppcheck exclude dirs and/or files: 
[0.806s] -- Added test 'flake8' to check Python code syntax and style conventions
[0.809s] -- Added test 'lint_cmake' to check CMake code style
[0.809s] -- Added test 'pep257' to check Python code against some of the docstring style conventions in PEP 257
[0.813s] -- Added test 'uncrustify' to check C / C++ code style
[0.813s] -- Configured uncrustify additional arguments: 
[0.813s] -- Added test 'xmllint' to check XML markup files
[0.814s] -- Configuring done (0.8s)
[0.926s] -- Generating done (0.1s)
[0.929s] -- Build files have been written to: /home/p/ws_demo2/build/ibvs
[0.959s] [100%] Built target ibvs
[0.962s] Invoked command in '/home/p/ws_demo2/build/ibvs' returned '0': CMAKE_PREFIX_PATH=${CMAKE_PREFIX_PATH}:/home/p/ws_moveit2/install/moveit_configs_utils:/home/p/ws_moveit2/install/launch_param_builder:/home/p/demo_ws2/install/ur20_joint_control:/home/p/demo_ws2/install/arm_joint_control:/opt/ros/humble /usr/local/bin/cmake --build /home/p/ws_demo2/build/ibvs -- -j16 -l16
[0.964s] Invoking command in '/home/p/ws_demo2/build/ibvs': CMAKE_PREFIX_PATH=${CMAKE_PREFIX_PATH}:/home/p/ws_moveit2/install/moveit_configs_utils:/home/p/ws_moveit2/install/launch_param_builder:/home/p/demo_ws2/install/ur20_joint_control:/home/p/demo_ws2/install/arm_joint_control:/opt/ros/humble /usr/local/bin/cmake --install /home/p/ws_demo2/build/ibvs
[0.965s] -- Install configuration: ""
[0.966s] -- Up-to-date: /home/p/ws_demo2/install/ibvs/lib/ibvs/ibvs
[0.966s] -- Installing: /home/p/ws_demo2/install/ibvs/share/ibvs/launch
[0.966s] -- Installing: /home/p/ws_demo2/install/ibvs/share/ibvs/launch/ur10_gazebo.launch.py
[0.966s] -- Up-to-date: /home/p/ws_demo2/install/ibvs/share/ament_index/resource_index/package_run_dependencies/ibvs
[0.966s] -- Installing: /home/p/ws_demo2/install/ibvs/share/ament_index/resource_index/parent_prefix_path/ibvs
[0.967s] -- Up-to-date: /home/p/ws_demo2/install/ibvs/share/ibvs/environment/ament_prefix_path.sh
[0.967s] -- Installing: /home/p/ws_demo2/install/ibvs/share/ibvs/environment/ament_prefix_path.dsv
[0.967s] -- Up-to-date: /home/p/ws_demo2/install/ibvs/share/ibvs/environment/path.sh
[0.967s] -- Installing: /home/p/ws_demo2/install/ibvs/share/ibvs/environment/path.dsv
[0.967s] -- Up-to-date: /home/p/ws_demo2/install/ibvs/share/ibvs/local_setup.bash
[0.967s] -- Up-to-date: /home/p/ws_demo2/install/ibvs/share/ibvs/local_setup.sh
[0.967s] -- Up-to-date: /home/p/ws_demo2/install/ibvs/share/ibvs/local_setup.zsh
[0.967s] -- Installing: /home/p/ws_demo2/install/ibvs/share/ibvs/local_setup.dsv
[0.967s] -- Installing: /home/p/ws_demo2/install/ibvs/share/ibvs/package.dsv
[0.967s] -- Up-to-date: /home/p/ws_demo2/install/ibvs/share/ament_index/resource_index/packages/ibvs
[0.967s] -- Up-to-date: /home/p/ws_demo2/install/ibvs/share/ibvs/cmake/ibvsConfig.cmake
[0.967s] -- Up-to-date: /home/p/ws_demo2/install/ibvs/share/ibvs/cmake/ibvsConfig-version.cmake
[0.967s] -- Up-to-date: /home/p/ws_demo2/install/ibvs/share/ibvs/package.xml
[0.968s] Invoked command in '/home/p/ws_demo2/build/ibvs' returned '0': CMAKE_PREFIX_PATH=${CMAKE_PREFIX_PATH}:/home/p/ws_moveit2/install/moveit_configs_utils:/home/p/ws_moveit2/install/launch_param_builder:/home/p/demo_ws2/install/ur20_joint_control:/home/p/demo_ws2/install/arm_joint_control:/opt/ros/humble /usr/local/bin/cmake --install /home/p/ws_demo2/build/ibvs
