[0.018s] Invoking command in '/home/p/ws_demo2/build/ibvs': CMAKE_PREFIX_PATH=${CMAKE_PREFIX_PATH}:/home/p/ws_moveit2/install/moveit_configs_utils:/home/p/ws_moveit2/install/launch_param_builder:/home/p/demo_ws2/install/ur20_joint_control:/home/p/demo_ws2/install/arm_joint_control:/opt/ros/humble /usr/local/bin/cmake --build /home/p/ws_demo2/build/ibvs -- -j16 -l16
[0.050s] [ 50%] [32mBuilding CXX object CMakeFiles/ibvs.dir/src/ibvs.cpp.o[0m
[11.178s] [100%] [32m[1mLinking CXX executable ibvs[0m
[12.038s] [100%] Built target ibvs
[12.048s] Invoked command in '/home/p/ws_demo2/build/ibvs' returned '0': CMAKE_PREFIX_PATH=${CMAKE_PREFIX_PATH}:/home/p/ws_moveit2/install/moveit_configs_utils:/home/p/ws_moveit2/install/launch_param_builder:/home/p/demo_ws2/install/ur20_joint_control:/home/p/demo_ws2/install/arm_joint_control:/opt/ros/humble /usr/local/bin/cmake --build /home/p/ws_demo2/build/ibvs -- -j16 -l16
[12.049s] Invoking command in '/home/p/ws_demo2/build/ibvs': CMAKE_PREFIX_PATH=${CMAKE_PREFIX_PATH}:/home/p/ws_moveit2/install/moveit_configs_utils:/home/p/ws_moveit2/install/launch_param_builder:/home/p/demo_ws2/install/ur20_joint_control:/home/p/demo_ws2/install/arm_joint_control:/opt/ros/humble /usr/local/bin/cmake --install /home/p/ws_demo2/build/ibvs
[12.051s] -- Install configuration: ""
[12.051s] -- Installing: /home/p/ws_demo2/install/ibvs/lib/ibvs/ibvs
[12.054s] -- Set non-toolchain portion of runtime path of "/home/p/ws_demo2/install/ibvs/lib/ibvs/ibvs" to ""
[12.055s] -- Up-to-date: /home/p/ws_demo2/install/ibvs/share/ament_index/resource_index/package_run_dependencies/ibvs
[12.055s] -- Up-to-date: /home/p/ws_demo2/install/ibvs/share/ament_index/resource_index/parent_prefix_path/ibvs
[12.055s] -- Up-to-date: /home/p/ws_demo2/install/ibvs/share/ibvs/environment/ament_prefix_path.sh
[12.055s] -- Up-to-date: /home/p/ws_demo2/install/ibvs/share/ibvs/environment/ament_prefix_path.dsv
[12.055s] -- Up-to-date: /home/p/ws_demo2/install/ibvs/share/ibvs/environment/path.sh
[12.055s] -- Up-to-date: /home/p/ws_demo2/install/ibvs/share/ibvs/environment/path.dsv
[12.055s] -- Up-to-date: /home/p/ws_demo2/install/ibvs/share/ibvs/local_setup.bash
[12.055s] -- Up-to-date: /home/p/ws_demo2/install/ibvs/share/ibvs/local_setup.sh
[12.055s] -- Up-to-date: /home/p/ws_demo2/install/ibvs/share/ibvs/local_setup.zsh
[12.055s] -- Up-to-date: /home/p/ws_demo2/install/ibvs/share/ibvs/local_setup.dsv
[12.055s] -- Installing: /home/p/ws_demo2/install/ibvs/share/ibvs/package.dsv
[12.055s] -- Up-to-date: /home/p/ws_demo2/install/ibvs/share/ament_index/resource_index/packages/ibvs
[12.056s] -- Up-to-date: /home/p/ws_demo2/install/ibvs/share/ibvs/cmake/ibvsConfig.cmake
[12.056s] -- Up-to-date: /home/p/ws_demo2/install/ibvs/share/ibvs/cmake/ibvsConfig-version.cmake
[12.056s] -- Up-to-date: /home/p/ws_demo2/install/ibvs/share/ibvs/package.xml
[12.056s] Invoked command in '/home/p/ws_demo2/build/ibvs' returned '0': CMAKE_PREFIX_PATH=${CMAKE_PREFIX_PATH}:/home/p/ws_moveit2/install/moveit_configs_utils:/home/p/ws_moveit2/install/launch_param_builder:/home/p/demo_ws2/install/ur20_joint_control:/home/p/demo_ws2/install/arm_joint_control:/opt/ros/humble /usr/local/bin/cmake --install /home/p/ws_demo2/build/ibvs
