[0.020s] Invoking command in '/home/p/ws_demo2/build/ibvs': CMAKE_PREFIX_PATH=${CMAKE_PREFIX_PATH}:/home/p/ws_moveit2/install/moveit_configs_utils:/home/p/ws_moveit2/install/launch_param_builder:/home/p/demo_ws2/install/ur20_joint_control:/home/p/demo_ws2/install/arm_joint_control:/opt/ros/humble /usr/local/bin/cmake --build /home/p/ws_demo2/build/ibvs -- -j16 -l16
[0.049s] [ 50%] [32mBuilding CXX object CMakeFiles/ibvs.dir/src/ibvs.cpp.o[0m
[2.448s] [01m[K/home/p/ws_demo2/src/ibvs/src/ibvs.cpp:[m[K In member function ‘[01m[Kvoid VisualServoInit::rgb_callback(sensor_msgs::msg::Image_<std::allocator<void> >::SharedPtr)[m[K’:
[2.448s] [01m[K/home/p/ws_demo2/src/ibvs/src/ibvs.cpp:153:36:[m[K [01;31m[Kerror: [m[K‘[01m[Kconst class vpFeaturePoint[m[K’ has no member named ‘[01m[Kget_u[m[K’; did you mean ‘[01m[Kget_x[m[K’?
[2.448s]   153 |                 double u = feature.[01;31m[Kget_u[m[K();
[2.448s]       |                                    [01;31m[K^~~~~[m[K
[2.448s]       |                                    [32m[Kget_x[m[K
[2.448s] [01m[K/home/p/ws_demo2/src/ibvs/src/ibvs.cpp:154:36:[m[K [01;31m[Kerror: [m[K‘[01m[Kconst class vpFeaturePoint[m[K’ has no member named ‘[01m[Kget_v[m[K’; did you mean ‘[01m[Kget_x[m[K’?
[2.448s]   154 |                 double v = feature.[01;31m[Kget_v[m[K();
[2.448s]       |                                    [01;31m[K^~~~~[m[K
[2.449s]       |                                    [32m[Kget_x[m[K
[2.454s] [01m[K/home/p/ws_demo2/src/ibvs/src/ibvs.cpp:[m[K In lambda function:
[2.454s] [01m[K/home/p/ws_demo2/src/ibvs/src/ibvs.cpp:276:45:[m[K [01;31m[Kerror: [m[K‘[01m[Kclass vpCameraParameters[m[K’ has no member named ‘[01m[Kget_cx[m[K’; did you mean ‘[01m[Kget_px[m[K’?
[2.454s]   276 |                 double x = (u - cam_params_.[01;31m[Kget_cx[m[K()) / cam_params_.get_fx();  // 归一化x
[2.454s]       |                                             [01;31m[K^~~~~~[m[K
[2.454s]       |                                             [32m[Kget_px[m[K
[2.454s] [01m[K/home/p/ws_demo2/src/ibvs/src/ibvs.cpp:276:69:[m[K [01;31m[Kerror: [m[K‘[01m[Kclass vpCameraParameters[m[K’ has no member named ‘[01m[Kget_fx[m[K’; did you mean ‘[01m[Kget_px[m[K’?
[2.454s]   276 |                 double x = (u - cam_params_.get_cx()) / cam_params_.[01;31m[Kget_fx[m[K();  // 归一化x
[2.454s]       |                                                                     [01;31m[K^~~~~~[m[K
[2.454s]       |                                                                     [32m[Kget_px[m[K
[2.454s] [01m[K/home/p/ws_demo2/src/ibvs/src/ibvs.cpp:277:45:[m[K [01;31m[Kerror: [m[K‘[01m[Kclass vpCameraParameters[m[K’ has no member named ‘[01m[Kget_cy[m[K’; did you mean ‘[01m[Kget_py[m[K’?
[2.455s]   277 |                 double y = (v - cam_params_.[01;31m[Kget_cy[m[K()) / cam_params_.get_fy();  // 归一化y
[2.455s]       |                                             [01;31m[K^~~~~~[m[K
[2.455s]       |                                             [32m[Kget_py[m[K
[2.455s] [01m[K/home/p/ws_demo2/src/ibvs/src/ibvs.cpp:277:69:[m[K [01;31m[Kerror: [m[K‘[01m[Kclass vpCameraParameters[m[K’ has no member named ‘[01m[Kget_fy[m[K’; did you mean ‘[01m[Kget_py[m[K’?
[2.455s]   277 |                 double y = (v - cam_params_.get_cy()) / cam_params_.[01;31m[Kget_fy[m[K();  // 归一化y
[2.455s]       |                                                                     [01;31m[K^~~~~~[m[K
[2.455s]       |                                                                     [32m[Kget_py[m[K
[5.175s] gmake[2]: *** [CMakeFiles/ibvs.dir/build.make:79：CMakeFiles/ibvs.dir/src/ibvs.cpp.o] 错误 1
[5.176s] gmake[1]: *** [CMakeFiles/Makefile2:153：CMakeFiles/ibvs.dir/all] 错误 2
[5.176s] gmake: *** [Makefile:146：all] 错误 2
[5.177s] Invoked command in '/home/p/ws_demo2/build/ibvs' returned '2': CMAKE_PREFIX_PATH=${CMAKE_PREFIX_PATH}:/home/p/ws_moveit2/install/moveit_configs_utils:/home/p/ws_moveit2/install/launch_param_builder:/home/p/demo_ws2/install/ur20_joint_control:/home/p/demo_ws2/install/arm_joint_control:/opt/ros/humble /usr/local/bin/cmake --build /home/p/ws_demo2/build/ibvs -- -j16 -l16
