[0.033s] Invoking command in '/home/p/ws_demo2/build/ibvs': CMAKE_PREFIX_PATH=${CMAKE_PREFIX_PATH}:/home/p/ws_moveit2/install/moveit_configs_utils:/home/p/ws_moveit2/install/launch_param_builder:/home/p/demo_ws2/install/ur20_joint_control:/home/p/demo_ws2/install/arm_joint_control:/opt/ros/humble /usr/local/bin/cmake --build /home/p/ws_demo2/build/ibvs -- -j16 -l16
[0.062s] [ 50%] [32mBuilding CXX object CMakeFiles/ibvs.dir/src/ibvs.cpp.o[0m
[3.785s] [01m[K/home/p/ws_demo2/src/ibvs/src/ibvs.cpp:[m[K In member function ‘[01m[Kvoid VisualServoInit::depth_callback(sensor_msgs::msg::Image_<std::allocator<void> >::SharedPtr)[m[K’:
[3.785s] [01m[K/home/p/ws_demo2/src/ibvs/src/ibvs.cpp:201:79:[m[K [01;35m[Kwarning: [m[Kunused parameter ‘[01m[Kmsg[m[K’ [[01;35m[K]8;;https://gcc.gnu.org/onlinedocs/gcc/Warning-Options.html#index-Wunused-parameter-Wunused-parameter]8;;[m[K]
[3.785s]   201 | ServoInit::depth_callback([01;35m[Kconst sensor_msgs::msg::Image::SharedPtr msg[m[K)
[3.785s]       |                           [01;35m[K~~~~~~~~~~~~~~~~~~~~~~~~~~~~~~~~~~~~~~~~~^~~[m[K
[3.785s] 
[3.791s] [01m[K/home/p/ws_demo2/src/ibvs/src/ibvs.cpp:[m[K In member function ‘[01m[Kvoid VisualServoInit::jointStateCallback(sensor_msgs::msg::JointState_<std::allocator<void> >::SharedPtr)[m[K’:
[3.791s] [01m[K/home/p/ws_demo2/src/ibvs/src/ibvs.cpp:237:88:[m[K [01;35m[Kwarning: [m[Kunused parameter ‘[01m[Kmsg[m[K’ [[01;35m[K]8;;https://gcc.gnu.org/onlinedocs/gcc/Warning-Options.html#index-Wunused-parameter-Wunused-parameter]8;;[m[K]
[3.791s]   237 | ::jointStateCallback([01;35m[Kconst sensor_msgs::msg::JointState::SharedPtr msg[m[K)
[3.791s]       |                      [01;35m[K~~~~~~~~~~~~~~~~~~~~~~~~~~~~~~~~~~~~~~~~~~~~~~^~~[m[K
[3.791s] 
[21.245s] [100%] [32m[1mLinking CXX executable ibvs[0m
[22.460s] /usr/bin/ld: warning: libopencv_imgproc.so.4.5d, needed by /opt/ros/humble/lib/libcv_bridge.so, may conflict with libopencv_imgproc.so.411
[22.460s] /usr/bin/ld: warning: libopencv_core.so.4.5d, needed by /opt/ros/humble/lib/libcv_bridge.so, may conflict with libopencv_core.so.411
[23.181s] [100%] Built target ibvs
[23.193s] Invoked command in '/home/p/ws_demo2/build/ibvs' returned '0': CMAKE_PREFIX_PATH=${CMAKE_PREFIX_PATH}:/home/p/ws_moveit2/install/moveit_configs_utils:/home/p/ws_moveit2/install/launch_param_builder:/home/p/demo_ws2/install/ur20_joint_control:/home/p/demo_ws2/install/arm_joint_control:/opt/ros/humble /usr/local/bin/cmake --build /home/p/ws_demo2/build/ibvs -- -j16 -l16
[23.196s] Invoking command in '/home/p/ws_demo2/build/ibvs': CMAKE_PREFIX_PATH=${CMAKE_PREFIX_PATH}:/home/p/ws_moveit2/install/moveit_configs_utils:/home/p/ws_moveit2/install/launch_param_builder:/home/p/demo_ws2/install/ur20_joint_control:/home/p/demo_ws2/install/arm_joint_control:/opt/ros/humble /usr/local/bin/cmake --install /home/p/ws_demo2/build/ibvs
[23.199s] -- Install configuration: ""
[23.199s] -- Installing: /home/p/ws_demo2/install/ibvs/lib/ibvs/ibvs
[23.208s] -- Set non-toolchain portion of runtime path of "/home/p/ws_demo2/install/ibvs/lib/ibvs/ibvs" to ""
[23.208s] -- Up-to-date: /home/p/ws_demo2/install/ibvs/share/ament_index/resource_index/package_run_dependencies/ibvs
[23.208s] -- Up-to-date: /home/p/ws_demo2/install/ibvs/share/ament_index/resource_index/parent_prefix_path/ibvs
[23.209s] -- Up-to-date: /home/p/ws_demo2/install/ibvs/share/ibvs/environment/ament_prefix_path.sh
[23.209s] -- Up-to-date: /home/p/ws_demo2/install/ibvs/share/ibvs/environment/ament_prefix_path.dsv
[23.209s] -- Up-to-date: /home/p/ws_demo2/install/ibvs/share/ibvs/environment/path.sh
[23.209s] -- Up-to-date: /home/p/ws_demo2/install/ibvs/share/ibvs/environment/path.dsv
[23.209s] -- Up-to-date: /home/p/ws_demo2/install/ibvs/share/ibvs/local_setup.bash
[23.209s] -- Up-to-date: /home/p/ws_demo2/install/ibvs/share/ibvs/local_setup.sh
[23.209s] -- Up-to-date: /home/p/ws_demo2/install/ibvs/share/ibvs/local_setup.zsh
[23.209s] -- Up-to-date: /home/p/ws_demo2/install/ibvs/share/ibvs/local_setup.dsv
[23.209s] -- Installing: /home/p/ws_demo2/install/ibvs/share/ibvs/package.dsv
[23.209s] -- Up-to-date: /home/p/ws_demo2/install/ibvs/share/ament_index/resource_index/packages/ibvs
[23.209s] -- Up-to-date: /home/p/ws_demo2/install/ibvs/share/ibvs/cmake/ibvsConfig.cmake
[23.210s] -- Up-to-date: /home/p/ws_demo2/install/ibvs/share/ibvs/cmake/ibvsConfig-version.cmake
[23.210s] -- Up-to-date: /home/p/ws_demo2/install/ibvs/share/ibvs/package.xml
[23.210s] Invoked command in '/home/p/ws_demo2/build/ibvs' returned '0': CMAKE_PREFIX_PATH=${CMAKE_PREFIX_PATH}:/home/p/ws_moveit2/install/moveit_configs_utils:/home/p/ws_moveit2/install/launch_param_builder:/home/p/demo_ws2/install/ur20_joint_control:/home/p/demo_ws2/install/arm_joint_control:/opt/ros/humble /usr/local/bin/cmake --install /home/p/ws_demo2/build/ibvs
