[ 50%] [32mBuilding CXX object CMakeFiles/ibvs.dir/src/ibvs.cpp.o[0m
[01m[K/home/p/ws_demo2/src/ibvs/src/ibvs.cpp:403:5:[m[K [01;31m[Kerror: [m[KISO C++ forbids declaration of ‘[01m[KConvertCameraVelToBaseVel[m[K’ with no type [[01;31m[K]8;;https://gcc.gnu.org/onlinedocs/gcc/Warning-Options.html#index-fpermissive-fpermissive]8;;[m[K]
  403 |     [01;31m[KConvertCameraVelToBaseVel[m[K(const std::string &camera_frame, const std::string &base_frame){
      |     [01;31m[K^~~~~~~~~~~~~~~~~~~~~~~~~[m[K
[01m[K/home/p/ws_demo2/src/ibvs/src/ibvs.cpp:[m[K In member function ‘[01m[Kint VisualServoInit::ConvertCameraVelToBaseVel(const std::string&, const std::string&)[m[K’:
[01m[K/home/p/ws_demo2/src/ibvs/src/ibvs.cpp:407:9:[m[K [01;31m[Kerror: [m[K‘[01m[Kgeometry_msgs[m[K’ has not been declared
  407 |         [01;31m[Kgeometry_msgs[m[K::msg::TransformStamped tfCamWorld;
      |         [01;31m[K^~~~~~~~~~~~~[m[K
[01m[K/home/p/ws_demo2/src/ibvs/src/ibvs.cpp:410:13:[m[K [01;31m[Kerror: [m[K‘[01m[KtfCamWorld[m[K’ was not declared in this scope
  410 |             [01;31m[KtfCamWorld[m[K = tf_buffer_.lookupTransform(base_frame, camera_frame, rclcpp::Time(0.1));
      |             [01;31m[K^~~~~~~~~~[m[K
[01m[K/home/p/ws_demo2/src/ibvs/src/ibvs.cpp:410:26:[m[K [01;31m[Kerror: [m[K‘[01m[Ktf_buffer_[m[K’ was not declared in this scope
  410 |             tfCamWorld = [01;31m[Ktf_buffer_[m[K.lookupTransform(base_frame, camera_frame, rclcpp::Time(0.1));
      |                          [01;31m[K^~~~~~~~~~[m[K
[01m[K/home/p/ws_demo2/src/ibvs/src/ibvs.cpp:412:16:[m[K [01;31m[Kerror: [m[K‘[01m[Ktf2[m[K’ does not name a type
  412 |         catch ([01;31m[Ktf2[m[K::TransformException &ex)
      |                [01;31m[K^~~[m[K
[01m[K/home/p/ws_demo2/src/ibvs/src/ibvs.cpp:412:40:[m[K [01;31m[Kerror: [m[Kexpected unqualified-id before ‘[01m[K&[m[K’ token
  412 |         catch (tf2::TransformException [01;31m[K&[m[Kex)
      |                                        [01;31m[K^[m[K
[01m[K/home/p/ws_demo2/src/ibvs/src/ibvs.cpp:412:40:[m[K [01;31m[Kerror: [m[Kexpected ‘[01m[K)[m[K’ before ‘[01m[K&[m[K’ token
[01m[K/home/p/ws_demo2/src/ibvs/src/ibvs.cpp:412:15:[m[K [01;36m[Knote: [m[Kto match this ‘[01m[K([m[K’
  412 |         catch [01;36m[K([m[Ktf2::TransformException &ex)
      |               [01;36m[K^[m[K
[01m[K/home/p/ws_demo2/src/ibvs/src/ibvs.cpp:412:40:[m[K [01;31m[Kerror: [m[Kexpected ‘[01m[K{[m[K’ before ‘[01m[K&[m[K’ token
  412 |         catch (tf2::TransformException [01;31m[K&[m[Kex)
      |                                        [01;31m[K^[m[K
[01m[K/home/p/ws_demo2/src/ibvs/src/ibvs.cpp:412:41:[m[K [01;31m[Kerror: [m[K‘[01m[Kex[m[K’ was not declared in this scope; did you mean ‘[01m[Kexp[m[K’?
  412 |         catch (tf2::TransformException &[01;31m[Kex[m[K)
      |                                         [01;31m[K^~[m[K
      |                                         [32m[Kexp[m[K
[01m[K/home/p/ws_demo2/src/ibvs/src/ibvs.cpp:419:9:[m[K [01;35m[Kwarning: [m[Kno return statement in function returning non-void [[01;35m[K]8;;https://gcc.gnu.org/onlinedocs/gcc/Warning-Options.html#index-Wreturn-type-Wreturn-type]8;;[m[K]
  419 |         [01;35m[K}[m[K
      |         [01;35m[K^[m[K
gmake[2]: *** [CMakeFiles/ibvs.dir/build.make:79：CMakeFiles/ibvs.dir/src/ibvs.cpp.o] 错误 1
gmake[1]: *** [CMakeFiles/Makefile2:153：CMakeFiles/ibvs.dir/all] 错误 2
gmake: *** [Makefile:146：all] 错误 2
