[0.021s] Invoking command in '/home/p/ws_demo2/build/ibvs': CMAKE_PREFIX_PATH=${CMAKE_PREFIX_PATH}:/home/p/ws_moveit2/install/moveit_configs_utils:/home/p/ws_moveit2/install/launch_param_builder:/home/p/demo_ws2/install/ur20_joint_control:/home/p/demo_ws2/install/arm_joint_control:/opt/ros/humble /usr/local/bin/cmake --build /home/p/ws_demo2/build/ibvs -- -j16 -l16
[0.050s] [ 50%] [32mBuilding CXX object CMakeFiles/ibvs.dir/src/ibvs.cpp.o[0m
[2.544s] [01m[K/home/p/ws_demo2/src/ibvs/src/ibvs.cpp:403:5:[m[K [01;31m[Kerror: [m[KISO C++ forbids declaration of ‘[01m[KConvertCameraVelToBaseVel[m[K’ with no type [[01;31m[K]8;;https://gcc.gnu.org/onlinedocs/gcc/Warning-Options.html#index-fpermissive-fpermissive]8;;[m[K]
[2.544s]   403 |     [01;31m[KConvertCameraVelToBaseVel[m[K(const std::string &camera_frame, const std::string &base_frame){
[2.544s]       |     [01;31m[K^~~~~~~~~~~~~~~~~~~~~~~~~[m[K
[2.572s] [01m[K/home/p/ws_demo2/src/ibvs/src/ibvs.cpp:[m[K In member function ‘[01m[Kint VisualServoInit::ConvertCameraVelToBaseVel(const std::string&, const std::string&)[m[K’:
[2.572s] [01m[K/home/p/ws_demo2/src/ibvs/src/ibvs.cpp:407:9:[m[K [01;31m[Kerror: [m[K‘[01m[Kgeometry_msgs[m[K’ has not been declared
[2.572s]   407 |         [01;31m[Kgeometry_msgs[m[K::msg::TransformStamped tfCamWorld;
[2.572s]       |         [01;31m[K^~~~~~~~~~~~~[m[K
[2.579s] [01m[K/home/p/ws_demo2/src/ibvs/src/ibvs.cpp:410:13:[m[K [01;31m[Kerror: [m[K‘[01m[KtfCamWorld[m[K’ was not declared in this scope
[2.579s]   410 |             [01;31m[KtfCamWorld[m[K = tf_buffer_.lookupTransform(base_frame, camera_frame, rclcpp::Time(0.1));
[2.579s]       |             [01;31m[K^~~~~~~~~~[m[K
[2.585s] [01m[K/home/p/ws_demo2/src/ibvs/src/ibvs.cpp:410:26:[m[K [01;31m[Kerror: [m[K‘[01m[Ktf_buffer_[m[K’ was not declared in this scope
[2.585s]   410 |             tfCamWorld = [01;31m[Ktf_buffer_[m[K.lookupTransform(base_frame, camera_frame, rclcpp::Time(0.1));
[2.585s]       |                          [01;31m[K^~~~~~~~~~[m[K
[2.585s] [01m[K/home/p/ws_demo2/src/ibvs/src/ibvs.cpp:412:16:[m[K [01;31m[Kerror: [m[K‘[01m[Ktf2[m[K’ does not name a type
[2.586s]   412 |         catch ([01;31m[Ktf2[m[K::TransformException &ex)
[2.586s]       |                [01;31m[K^~~[m[K
[2.586s] [01m[K/home/p/ws_demo2/src/ibvs/src/ibvs.cpp:412:40:[m[K [01;31m[Kerror: [m[Kexpected unqualified-id before ‘[01m[K&[m[K’ token
[2.586s]   412 |         catch (tf2::TransformException [01;31m[K&[m[Kex)
[2.586s]       |                                        [01;31m[K^[m[K
[2.586s] [01m[K/home/p/ws_demo2/src/ibvs/src/ibvs.cpp:412:40:[m[K [01;31m[Kerror: [m[Kexpected ‘[01m[K)[m[K’ before ‘[01m[K&[m[K’ token
[2.586s] [01m[K/home/p/ws_demo2/src/ibvs/src/ibvs.cpp:412:15:[m[K [01;36m[Knote: [m[Kto match this ‘[01m[K([m[K’
[2.586s]   412 |         catch [01;36m[K([m[Ktf2::TransformException &ex)
[2.586s]       |               [01;36m[K^[m[K
[2.586s] [01m[K/home/p/ws_demo2/src/ibvs/src/ibvs.cpp:412:40:[m[K [01;31m[Kerror: [m[Kexpected ‘[01m[K{[m[K’ before ‘[01m[K&[m[K’ token
[2.586s]   412 |         catch (tf2::TransformException [01;31m[K&[m[Kex)
[2.586s]       |                                        [01;31m[K^[m[K
[2.589s] [01m[K/home/p/ws_demo2/src/ibvs/src/ibvs.cpp:412:41:[m[K [01;31m[Kerror: [m[K‘[01m[Kex[m[K’ was not declared in this scope; did you mean ‘[01m[Kexp[m[K’?
[2.589s]   412 |         catch (tf2::TransformException &[01;31m[Kex[m[K)
[2.589s]       |                                         [01;31m[K^~[m[K
[2.589s]       |                                         [32m[Kexp[m[K
[2.589s] [01m[K/home/p/ws_demo2/src/ibvs/src/ibvs.cpp:419:9:[m[K [01;35m[Kwarning: [m[Kno return statement in function returning non-void [[01;35m[K]8;;https://gcc.gnu.org/onlinedocs/gcc/Warning-Options.html#index-Wreturn-type-Wreturn-type]8;;[m[K]
[2.589s]   419 |         [01;35m[K}[m[K
[2.589s]       |         [01;35m[K^[m[K
[5.376s] gmake[2]: *** [CMakeFiles/ibvs.dir/build.make:79：CMakeFiles/ibvs.dir/src/ibvs.cpp.o] 错误 1
[5.377s] gmake[1]: *** [CMakeFiles/Makefile2:153：CMakeFiles/ibvs.dir/all] 错误 2
[5.377s] gmake: *** [Makefile:146：all] 错误 2
[5.378s] Invoked command in '/home/p/ws_demo2/build/ibvs' returned '2': CMAKE_PREFIX_PATH=${CMAKE_PREFIX_PATH}:/home/p/ws_moveit2/install/moveit_configs_utils:/home/p/ws_moveit2/install/launch_param_builder:/home/p/demo_ws2/install/ur20_joint_control:/home/p/demo_ws2/install/arm_joint_control:/opt/ros/humble /usr/local/bin/cmake --build /home/p/ws_demo2/build/ibvs -- -j16 -l16
