[0.053s] Invoking command in '/home/p/ws_demo2/build/ik': CMAKE_PREFIX_PATH=${CMAKE_PREFIX_PATH}:/home/p/ws_moveit2/install/moveit_configs_utils:/home/p/ws_moveit2/install/launch_param_builder:/home/p/demo_ws2/install/ur20_joint_control:/home/p/demo_ws2/install/arm_joint_control:/opt/ros/humble /usr/local/bin/cmake --build /home/p/ws_demo2/build/ik -- -j16 -l16
[0.123s] [100%] Built target ik
[0.171s] Invoked command in '/home/p/ws_demo2/build/ik' returned '0': CMAKE_PREFIX_PATH=${CMAKE_PREFIX_PATH}:/home/p/ws_moveit2/install/moveit_configs_utils:/home/p/ws_moveit2/install/launch_param_builder:/home/p/demo_ws2/install/ur20_joint_control:/home/p/demo_ws2/install/arm_joint_control:/opt/ros/humble /usr/local/bin/cmake --build /home/p/ws_demo2/build/ik -- -j16 -l16
[0.173s] Invoking command in '/home/p/ws_demo2/build/ik': CMAKE_PREFIX_PATH=${CMAKE_PREFIX_PATH}:/home/p/ws_moveit2/install/moveit_configs_utils:/home/p/ws_moveit2/install/launch_param_builder:/home/p/demo_ws2/install/ur20_joint_control:/home/p/demo_ws2/install/arm_joint_control:/opt/ros/humble /usr/local/bin/cmake --install /home/p/ws_demo2/build/ik
[0.178s] -- Install configuration: ""
[0.178s] -- Up-to-date: /home/p/ws_demo2/install/ik/lib/ik/ik
[0.179s] -- Up-to-date: /home/p/ws_demo2/install/ik/share/ament_index/resource_index/package_run_dependencies/ik
[0.179s] -- Up-to-date: /home/p/ws_demo2/install/ik/share/ament_index/resource_index/parent_prefix_path/ik
[0.179s] -- Up-to-date: /home/p/ws_demo2/install/ik/share/ik/environment/ament_prefix_path.sh
[0.179s] -- Up-to-date: /home/p/ws_demo2/install/ik/share/ik/environment/ament_prefix_path.dsv
[0.180s] -- Up-to-date: /home/p/ws_demo2/install/ik/share/ik/environment/path.sh
[0.180s] -- Up-to-date: /home/p/ws_demo2/install/ik/share/ik/environment/path.dsv
[0.180s] -- Up-to-date: /home/p/ws_demo2/install/ik/share/ik/local_setup.bash
[0.180s] -- Up-to-date: /home/p/ws_demo2/install/ik/share/ik/local_setup.sh
[0.180s] -- Up-to-date: /home/p/ws_demo2/install/ik/share/ik/local_setup.zsh
[0.180s] -- Up-to-date: /home/p/ws_demo2/install/ik/share/ik/local_setup.dsv
[0.180s] -- Installing: /home/p/ws_demo2/install/ik/share/ik/package.dsv
[0.180s] -- Up-to-date: /home/p/ws_demo2/install/ik/share/ament_index/resource_index/packages/ik
[0.181s] -- Up-to-date: /home/p/ws_demo2/install/ik/share/ik/cmake/ikConfig.cmake
[0.181s] -- Up-to-date: /home/p/ws_demo2/install/ik/share/ik/cmake/ikConfig-version.cmake
[0.181s] -- Up-to-date: /home/p/ws_demo2/install/ik/share/ik/package.xml
[0.200s] Invoked command in '/home/p/ws_demo2/build/ik' returned '0': CMAKE_PREFIX_PATH=${CMAKE_PREFIX_PATH}:/home/p/ws_moveit2/install/moveit_configs_utils:/home/p/ws_moveit2/install/launch_param_builder:/home/p/demo_ws2/install/ur20_joint_control:/home/p/demo_ws2/install/arm_joint_control:/opt/ros/humble /usr/local/bin/cmake --install /home/p/ws_demo2/build/ik
