[0.046s] Invoking command in '/home/p/ws_demo2/build/mpc': CMAKE_PREFIX_PATH=${CMAKE_PREFIX_PATH}:/home/p/ws_moveit2/install/moveit_configs_utils:/home/p/ws_moveit2/install/launch_param_builder:/home/p/demo_ws2/install/ur20_joint_control:/home/p/demo_ws2/install/arm_joint_control:/opt/ros/humble /usr/local/bin/cmake --build /home/p/ws_demo2/build/mpc -- -j16 -l16
[0.117s] [100%] Built target mpc
[0.167s] Invoked command in '/home/p/ws_demo2/build/mpc' returned '0': CMAKE_PREFIX_PATH=${CMAKE_PREFIX_PATH}:/home/p/ws_moveit2/install/moveit_configs_utils:/home/p/ws_moveit2/install/launch_param_builder:/home/p/demo_ws2/install/ur20_joint_control:/home/p/demo_ws2/install/arm_joint_control:/opt/ros/humble /usr/local/bin/cmake --build /home/p/ws_demo2/build/mpc -- -j16 -l16
[0.169s] Invoking command in '/home/p/ws_demo2/build/mpc': CMAKE_PREFIX_PATH=${CMAKE_PREFIX_PATH}:/home/p/ws_moveit2/install/moveit_configs_utils:/home/p/ws_moveit2/install/launch_param_builder:/home/p/demo_ws2/install/ur20_joint_control:/home/p/demo_ws2/install/arm_joint_control:/opt/ros/humble /usr/local/bin/cmake --install /home/p/ws_demo2/build/mpc
[0.173s] -- Install configuration: ""
[0.173s] -- Up-to-date: /home/p/ws_demo2/install/mpc/lib/mpc/mpc
[0.176s] -- Up-to-date: /home/p/ws_demo2/install/mpc/share/ament_index/resource_index/package_run_dependencies/mpc
[0.178s] -- Up-to-date: /home/p/ws_demo2/install/mpc/share/ament_index/resource_index/parent_prefix_path/mpc
[0.178s] -- Up-to-date: /home/p/ws_demo2/install/mpc/share/mpc/environment/ament_prefix_path.sh
[0.178s] -- Up-to-date: /home/p/ws_demo2/install/mpc/share/mpc/environment/ament_prefix_path.dsv
[0.178s] -- Up-to-date: /home/p/ws_demo2/install/mpc/share/mpc/environment/path.sh
[0.178s] -- Up-to-date: /home/p/ws_demo2/install/mpc/share/mpc/environment/path.dsv
[0.179s] -- Up-to-date: /home/p/ws_demo2/install/mpc/share/mpc/local_setup.bash
[0.179s] -- Up-to-date: /home/p/ws_demo2/install/mpc/share/mpc/local_setup.sh
[0.180s] -- Up-to-date: /home/p/ws_demo2/install/mpc/share/mpc/local_setup.zsh
[0.180s] -- Up-to-date: /home/p/ws_demo2/install/mpc/share/mpc/local_setup.dsv
[0.180s] -- Installing: /home/p/ws_demo2/install/mpc/share/mpc/package.dsv
[0.180s] -- Up-to-date: /home/p/ws_demo2/install/mpc/share/ament_index/resource_index/packages/mpc
[0.180s] -- Up-to-date: /home/p/ws_demo2/install/mpc/share/mpc/cmake/mpcConfig.cmake
[0.181s] -- Up-to-date: /home/p/ws_demo2/install/mpc/share/mpc/cmake/mpcConfig-version.cmake
[0.181s] -- Up-to-date: /home/p/ws_demo2/install/mpc/share/mpc/package.xml
[0.186s] Invoked command in '/home/p/ws_demo2/build/mpc' returned '0': CMAKE_PREFIX_PATH=${CMAKE_PREFIX_PATH}:/home/p/ws_moveit2/install/moveit_configs_utils:/home/p/ws_moveit2/install/launch_param_builder:/home/p/demo_ws2/install/ur20_joint_control:/home/p/demo_ws2/install/arm_joint_control:/opt/ros/humble /usr/local/bin/cmake --install /home/p/ws_demo2/build/mpc
