[0.046s] Invoking command in '/home/p/ws_demo2/build/mpc': CMAKE_PREFIX_PATH=${CMAKE_PREFIX_PATH}:/home/p/ws_moveit2/install/moveit_configs_utils:/home/p/ws_moveit2/install/launch_param_builder:/home/p/demo_ws2/install/ur20_joint_control:/home/p/demo_ws2/install/arm_joint_control:/opt/ros/humble /usr/local/bin/cmake /home/p/ws_demo2/src/mpc -DCMAKE_INSTALL_PREFIX=/home/p/ws_demo2/install/mpc
[0.183s] -- The C compiler identification is GNU 12.3.0
[0.297s] -- The CXX compiler identification is GNU 12.3.0
[0.313s] -- Detecting C compiler ABI info
[0.400s] -- Detecting C compiler ABI info - done
[0.429s] -- Check for working C compiler: /usr/bin/cc - skipped
[0.430s] -- Detecting C compile features
[0.431s] -- Detecting C compile features - done
[0.451s] -- Detecting CXX compiler ABI info
[0.562s] -- Detecting CXX compiler ABI info - done
[0.593s] -- Check for working CXX compiler: /usr/bin/c++ - skipped
[0.593s] -- Detecting CXX compile features
[0.594s] -- Detecting CXX compile features - done
[0.631s] -- Found ament_cmake: 1.3.11 (/opt/ros/humble/share/ament_cmake/cmake)
[0.860s] -- Found Python3: /usr/bin/python3 (found version "3.10.12") found components: Interpreter
[1.108s] -- Found rclcpp: 16.0.12 (/opt/ros/humble/share/rclcpp/cmake)
[1.264s] -- Found rosidl_generator_c: 3.1.6 (/opt/ros/humble/share/rosidl_generator_c/cmake)
[1.287s] -- Found rosidl_adapter: 3.1.6 (/opt/ros/humble/share/rosidl_adapter/cmake)
[1.318s] -- Found rosidl_generator_cpp: 3.1.6 (/opt/ros/humble/share/rosidl_generator_cpp/cmake)
[1.370s] -- Using all available rosidl_typesupport_c: rosidl_typesupport_fastrtps_c;rosidl_typesupport_introspection_c
[1.430s] -- Using all available rosidl_typesupport_cpp: rosidl_typesupport_fastrtps_cpp;rosidl_typesupport_introspection_cpp
[1.595s] -- Found rmw_implementation_cmake: 6.1.2 (/opt/ros/humble/share/rmw_implementation_cmake/cmake)
[1.611s] -- Found rmw_fastrtps_cpp: 6.2.7 (/opt/ros/humble/share/rmw_fastrtps_cpp/cmake)
[1.826s] -- Found OpenSSL: /usr/lib/x86_64-linux-gnu/libcrypto.so (found version "3.0.2")
[1.885s] -- Found FastRTPS: /opt/ros/humble/include
[1.973s] -- Using RMW implementation 'rmw_fastrtps_cpp' as default
[2.008s] -- Performing Test CMAKE_HAVE_LIBC_PTHREAD
[2.104s] -- Performing Test CMAKE_HAVE_LIBC_PTHREAD - Success
[2.106s] -- Found Threads: TRUE
[2.268s] -- Found ament_lint_auto: 0.12.12 (/opt/ros/humble/share/ament_lint_auto/cmake)
[2.366s] -- Configuring done (2.3s)
[2.380s] -- Generating done (0.0s)
[2.384s] -- Build files have been written to: /home/p/ws_demo2/build/mpc
[2.396s] Invoked command in '/home/p/ws_demo2/build/mpc' returned '0': CMAKE_PREFIX_PATH=${CMAKE_PREFIX_PATH}:/home/p/ws_moveit2/install/moveit_configs_utils:/home/p/ws_moveit2/install/launch_param_builder:/home/p/demo_ws2/install/ur20_joint_control:/home/p/demo_ws2/install/arm_joint_control:/opt/ros/humble /usr/local/bin/cmake /home/p/ws_demo2/src/mpc -DCMAKE_INSTALL_PREFIX=/home/p/ws_demo2/install/mpc
[2.399s] Invoking command in '/home/p/ws_demo2/build/mpc': CMAKE_PREFIX_PATH=${CMAKE_PREFIX_PATH}:/home/p/ws_moveit2/install/moveit_configs_utils:/home/p/ws_moveit2/install/launch_param_builder:/home/p/demo_ws2/install/ur20_joint_control:/home/p/demo_ws2/install/arm_joint_control:/opt/ros/humble /usr/local/bin/cmake --build /home/p/ws_demo2/build/mpc -- -j16 -l16
[2.434s] [ 50%] [32mBuilding CXX object CMakeFiles/mpc.dir/src/mpc.cpp.o[0m
[6.355s] [100%] [32m[1mLinking CXX executable mpc[0m
[6.452s] /usr/bin/ld: /usr/lib/gcc/x86_64-linux-gnu/12/../../../x86_64-linux-gnu/Scrt1.o: in function `_start':
[6.452s] (.text+0x1b): undefined reference to `main'
[6.457s] collect2: error: ld returned 1 exit status
[6.458s] gmake[2]: *** [CMakeFiles/mpc.dir/build.make:154：mpc] 错误 1
[6.459s] gmake[1]: *** [CMakeFiles/Makefile2:153：CMakeFiles/mpc.dir/all] 错误 2
[6.459s] gmake: *** [Makefile:146：all] 错误 2
[6.462s] Invoked command in '/home/p/ws_demo2/build/mpc' returned '2': CMAKE_PREFIX_PATH=${CMAKE_PREFIX_PATH}:/home/p/ws_moveit2/install/moveit_configs_utils:/home/p/ws_moveit2/install/launch_param_builder:/home/p/demo_ws2/install/ur20_joint_control:/home/p/demo_ws2/install/arm_joint_control:/opt/ros/humble /usr/local/bin/cmake --build /home/p/ws_demo2/build/mpc -- -j16 -l16
