[ 50%] [32mBuilding CXX object CMakeFiles/mpc.dir/src/mpc.cpp.o[0m
[01m[K/home/p/ws_demo2/src/mpc/src/mpc.cpp:[m[K In member function ‘[01m[Kvoid MpcControllerNode::publishCommand(const Eigen::VectorXd&)[m[K’:
[01m[K/home/p/ws_demo2/src/mpc/src/mpc.cpp:122:63:[m[K [01;35m[Kwarning: [m[Kunused parameter ‘[01m[KVc_optimal[m[K’ [[01;35m[K]8;;https://gcc.gnu.org/onlinedocs/gcc/Warning-Options.html#index-Wunused-parameter-Wunused-parameter]8;;[m[K]
  122 | void MpcControllerNode::publishCommand([01;35m[Kconst Eigen::VectorXd& Vc_optimal[m[K)
      |                                        [01;35m[K~~~~~~~~~~~~~~~~~~~~~~~^~~~~~~~~~[m[K
[100%] [32m[1mLinking CXX executable mpc[0m
[100%] Built target mpc
-- Install configuration: ""
-- Installing: /home/p/ws_demo2/install/mpc/lib/mpc/mpc
-- Set non-toolchain portion of runtime path of "/home/p/ws_demo2/install/mpc/lib/mpc/mpc" to ""
-- Up-to-date: /home/p/ws_demo2/install/mpc/share/ament_index/resource_index/package_run_dependencies/mpc
-- Up-to-date: /home/p/ws_demo2/install/mpc/share/ament_index/resource_index/parent_prefix_path/mpc
-- Up-to-date: /home/p/ws_demo2/install/mpc/share/mpc/environment/ament_prefix_path.sh
-- Up-to-date: /home/p/ws_demo2/install/mpc/share/mpc/environment/ament_prefix_path.dsv
-- Up-to-date: /home/p/ws_demo2/install/mpc/share/mpc/environment/path.sh
-- Up-to-date: /home/p/ws_demo2/install/mpc/share/mpc/environment/path.dsv
-- Up-to-date: /home/p/ws_demo2/install/mpc/share/mpc/local_setup.bash
-- Up-to-date: /home/p/ws_demo2/install/mpc/share/mpc/local_setup.sh
-- Up-to-date: /home/p/ws_demo2/install/mpc/share/mpc/local_setup.zsh
-- Up-to-date: /home/p/ws_demo2/install/mpc/share/mpc/local_setup.dsv
-- Installing: /home/p/ws_demo2/install/mpc/share/mpc/package.dsv
-- Up-to-date: /home/p/ws_demo2/install/mpc/share/ament_index/resource_index/packages/mpc
-- Up-to-date: /home/p/ws_demo2/install/mpc/share/mpc/cmake/mpcConfig.cmake
-- Up-to-date: /home/p/ws_demo2/install/mpc/share/mpc/cmake/mpcConfig-version.cmake
-- Up-to-date: /home/p/ws_demo2/install/mpc/share/mpc/package.xml
