[0.043s] Invoking command in '/home/p/ws_demo2/build/mpc': CMAKE_PREFIX_PATH=${CMAKE_PREFIX_PATH}:/home/p/ws_moveit2/install/moveit_configs_utils:/home/p/ws_moveit2/install/launch_param_builder:/home/p/demo_ws2/install/ur20_joint_control:/home/p/demo_ws2/install/arm_joint_control:/opt/ros/humble /usr/local/bin/cmake --build /home/p/ws_demo2/build/mpc -- -j16 -l16
[0.104s] [ 50%] [32mBuilding CXX object CMakeFiles/mpc.dir/src/mpc.cpp.o[0m
[4.786s] [01m[K/home/p/ws_demo2/src/mpc/src/mpc.cpp:[m[K In member function ‘[01m[Kvoid MpcControllerNode::publishCommand(const Eigen::VectorXd&)[m[K’:
[4.786s] [01m[K/home/p/ws_demo2/src/mpc/src/mpc.cpp:122:63:[m[K [01;35m[Kwarning: [m[Kunused parameter ‘[01m[KVc_optimal[m[K’ [[01;35m[K]8;;https://gcc.gnu.org/onlinedocs/gcc/Warning-Options.html#index-Wunused-parameter-Wunused-parameter]8;;[m[K]
[4.786s]   122 | void MpcControllerNode::publishCommand([01;35m[Kconst Eigen::VectorXd& Vc_optimal[m[K)
[4.786s]       |                                        [01;35m[K~~~~~~~~~~~~~~~~~~~~~~~^~~~~~~~~~[m[K
[17.332s] [100%] [32m[1mLinking CXX executable mpc[0m
[17.868s] [100%] Built target mpc
[17.880s] Invoked command in '/home/p/ws_demo2/build/mpc' returned '0': CMAKE_PREFIX_PATH=${CMAKE_PREFIX_PATH}:/home/p/ws_moveit2/install/moveit_configs_utils:/home/p/ws_moveit2/install/launch_param_builder:/home/p/demo_ws2/install/ur20_joint_control:/home/p/demo_ws2/install/arm_joint_control:/opt/ros/humble /usr/local/bin/cmake --build /home/p/ws_demo2/build/mpc -- -j16 -l16
[17.882s] Invoking command in '/home/p/ws_demo2/build/mpc': CMAKE_PREFIX_PATH=${CMAKE_PREFIX_PATH}:/home/p/ws_moveit2/install/moveit_configs_utils:/home/p/ws_moveit2/install/launch_param_builder:/home/p/demo_ws2/install/ur20_joint_control:/home/p/demo_ws2/install/arm_joint_control:/opt/ros/humble /usr/local/bin/cmake --install /home/p/ws_demo2/build/mpc
[17.886s] -- Install configuration: ""
[17.886s] -- Installing: /home/p/ws_demo2/install/mpc/lib/mpc/mpc
[17.890s] -- Set non-toolchain portion of runtime path of "/home/p/ws_demo2/install/mpc/lib/mpc/mpc" to ""
[17.890s] -- Up-to-date: /home/p/ws_demo2/install/mpc/share/ament_index/resource_index/package_run_dependencies/mpc
[17.891s] -- Up-to-date: /home/p/ws_demo2/install/mpc/share/ament_index/resource_index/parent_prefix_path/mpc
[17.891s] -- Up-to-date: /home/p/ws_demo2/install/mpc/share/mpc/environment/ament_prefix_path.sh
[17.891s] -- Up-to-date: /home/p/ws_demo2/install/mpc/share/mpc/environment/ament_prefix_path.dsv
[17.891s] -- Up-to-date: /home/p/ws_demo2/install/mpc/share/mpc/environment/path.sh
[17.891s] -- Up-to-date: /home/p/ws_demo2/install/mpc/share/mpc/environment/path.dsv
[17.891s] -- Up-to-date: /home/p/ws_demo2/install/mpc/share/mpc/local_setup.bash
[17.891s] -- Up-to-date: /home/p/ws_demo2/install/mpc/share/mpc/local_setup.sh
[17.891s] -- Up-to-date: /home/p/ws_demo2/install/mpc/share/mpc/local_setup.zsh
[17.891s] -- Up-to-date: /home/p/ws_demo2/install/mpc/share/mpc/local_setup.dsv
[17.891s] -- Installing: /home/p/ws_demo2/install/mpc/share/mpc/package.dsv
[17.892s] -- Up-to-date: /home/p/ws_demo2/install/mpc/share/ament_index/resource_index/packages/mpc
[17.892s] -- Up-to-date: /home/p/ws_demo2/install/mpc/share/mpc/cmake/mpcConfig.cmake
[17.892s] -- Up-to-date: /home/p/ws_demo2/install/mpc/share/mpc/cmake/mpcConfig-version.cmake
[17.892s] -- Up-to-date: /home/p/ws_demo2/install/mpc/share/mpc/package.xml
[17.894s] Invoked command in '/home/p/ws_demo2/build/mpc' returned '0': CMAKE_PREFIX_PATH=${CMAKE_PREFIX_PATH}:/home/p/ws_moveit2/install/moveit_configs_utils:/home/p/ws_moveit2/install/launch_param_builder:/home/p/demo_ws2/install/ur20_joint_control:/home/p/demo_ws2/install/arm_joint_control:/opt/ros/humble /usr/local/bin/cmake --install /home/p/ws_demo2/build/mpc
